--------- beginning of system
01-25 18:09:37.533  2396  2396 I ActivityThread: Removing dead content provider:android.content.ContentProviderProxy@54095b6
01-25 18:09:37.533  2396  2396 I ActivityThread: Removing dead content provider:android.content.ContentProviderProxy@ae162b7
01-25 18:09:37.542  1080  1187 I chatty  : uid=1000(system) ActivityManager expire 42 lines
01-25 18:09:38.532  1080  1792 I chatty  : uid=1000(system) Binder:1080_7 expire 1 line
01-25 18:09:38.626  1080  1187 I chatty  : uid=1000(system) ActivityManager expire 17 lines
01-25 18:09:40.384  1080  1194 I chatty  : uid=1000(system) batterystats-wo expire 2 lines
01-25 18:09:40.569  1080  1080 I chatty  : uid=1000(system) Binder:1080_3 expire 3 lines
01-25 18:09:40.575  1080  3669 I chatty  : uid=1000(system) Binder:1080_12 expire 1 line
01-25 18:09:40.576  1080  1405 I chatty  : uid=1000(system) ConnectivitySer expire 3 lines
01-25 18:09:40.656  1080  1361 I chatty  : uid=1000(system) NetworkWatchlis expire 2 lines
01-25 18:09:41.524  1080  2336 I chatty  : uid=1000(system) Binder:1080_A expire 6 lines
01-25 18:09:42.952  1080  1798 I chatty  : uid=1000(system) Binder:1080_8 expire 1 line
01-25 18:09:43.475  1080  3564 I chatty  : uid=1000(system) Binder:1080_F expire 3 lines
01-25 18:09:43.883  1080  1186 I chatty  : uid=1000(system) ActivityManager expire 1 line
01-25 18:09:44.168  1080  1561 I chatty  : uid=1000(system) Binder:1080_18 expire 3 lines
01-25 18:09:46.594  1080  1405 I chatty  : uid=1000(system) ConnectivitySer expire 10 lines
01-25 18:09:46.707  1080  2336 I chatty  : uid=1000(system) Binder:1080_A expire 3 lines
01-25 18:09:46.749  1080  3580 I chatty  : uid=1000(system) Binder:1080_11 expire 2 lines
01-25 18:09:47.880  1080  3122 I chatty  : uid=1000(system) Binder:1080_21 expire 4 lines
01-25 18:09:48.659  1080  1186 I chatty  : uid=1000(system) ActivityManager expire 2 lines
01-25 18:09:49.459  1080  1187 I chatty  : uid=1000(system) ActivityManager expire 12 lines
01-25 18:09:49.992  1080  3574 I chatty  : uid=1000(system) Binder:1080_10 expire 1 line
01-25 18:09:49.992  1080  2554 I chatty  : uid=1000(system) Binder:1080_E expire 1 line
01-25 18:09:49.994  1080  1930 I chatty  : uid=1000(system) Binder:1080_1A expire 1 line
01-25 18:09:51.405  1080  1194 I chatty  : uid=1000(system) batterystats-wo expire 2 lines
01-25 18:09:51.707  1080  1187 I chatty  : uid=1000(system) ActivityManager expire 14 lines
01-25 18:09:51.905  1080  1561 I chatty  : uid=1000(system) Binder:1080_18 expire 1 line
01-25 18:09:52.446  1080  2361 I chatty  : uid=1000(system) Binder:1080_D expire 2 lines
01-25 18:09:52.513  1080  1186 I chatty  : uid=1000(system) ActivityManager expire 3 lines
01-25 18:09:53.600  1080  1798 I chatty  : uid=1000(system) Binder:1080_8 expire 3 lines
01-25 18:09:53.600  1080  3122 I chatty  : uid=1000(system) Binder:1080_21 expire 1 line
01-25 18:09:53.600  1080  3580 I chatty  : uid=1000(system) Binder:1080_11 expire 1 line
01-25 18:09:53.603  1080  1405 I chatty  : uid=1000(system) ConnectivitySer expire 4 lines
01-25 18:09:53.605  1080  1792 I chatty  : uid=1000(system) Binder:1080_7 expire 2 lines
01-25 18:09:53.771  1080  3669 I chatty  : uid=1000(system) Binder:1080_12 expire 5 lines
01-25 18:09:54.534  1080   385 I chatty  : uid=1000(system) Binder:1080_17 expire 2 lines
01-25 18:09:54.548  3377  3377 D ActivityThread: Loading provider contacts;com.android.contacts: com.android.providers.contacts.ContactsProvider2
01-25 18:09:54.918  1080  1657 I chatty  : uid=1000(system) Binder:1080_19 expire 1 line
01-25 18:09:58.211  1080  3669 I chatty  : uid=1000(system) Binder:1080_12 expire 3 lines
01-25 18:09:58.212  1080  1405 I chatty  : uid=1000(system) ConnectivitySer expire 10 lines
01-25 18:09:58.408  1080   385 I chatty  : uid=1000(system) Binder:1080_17 expire 3 lines
01-25 18:09:58.408  1080  1187 I chatty  : uid=1000(system) ActivityManager expire 7 lines
01-25 18:09:58.949  1080  1307 I chatty  : uid=1000(system) Binder:1080_4 expire 8 lines
01-25 18:10:00.957  1080  1932 I chatty  : uid=1000(system) Binder:1080_1B expire 1 line
01-25 18:10:00.961  1080  1798 I chatty  : uid=1000(system) Binder:1080_8 expire 2 lines
01-25 18:10:03.603  1080  4059 I chatty  : uid=1000(system) Binder:1080_15 expire 1 line
01-25 18:13:28.458  1080  1194 I chatty  : uid=1000(system) batterystats-wo expire 1 line
01-25 18:13:28.612  1080  1080 I chatty  : uid=1000(system) Binder:1080_3 expire 3 lines
01-25 18:13:28.921  1080  1377 I chatty  : uid=1000(system) NetworkStats expire 1 line
01-25 18:13:29.058  1080  3580 I chatty  : uid=1000(system) Binder:1080_11 expire 1 line
01-25 18:13:29.059  1080  1932 I chatty  : uid=1000(system) Binder:1080_1B expire 1 line
01-25 18:13:29.059  1080  2554 I chatty  : uid=1000(system) Binder:1080_E expire 4 lines
01-25 18:13:29.064  1080  1405 I chatty  : uid=1000(system) ConnectivitySer expire 1 line
01-25 18:13:29.271  1080  2741 I chatty  : uid=1000(system) Binder:1080_1E expire 4 lines
01-25 18:13:29.525  1080  1106 I chatty  : uid=1000(system) Binder:1080_1 expire 1 line
01-25 18:54:05.348  1080  1080 I chatty  : uid=1000(system) Binder:1080_3 expire 5 lines
01-25 20:44:05.680  1080  1194 I chatty  : uid=1000(system) batterystats-wo expire 2 lines
01-25 21:04:05.434  1080  1185 I chatty  : uid=1000(system) android.bg expire 6 lines
01-25 21:14:05.578  1080  1175 I chatty  : uid=1000(system) android.ui expire 1 line
01-25 21:54:05.525  1080  1187 I chatty  : uid=1000(system) ActivityManager expire 9 lines
01-25 23:55:12.182  1080  2361 I chatty  : uid=1000(system) Binder:1080_D expire 1 line
01-25 23:55:13.305  1080  1561 I chatty  : uid=1000(system) Binder:1080_18 expire 3 lines
01-25 23:55:13.377  1080  1307 I chatty  : uid=1000(system) Binder:1080_4 expire 1 line
01-25 23:55:13.943  1080  1186 I chatty  : uid=1000(system) ActivityManager expire 2 lines
01-25 23:55:14.179  1080  1677 I chatty  : uid=1000(system) Binder:1080_6 expire 1 line
01-25 23:55:14.191  1080  1186 I chatty  : uid=1000(system) ActivityManager expire 4 lines
01-25 23:55:14.236  1080  3787 I chatty  : uid=1000(system) Binder:1080_3 expire 6 lines
01-25 23:55:14.497  1080  1174 I chatty  : uid=1000(system) android.fg expire 1 line
01-25 23:55:14.986  1080  1080 I chatty  : uid=1000(system) Binder:1080_3 expire 5 lines
01-25 23:55:14.987  1080  1187 I chatty  : uid=1000(system) ActivityManager expire 11 lines
01-25 23:55:15.783  1080  2262 I chatty  : uid=1000(system) backup-0 expire 4 lines
01-25 23:55:15.829  1080  3952 I chatty  : uid=1000(system) Binder:1080_3 expire 10 lines
01-25 23:55:15.926  1080  1561 I chatty  : uid=1000(system) Binder:1080_18 expire 3 lines
01-25 23:55:16.475  1080  3952 I chatty  : uid=1000(system) Binder:1080_3 expire 3 lines
01-25 23:55:16.736  1080  1080 I chatty  : uid=1000(system) Binder:1080_3 expire 2 lines
01-25 23:55:16.737  1080  1187 I chatty  : uid=1000(system) ActivityManager expire 29 lines
01-25 23:55:16.918  1080  1677 I chatty  : uid=1000(system) Binder:1080_6 expire 1 line
01-25 23:55:17.098  1080  3816 I chatty  : uid=1000(system) Binder:1080_13 expire 3 lines
01-25 23:55:17.248  1080   385 I chatty  : uid=1000(system) Binder:1080_17 expire 2 lines
01-25 23:55:17.258  2396  2396 I ActivityThread: Removing dead content provider:android.content.ContentProviderProxy@de3b6a6
01-25 23:55:17.385  1080  1194 I chatty  : uid=1000(system) batterystats-wo expire 1 line
01-25 23:55:18.285  1080  2360 I chatty  : uid=1000(system) Binder:1080_C expire 2 lines
01-25 23:55:19.319  3862  4002 I ActivityThread: Removing dead content provider:android.content.ContentProviderProxy@161b8ca
01-25 23:55:19.329  1080  1187 I chatty  : uid=1000(system) ActivityManager expire 26 lines
01-25 23:55:19.951  1080  1080 I chatty  : uid=1000(system) Binder:1080_3 expire 5 lines
01-25 23:55:21.100  1080  1561 I chatty  : uid=1000(system) Binder:1080_18 expire 2 lines
01-25 23:55:21.868  1080  2554 I chatty  : uid=1000(system) Binder:1080_E expire 2 lines
01-25 23:55:21.869  1080  3669 I chatty  : uid=1000(system) Binder:1080_12 expire 1 line
01-25 23:55:21.869  1080  2628 I chatty  : uid=1000(system) Binder:1080_1D expire 1 line
01-25 23:55:21.869  1080  1405 I chatty  : uid=1000(system) ConnectivitySer expire 1 line
01-25 23:55:22.329  1080  2741 I chatty  : uid=1000(system) Binder:1080_1E expire 1 line
01-25 23:55:22.648  1080  2207 I chatty  : uid=1000(system) Binder:1080_1C expire 2 lines
01-25 23:55:22.844  1080  1194 I chatty  : uid=1000(system) batterystats-wo expire 1 line
01-25 23:55:23.244  1080  1187 I chatty  : uid=1000(system) ActivityManager expire 24 lines
01-25 23:55:23.423  1080  2336 I chatty  : uid=1000(system) Binder:1080_A expire 1 line
01-25 23:55:23.424  1080  1405 I chatty  : uid=1000(system) ConnectivitySer expire 3 lines
01-25 23:55:23.640  1080  3574 I chatty  : uid=1000(system) Binder:1080_10 expire 5 lines
01-25 23:55:23.927  1080  1677 I chatty  : uid=1000(system) Binder:1080_6 expire 2 lines
01-25 23:55:24.225  1080   383 I chatty  : uid=1000(system) Binder:1080_16 expire 3 lines
01-25 23:55:24.508  1080  2554 I chatty  : uid=1000(system) Binder:1080_E expire 2 lines
01-25 23:55:24.685  1080  1186 I chatty  : uid=1000(system) ActivityManager expire 4 lines
01-25 23:55:24.907  1080  3580 I chatty  : uid=1000(system) Binder:1080_11 expire 2 lines
01-25 23:55:26.718  1080  1187 I chatty  : uid=1000(system) ActivityManager expire 23 lines
01-25 23:55:27.088  1080  2554 I chatty  : uid=1000(system) Binder:1080_E expire 2 lines
01-25 23:55:28.418  1080  1194 I chatty  : uid=1000(system) batterystats-wo expire 4 lines
01-25 23:55:31.735  1080   383 I chatty  : uid=1000(system) Binder:1080_16 expire 3 lines
01-25 23:55:34.389  1080  1186 I chatty  : uid=1000(system) ActivityManager expire 2 lines
01-26 00:13:28.647  1080  1377 I chatty  : uid=1000(system) NetworkStats expire 2 lines
01-26 05:52:02.670  1080  1175 I chatty  : uid=1000(system) android.ui expire 1 line
01-26 05:52:02.753  1080  1080 I chatty  : uid=1000(system) Binder:1080_3 expire 4 lines
01-26 05:52:06.082  1080  1361 I chatty  : uid=1000(system) NetworkWatchlis expire 2 lines
01-26 05:52:06.126  1080  1187 I chatty  : uid=1000(system) ActivityManager expire 20 lines
01-26 05:52:07.705  1080  1194 I chatty  : uid=1000(system) batterystats-wo expire 4 lines
01-26 05:52:07.795  1080  1186 I chatty  : uid=1000(system) ActivityManager expire 1 line
01-26 05:52:08.384  1080  1677 I chatty  : uid=1000(system) Binder:1080_6 expire 3 lines
01-26 05:52:08.413  1080  1106 I chatty  : uid=1000(system) Binder:1080_1 expire 2 lines
01-26 05:52:08.998  1080   385 I chatty  : uid=1000(system) Binder:1080_17 expire 2 lines
01-26 05:52:09.139  1080  1307 I chatty  : uid=1000(system) Binder:1080_4 expire 1 line
01-26 06:28:49.682  1080  1377 I chatty  : uid=1000(system) NetworkStats expire 1 line
01-26 07:00:01.623  1080  1080 I chatty  : uid=1000(system) Binder:1080_3 expire 5 lines
01-26 08:14:05.704  1080  1175 I chatty  : uid=1000(system) android.ui expire 1 line
01-26 10:13:28.856  1080  1930 I chatty  : uid=1000(system) Binder:1080_1A expire 1 line
01-26 11:40:25.193  1080  1185 I chatty  : uid=1000(system) android.bg expire 2 lines
01-26 11:40:25.298  1080  2742 I chatty  : uid=1000(system) Binder:1080_1F expire 1 line
01-26 11:40:25.299  1080  1187 I chatty  : uid=1000(system) ActivityManager expire 31 lines
01-26 11:40:25.755  1080   385 I chatty  : uid=1000(system) Binder:1080_17 expire 2 lines
01-26 11:40:25.761  1080  1186 I chatty  : uid=1000(system) ActivityManager expire 4 lines
01-26 11:40:28.060  1080  1080 I chatty  : uid=1000(system) Binder:1080_3 expire 4 lines
01-26 11:40:28.261  1080  1187 I chatty  : uid=1000(system) ActivityManager expire 10 lines
01-26 11:40:29.758  1080  3122 I chatty  : uid=1000(system) Binder:1080_21 expire 2 lines
01-26 11:40:30.250  1080  1194 I chatty  : uid=1000(system) batterystats-wo expire 2 lines
01-26 11:40:31.052  1080  1677 I chatty  : uid=1000(system) Binder:1080_6 expire 2 lines
01-26 11:40:31.054  1080  1405 I chatty  : uid=1000(system) ConnectivitySer expire 9 lines
01-26 11:40:31.379  1080  2338 I chatty  : uid=1000(system) Binder:1080_B expire 3 lines
01-26 11:40:32.109  1080  1932 I chatty  : uid=1000(system) Binder:1080_1B expire 3 lines
01-26 11:40:32.532  1080  2360 I chatty  : uid=1000(system) Binder:1080_C expire 2 lines
01-26 11:40:32.537  1080  1186 I chatty  : uid=1000(system) ActivityManager expire 3 lines
01-26 11:40:32.682  2317  2317 I ActivityThread: Removing dead content provider:android.content.ContentProviderProxy@81469fe
01-26 11:40:34.906  1080  4059 I chatty  : uid=1000(system) Binder:1080_15 expire 1 line
01-26 11:40:35.458  1080  1308 I chatty  : uid=1000(system) Binder:1080_5 expire 1 line
01-26 11:40:35.460  1080  2741 I chatty  : uid=1000(system) Binder:1080_1E expire 2 lines
01-26 11:40:35.460  1080  2779 I chatty  : uid=1000(system) Binder:1080_20 expire 1 line
01-26 11:40:35.461  1080  2742 I chatty  : uid=1000(system) Binder:1080_1F expire 3 lines
01-26 11:40:36.731  1080  1405 I chatty  : uid=1000(system) ConnectivitySer expire 14 lines
01-26 11:40:39.384  1080  2779 I chatty  : uid=1000(system) Binder:1080_20 expire 5 lines
01-26 11:40:39.385  1080  1187 I chatty  : uid=1000(system) ActivityManager expire 8 lines
01-26 11:40:40.069  1080  2628 I chatty  : uid=1000(system) Binder:1080_1D expire 2 lines
01-26 11:40:40.630  1080  1932 I chatty  : uid=1000(system) Binder:1080_1B expire 7 lines
01-26 11:40:40.630  1080  1677 I chatty  : uid=1000(system) Binder:1080_6 expire 1 line
01-26 11:40:41.670  1080  1194 I chatty  : uid=1000(system) batterystats-wo expire 1 line
01-26 11:40:42.618  1080  1657 I chatty  : uid=1000(system) Binder:1080_19 expire 2 lines
01-26 11:40:46.732  1080  1561 I chatty  : uid=1000(system) Binder:1080_18 expire 8 lines
01-26 11:40:48.307  1080  1405 I chatty  : uid=1000(system) ConnectivitySer expire 4 lines
01-26 11:40:48.355  1080  1932 I chatty  : uid=1000(system) Binder:1080_1B expire 1 line
01-26 11:40:48.356  1080  1657 I chatty  : uid=1000(system) Binder:1080_19 expire 2 lines
01-26 11:40:48.359  1080  3564 I chatty  : uid=1000(system) Binder:1080_F expire 3 lines
01-26 11:40:48.538  1080  3122 I chatty  : uid=1000(system) Binder:1080_21 expire 3 lines
01-26 11:40:49.914  1080  1194 I chatty  : uid=1000(system) batterystats-wo expire 5 lines
01-26 12:25:46.905  1080  1377 I chatty  : uid=1000(system) NetworkStats expire 1 line
01-26 12:25:46.905  1080  1187 I chatty  : uid=1000(system) ActivityManager expire 18 lines
01-26 17:04:35.917  1080  1411 I chatty  : uid=1000(system) onProviders.ECP expire 1 line
01-26 17:23:58.125  1080  1080 I chatty  : uid=1000(system) Binder:1080_3 expire 4 lines
01-26 17:23:58.294  1080  1187 I chatty  : uid=1000(system) ActivityManager expire 23 lines
01-26 17:23:58.374  1080  1361 I chatty  : uid=1000(system) NetworkWatchlis expire 2 lines
01-26 17:23:58.719  1080  3574 I chatty  : uid=1000(system) Binder:1080_10 expire 2 lines
01-26 17:23:58.719  1080  1405 I chatty  : uid=1000(system) ConnectivitySer expire 4 lines
01-26 17:23:58.720  1080  2554 I chatty  : uid=1000(system) Binder:1080_E expire 2 lines
01-26 17:23:59.002  1080  1194 I chatty  : uid=1000(system) batterystats-wo expire 1 line
01-26 17:23:59.351  1080  1106 I chatty  : uid=1000(system) Binder:1080_1 expire 2 lines
01-26 17:23:59.352  1080  1930 I chatty  : uid=1000(system) Binder:1080_1A expire 1 line
01-26 17:23:59.352  1080  1107 I chatty  : uid=1000(system) Binder:1080_2 expire 1 line
01-26 17:23:59.352  1080  2207 I chatty  : uid=1000(system) Binder:1080_1C expire 1 line
01-26 17:23:59.455  1080   383 I chatty  : uid=1000(system) Binder:1080_16 expire 3 lines
01-26 17:24:00.112  1080  1187 I chatty  : uid=1000(system) ActivityManager expire 29 lines
01-26 17:24:00.390  1080  1080 I chatty  : uid=1000(system) Binder:1080_3 expire 2 lines
01-26 17:24:00.910  1080  3574 I chatty  : uid=1000(system) Binder:1080_10 expire 4 lines
01-26 17:24:01.502  1080  1792 I chatty  : uid=1000(system) Binder:1080_7 expire 1 line
01-26 17:24:01.723  1080  1561 I chatty  : uid=1000(system) Binder:1080_18 expire 1 line
01-26 17:24:01.846  1080  1186 I chatty  : uid=1000(system) ActivityManager expire 1 line
01-26 17:24:03.033  1080  2779 I chatty  : uid=1000(system) Binder:1080_20 expire 1 line
01-26 17:24:03.155  1080  2741 I chatty  : uid=1000(system) Binder:1080_1E expire 1 line
01-26 17:24:03.157  1080  1405 I chatty  : uid=1000(system) ConnectivitySer expire 8 lines
01-26 17:24:04.322  1080  1174 I chatty  : uid=1000(system) android.fg expire 1 line
01-26 17:24:04.381  1080  1194 I chatty  : uid=1000(system) batterystats-wo expire 3 lines
01-26 17:24:04.403  1080  2336 I chatty  : uid=1000(system) Binder:1080_A expire 1 line
01-26 17:24:04.603  1080   385 I chatty  : uid=1000(system) Binder:1080_17 expire 2 lines
01-26 17:24:04.625  1080  3574 I chatty  : uid=1000(system) Binder:1080_10 expire 2 lines
01-26 17:24:04.712  1080  1186 I chatty  : uid=1000(system) ActivityManager expire 5 lines
01-26 17:24:05.262  1080  1308 I chatty  : uid=1000(system) Binder:1080_5 expire 1 line
01-26 17:24:05.681  1080  1187 I chatty  : uid=1000(system) ActivityManager expire 8 lines
01-26 17:24:09.527  1080  3564 I chatty  : uid=1000(system) Binder:1080_F expire 1 line
01-26 17:24:10.362  1080  2207 I chatty  : uid=1000(system) Binder:1080_1C expire 3 lines
01-26 17:24:10.365  1080  2360 I chatty  : uid=1000(system) Binder:1080_C expire 1 line
01-26 17:24:10.365  1080  1798 I chatty  : uid=1000(system) Binder:1080_8 expire 1 line
01-26 17:24:10.450  1080  2361 I chatty  : uid=1000(system) Binder:1080_D expire 2 lines
01-26 17:24:10.515  1080  1792 I chatty  : uid=1000(system) Binder:1080_7 expire 6 lines
01-26 17:24:14.560  1080  1405 I chatty  : uid=1000(system) ConnectivitySer expire 4 lines
01-26 17:24:15.713  1080  1187 I chatty  : uid=1000(system) ActivityManager expire 11 lines
01-26 17:24:15.747  1080  1194 I chatty  : uid=1000(system) batterystats-wo expire 4 lines
01-26 17:24:16.102  1080  2361 I chatty  : uid=1000(system) Binder:1080_D expire 3 lines
01-26 17:24:16.193  1080  1106 I chatty  : uid=1000(system) Binder:1080_1 expire 1 line
01-26 17:24:16.193  1080  3574 I chatty  : uid=1000(system) Binder:1080_10 expire 2 lines
01-26 17:24:16.194  1080  2207 I chatty  : uid=1000(system) Binder:1080_1C expire 2 lines
01-26 18:13:29.029  1080  1377 I chatty  : uid=1000(system) NetworkStats expire 1 line
01-26 19:24:06.025  1080  1080 I chatty  : uid=1000(system) Binder:1080_3 expire 5 lines
01-26 19:34:05.945  1080  1185 I chatty  : uid=1000(system) android.bg expire 9 lines
01-26 22:04:06.169  1080  2338 I chatty  : uid=1000(system) Binder:1080_B expire 1 line
01-26 23:10:26.943  1080  1176 I chatty  : uid=1000(system) android.io expire 1 line
01-26 23:10:28.951  1080  1186 I chatty  : uid=1000(system) ActivityManager expire 5 lines
01-26 23:10:29.034  1080  1792 I chatty  : uid=1000(system) Binder:1080_7 expire 2 lines
01-26 23:10:29.747  1080  1080 I chatty  : uid=1000(system) Binder:1080_3 expire 3 lines
01-26 23:10:29.748  1080  1187 I chatty  : uid=1000(system) ActivityManager expire 17 lines
01-26 23:10:30.475  1080  2361 I chatty  : uid=1000(system) Binder:1080_D expire 1 line
01-26 23:10:30.507  1080  3669 I chatty  : uid=1000(system) Binder:1080_12 expire 1 line
01-26 23:10:30.507  1080  1106 I chatty  : uid=1000(system) Binder:1080_1 expire 1 line
01-26 23:10:30.508  1080  3564 I chatty  : uid=1000(system) Binder:1080_F expire 3 lines
01-26 23:10:30.508  1080  1405 I chatty  : uid=1000(system) ConnectivitySer expire 1 line
01-26 23:10:30.854  1080  2338 I chatty  : uid=1000(system) Binder:1080_B expire 1 line
01-26 23:10:31.005  1080  1194 I chatty  : uid=1000(system) batterystats-wo expire 1 line
01-26 23:10:31.168  1080  1677 I chatty  : uid=1000(system) Binder:1080_6 expire 2 lines
01-26 23:10:31.389  1080  1561 I chatty  : uid=1000(system) Binder:1080_18 expire 1 line
01-26 23:10:31.655  1080  2207 I chatty  : uid=1000(system) Binder:1080_1C expire 1 line
01-26 23:10:31.663   610   610 I ActivityThread: Removing dead content provider:android.content.ContentProviderProxy@6a6cce7
01-26 23:10:31.830  1080  2628 I chatty  : uid=1000(system) Binder:1080_1D expire 6 lines
01-26 23:10:31.973  1080  1187 I chatty  : uid=1000(system) ActivityManager expire 15 lines
01-26 23:10:36.452  1080  1194 I chatty  : uid=1000(system) batterystats-wo expire 5 lines
01-26 23:10:41.513  1080  1186 I chatty  : uid=1000(system) ActivityManager expire 3 lines
01-27 00:13:29.059  1080  1377 I chatty  : uid=1000(system) NetworkStats expire 3 lines
01-27 00:13:29.626  1080  1930 I chatty  : uid=1000(system) Binder:1080_1A expire 1 line
01-27 00:13:29.958  1080  3122 I chatty  : uid=1000(system) Binder:1080_21 expire 1 line
01-27 02:54:05.149  1080  1308 I chatty  : uid=1000(system) Binder:1080_5 expire 4 lines
01-27 02:54:05.149  1080  1405 I chatty  : uid=1000(system) ConnectivitySer expire 1 line
01-27 04:52:23.180  1080  1080 I chatty  : uid=1000(system) Binder:1080_3 expire 2 lines
01-27 04:52:23.262  1080  1561 I chatty  : uid=1000(system) Binder:1080_18 expire 2 lines
01-27 04:52:24.635  1080  1106 I chatty  : uid=1000(system) Binder:1080_1 expire 1 line
01-27 04:52:24.684  1080  1405 I chatty  : uid=1000(system) ConnectivitySer expire 1 line
01-27 04:52:24.689  1080  3816 I chatty  : uid=1000(system) Binder:1080_13 expire 1 line
01-27 04:52:24.762  1080  2336 I chatty  : uid=1000(system) Binder:1080_A expire 1 line
01-27 04:52:24.816  1080  1930 I chatty  : uid=1000(system) Binder:1080_1A expire 1 line
01-27 04:52:24.825  1080  1186 I chatty  : uid=1000(system) ActivityManager expire 2 lines
01-27 04:52:26.595  1080  1080 I chatty  : uid=1000(system) Binder:1080_3 expire 7 lines
01-27 04:52:26.637  1080  1187 I chatty  : uid=1000(system) ActivityManager expire 6 lines
01-27 04:52:26.770  1080  3122 I chatty  : uid=1000(system) Binder:1080_21 expire 2 lines
01-27 04:52:27.265  1080  2262 I chatty  : uid=1000(system) backup-0 expire 4 lines
01-27 04:52:27.274  1080  1641 I chatty  : uid=1000(system) Binder:1080_3 expire 13 lines
01-27 04:52:28.303  1080  1187 I chatty  : uid=1000(system) ActivityManager expire 27 lines
01-27 04:52:28.313  1080  1361 I chatty  : uid=1000(system) NetworkWatchlis expire 2 lines
01-27 04:52:29.144  1080  1561 I chatty  : uid=1000(system) Binder:1080_18 expire 1 line
01-27 04:52:29.239  1080   383 I chatty  : uid=1000(system) Binder:1080_16 expire 3 lines
01-27 04:52:29.470  1080  1194 I chatty  : uid=1000(system) batterystats-wo expire 1 line
01-27 04:52:30.546  1080  2207 I chatty  : uid=1000(system) Binder:1080_1C expire 2 lines
01-27 04:52:31.159  1080  1080 I chatty  : uid=1000(system) Binder:1080_3 expire 1 line
01-27 04:52:31.968  1080  1405 I chatty  : uid=1000(system) ConnectivitySer expire 2 lines
01-27 04:52:31.985  1080  1107 I chatty  : uid=1000(system) Binder:1080_2 expire 3 lines
01-27 04:52:31.986  1080  1187 I chatty  : uid=1000(system) ActivityManager expire 13 lines
01-27 04:52:32.356  1080   383 I chatty  : uid=1000(system) Binder:1080_16 expire 2 lines
01-27 04:52:32.357  1080  1405 I chatty  : uid=1000(system) ConnectivitySer expire 9 lines
01-27 04:52:32.893  1080  1307 I chatty  : uid=1000(system) Binder:1080_4 expire 1 line
01-27 04:52:34.974  1080  1194 I chatty  : uid=1000(system) batterystats-wo expire 1 line
01-27 04:52:35.933  1080  2338 I chatty  : uid=1000(system) Binder:1080_B expire 4 lines
01-27 04:52:36.032  1080  2741 I chatty  : uid=1000(system) Binder:1080_1E expire 2 lines
01-27 04:52:36.033  1080  3564 I chatty  : uid=1000(system) Binder:1080_F expire 1 line
01-27 04:52:36.033  1080  1932 I chatty  : uid=1000(system) Binder:1080_1B expire 2 lines
01-27 04:52:36.844  1080  2360 I chatty  : uid=1000(system) Binder:1080_C expire 5 lines
01-27 04:52:40.174  1080  1932 I chatty  : uid=1000(system) Binder:1080_1B expire 4 lines
01-27 04:52:40.175  1080  1405 I chatty  : uid=1000(system) ConnectivitySer expire 9 lines
01-27 04:52:40.465  1080  1194 I chatty  : uid=1000(system) batterystats-wo expire 1 line
01-27 04:52:40.965  1080   383 I chatty  : uid=1000(system) Binder:1080_16 expire 3 lines
01-27 04:52:40.966  1080  1657 I chatty  : uid=1000(system) Binder:1080_19 expire 1 line
01-27 04:52:40.969  1080  4043 I chatty  : uid=1000(system) Binder:1080_14 expire 2 lines
01-27 04:52:42.036  1080  1187 I chatty  : uid=1000(system) ActivityManager expire 4 lines
01-27 04:52:44.941  1080  4059 I chatty  : uid=1000(system) Binder:1080_15 expire 1 line
01-27 04:52:44.945  1080  1798 I chatty  : uid=1000(system) Binder:1080_8 expire 3 lines
01-27 04:52:45.002  1080  1930 I chatty  : uid=1000(system) Binder:1080_1A expire 1 line
01-27 04:52:45.015  1080  2554 I chatty  : uid=1000(system) Binder:1080_E expire 2 lines
01-27 04:52:45.016  1080  2361 I chatty  : uid=1000(system) Binder:1080_D expire 2 lines
01-27 04:52:45.382  1080   383 I chatty  : uid=1000(system) Binder:1080_16 expire 1 line
01-27 04:52:45.776  1080  1194 I chatty  : uid=1000(system) batterystats-wo expire 5 lines
01-27 05:04:05.153  1080  1186 I chatty  : uid=1000(system) ActivityManager expire 1 line
01-27 05:04:05.184  1080  1187 I chatty  : uid=1000(system) ActivityManager expire 18 lines
01-27 05:54:05.316  1080  1080 I chatty  : uid=1000(system) Binder:1080_3 expire 6 lines
01-27 06:13:29.201  1080  1377 I chatty  : uid=1000(system) NetworkStats expire 1 line
01-27 09:44:05.330  1080  3580 I chatty  : uid=1000(system) Binder:1080_11 expire 1 line
01-27 09:44:05.331  1080  1405 I chatty  : uid=1000(system) ConnectivitySer expire 2 lines
01-27 10:04:05.317  1080  2779 I chatty  : uid=1000(system) Binder:1080_20 expire 1 line
01-27 10:39:03.082  1080  4059 I chatty  : uid=1000(system) Binder:1080_15 expire 1 line
01-27 10:39:05.771  1080  1080 I chatty  : uid=1000(system) Binder:1080_3 expire 3 lines
01-27 10:39:05.798  1080  1187 I chatty  : uid=1000(system) ActivityManager expire 29 lines
01-27 10:39:06.531  1080  2360 I chatty  : uid=1000(system) Binder:1080_C expire 3 lines
01-27 10:39:06.652  1080  1561 I chatty  : uid=1000(system) Binder:1080_18 expire 1 line
01-27 10:39:06.852  1080  2554 I chatty  : uid=1000(system) Binder:1080_E expire 1 line
01-27 10:39:06.894  1080  2779 I chatty  : uid=1000(system) Binder:1080_20 expire 1 line
01-27 10:39:06.902  1080   383 I chatty  : uid=1000(system) Binder:1080_16 expire 2 lines
01-27 10:39:08.374  1080  2338 I chatty  : uid=1000(system) Binder:1080_B expire 1 line
01-27 10:39:08.394  1080  1080 I chatty  : uid=1000(system) Binder:1080_3 expire 6 lines
01-27 10:39:08.394  1080  1187 I chatty  : uid=1000(system) ActivityManager expire 16 lines
01-27 10:39:08.614  1080  1561 I chatty  : uid=1000(system) Binder:1080_18 expire 4 lines
01-27 10:39:08.919  1080  1860 I chatty  : uid=1000(system) Binder:1080_9 expire 6 lines
01-27 10:39:09.123  1080  1792 I chatty  : uid=1000(system) Binder:1080_7 expire 1 line
01-27 10:39:09.280  2903  3092 E ActivityThread: Failed to find provider info for com.google.android.deskclock.provider
01-27 10:39:09.618  1080  1405 I chatty  : uid=1000(system) ConnectivitySer expire 9 lines
01-27 10:39:10.180  1080  1187 I chatty  : uid=1000(system) ActivityManager expire 9 lines
01-27 10:39:10.403  1080  1561 I chatty  : uid=1000(system) Binder:1080_18 expire 1 line
01-27 10:39:10.437  1080  2628 I chatty  : uid=1000(system) Binder:1080_1D expire 1 line
01-27 10:39:10.492  1080  1792 I chatty  : uid=1000(system) Binder:1080_7 expire 2 lines
01-27 10:39:10.493  1080  2779 I chatty  : uid=1000(system) Binder:1080_20 expire 1 line
01-27 10:39:10.494  1080  2360 I chatty  : uid=1000(system) Binder:1080_C expire 1 line
01-27 10:39:10.804  1080  1194 I chatty  : uid=1000(system) batterystats-wo expire 1 line
01-27 10:39:11.065  1080  3816 I chatty  : uid=1000(system) Binder:1080_13 expire 3 lines
01-27 10:39:11.710  1080   383 I chatty  : uid=1000(system) Binder:1080_16 expire 1 line
01-27 10:39:12.435  1080  1186 I chatty  : uid=1000(system) ActivityManager expire 1 line
01-27 10:39:14.652  1080  3669 I chatty  : uid=1000(system) Binder:1080_12 expire 2 lines
01-27 10:39:14.714  1080  2554 I chatty  : uid=1000(system) Binder:1080_E expire 4 lines
01-27 10:39:14.923  1080  2338 I chatty  : uid=1000(system) Binder:1080_B expire 5 lines
01-27 10:39:15.753  1080  1307 I chatty  : uid=1000(system) Binder:1080_4 expire 4 lines
01-27 10:39:15.754  1080  1187 I chatty  : uid=1000(system) ActivityManager expire 17 lines
01-27 10:39:15.755  1080  3580 I chatty  : uid=1000(system) Binder:1080_11 expire 1 line
01-27 10:39:15.756  1080  1405 I chatty  : uid=1000(system) ConnectivitySer expire 4 lines
01-27 10:39:18.702  1080  1194 I chatty  : uid=1000(system) batterystats-wo expire 1 line
01-27 10:39:21.612  1080   385 I chatty  : uid=1000(system) Binder:1080_17 expire 2 lines
01-27 10:39:21.701  1080  3816 I chatty  : uid=1000(system) Binder:1080_13 expire 4 lines
01-27 10:39:22.549  1080  1186 I chatty  : uid=1000(system) ActivityManager expire 1 line
01-27 10:39:22.553  1080  1218 I chatty  : uid=1000(system) PackageManager expire 1 line
01-27 10:39:22.707  1080   383 I chatty  : uid=1000(system) Binder:1080_16 expire 2 lines
01-27 10:39:23.619  1080  1080 I chatty  : uid=1000(system) Binder:1080_3 expire 1 line
01-27 10:39:23.771  1080  1187 I chatty  : uid=1000(system) ActivityManager expire 18 lines
01-27 10:39:24.167  1080  2628 I chatty  : uid=1000(system) Binder:1080_1D expire 1 line
01-27 10:39:25.094  1080  3816 I chatty  : uid=1000(system) Binder:1080_13 expire 1 line
01-27 10:39:25.165  1080  3580 I chatty  : uid=1000(system) Binder:1080_11 expire 1 line
01-27 10:39:25.165  1080   383 I chatty  : uid=1000(system) Binder:1080_16 expire 1 line
01-27 10:39:25.166  1080  1307 I chatty  : uid=1000(system) Binder:1080_4 expire 2 lines
01-27 10:39:25.166  1080  1405 I chatty  : uid=1000(system) ConnectivitySer expire 2 lines
01-27 10:39:25.211  1080  4043 I chatty  : uid=1000(system) Binder:1080_14 expire 1 line
01-27 10:39:25.581  1080  1107 I chatty  : uid=1000(system) Binder:1080_2 expire 2 lines
01-27 10:39:25.945  1080  1194 I chatty  : uid=1000(system) batterystats-wo expire 4 lines
01-27 10:43:04.205  1080  1186 I chatty  : uid=1000(system) ActivityManager expire 2 lines
01-27 10:52:47.349  1080  2554 I chatty  : uid=1000(system) Binder:1080_E expire 1 line
01-27 16:22:14.070  1080   385 I chatty  : uid=1000(system) Binder:1080_17 expire 2 lines
01-27 16:22:14.140  1080  1194 I chatty  : uid=1000(system) batterystats-wo expire 1 line
01-27 16:22:14.327  1080  1080 I chatty  : uid=1000(system) Binder:1080_3 expire 3 lines
01-27 16:22:14.329  1080  1175 I chatty  : uid=1000(system) android.ui expire 1 line
01-27 16:22:14.331  1080  1107 I chatty  : uid=1000(system) Binder:1080_2 expire 1 line
01-27 16:22:14.495  1080  4059 I chatty  : uid=1000(system) Binder:1080_15 expire 2 lines
01-27 16:22:14.496  1080  1405 I chatty  : uid=1000(system) ConnectivitySer expire 1 line
01-27 16:22:14.718  1080  3580 I chatty  : uid=1000(system) Binder:1080_11 expire 1 line
01-27 16:22:14.753  1080  1186 I chatty  : uid=1000(system) ActivityManager expire 4 lines
01-27 16:22:14.816  1080  1308 I chatty  : uid=1000(system) Binder:1080_5 expire 1 line
01-27 16:22:16.583  1080  1187 I chatty  : uid=1000(system) ActivityManager expire 40 lines
01-27 16:22:17.241  1080  1308 I chatty  : uid=1000(system) Binder:1080_5 expire 1 line
01-27 16:22:17.429  1080  1677 I chatty  : uid=1000(system) Binder:1080_6 expire 3 lines
01-27 16:22:17.877  1080  4059 I chatty  : uid=1000(system) Binder:1080_15 expire 1 line
01-27 16:22:18.991  1080   632 I chatty  : uid=1000(system) Binder:1080_3 expire 6 lines
01-27 16:22:19.406  1080  2742 I chatty  : uid=1000(system) Binder:1080_1F expire 1 line
01-27 16:22:19.408  1080  1405 I chatty  : uid=1000(system) ConnectivitySer expire 2 lines
01-27 16:22:19.511  1080  1194 I chatty  : uid=1000(system) batterystats-wo expire 1 line
01-27 16:22:19.720  1080  1186 I chatty  : uid=1000(system) ActivityManager expire 2 lines
01-27 16:22:19.769  1080  1561 I chatty  : uid=1000(system) Binder:1080_18 expire 1 line
01-27 16:22:20.159  1080  1080 I chatty  : uid=1000(system) Binder:1080_3 expire 1 line
01-27 16:22:20.220  1080  3574 I chatty  : uid=1000(system) Binder:1080_10 expire 1 line
01-27 16:22:20.663  1080  1187 I chatty  : uid=1000(system) ActivityManager expire 30 lines
01-27 16:22:20.808  1080  3122 I chatty  : uid=1000(system) Binder:1080_21 expire 1 line
01-27 16:22:20.809  1080  2742 I chatty  : uid=1000(system) Binder:1080_1F expire 1 line
01-27 16:22:20.814  1080  1405 I chatty  : uid=1000(system) ConnectivitySer expire 1 line
01-27 16:22:20.820  1080  2360 I chatty  : uid=1000(system) Binder:1080_C expire 2 lines
01-27 16:22:20.958  1080  1798 I chatty  : uid=1000(system) Binder:1080_8 expire 2 lines
01-27 16:22:21.198  1082  1082 D ActivityThread: Loading provider contacts;com.android.contacts: com.android.providers.contacts.ContactsProvider2
01-27 16:22:21.823  1080  1080 I chatty  : uid=1000(system) Binder:1080_3 expire 4 lines
01-27 16:22:21.861  1080  1361 I chatty  : uid=1000(system) NetworkWatchlis expire 2 lines
01-27 16:22:22.060  1080  1187 I chatty  : uid=1000(system) ActivityManager expire 16 lines
01-27 16:22:22.456  1080  1561 I chatty  : uid=1000(system) Binder:1080_18 expire 2 lines
01-27 16:22:22.639  1080  2779 I chatty  : uid=1000(system) Binder:1080_20 expire 1 line
01-27 16:22:22.818  1080  2336 I chatty  : uid=1000(system) Binder:1080_A expire 2 lines
01-27 16:22:23.287  1080  3574 I chatty  : uid=1000(system) Binder:1080_10 expire 2 lines
01-27 16:22:23.287  1080  1405 I chatty  : uid=1000(system) ConnectivitySer expire 7 lines
01-27 16:22:23.798  1080  2207 I chatty  : uid=1000(system) Binder:1080_1C expire 2 lines
01-27 16:22:24.016  1080  2360 I chatty  : uid=1000(system) Binder:1080_C expire 1 line
01-27 16:22:24.424  1080  4043 I chatty  : uid=1000(system) Binder:1080_14 expire 1 line
01-27 16:22:25.122  1080  2338 I chatty  : uid=1000(system) Binder:1080_B expire 1 line
01-27 16:22:25.257  1080  1677 I chatty  : uid=1000(system) Binder:1080_6 expire 4 lines
01-27 16:22:25.309  1080  1194 I chatty  : uid=1000(system) batterystats-wo expire 1 line
01-27 16:22:25.519  1080  1930 I chatty  : uid=1000(system) Binder:1080_1A expire 1 line
01-27 16:22:25.535  1080  4059 I chatty  : uid=1000(system) Binder:1080_15 expire 1 line
01-27 16:22:25.586  1080  1187 I chatty  : uid=1000(system) ActivityManager expire 20 lines
01-27 16:22:25.588  1080  1307 I chatty  : uid=1000(system) Binder:1080_4 expire 2 lines
01-27 16:22:27.814  1080  1792 I chatty  : uid=1000(system) Binder:1080_7 expire 1 line
01-27 16:22:27.818  1080  1405 I chatty  : uid=1000(system) ConnectivitySer expire 5 lines
01-27 16:22:28.100  1080  1930 I chatty  : uid=1000(system) Binder:1080_1A expire 5 lines
01-27 16:22:28.311  1080  1677 I chatty  : uid=1000(system) Binder:1080_6 expire 1 line
01-27 16:22:31.031  1080  2628 I chatty  : uid=1000(system) Binder:1080_1D expire 1 line
01-27 16:22:31.031  1080  2338 I chatty  : uid=1000(system) Binder:1080_B expire 1 line
01-27 16:22:31.032  1080  3564 I chatty  : uid=1000(system) Binder:1080_F expire 1 line
01-27 16:22:31.032  1080  2336 I chatty  : uid=1000(system) Binder:1080_A expire 2 lines
01-27 16:22:31.548  1080   385 I chatty  : uid=1000(system) Binder:1080_17 expire 1 line
01-27 16:22:32.253  1080  1194 I chatty  : uid=1000(system) batterystats-wo expire 1 line
01-27 16:22:32.737  1080  1187 I chatty  : uid=1000(system) ActivityManager expire 14 lines
01-27 16:22:33.800  1080  1930 I chatty  : uid=1000(system) Binder:1080_1A expire 5 lines
01-27 16:22:34.516  1080  1405 I chatty  : uid=1000(system) ConnectivitySer expire 6 lines
01-27 16:22:34.647  1080  2338 I chatty  : uid=1000(system) Binder:1080_B expire 2 lines
01-27 16:22:34.695  1080  1186 I chatty  : uid=1000(system) ActivityManager expire 4 lines
01-27 16:22:35.207  1080  4043 I chatty  : uid=1000(system) Binder:1080_14 expire 3 lines
01-27 16:22:35.207  1080  2336 I chatty  : uid=1000(system) Binder:1080_A expire 1 line
01-27 16:22:35.208  1080  1677 I chatty  : uid=1000(system) Binder:1080_6 expire 1 line
01-27 16:22:35.632  1080  1106 I chatty  : uid=1000(system) Binder:1080_1 expire 2 lines
01-27 16:22:37.111  1080  1218 I chatty  : uid=1000(system) PackageManager expire 1 line
01-27 16:22:37.369  1080  4059 I chatty  : uid=1000(system) Binder:1080_15 expire 7 lines
01-27 16:22:37.369  1080  1405 I chatty  : uid=1000(system) ConnectivitySer expire 12 lines
01-27 16:22:38.206  1080  1194 I chatty  : uid=1000(system) batterystats-wo expire 2 lines
01-27 16:22:38.437  1080  1185 I chatty  : uid=1000(system) android.bg expire 2 lines
01-27 16:22:38.903  1080  1307 I chatty  : uid=1000(system) Binder:1080_4 expire 1 line
01-27 16:22:40.614  1080  2360 I chatty  : uid=1000(system) Binder:1080_C expire 2 lines
01-27 16:22:40.614  1080   383 I chatty  : uid=1000(system) Binder:1080_16 expire 4 lines
01-27 16:22:40.669  1080  1792 I chatty  : uid=1000(system) Binder:1080_7 expire 2 lines
01-27 16:22:40.708  1080  4043 I chatty  : uid=1000(system) Binder:1080_14 expire 1 line
01-27 16:22:40.715  1080  1107 I chatty  : uid=1000(system) Binder:1080_2 expire 1 line
01-27 16:22:40.716  1080  1677 I chatty  : uid=1000(system) Binder:1080_6 expire 1 line
01-27 16:23:17.365  1080  1186 I chatty  : uid=1000(system) ActivityManager expire 1 line
01-27 16:23:17.367  1080  1187 I chatty  : uid=1000(system) ActivityManager expire 4 lines
01-27 17:04:37.437  1080  1411 I chatty  : uid=1000(system) onProviders.ECP expire 1 line
01-27 17:54:05.354  1080  1175 I chatty  : uid=1000(system) android.ui expire 1 line
01-27 18:04:05.393  1080  1194 I chatty  : uid=1000(system) batterystats-wo expire 3 lines
01-27 20:04:05.509  1080  1107 I chatty  : uid=1000(system) Binder:1080_2 expire 1 line
01-27 20:04:05.510  1080  1187 I chatty  : uid=1000(system) ActivityManager expire 29 lines
01-27 22:00:01.459  1080  1080 I chatty  : uid=1000(system) Binder:1080_3 expire 8 lines
01-27 22:01:25.037  1080  1187 I chatty  : uid=1000(system) ActivityManager expire 15 lines
01-27 22:01:25.560  1080   385 I chatty  : uid=1000(system) Binder:1080_17 expire 1 line
01-27 22:01:25.562  1080  1932 I chatty  : uid=1000(system) Binder:1080_1B expire 1 line
01-27 22:01:25.563  1080  1657 I chatty  : uid=1000(system) Binder:1080_19 expire 1 line
01-27 22:01:25.564  1080  1405 I chatty  : uid=1000(system) ConnectivitySer expire 3 lines
01-27 22:01:25.685  1080  3122 I chatty  : uid=1000(system) Binder:1080_21 expire 1 line
01-27 22:01:25.753  1080  1930 I chatty  : uid=1000(system) Binder:1080_1A expire 4 lines
01-27 22:01:26.109  1080  2741 I chatty  : uid=1000(system) Binder:1080_1E expire 3 lines
01-27 22:01:26.246  1080  1798 I chatty  : uid=1000(system) Binder:1080_8 expire 3 lines
01-27 22:01:26.263  1080  1186 I chatty  : uid=1000(system) ActivityManager expire 5 lines
01-27 22:01:27.170  1080  2628 I chatty  : uid=1000(system) Binder:1080_1D expire 1 line
01-27 22:01:27.554  1080  2336 I chatty  : uid=1000(system) Binder:1080_A expire 5 lines
01-27 22:01:29.332  1080  2628 I chatty  : uid=1000(system) Binder:1080_1D expire 1 line
01-27 22:01:29.332  1080  1405 I chatty  : uid=1000(system) ConnectivitySer expire 6 lines
01-27 22:01:29.855  1080  1080 I chatty  : uid=1000(system) Binder:1080_3 expire 3 lines
01-27 22:01:29.856  1080  1187 I chatty  : uid=1000(system) ActivityManager expire 16 lines
01-27 22:01:29.942  1080  1194 I chatty  : uid=1000(system) batterystats-wo expire 1 line
01-27 22:01:30.098  1080  2741 I chatty  : uid=1000(system) Binder:1080_1E expire 1 line
01-27 22:01:30.100  1080  1175 I chatty  : uid=1000(system) android.ui expire 1 line
01-27 22:01:31.348  1080  1930 I chatty  : uid=1000(system) Binder:1080_1A expire 2 lines
01-27 22:01:31.349  1080   383 I chatty  : uid=1000(system) Binder:1080_16 expire 1 line
01-27 22:01:31.349  1080  3816 I chatty  : uid=1000(system) Binder:1080_13 expire 1 line
01-27 22:01:31.377  1080  1308 I chatty  : uid=1000(system) Binder:1080_5 expire 1 line
01-27 22:01:32.454  1080  2361 I chatty  : uid=1000(system) Binder:1080_D expire 2 lines
01-27 22:01:33.216  1080  4059 I chatty  : uid=1000(system) Binder:1080_15 expire 1 line
01-27 22:01:33.519  1080   385 I chatty  : uid=1000(system) Binder:1080_17 expire 2 lines
01-27 22:01:34.344  1080  1187 I chatty  : uid=1000(system) ActivityManager expire 14 lines
01-27 22:01:34.933  1080  1860 I chatty  : uid=1000(system) Binder:1080_9 expire 3 lines
01-27 22:01:34.933  1080  1405 I chatty  : uid=1000(system) ConnectivitySer expire 7 lines
01-27 22:01:35.428  1080  1194 I chatty  : uid=1000(system) batterystats-wo expire 2 lines
01-27 22:01:36.049  1080  1186 I chatty  : uid=1000(system) ActivityManager expire 1 line
01-27 22:01:38.373  1080  2336 I chatty  : uid=1000(system) Binder:1080_A expire 1 line
01-27 22:01:39.209  1080  1080 I chatty  : uid=1000(system) Binder:1080_3 expire 2 lines
01-27 22:01:40.450  1080  2741 I chatty  : uid=1000(system) Binder:1080_1E expire 2 lines
01-27 22:01:40.487  1080  3669 I chatty  : uid=1000(system) Binder:1080_12 expire 6 lines
01-27 22:01:43.685  1080  2360 I chatty  : uid=1000(system) Binder:1080_C expire 3 lines
01-27 22:01:45.196  1080  3564 I chatty  : uid=1000(system) Binder:1080_F expire 3 lines
01-27 22:01:45.197  1080  1187 I chatty  : uid=1000(system) ActivityManager expire 6 lines
01-27 22:01:46.445  1080  1405 I chatty  : uid=1000(system) ConnectivitySer expire 10 lines
01-27 22:01:46.535  1080   385 I chatty  : uid=1000(system) Binder:1080_17 expire 1 line
01-27 22:01:46.656  1080  3122 I chatty  : uid=1000(system) Binder:1080_21 expire 1 line
01-27 22:01:47.109  1080  1106 I chatty  : uid=1000(system) Binder:1080_1 expire 1 line
01-27 22:01:47.112  1080  2741 I chatty  : uid=1000(system) Binder:1080_1E expire 3 lines
01-27 22:01:47.113  1080  2336 I chatty  : uid=1000(system) Binder:1080_A expire 3 lines
01-27 22:01:47.113  1080  2361 I chatty  : uid=1000(system) Binder:1080_D expire 1 line
01-27 22:01:52.096  1080  1194 I chatty  : uid=1000(system) batterystats-wo expire 2 lines
01-27 22:13:28.555  1080  1185 I chatty  : uid=1000(system) android.bg expire 4 lines
01-27 22:13:28.573  1080  1080 I chatty  : uid=1000(system) Binder:1080_3 expire 1 line
01-27 22:13:28.734  1080  1377 I chatty  : uid=1000(system) NetworkStats expire 1 line
01-27 22:13:28.844  1080  3816 I chatty  : uid=1000(system) Binder:1080_13 expire 5 lines
01-27 22:13:28.888  1080  1185 I chatty  : uid=1000(system) android.bg expire 2 lines
01-27 22:13:28.995  1080  1106 I chatty  : uid=1000(system) Binder:1080_1 expire 4 lines
01-27 22:13:29.140  1080  4059 I chatty  : uid=1000(system) Binder:1080_15 expire 1 line
01-27 22:13:29.140  1080  1405 I chatty  : uid=1000(system) ConnectivitySer expire 2 lines
01-27 22:13:29.141  1080  3574 I chatty  : uid=1000(system) Binder:1080_10 expire 1 line
01-27 22:13:29.141  1080  2360 I chatty  : uid=1000(system) Binder:1080_C expire 3 lines
01-27 22:14:05.475  1080  1186 I chatty  : uid=1000(system) ActivityManager expire 2 lines
01-27 22:14:05.476  1080  1187 I chatty  : uid=1000(system) ActivityManager expire 15 lines
01-28 00:00:01.569  1080  1194 I chatty  : uid=1000(system) batterystats-wo expire 2 lines
01-28 00:14:05.961  1080  1792 I chatty  : uid=1000(system) Binder:1080_7 expire 1 line
01-28 00:24:05.583  1080  2628 I chatty  : uid=1000(system) Binder:1080_1D expire 1 line
01-28 00:24:05.616  1080  1175 I chatty  : uid=1000(system) android.ui expire 3 lines
01-28 02:13:28.615  1080  1377 I chatty  : uid=1000(system) NetworkStats expire 1 line
01-28 03:53:11.765  1080  1080 I chatty  : uid=1000(system) Binder:1080_3 expire 2 lines
01-28 03:53:11.952  1080  1187 I chatty  : uid=1000(system) ActivityManager expire 7 lines
01-28 03:53:12.463  1080  1308 I chatty  : uid=1000(system) Binder:1080_5 expire 5 lines
01-28 03:53:12.543  1080  1377 I chatty  : uid=1000(system) NetworkStats expire 1 line
01-28 03:53:12.744  1080  3816 I chatty  : uid=1000(system) Binder:1080_13 expire 1 line
01-28 03:53:12.810  1080  1194 I chatty  : uid=1000(system) batterystats-wo expire 1 line
01-28 03:53:13.451  1080  1792 I chatty  : uid=1000(system) Binder:1080_7 expire 2 lines
01-28 03:53:13.485  1080  2338 I chatty  : uid=1000(system) Binder:1080_B expire 3 lines
01-28 03:53:14.058  1080  1186 I chatty  : uid=1000(system) ActivityManager expire 4 lines
01-28 03:53:14.481  1080  3122 I chatty  : uid=1000(system) Binder:1080_21 expire 1 line
01-28 03:53:14.482  1080  1107 I chatty  : uid=1000(system) Binder:1080_2 expire 1 line
01-28 03:53:14.485  1080  1798 I chatty  : uid=1000(system) Binder:1080_8 expire 1 line
01-28 03:53:14.486  1080  2360 I chatty  : uid=1000(system) Binder:1080_C expire 1 line
01-28 03:53:14.486  1080  1405 I chatty  : uid=1000(system) ConnectivitySer expire 2 lines
01-28 03:53:14.491  1080  1185 I chatty  : uid=1000(system) android.bg expire 1 line
01-28 03:53:14.500  1080  2554 I chatty  : uid=1000(system) Binder:1080_E expire 26 lines
01-28 03:53:14.534  3979  3979 I ActivityThread: Removing dead content provider:android.content.ContentProviderProxy@412bf69
01-28 03:53:14.534   581   581 I ActivityThread: Removing dead content provider:android.content.ContentProviderProxy@6b56c3b
01-28 03:53:14.826  1080  1185 I chatty  : uid=1000(system) android.bg expire 1 line
01-28 03:53:14.885  1080  1561 I chatty  : uid=1000(system) Binder:1080_18 expire 1 line
01-28 03:53:14.886  1080  1187 I chatty  : uid=1000(system) ActivityManager expire 19 lines
01-28 03:53:14.965  1080  1080 I chatty  : uid=1000(system) Binder:1080_3 expire 4 lines
01-28 03:53:16.771  1080  2360 I chatty  : uid=1000(system) Binder:1080_C expire 3 lines
01-28 03:53:17.108  1080  1187 I chatty  : uid=1000(system) ActivityManager expire 20 lines
01-28 03:53:17.272  1080  4059 I chatty  : uid=1000(system) Binder:1080_15 expire 4 lines
01-28 03:53:18.005  1080  1405 I chatty  : uid=1000(system) ConnectivitySer expire 7 lines
01-28 03:53:18.131  1080  1194 I chatty  : uid=1000(system) batterystats-wo expire 1 line
01-28 03:53:18.337  1080  1186 I chatty  : uid=1000(system) ActivityManager expire 3 lines
01-28 03:53:18.587  1080  1185 I chatty  : uid=1000(system) android.bg expire 2 lines
01-28 03:53:18.967  1080  1080 I chatty  : uid=1000(system) Binder:1080_3 expire 1 line
01-28 03:53:19.818  1080  2338 I chatty  : uid=1000(system) Binder:1080_B expire 4 lines
01-28 03:53:19.834  1080  2554 I chatty  : uid=1000(system) Binder:1080_E expire 1 line
01-28 03:53:19.911  1080  1307 I chatty  : uid=1000(system) Binder:1080_4 expire 2 lines
01-28 03:53:20.596  1080  1930 I chatty  : uid=1000(system) Binder:1080_1A expire 2 lines
01-28 03:53:21.061  1080  1187 I chatty  : uid=1000(system) ActivityManager expire 22 lines
01-28 03:53:21.877  1080  1186 I chatty  : uid=1000(system) ActivityManager expire 2 lines
01-28 03:53:22.321  1080   383 I chatty  : uid=1000(system) Binder:1080_16 expire 8 lines
01-28 03:53:23.023  1080  1798 I chatty  : uid=1000(system) Binder:1080_8 expire 1 line
01-28 03:53:23.355  1080  1561 I chatty  : uid=1000(system) Binder:1080_18 expire 2 lines
01-28 03:53:23.785  1080  4043 I chatty  : uid=1000(system) Binder:1080_14 expire 1 line
01-28 03:53:23.786  1080  1405 I chatty  : uid=1000(system) ConnectivitySer expire 2 lines
01-28 03:53:23.797  1080  2207 I chatty  : uid=1000(system) Binder:1080_1C expire 1 line
01-28 03:53:23.816  1080  1194 I chatty  : uid=1000(system) batterystats-wo expire 1 line
01-28 03:53:24.006  1080  2554 I chatty  : uid=1000(system) Binder:1080_E expire 1 line
01-28 03:53:24.036  1080  1175 I chatty  : uid=1000(system) android.ui expire 1 line
01-28 03:53:24.056  1080  3122 I chatty  : uid=1000(system) Binder:1080_21 expire 1 line
01-28 03:53:24.148  1080  1307 I chatty  : uid=1000(system) Binder:1080_4 expire 2 lines
01-28 03:53:24.626  1080  2741 I chatty  : uid=1000(system) Binder:1080_1E expire 2 lines
01-28 03:53:24.636  1856  1856 D ActivityThread: Loading provider contacts;com.android.contacts: com.android.providers.contacts.ContactsProvider2
01-28 03:53:27.845  1080  1187 I chatty  : uid=1000(system) ActivityManager expire 15 lines
01-28 03:53:28.337  1080  1561 I chatty  : uid=1000(system) Binder:1080_18 expire 3 lines
01-28 03:53:28.338  1080  1307 I chatty  : uid=1000(system) Binder:1080_4 expire 1 line
01-28 03:53:28.452  1080  2554 I chatty  : uid=1000(system) Binder:1080_E expire 4 lines
01-28 03:53:29.559  1080  1405 I chatty  : uid=1000(system) ConnectivitySer expire 12 lines
01-28 03:53:30.259  1080  2207 I chatty  : uid=1000(system) Binder:1080_1C expire 6 lines
01-28 03:53:31.471  1080  2742 I chatty  : uid=1000(system) Binder:1080_1F expire 2 lines
01-28 03:53:31.495  1080  2361 I chatty  : uid=1000(system) Binder:1080_D expire 3 lines
01-28 03:53:31.677  1080  1930 I chatty  : uid=1000(system) Binder:1080_1A expire 1 line
01-28 03:53:31.678  1080  4059 I chatty  : uid=1000(system) Binder:1080_15 expire 3 lines
01-28 03:53:31.678  1080  2338 I chatty  : uid=1000(system) Binder:1080_B expire 1 line
01-28 03:53:33.585  1080  1194 I chatty  : uid=1000(system) batterystats-wo expire 5 lines
01-28 03:53:37.396  1080  4059 I chatty  : uid=1000(system) Binder:1080_15 expire 3 lines
01-28 03:53:37.396  1080  2361 I chatty  : uid=1000(system) Binder:1080_D expire 3 lines
01-28 03:53:37.396  1080  1405 I chatty  : uid=1000(system) ConnectivitySer expire 2 lines
01-28 03:53:37.489  1080  1860 I chatty  : uid=1000(system) Binder:1080_9 expire 1 line
01-28 03:53:37.491  1080  2338 I chatty  : uid=1000(system) Binder:1080_B expire 6 lines
01-28 03:53:37.494  1080  1307 I chatty  : uid=1000(system) Binder:1080_4 expire 1 line
