01-29 14:34:37.863  2255  2306 I .redbend.clien: Background concurrent copying GC freed 5603(299KB) AllocSpace objects, 168(8736KB) LOS objects, 89% free, 2054KB/20MB, paused 205us total 136.994ms
01-29 14:34:37.864  2255  2306 W .redbend.clien: Reducing the number of considered missed Gc histogram windows from 124 to 100
01-29 14:34:39.023  3079  3079 I chatty  : uid=1000(system) expire 35 lines
01-29 14:34:39.302  3079  3080 I chatty  : uid=1000(system) expire 1 line
01-29 14:34:39.309  3079  3079 E improveTouch: [DSPTouchProcessor:823] deInit: invalid state (current = 0)
01-29 14:34:39.309  3079  3079 D improveTouch: [DSPTouchProcessor:827] deInit: X pa_utf_ret = 1, ret = 1073741835
01-29 14:34:39.309  3079  3079 E improveTouch: [TouchServer:83] delete event injector
01-29 14:34:39.309  3079  3079 E improveTouch: [TouchServer:87] delete config management
01-29 14:34:39.311  3079  3079 E improveTouch: [TouchServer:90] fail to start daemon
01-29 14:34:39.311  3079  3079 E improveTouch: [Main:169] fail to initiate touch server
01-29 14:34:40.675   987  1142 E QMI_FW  : qmi_cci_get_ref: ref count increased 2
01-29 14:34:43.052  2263  2284 I alcomm.locatio: Background concurrent copying GC freed 31(48KB) AllocSpace objects, 0(0B) LOS objects, 91% free, 1781KB/19MB, paused 142us total 339.206ms
01-29 14:34:43.052  2263  2284 W alcomm.locatio: Reducing the number of considered missed Gc histogram windows from 123 to 100
01-29 14:34:44.029  3081  3081 I chatty  : uid=1000(system) expire 35 lines
01-29 14:34:44.311  3081  3082 I chatty  : uid=1000(system) expire 1 line
01-29 14:34:44.317  3081  3081 E improveTouch: [DSPTouchProcessor:823] deInit: invalid state (current = 0)
01-29 14:34:44.317  3081  3081 D improveTouch: [DSPTouchProcessor:827] deInit: X pa_utf_ret = 1, ret = 1073741835
01-29 14:34:44.317  3081  3081 E improveTouch: [TouchServer:83] delete event injector
01-29 14:34:44.317  3081  3081 E improveTouch: [TouchServer:87] delete config management
01-29 14:34:44.319  3081  3081 E improveTouch: [TouchServer:90] fail to start daemon
01-29 14:34:44.319  3081  3081 E improveTouch: [Main:169] fail to initiate touch server
01-29 14:34:44.515   987  1142 E QMI_FW  : qmi_cci_get_ref: ref count increased 2
01-29 14:34:47.859  2275  2300 I io.adc.embedde: Background concurrent copying GC freed 19667(1043KB) AllocSpace objects, 1(16KB) LOS objects, 88% free, 2373KB/20MB, paused 173us total 142.585ms
01-29 14:34:47.860  2275  2300 W io.adc.embedde: Reducing the number of considered missed Gc histogram windows from 124 to 100
01-29 14:34:48.767  1727  1727 D QtiCarrierConfigHelper: WARNING, no carrier configs on phone Id: 0
01-29 14:34:48.814  1482  1482 D KeyguardUpdateMonitor: received broadcast android.intent.action.BATTERY_CHANGED
01-29 14:34:48.820  1482  1482 D KeyguardUpdateMonitor: handleBatteryUpdate
01-29 14:34:48.998  3083  3083 I chatty  : uid=1000(system) expire 35 lines
01-29 14:34:49.259  3083  3084 I chatty  : uid=1000(system) expire 1 line
01-29 14:34:49.260  3083  3083 E improveTouch: [DSPTouchProcessor:823] deInit: invalid state (current = 0)
01-29 14:34:49.260  3083  3083 D improveTouch: [DSPTouchProcessor:827] deInit: X pa_utf_ret = 1, ret = 1073741835
01-29 14:34:49.260  3083  3083 E improveTouch: [TouchServer:83] delete event injector
01-29 14:34:49.260  3083  3083 E improveTouch: [TouchServer:87] delete config management
01-29 14:34:49.261  3083  3083 E improveTouch: [TouchServer:90] fail to start daemon
01-29 14:34:49.262  3083  3083 E improveTouch: [Main:169] fail to initiate touch server
01-29 14:34:53.840  2499  2514 W .qcrilmsgtunne: Reducing the number of considered missed Gc histogram windows from 124 to 100
01-29 14:34:53.952  3085  3085 I chatty  : uid=1000(system) expire 34 lines
01-29 14:34:54.227  3085  3089 I chatty  : uid=1000(system) expire 1 line
01-29 14:34:54.232  3085  3085 D improveTouch: [DSPTouchProcessor:807] deInit: E
01-29 14:34:54.233  3085  3085 E improveTouch: [DSPTouchProcessor:823] deInit: invalid state (current = 0)
01-29 14:34:54.233  3085  3085 D improveTouch: [DSPTouchProcessor:827] deInit: X pa_utf_ret = 1, ret = 1073741835
01-29 14:34:54.233  3085  3085 E improveTouch: [TouchServer:83] delete event injector
01-29 14:34:54.233  3085  3085 E improveTouch: [TouchServer:87] delete config management
01-29 14:34:54.234  3085  3085 E improveTouch: [TouchServer:90] fail to start daemon
01-29 14:34:54.234  3085  3085 E improveTouch: [Main:169] fail to initiate touch server
01-29 14:34:56.032   987  1142 E QMI_FW  : qmi_cci_get_ref: ref count increased 2
01-29 14:34:58.880  1790  1807 W id.ext.service: Reducing the number of considered missed Gc histogram windows from 123 to 100
01-29 14:34:59.060  3093  3093 I chatty  : uid=1000(system) expire 34 lines
01-29 14:34:59.329  3093  3094 I chatty  : uid=1000(system) expire 1 line
01-29 14:34:59.331  3093  3093 D improveTouch: [DSPTouchProcessor:807] deInit: E
01-29 14:34:59.331  3093  3093 E improveTouch: [DSPTouchProcessor:823] deInit: invalid state (current = 0)
01-29 14:34:59.331  3093  3093 D improveTouch: [DSPTouchProcessor:827] deInit: X pa_utf_ret = 1, ret = 1073741835
01-29 14:34:59.331  3093  3093 E improveTouch: [TouchServer:83] delete event injector
01-29 14:34:59.331  3093  3093 E improveTouch: [TouchServer:87] delete config management
01-29 14:34:59.332  3093  3093 E improveTouch: [TouchServer:90] fail to start daemon
01-29 14:34:59.332  3093  3093 E improveTouch: [Main:169] fail to initiate touch server
01-29 14:35:00.651  1482  1482 D KeyguardUpdateMonitor: received broadcast android.intent.action.TIME_TICK
01-29 14:35:00.709  1482  1482 D KeyguardUpdateMonitor: handleTimeUpdate
01-29 14:35:00.730  1482  1482 D KeyguardClockSwitch: Updating clock: 235
01-29 14:35:00.743  1237  1537 W Settings: Setting airplane_mode_on has moved from android.provider.Settings.System to android.provider.Settings.Global, returning read-only value.
01-29 14:35:00.753  1237  1537 W Settings: Setting airplane_mode_on has moved from android.provider.Settings.System to android.provider.Settings.Global, returning read-only value.
01-29 14:35:00.797   987  1059 E QMI_FW  : qmi_cci_get_ref: ref count increased 2
01-29 14:35:00.800   987  1059 E QMI_FW  : qmi_cci_get_ref: ref count increased 2
01-29 14:35:00.804   909  3286 I chatty  : uid=1021(gps) lowi-server expire 32 lines
01-29 14:35:00.806   987  1059 E QMI_FW  : qmi_cci_get_ref: ref count increased 2
01-29 14:35:00.807   492  1506 V WifiHAL : event received NL80211_CMD_TRIGGER_SCAN
01-29 14:35:00.811   987  1059 E QMI_FW  : qmi_cci_get_ref: ref count increased 2
01-29 14:35:00.823   987  1059 E QMI_FW  : qmi_cci_get_ref: ref count increased 2
01-29 14:35:00.947   295   295 I lowmemorykiller: Kill 'com.qti.diagservices' (2944), uid 1000, oom_adj 800 to free 19732kB
01-29 14:35:01.064   396   396 I Zygote  : Process 2944 exited due to signal 9 (Killed)
01-29 14:35:01.065  1089  4086 I ActivityManager: Process com.qti.diagservices (pid 2944) has died: svcb SVC 
01-29 14:35:01.068  1089  4086 W ActivityManager: Scheduling restart of crashed service com.qti.diagservices/.QTIDiagServices in 1000ms for start-requested
01-29 14:35:01.096  1577  1577 I AppBase : AppBase.onTrimMemory():786 onTrimMemory(): 15
01-29 14:35:01.097  1577  1577 I GoogleInputMethodService: GoogleInputMethodService.onTrimMemory():4569 onTrimMemory(): 15
01-29 14:35:01.335   492  1506 V WifiHAL : event received NL80211_CMD_NEW_SCAN_RESULTS
01-29 14:35:01.336  1089  4086 I chatty  : uid=1000(system) Binder:1089_14 expire 11 lines
01-29 14:35:01.342   909  3286 D LOWI-9.0.0.79: [LOWI-Scan] is_qcom_ie, bss_age: 45
01-29 14:35:01.342   909  3286 D LOWI-9.0.0.79: [LOWI-Scan] BSS 20:db:ab:95:b3:ae LOWI_PHY_MODE_11NG_HT20(5), Beacon Interval: 100, LOWI_ENCRYPTION_TYPE_WPA_EAP 11mcRanging: No, ANQP: Yes, LCI: No, Civic: No, capability(0x1431): ESS Privacy ShortPreamble ShortSlotTime
01-29 14:35:01.342   909  3286 D LOWI-9.0.0.79: [LOWI-Scan] BSS 20:db:ab:95:b3:ae FREQ: 2412, cFreq1[40:80:160] = [0:0:0] cFreq2 = 0 Country Code = IN 
01-29 14:35:01.343   909  3286 D LOWI-9.0.0.79: [LOWI-Scan] BSS 20:db:ab:95:b3:ae (wlan0) ASSO: NO AddInfo: 0x0, TSF 6, 23:18:43.725, RSSI: -112, CPL: 127, AGE: 0,  SSID JioPrivateNet, TSFDelta: 0x0, TXRate: 0
01-29 14:35:01.343   909  3286 D LOWI-9.0.0.79: [LOWI-Scan] 
01-29 14:35:01.343   909  3286 D LOWI-9.0.0.79: [LOWI-Scan] print_bss_handler: Report beacon TSF 602323725635 as it greater than probe TSF 602323725635
01-29 14:35:01.343   909  3286 I LOWI-9.0.0.79: [LOWI-Scan] RSN_IE
01-29 14:35:01.343   909  3286 D LOWI-9.0.0.79: [LOWI-Scan] decode_rsn_wpa_ie: Entered
01-29 14:35:01.344   909  3286 D LOWI-9.0.0.79: [LOWIUtils] hexDump: msg(30 18 01 00 00 0f ac 04 01 00 00 0f ac 04 02 00 00 0f ac 01 00 0f ac 03 )
01-29 14:35:01.344   909  3286 D LOWI-9.0.0.79: [LOWI-Scan] decode_rsn_wpa_ie: LOWI_ENCRYPTION_TYPE_WPA_EAP
01-29 14:35:01.344   909  3286 D LOWI-9.0.0.79: [LOWI-Scan] is_qcom_ie, bss_age: 46
01-29 14:35:01.344   909  3286 D LOWI-9.0.0.79: [LOWI-Scan] BSS 20:db:ab:95:82:0e LOWI_PHY_MODE_11NG_HT20(5), Beacon Interval: 100, LOWI_ENCRYPTION_TYPE_WPA_EAP 11mcRanging: No, ANQP: Yes, LCI: No, Civic: No, capability(0x1431): ESS Privacy ShortPreamble ShortSlotTime
01-29 14:35:01.344   909  3286 D LOWI-9.0.0.79: [LOWI-Scan] BSS 20:db:ab:95:82:0e FREQ: 2412, cFreq1[40:80:160] = [0:0:0] cFreq2 = 0 Country Code = IN 
01-29 14:35:01.344   909  3286 D LOWI-9.0.0.79: [LOWI-Scan] BSS 20:db:ab:95:82:0e (wlan0) ASSO: NO AddInfo: 0x1, TSF 6, 23:18:43.725, RSSI: -194, CPL: 127, AGE: 0,  SSID JioPrivateNet, TSFDelta: 0x0, TXRate: 0
01-29 14:35:01.345   909  3286 D LOWI-9.0.0.79: [LOWIDiagLog] Log: lowiMeasResult->request: invalid null argument
01-29 14:35:01.345   909  3286 I LOWI-9.0.0.79: [LOWI-Scan] lowi_close_record:Scan done in 602281764ms, 5 APs in scan results
01-29 14:35:01.345   909  3286 D LOWI-9.0.0.79: [LOWI-Scan] WipsScanUsingNL: passive scan cached 0, took 60679 ms, err 0
01-29 14:35:01.345   909  3286 D LOWI-9.0.0.79: [LOWI-Scan] lowi_proc_req_passive_scan_with_live_meas - No WLAN Frames to be parsed
01-29 14:35:01.345   909  3286 D LOWI-9.0.0.79: [LOWIScanResultReceiver] Send scan meas to listener
01-29 14:35:01.345   909   961 D LOWI-9.0.0.79: [LOWIEventReceiver] handleEvent:FROM:NA, TO:NA, REQ:NA, IREQ:NA, REQ_ID:0, RESP:NA, INFO:NA
01-29 14:35:01.345   909   961 D LOWI-9.0.0.79: [LOWIBackgroundScanMgr] isRspForBgScanMgr: evt(LOWI_NO_EVT) - not handled
01-29 14:35:01.346   909   961 D LOWI-9.0.0.79: [LOWIScheduler] manageMsg: NULL results or NULL request in results
01-29 14:35:01.346   909   961 D LOWI-9.0.0.79: [LOWIController] Measurements received
01-29 14:35:01.346   909   961 D LOWI-9.0.0.79: [LOWICacheManager] putInCache:Num of Meas to add: 5
01-29 14:35:01.347   909   961 D LOWI-9.0.0.79: [LOWIController] processMeasurementResults: No current Request. Cache measurements
01-29 14:35:01.347   909   961 D LOWI-9.0.0.79: [LOWIControllerExtn] sendLOWILpDiscoveryScanResponse: Not a discovery scan response
01-29 14:35:01.348   909  3286 D LOWI-9.0.0.79: [LOWIScanResultReceiver] Enter passive listening mode
01-29 14:35:01.348   909  3286 D LOWI-9.0.0.79: [LOWIWifiDriverInterface] getMeasurements - Passive listening mode
01-29 14:35:01.348   909  3286 D LOWI-9.0.0.79: [LOWI-Scan] WipsScanUsingNL:wait -1 sec for netlink message
01-29 14:35:01.417  1089  1189 W BroadcastQueue: Background execution not allowed: receiving Intent { act=android.net.wifi.SCAN_RESULTS flg=0x4000010 (has extras) } to com.jio.myjio/.jionet.receiver.WifiScanReceiver
01-29 14:35:01.536  1237  2375 I FrewleTileCacheManagerV: Fetched 3 AP models from cache [CONTEXT service_id=6 ]
01-29 14:35:01.696   483   565 I LocSvc_api_v02: ---> locClientSendReq line 2409 QMI_LOC_INJECT_POSITION_REQ_V02
01-29 14:35:01.697   483   565 E QMI_FW  : qmi_cci_get_ref: ref count increased 2
01-29 14:35:01.699   483   951 E QMI_FW  : qmi_cci_get_ref: ref count increased 2
01-29 14:35:01.699   483   951 I LocSvc_ApiV02: <--- globalRespCb line 221 QMI_LOC_INJECT_POSITION_REQ_V02
01-29 14:35:02.083  1089  1189 D CompatibilityChangeReporter: Compat change id reported: 135634846; UID 1000; state: DISABLED
01-29 14:35:02.117   396   396 D Zygote  : Forked child process 3099
01-29 14:35:02.128  1089  1190 I ActivityManager: Start proc 3099:com.qti.diagservices/1000 for service {com.qti.diagservices/com.qti.diagservices.QTIDiagServices}
01-29 14:35:02.208  3099  3099 I Zygote  : seccomp disabled by setenforce 0
01-29 14:35:02.312  2087  2114 I adbd    : jdwp connection from 3099
01-29 14:35:02.338  1089  1148 I chatty  : uid=1000(system) Binder:1089_1 expire 11 lines
01-29 14:35:02.414  3099  3099 I chatty  : uid=1000(system) ls expire 2 lines
01-29 14:35:02.447  3099  3099 D NetworkSecurityConfig: No Network Security Config specified, using platform default
01-29 14:35:02.459  3099  3099 E DiagJNIInterface: Trying to load libDiagService
01-29 14:35:02.471  1089  1148 D CompatibilityChangeReporter: Compat change id reported: 135634846; UID 10127; state: DISABLED
01-29 14:35:02.472  1089  1190 D CompatibilityChangeReporter: Compat change id reported: 143937733; UID 10127; state: ENABLED
01-29 14:35:02.493   396   396 D Zygote  : Forked child process 3124
01-29 14:35:02.501  1089  1190 I ActivityManager: Start proc 3124:com.google.android.gms/u0a127 for service {com.google.android.gms/com.google.android.gms.ads.identifier.service.AdvertisingIdService}
01-29 14:35:02.513  3124  3124 I Zygote  : seccomp disabled by setenforce 0
01-29 14:35:02.539  2087  2114 I adbd    : jdwp connection from 3124
01-29 14:35:02.569  3099  3099 I Diag_Lib: Diag_LSM_Init call succeeded
01-29 14:35:02.689  3124  3124 W gle.android.gm: JIT profile information will not be recorded: profile file does not exist.
01-29 14:35:02.690  3124  3124 W gle.android.gm: JIT profile information will not be recorded: profile file does not exist.
01-29 14:35:02.747  3124  3124 I Perf    : Connecting to perf service.
01-29 14:35:02.768  3124  3124 D NetworkSecurityConfig: Using Network Security Config from resource network_security_config debugBuild: false
01-29 14:35:02.775  3124  3124 D NetworkSecurityConfig: Using Network Security Config from resource network_security_config debugBuild: false
01-29 14:35:03.704   987  1142 E QMI_FW  : qmi_cci_get_ref: ref count increased 2
01-29 14:35:03.816  3124  3124 W ProviderHelper: Unknown dynamite feature providerinstaller.dynamite
01-29 14:35:03.818  3124  3124 I DynamiteModule: Considering local module com.google.android.gms.providerinstaller.dynamite:1 and remote module com.google.android.gms.providerinstaller.dynamite:0
01-29 14:35:03.818  3124  3124 I DynamiteModule: Selected local version of com.google.android.gms.providerinstaller.dynamite
01-29 14:35:03.879  3124  3124 V NativeCrypto: Registering com/google/android/gms/org/conscrypt/NativeCrypto's 329 native methods...
01-29 14:35:04.043  3164  3164 I chatty  : uid=1000(system) expire 35 lines
01-29 14:35:04.092  3124  3124 I ProviderInstaller: Installed default security provider GmsCore_OpenSSL
01-29 14:35:04.220  3124  3124 I GmsApplication: [gms_startup_benchmark] Static start time (ms): 602325194, Startup latency (ms): 1417, Is system user: true
01-29 14:35:04.226  3124  3178 I Watchcat: Started
01-29 14:35:04.291  3124  3178 I GMS_MM_Logger: Start time: 225075
01-29 14:35:04.292  3124  3178 I GMS_MM_Logger: Started.
01-29 14:35:04.331  3164  3165 I chatty  : uid=1000(system) expire 1 line
01-29 14:35:04.333  3164  3164 E improveTouch: [DSPTouchProcessor:823] deInit: invalid state (current = 0)
01-29 14:35:04.334  3164  3164 D improveTouch: [DSPTouchProcessor:827] deInit: X pa_utf_ret = 1, ret = 1073741835
01-29 14:35:04.334  3164  3164 E improveTouch: [TouchServer:83] delete event injector
01-29 14:35:04.334  3164  3164 E improveTouch: [TouchServer:87] delete config management
01-29 14:35:04.335  3164  3164 E improveTouch: [TouchServer:90] fail to start daemon
01-29 14:35:04.335  3164  3164 E improveTouch: [Main:169] fail to initiate touch server
01-29 14:35:04.425  3124  3146 I DynamiteModule: Considering local module com.google.android.gms.googlecertificates:7 and remote module com.google.android.gms.googlecertificates:0
01-29 14:35:04.426  3124  3146 I DynamiteModule: Selected local version of com.google.android.gms.googlecertificates
01-29 14:35:04.578   297   297 I chatty  : uid=1000(system) hwservicemanage expire 10 lines
01-29 14:35:04.786   295   295 I lowmemorykiller: Kill 'com.google.android.gms' (3124), uid 10127, oom_adj 905 to free 49108kB
01-29 14:35:04.906   396   396 I Zygote  : Process 3124 exited due to signal 9 (Killed)
01-29 14:35:04.907  1089  1148 I ActivityManager: Process com.google.android.gms (pid 3124) has died: cch+5 CEM 
01-29 14:35:04.907  1089  1196 I chatty  : uid=1000(system) ActivityManager expire 5 lines
01-29 14:35:07.416  3099  3121 I ti.diagservice: Waiting for a blocking GC ProfileSaver
01-29 14:35:07.516  3099  3121 I ti.diagservice: WaitForGcToComplete blocked ProfileSaver on RunEmptyCheckpoint for 98.339ms
01-29 14:35:07.547   987  1142 E QMI_FW  : qmi_cci_get_ref: ref count increased 2
01-29 14:35:09.084  3187  3187 I chatty  : uid=1000(system) expire 35 lines
01-29 14:35:09.350  3187  3188 I chatty  : uid=1000(system) expire 1 line
01-29 14:35:09.351  3187  3187 E improveTouch: [DSPTouchProcessor:823] deInit: invalid state (current = 0)
01-29 14:35:09.351  3187  3187 D improveTouch: [DSPTouchProcessor:827] deInit: X pa_utf_ret = 1, ret = 1073741835
01-29 14:35:09.351  3187  3187 E improveTouch: [TouchServer:83] delete event injector
01-29 14:35:09.351  3187  3187 E improveTouch: [TouchServer:87] delete config management
01-29 14:35:09.352  3187  3187 E improveTouch: [TouchServer:90] fail to start daemon
01-29 14:35:09.353  3187  3187 E improveTouch: [Main:169] fail to initiate touch server
01-29 14:35:10.339   295   295 I lowmemorykiller: Kill 'android.process.media' (3039), uid 10079, oom_adj 800 to free 25464kB
01-29 14:35:10.413  1089  3390 I ActivityManager: Process android.process.media (pid 3039) has died: svcb SVC 
01-29 14:35:10.418  1089  3390 W ActivityManager: Scheduling restart of crashed service com.android.mtp/.MtpService in 106390ms for start-requested
01-29 14:35:10.437   396   396 I Zygote  : Process 3039 exited due to signal 9 (Killed)
01-29 14:35:10.455  1577  1577 I AppBase : AppBase.onTrimMemory():786 onTrimMemory(): 15
01-29 14:35:10.455  1577  1577 I GoogleInputMethodService: GoogleInputMethodService.onTrimMemory():4569 onTrimMemory(): 15
01-29 14:35:10.992  1089  1101 I chatty  : uid=1000(system) HeapTaskDaemon expire 2 lines
01-29 14:35:11.393   987  1142 E QMI_FW  : qmi_cci_get_ref: ref count increased 2
01-29 14:35:14.101  3190  3190 I chatty  : uid=1000(system) expire 35 lines
01-29 14:35:14.359  3190  3191 I chatty  : uid=1000(system) expire 1 line
01-29 14:35:14.360  3190  3190 E improveTouch: [DSPTouchProcessor:823] deInit: invalid state (current = 0)
01-29 14:35:14.360  3190  3190 D improveTouch: [DSPTouchProcessor:827] deInit: X pa_utf_ret = 1, ret = 1073741835
01-29 14:35:14.360  3190  3190 E improveTouch: [TouchServer:83] delete event injector
01-29 14:35:14.360  3190  3190 E improveTouch: [TouchServer:87] delete config management
01-29 14:35:14.361  3190  3190 E improveTouch: [TouchServer:90] fail to start daemon
01-29 14:35:14.361  3190  3190 E improveTouch: [Main:169] fail to initiate touch server
01-29 14:35:16.358  1482  1497 I ndroid.systemu: Background concurrent copying GC freed 47602(2669KB) AllocSpace objects, 0(0B) LOS objects, 75% free, 6090KB/23MB, paused 243us total 382.409ms
01-29 14:35:19.070   987  1142 E QMI_FW  : qmi_cci_get_ref: ref count increased 2
01-29 14:35:19.107  3192  3192 I chatty  : uid=1000(system) expire 34 lines
01-29 14:35:19.383  3192  3193 I chatty  : uid=1000(system) expire 1 line
01-29 14:35:19.384  3192  3192 D improveTouch: [DSPTouchProcessor:807] deInit: E
01-29 14:35:19.384  3192  3192 E improveTouch: [DSPTouchProcessor:823] deInit: invalid state (current = 0)
01-29 14:35:19.384  3192  3192 D improveTouch: [DSPTouchProcessor:827] deInit: X pa_utf_ret = 1, ret = 1073741835
01-29 14:35:19.384  3192  3192 E improveTouch: [TouchServer:83] delete event injector
01-29 14:35:19.384  3192  3192 E improveTouch: [TouchServer:87] delete config management
01-29 14:35:19.386  3192  3192 E improveTouch: [TouchServer:90] fail to start daemon
01-29 14:35:19.386  3192  3192 E improveTouch: [Main:169] fail to initiate touch server
01-29 14:35:24.016  3200  3200 I chatty  : uid=1000(system) expire 35 lines
01-29 14:35:24.274  3200  3201 I chatty  : uid=1000(system) expire 1 line
01-29 14:35:24.275  3200  3200 E improveTouch: [DSPTouchProcessor:823] deInit: invalid state (current = 0)
01-29 14:35:24.275  3200  3200 D improveTouch: [DSPTouchProcessor:827] deInit: X pa_utf_ret = 1, ret = 1073741835
01-29 14:35:24.275  3200  3200 E improveTouch: [TouchServer:83] delete event injector
01-29 14:35:24.275  3200  3200 E improveTouch: [TouchServer:87] delete config management
01-29 14:35:24.276  3200  3200 E improveTouch: [TouchServer:90] fail to start daemon
01-29 14:35:24.277  3200  3200 E improveTouch: [Main:169] fail to initiate touch server
01-29 14:35:29.021  3202  3202 I chatty  : uid=1000(system) expire 34 lines
01-29 14:35:29.269  3202  3203 I chatty  : uid=1000(system) expire 1 line
01-29 14:35:29.270  3202  3202 D improveTouch: [DSPTouchProcessor:807] deInit: E
01-29 14:35:29.270  3202  3202 E improveTouch: [DSPTouchProcessor:823] deInit: invalid state (current = 0)
01-29 14:35:29.270  3202  3202 D improveTouch: [DSPTouchProcessor:827] deInit: X pa_utf_ret = 1, ret = 1073741835
01-29 14:35:29.271  3202  3202 E improveTouch: [TouchServer:83] delete event injector
01-29 14:35:29.271  3202  3202 E improveTouch: [TouchServer:87] delete config management
01-29 14:35:29.272  3202  3202 E improveTouch: [TouchServer:90] fail to start daemon
01-29 14:35:29.272  3202  3202 E improveTouch: [Main:169] fail to initiate touch server
01-29 14:35:34.030  3204  3204 I chatty  : uid=1000(system) expire 35 lines
01-29 14:35:34.286  3204  3205 I chatty  : uid=1000(system) expire 1 line
01-29 14:35:34.287  3204  3204 E improveTouch: [DSPTouchProcessor:823] deInit: invalid state (current = 0)
01-29 14:35:34.287  3204  3204 D improveTouch: [DSPTouchProcessor:827] deInit: X pa_utf_ret = 1, ret = 1073741835
01-29 14:35:34.287  3204  3204 E improveTouch: [TouchServer:83] delete event injector
01-29 14:35:34.287  3204  3204 E improveTouch: [TouchServer:87] delete config management
01-29 14:35:34.289  3204  3204 E improveTouch: [TouchServer:90] fail to start daemon
01-29 14:35:34.289  3204  3204 E improveTouch: [Main:169] fail to initiate touch server
01-29 14:35:34.428   987  1142 E QMI_FW  : qmi_cci_get_ref: ref count increased 2
01-29 14:35:38.271   987  1142 E QMI_FW  : qmi_cci_get_ref: ref count increased 2
01-29 14:35:39.042  3207  3207 I chatty  : uid=1000(system) expire 35 lines
01-29 14:35:39.292  3207  3208 I chatty  : uid=1000(system) expire 1 line
01-29 14:35:39.293  3207  3207 E improveTouch: [DSPTouchProcessor:823] deInit: invalid state (current = 0)
01-29 14:35:39.293  3207  3207 D improveTouch: [DSPTouchProcessor:827] deInit: X pa_utf_ret = 1, ret = 1073741835
01-29 14:35:39.293  3207  3207 E improveTouch: [TouchServer:83] delete event injector
01-29 14:35:39.293  3207  3207 E improveTouch: [TouchServer:87] delete config management
01-29 14:35:39.294  3207  3207 E improveTouch: [TouchServer:90] fail to start daemon
01-29 14:35:39.294  3207  3207 E improveTouch: [Main:169] fail to initiate touch server
01-29 14:35:44.053  3210  3210 I chatty  : uid=1000(system) expire 34 lines
01-29 14:35:44.304  3210  3211 I chatty  : uid=1000(system) expire 1 line
01-29 14:35:44.305  3210  3210 D improveTouch: [DSPTouchProcessor:807] deInit: E
01-29 14:35:44.305  3210  3210 E improveTouch: [DSPTouchProcessor:823] deInit: invalid state (current = 0)
01-29 14:35:44.305  3210  3210 D improveTouch: [DSPTouchProcessor:827] deInit: X pa_utf_ret = 1, ret = 1073741835
01-29 14:35:44.305  3210  3210 E improveTouch: [TouchServer:83] delete event injector
01-29 14:35:44.305  3210  3210 E improveTouch: [TouchServer:87] delete config management
01-29 14:35:44.306  3210  3210 E improveTouch: [TouchServer:90] fail to start daemon
01-29 14:35:44.306  3210  3210 E improveTouch: [Main:169] fail to initiate touch server
01-29 14:35:48.764  1727  1727 D QtiCarrierConfigHelper: WARNING, no carrier configs on phone Id: 0
01-29 14:35:48.765  1482  1482 D KeyguardUpdateMonitor: received broadcast android.intent.action.BATTERY_CHANGED
01-29 14:35:48.834  1482  1482 D KeyguardUpdateMonitor: handleBatteryUpdate
01-29 14:35:49.068  3212  3212 I chatty  : uid=1000(system) expire 35 lines
01-29 14:35:49.347  3212  3213 I chatty  : uid=1000(system) expire 1 line
01-29 14:35:49.363  3212  3212 E improveTouch: [DSPTouchProcessor:823] deInit: invalid state (current = 0)
01-29 14:35:49.363  3212  3212 D improveTouch: [DSPTouchProcessor:827] deInit: X pa_utf_ret = 1, ret = 1073741835
01-29 14:35:49.363  3212  3212 E improveTouch: [TouchServer:83] delete event injector
01-29 14:35:49.363  3212  3212 E improveTouch: [TouchServer:87] delete config management
01-29 14:35:49.364  3212  3212 E improveTouch: [TouchServer:90] fail to start daemon
01-29 14:35:49.364  3212  3212 E improveTouch: [Main:169] fail to initiate touch server
01-29 14:35:49.795   987  1142 E QMI_FW  : qmi_cci_get_ref: ref count increased 2
01-29 14:35:53.631   987  1142 E QMI_FW  : qmi_cci_get_ref: ref count increased 2
01-29 14:35:53.922  2263  2284 I alcomm.locatio: Background concurrent copying GC freed 15(48KB) AllocSpace objects, 0(0B) LOS objects, 91% free, 1781KB/19MB, paused 120us total 152.800ms
01-29 14:35:54.255  3214  3214 I chatty  : uid=1000(system) expire 36 lines
01-29 14:35:54.524  3214  3215 I chatty  : uid=1000(system) expire 1 line
01-29 14:35:54.526  3214  3214 D improveTouch: [DSPTouchProcessor:827] deInit: X pa_utf_ret = 1, ret = 1073741835
01-29 14:35:54.526  3214  3214 E improveTouch: [TouchServer:83] delete event injector
01-29 14:35:54.526  3214  3214 E improveTouch: [TouchServer:87] delete config management
01-29 14:35:54.527  3214  3214 E improveTouch: [TouchServer:90] fail to start daemon
01-29 14:35:54.527  3214  3214 E improveTouch: [Main:169] fail to initiate touch server
01-29 14:35:57.470   987  1142 E QMI_FW  : qmi_cci_get_ref: ref count increased 2
01-29 14:35:59.084  3216  3216 I chatty  : uid=1000(system) expire 36 lines
01-29 14:35:59.334  3216  3217 I chatty  : uid=1000(system) expire 1 line
01-29 14:35:59.335  3216  3216 D improveTouch: [DSPTouchProcessor:827] deInit: X pa_utf_ret = 1, ret = 1073741835
01-29 14:35:59.335  3216  3216 E improveTouch: [TouchServer:83] delete event injector
01-29 14:35:59.335  3216  3216 E improveTouch: [TouchServer:87] delete config management
01-29 14:35:59.336  3216  3216 E improveTouch: [TouchServer:90] fail to start daemon
01-29 14:35:59.336  3216  3216 E improveTouch: [Main:169] fail to initiate touch server
01-29 14:36:01.346  1482  1482 D KeyguardUpdateMonitor: received broadcast android.intent.action.TIME_TICK
01-29 14:36:01.346  1482  1482 D KeyguardUpdateMonitor: handleTimeUpdate
01-29 14:36:01.356  1482  1482 D KeyguardClockSwitch: Updating clock: 236
01-29 14:36:01.397  1237  1537 W Settings: Setting airplane_mode_on has moved from android.provider.Settings.System to android.provider.Settings.Global, returning read-only value.
01-29 14:36:01.406  1237  1537 W Settings: Setting airplane_mode_on has moved from android.provider.Settings.System to android.provider.Settings.Global, returning read-only value.
01-29 14:36:01.427   987  1059 E QMI_FW  : qmi_cci_get_ref: ref count increased 2
01-29 14:36:01.446   987  1059 I chatty  : uid=1001(radio) DispatcherModul identical 7 lines
01-29 14:36:01.448   987  1059 E QMI_FW  : qmi_cci_get_ref: ref count increased 2
01-29 14:36:01.472  1089  1401 I chatty  : uid=1000(system) WifiScanningSer expire 2 lines
01-29 14:36:01.474   909  3286 D LOWI-9.0.0.79: [LOWI-Scan] wait_event:Wait done with Cmd 33
01-29 14:36:01.475   909  3286 D LOWI-9.0.0.79: [LOWI-Scan] do_listen_events: Rcvd valid Netlink Cmd 0 Err 0
01-29 14:36:01.475   492  1506 V WifiHAL : event received NL80211_CMD_TRIGGER_SCAN
01-29 14:36:02.093   909  3286 D LOWI-9.0.0.79: [LOWI-Scan] wait_event:Wait done with Cmd 34
01-29 14:36:02.093   909  3286 D LOWI-9.0.0.79: [LOWI-Scan] do_listen_events: Rcvd valid Netlink Cmd 34 Err 0
01-29 14:36:02.094   492  1506 V WifiHAL : event received NL80211_CMD_NEW_SCAN_RESULTS
01-29 14:36:02.094  1089  2339 I chatty  : uid=1000(system) Binder:1089_1C expire 10 lines
01-29 14:36:02.096   909  3286 D LOWI-9.0.0.79: [LOWI-Scan] 
01-29 14:36:02.096   909  3286 D LOWI-9.0.0.79: [LOWI-Scan] print_bss_handler: Report Probe TSF 602384483579 as it greater than Beacon TSF 602263010551
01-29 14:36:02.096   909  3286 I LOWI-9.0.0.79: [LOWI-Scan] RSN_IE
01-29 14:36:02.096   909  3286 D LOWI-9.0.0.79: [LOWI-Scan] decode_rsn_wpa_ie: Entered
01-29 14:36:02.096   909  3286 D LOWI-9.0.0.79: [LOWIUtils] hexDump: msg(30 14 01 00 00 0f ac 04 01 00 00 0f ac 04 01 00 00 0f ac 01 )
01-29 14:36:02.096   909  3286 D LOWI-9.0.0.79: [LOWI-Scan] decode_rsn_wpa_ie: LOWI_ENCRYPTION_TYPE_WPA_EAP
01-29 14:36:02.096   909  3286 D LOWI-9.0.0.79: [LOWI-Scan] is_qcom_ie, bss_age: 54
01-29 14:36:02.096   909  3286 D LOWI-9.0.0.79: [LOWI-Scan] BSS 00:a0:0a:2c:c1:11 LOWI_PHY_MODE_11NG_HT20(5), Beacon Interval: 100, LOWI_ENCRYPTION_TYPE_WPA_EAP 11mcRanging: No, ANQP: Yes, LCI: No, Civic: No, capability(0x0431): ESS Privacy ShortPreamble ShortSlotTime
01-29 14:36:02.097   909  3286 D LOWI-9.0.0.79: [LOWI-Scan] BSS 00:a0:0a:2c:c1:11 FREQ: 2412, cFreq1[40:80:160] = [0:0:0] cFreq2 = 0 Country Code = IN 
01-29 14:36:02.097   909  3286 D LOWI-9.0.0.79: [LOWI-Scan] BSS 00:a0:0a:2c:c1:11 (wlan0) ASSO: NO AddInfo: 0x0, TSF 6, 23:19:44.483, RSSI: -150, CPL: 127, AGE: 0,  SSID JioPrivateNet, TSFDelta: 0x0, TXRate: 0
01-29 14:36:02.097   909  3286 D LOWI-9.0.0.79: [LOWI-Scan] 
01-29 14:36:02.097   909  3286 D LOWI-9.0.0.79: [LOWI-Scan] print_bss_handler: Report Probe TSF 602384483609 as it greater than Beacon TSF 602323725609
01-29 14:36:02.097   909  3286 D LOWI-9.0.0.79: [LOWI-Scan] is_qcom_ie, bss_age: 53
01-29 14:36:02.097   909  3286 D LOWI-9.0.0.79: [LOWI-Scan] BSS 00:a0:0a:2c:c1:10 LOWI_PHY_MODE_11NG_HT20(5), Beacon Interval: 100, LOWI_ENCRYPTION_TYPE_OPEN 11mcRanging: No, ANQP: No, LCI: No, Civic: No, capability(0x0421): ESS ShortPreamble ShortSlotTime
01-29 14:36:02.098   909  3286 D LOWI-9.0.0.79: [LOWI-Scan] BSS 00:a0:0a:2c:c1:10 FREQ: 2412, cFreq1[40:80:160] = [0:0:0] cFreq2 = 0 Country Code = IN 
01-29 14:36:02.098   909  3286 D LOWI-9.0.0.79: [LOWI-Scan] BSS 00:a0:0a:2c:c1:10 (wlan0) ASSO: NO AddInfo: 0x0, TSF 6, 23:19:44.483, RSSI: -150, CPL: 127, AGE: 0,  SSID JioNet, TSFDelta: 0x0, TXRate: 0
01-29 14:36:02.098   909  3286 D LOWI-9.0.0.79: [LOWI-Scan] 
01-29 14:36:02.098   909  3286 D LOWI-9.0.0.79: [LOWI-Scan] print_bss_handler: Report Probe TSF 602384483402 as it greater than Beacon TSF 602263010421
01-29 14:36:02.098   909  3286 D LOWI-9.0.0.79: [LOWI-Scan] is_qcom_ie, bss_age: 53
01-29 14:36:02.098   909  3286 D LOWI-9.0.0.79: [LOWI-Scan] BSS 20:db:ab:95:b3:af LOWI_PHY_MODE_11NG_HT20(5), Beacon Interval: 100, LOWI_ENCRYPTION_TYPE_OPEN 11mcRanging: No, ANQP: No, LCI: No, Civic: No, capability(0x1421): ESS ShortPreamble ShortSlotTime
01-29 14:36:02.098   909  3286 D LOWI-9.0.0.79: [LOWI-Scan] BSS 20:db:ab:95:b3:af FREQ: 2412, cFreq1[40:80:160] = [0:0:0] cFreq2 = 0 Country Code = IN 
01-29 14:36:02.099   909  3286 D LOWI-9.0.0.79: [LOWI-Scan] BSS 20:db:ab:95:b3:af (wlan0) ASSO: NO AddInfo: 0x0, TSF 6, 23:19:44.483, RSSI: -108, CPL: 127, AGE: 0,  SSID JioNet, TSFDelta: 0x0, TXRate: 0
01-29 14:36:02.099   909  3286 D LOWI-9.0.0.79: [LOWI-Scan] 
01-29 14:36:02.099   909  3286 D LOWI-9.0.0.79: [LOWI-Scan] print_bss_handler: Report Probe TSF 602384483439 as it greater than Beacon TSF 602263010466
01-29 14:36:02.099   909  3286 I LOWI-9.0.0.79: [LOWI-Scan] RSN_IE
01-29 14:36:02.099   909  3286 D LOWI-9.0.0.79: [LOWI-Scan] decode_rsn_wpa_ie: Entered
01-29 14:36:02.099   909  3286 D LOWI-9.0.0.79: [LOWIUtils] hexDump: msg(30 18 01 00 00 0f ac 04 01 00 00 0f ac 04 02 00 00 0f ac 01 00 0f ac 03 )
01-29 14:36:02.099   909  3286 D LOWI-9.0.0.79: [LOWI-Scan] decode_rsn_wpa_ie: LOWI_ENCRYPTION_TYPE_WPA_EAP
01-29 14:36:02.099   909  3286 D LOWI-9.0.0.79: [LOWI-Scan] is_qcom_ie, bss_age: 53
01-29 14:36:02.100   909  3286 D LOWI-9.0.0.79: [LOWI-Scan] BSS 20:db:ab:95:b3:ae LOWI_PHY_MODE_11NG_HT20(5), Beacon Interval: 100, LOWI_ENCRYPTION_TYPE_WPA_EAP 11mcRanging: No, ANQP: Yes, LCI: No, Civic: No, capability(0x1431): ESS Privacy ShortPreamble ShortSlotTime
01-29 14:36:02.100   909  3286 D LOWI-9.0.0.79: [LOWI-Scan] BSS 20:db:ab:95:b3:ae FREQ: 2412, cFreq1[40:80:160] = [0:0:0] cFreq2 = 0 Country Code = IN 
01-29 14:36:02.100   909  3286 D LOWI-9.0.0.79: [LOWI-Scan] BSS 20:db:ab:95:b3:ae (wlan0) ASSO: NO AddInfo: 0x0, TSF 6, 23:19:44.483, RSSI: -108, CPL: 127, AGE: 0,  SSID JioPrivateNet, TSFDelta: 0x0, TXRate: 0
01-29 14:36:02.101   909  3286 D LOWI-9.0.0.79: [LOWI-Scan] 
01-29 14:36:02.101   909  3286 D LOWI-9.0.0.79: [LOWI-Scan] print_bss_handler: Report Probe TSF 602384483495 as it greater than Beacon TSF 0
01-29 14:36:02.101   909  3286 I LOWI-9.0.0.79: [LOWI-Scan] RSN_IE
01-29 14:36:02.101   909  3286 D LOWI-9.0.0.79: [LOWI-Scan] decode_rsn_wpa_ie: Entered
01-29 14:36:02.102   909  3286 D LOWI-9.0.0.79: [LOWIUtils] hexDump: msg(30 18 01 00 00 0f ac 04 01 00 00 0f ac 04 02 00 00 0f ac 02 00 0f ac 04 )
01-29 14:36:02.102   909  3286 D LOWI-9.0.0.79: [LOWI-Scan] decode_rsn_wpa_ie: LOWI_ENCRYPTION_TYPE_WPA_PSK
01-29 14:36:02.102   909  3286 D LOWI-9.0.0.79: [LOWI-Scan] is_qcom_ie, bss_age: 23
01-29 14:36:02.102   909  3286 D LOWI-9.0.0.79: [LOWI-Scan] BSS 3e:44:cf:3b:e2:ba LOWI_PHY_MODE_11AC_VHT40_2G(12), Beacon Interval: 100, LOWI_ENCRYPTION_TYPE_WPA_PSK 11mcRanging: No, ANQP: Yes, LCI: No, Civic: No, capability(0x1411): ESS Privacy ShortSlotTime
01-29 14:36:02.102   909  3286 D LOWI-9.0.0.79: [LOWI-Scan] BSS 3e:44:cf:3b:e2:ba FREQ: 2447, cFreq1[40:80:160] = [2437:0:0] cFreq2 = 0 Country Code = US 
01-29 14:36:02.102   909  3286 D LOWI-9.0.0.79: [LOWI-Scan] BSS 3e:44:cf:3b:e2:ba (wlan0) ASSO: NO AddInfo: 0x0, TSF 6, 23:19:44.483, RSSI: -130, CPL: 127, AGE: 0,  SSID VT-HQ-HYD_Guest, TSFDelta: 0x0, TXRate: 0
01-29 14:36:02.103   909  3286 D LOWI-9.0.0.79: [LOWI-Scan] 
01-29 14:36:02.103   909  3286 D LOWI-9.0.0.79: [LOWI-Scan] print_bss_handler: Report beacon TSF 602384483521 as it greater than probe TSF 602384483521
01-29 14:36:02.103   909  3286 I LOWI-9.0.0.79: [LOWI-Scan] RSN_IE
01-29 14:36:02.103   909  3286 D LOWI-9.0.0.79: [LOWI-Scan] decode_rsn_wpa_ie: Entered
01-29 14:36:02.103   909  3286 D LOWI-9.0.0.79: [LOWIUtils] hexDump: msg(30 14 01 00 00 0f ac 04 01 00 00 0f ac 04 01 00 00 0f ac 02 )
01-29 14:36:02.103   909  3286 D LOWI-9.0.0.79: [LOWI-Scan] decode_rsn_wpa_ie: LOWI_ENCRYPTION_TYPE_WPA_PSK
01-29 14:36:02.103   909  3286 D LOWI-9.0.0.79: [LOWI-Scan] is_qcom_ie, bss_age: 25
01-29 14:36:02.103   909  3286 D LOWI-9.0.0.79: [LOWI-Scan] BSS 3c:64:cf:3b:e2:ba LOWI_PHY_MODE_11AC_VHT40_2G(12), Beacon Interval: 100, LOWI_ENCRYPTION_TYPE_WPA_PSK 11mcRanging: No, ANQP: Yes, LCI: No, Civic: No, capability(0x0411): ESS Privacy ShortSlotTime
01-29 14:36:02.103   909  3286 D LOWI-9.0.0.79: [LOWI-Scan] BSS 3c:64:cf:3b:e2:ba FREQ: 2447, cFreq1[40:80:160] = [2437:0:0] cFreq2 = 0 Country Code = US 
01-29 14:36:02.104   909  3286 D LOWI-9.0.0.79: [LOWI-Scan] BSS 3c:64:cf:3b:e2:ba (wlan0) ASSO: NO AddInfo: 0x1, TSF 6, 23:19:44.483, RSSI: -132, CPL: 127, AGE: 0,  SSID , TSFDelta: 0x0, TXRate: 0
01-29 14:36:02.105   909  3286 D LOWI-9.0.0.79: [LOWI-Scan] 
01-29 14:36:02.105   909  3286 D LOWI-9.0.0.79: [LOWI-Scan] print_bss_handler: Report Probe TSF 602384483551 as it greater than Beacon TSF 0
01-29 14:36:02.105   909  3286 I LOWI-9.0.0.79: [LOWI-Scan] RSN_IE
01-29 14:36:02.105   909  3286 D LOWI-9.0.0.79: [LOWI-Scan] decode_rsn_wpa_ie: Entered
01-29 14:36:02.105   909  3286 D LOWI-9.0.0.79: [LOWIUtils] hexDump: msg(30 18 01 00 00 0f ac 04 01 00 00 0f ac 04 02 00 00 0f ac 02 00 0f ac 04 )
01-29 14:36:02.105   909  3286 D LOWI-9.0.0.79: [LOWI-Scan] decode_rsn_wpa_ie: LOWI_ENCRYPTION_TYPE_WPA_PSK
01-29 14:36:02.105   909  3286 D LOWI-9.0.0.79: [LOWI-Scan] is_qcom_ie, bss_age: 21
01-29 14:36:02.105   909  3286 D LOWI-9.0.0.79: [LOWI-Scan] BSS 3e:24:cf:3b:e2:ba LOWI_PHY_MODE_11AC_VHT40_2G(12), Beacon Interval: 100, LOWI_ENCRYPTION_TYPE_WPA_PSK 11mcRanging: No, ANQP: Yes, LCI: No, Civic: No, capability(0x1411): ESS Privacy ShortSlotTime
01-29 14:36:02.105   909  3286 D LOWI-9.0.0.79: [LOWI-Scan] BSS 3e:24:cf:3b:e2:ba FREQ: 2447, cFreq1[40:80:160] = [2437:0:0] cFreq2 = 0 Country Code = US 
01-29 14:36:02.106   909  3286 D LOWI-9.0.0.79: [LOWI-Scan] BSS 3e:24:cf:3b:e2:ba (wlan0) ASSO: NO AddInfo: 0x0, TSF 6, 23:19:44.483, RSSI: -132, CPL: 127, AGE: 0,  SSID VT-HQ-HYD, TSFDelta: 0x0, TXRate: 0
01-29 14:36:02.106   909  3286 D LOWI-9.0.0.79: [LOWI-Scan] 
01-29 14:36:02.106   909  3286 D LOWI-9.0.0.79: [LOWI-Scan] print_bss_handler: Report Probe TSF 602384483635 as it greater than Beacon TSF 0
01-29 14:36:02.106   909  3286 I LOWI-9.0.0.79: [LOWI-Scan] RSN_IE
01-29 14:36:02.107   909  3286 D LOWI-9.0.0.79: [LOWI-Scan] decode_rsn_wpa_ie: Entered
01-29 14:36:02.107   909  3286 D LOWI-9.0.0.79: [LOWIUtils] hexDump: msg(30 14 01 00 00 0f ac 04 01 00 00 0f ac 04 01 00 00 0f ac 02 )
01-29 14:36:02.107   909  3286 D LOWI-9.0.0.79: [LOWI-Scan] decode_rsn_wpa_ie: LOWI_ENCRYPTION_TYPE_WPA_PSK
01-29 14:36:02.107   909  3286 D LOWI-9.0.0.79: [LOWI-Scan] is_qcom_ie, bss_age: 33
01-29 14:36:02.107   909  3286 D LOWI-9.0.0.79: [LOWI-Scan] BSS 26:fb:e3:fc:5a:1b LOWI_PHY_MODE_11NG_HT20(5), Beacon Interval: 100, LOWI_ENCRYPTION_TYPE_WPA_PSK 11mcRanging: No, ANQP: No, LCI: No, Civic: No, capability(0x0411): ESS Privacy ShortSlotTime
01-29 14:36:02.107   909  3286 D LOWI-9.0.0.79: [LOWI-Scan] BSS 26:fb:e3:fc:5a:1b FREQ: 2437, cFreq1[40:80:160] = [0:0:0] cFreq2 = 0 Country Code =    
01-29 14:36:02.107   909  3286 D LOWI-9.0.0.79: [LOWI-Scan] BSS 26:fb:e3:fc:5a:1b (wlan0) ASSO: NO AddInfo: 0x0, TSF 6, 23:19:44.483, RSSI: -160, CPL: 127, AGE: 0,  SSID DIRECT-1B-HP 4104dw LJ, TSFDelta: 0x0, TXRate: 0
01-29 14:36:02.108   909  3286 D LOWI-9.0.0.79: [LOWI-Scan] 
01-29 14:36:02.108   909  3286 D LOWI-9.0.0.79: [LOWI-Scan] print_bss_handler: Report Probe TSF 602384483658 as it greater than Beacon TSF 0
01-29 14:36:02.108   909  3286 I LOWI-9.0.0.79: [LOWI-Scan] RSN_IE
01-29 14:36:02.108   909  3286 D LOWI-9.0.0.79: [LOWI-Scan] decode_rsn_wpa_ie: Entered
01-29 14:36:02.108   909  3286 D LOWI-9.0.0.79: [LOWIUtils] hexDump: msg(30 18 01 00 00 0f ac 04 01 00 00 0f ac 04 02 00 00 0f ac 02 00 0f ac 04 )
01-29 14:36:02.108   909  3286 D LOWI-9.0.0.79: [LOWI-Scan] decode_rsn_wpa_ie: LOWI_ENCRYPTION_TYPE_WPA_PSK
01-29 14:36:02.108   909  3286 D LOWI-9.0.0.79: [LOWI-Scan] is_qcom_ie, bss_age: 24
01-29 14:36:02.108   909  3286 D LOWI-9.0.0.79: [LOWI-Scan] BSS 3e:24:cf:3b:e2:da LOWI_PHY_MODE_11AC_VHT40_2G(12), Beacon Interval: 100, LOWI_ENCRYPTION_TYPE_WPA_PSK 11mcRanging: No, ANQP: Yes, LCI: No, Civic: No, capability(0x1411): ESS Privacy ShortSlotTime
01-29 14:36:02.109   909  3286 D LOWI-9.0.0.79: [LOWI-Scan] BSS 3e:24:cf:3b:e2:da FREQ: 2447, cFreq1[40:80:160] = [2437:0:0] cFreq2 = 0 Country Code = US 
01-29 14:36:02.109   909  3286 D LOWI-9.0.0.79: [LOWI-Scan] BSS 3e:24:cf:3b:e2:da (wlan0) ASSO: NO AddInfo: 0x0, TSF 6, 23:19:44.483, RSSI: -154, CPL: 127, AGE: 0,  SSID VT-HQ-HYD, TSFDelta: 0x0, TXRate: 0
01-29 14:36:02.109   909  3286 D LOWI-9.0.0.79: [LOWIDiagLog] Log: lowiMeasResult->request: invalid null argument
01-29 14:36:02.109   909  3286 I LOWI-9.0.0.79: [LOWI-Scan] lowi_close_record:Scan done in 602342529ms, 9 APs in scan results
01-29 14:36:02.109   909  3286 D LOWI-9.0.0.79: [LOWI-Scan] WipsScanUsingNL: passive scan cached 0, took 60762 ms, err 0
01-29 14:36:02.109   909  3286 D LOWI-9.0.0.79: [LOWI-Scan] lowi_proc_req_passive_scan_with_live_meas - No WLAN Frames to be parsed
01-29 14:36:02.110   909  3286 D LOWI-9.0.0.79: [LOWIScanResultReceiver] Send scan meas to listener
01-29 14:36:02.110   909  3286 D LOWI-9.0.0.79: [LOWIScanResultReceiver] Enter passive listening mode
01-29 14:36:02.110   909  3286 D LOWI-9.0.0.79: [LOWIWifiDriverInterface] getMeasurements - Passive listening mode
01-29 14:36:02.110   909  3286 D LOWI-9.0.0.79: [LOWI-Scan] WipsScanUsingNL:wait -1 sec for netlink message
01-29 14:36:02.111   909   961 D LOWI-9.0.0.79: [LOWIEventReceiver] handleEvent:FROM:NA, TO:NA, REQ:NA, IREQ:NA, REQ_ID:0, RESP:NA, INFO:NA
01-29 14:36:02.111   909   961 D LOWI-9.0.0.79: [LOWIBackgroundScanMgr] isRspForBgScanMgr: evt(LOWI_NO_EVT) - not handled
01-29 14:36:02.111   909   961 D LOWI-9.0.0.79: [LOWIScheduler] manageMsg: NULL results or NULL request in results
01-29 14:36:02.111   909   961 D LOWI-9.0.0.79: [LOWIController] Measurements received
01-29 14:36:02.111   909   961 D LOWI-9.0.0.79: [LOWICacheManager] putInCache:Num of Meas to add: 9
01-29 14:36:02.114   909   961 D LOWI-9.0.0.79: [LOWIController] processMeasurementResults: No current Request. Cache measurements
01-29 14:36:02.114   909   961 D LOWI-9.0.0.79: [LOWIControllerExtn] sendLOWILpDiscoveryScanResponse: Not a discovery scan response
01-29 14:36:02.124  1089  1189 W BroadcastQueue: Background execution not allowed: receiving Intent { act=android.net.wifi.SCAN_RESULTS flg=0x4000010 (has extras) } to com.jio.myjio/.jionet.receiver.WifiScanReceiver
01-29 14:36:02.162  1237  1286 I FrewleTileCacheManagerV: Fetched 6 AP models from cache [CONTEXT service_id=6 ]
01-29 14:36:02.250   483   565 I LocSvc_api_v02: ---> locClientSendReq line 2409 QMI_LOC_INJECT_POSITION_REQ_V02
01-29 14:36:02.252   483   565 E QMI_FW  : qmi_cci_get_ref: ref count increased 2
01-29 14:36:02.254   483   951 E QMI_FW  : qmi_cci_get_ref: ref count increased 3
01-29 14:36:02.254   483   951 I LocSvc_ApiV02: <--- globalRespCb line 221 QMI_LOC_INJECT_POSITION_REQ_V02
01-29 14:36:03.188  1089  1816 D CompatibilityChangeReporter: Compat change id reported: 135634846; UID 10127; state: DISABLED
01-29 14:36:03.190  1089  1190 D CompatibilityChangeReporter: Compat change id reported: 143937733; UID 10127; state: ENABLED
01-29 14:36:03.220   396   396 D Zygote  : Forked child process 3221
01-29 14:36:03.227  1089  1190 I ActivityManager: Start proc 3221:com.google.android.gms/u0a127 for service {com.google.android.gms/com.google.android.gms.ads.identifier.service.AdvertisingIdService}
01-29 14:36:03.227  1089  1190 W ActivityManager: Slow operation: 51ms so far, now at startProcess: done updating pids map
01-29 14:36:03.240  3221  3221 I Zygote  : seccomp disabled by setenforce 0
01-29 14:36:03.399  2087  2114 I adbd    : jdwp connection from 3221
01-29 14:36:03.440  1089  1816 I chatty  : uid=1000(system) Binder:1089_7 expire 6 lines
01-29 14:36:03.458   297   297 I chatty  : uid=1000(system) hwservicemanage expire 10 lines
01-29 14:36:03.608  3221  3221 W gle.android.gm: JIT profile information will not be recorded: profile file does not exist.
01-29 14:36:03.609  3221  3221 W gle.android.gm: JIT profile information will not be recorded: profile file does not exist.
01-29 14:36:03.644  3221  3221 I Perf    : Connecting to perf service.
01-29 14:36:03.678  3221  3221 D NetworkSecurityConfig: Using Network Security Config from resource network_security_config debugBuild: false
01-29 14:36:03.690  3221  3221 D NetworkSecurityConfig: Using Network Security Config from resource network_security_config debugBuild: false
01-29 14:36:04.153  3258  3258 I chatty  : uid=1000(system) expire 35 lines
01-29 14:36:04.351  3221  3221 W ProviderHelper: Unknown dynamite feature providerinstaller.dynamite
01-29 14:36:04.352  3221  3221 I DynamiteModule: Considering local module com.google.android.gms.providerinstaller.dynamite:1 and remote module com.google.android.gms.providerinstaller.dynamite:0
01-29 14:36:04.352  3221  3221 I DynamiteModule: Selected local version of com.google.android.gms.providerinstaller.dynamite
01-29 14:36:04.383  3221  3221 V NativeCrypto: Registering com/google/android/gms/org/conscrypt/NativeCrypto's 329 native methods...
01-29 14:36:04.419  3258  3260 I chatty  : uid=1000(system) expire 1 line
01-29 14:36:04.420  3258  3258 E improveTouch: [DSPTouchProcessor:823] deInit: invalid state (current = 0)
01-29 14:36:04.420  3258  3258 D improveTouch: [DSPTouchProcessor:827] deInit: X pa_utf_ret = 1, ret = 1073741835
01-29 14:36:04.420  3258  3258 E improveTouch: [TouchServer:83] delete event injector
01-29 14:36:04.420  3258  3258 E improveTouch: [TouchServer:87] delete config management
01-29 14:36:04.422  3258  3258 E improveTouch: [TouchServer:90] fail to start daemon
01-29 14:36:04.422  3258  3258 E improveTouch: [Main:169] fail to initiate touch server
01-29 14:36:04.479  3221  3221 I ProviderInstaller: Installed default security provider GmsCore_OpenSSL
01-29 14:36:04.548  3221  3221 I GmsApplication: [gms_startup_benchmark] Static start time (ms): 602386094, Startup latency (ms): 845, Is system user: true
01-29 14:36:04.553  3221  3270 I Watchcat: Started
01-29 14:36:04.591  3221  3270 I GMS_MM_Logger: Start time: 144951
01-29 14:36:04.591  3221  3270 I GMS_MM_Logger: Started.
01-29 14:36:04.672  3221  3249 I DynamiteModule: Considering local module com.google.android.gms.googlecertificates:7 and remote module com.google.android.gms.googlecertificates:0
01-29 14:36:04.673  3221  3249 I DynamiteModule: Selected local version of com.google.android.gms.googlecertificates
01-29 14:36:04.730  1089  1189 I chatty  : uid=1000(system) ActivityManager expire 6 lines
01-29 14:36:05.151   987  1142 E QMI_FW  : qmi_cci_get_ref: ref count increased 2
01-29 14:36:09.170  3281  3281 I chatty  : uid=1000(system) expire 36 lines
01-29 14:36:09.430  3281  3282 I chatty  : uid=1000(system) expire 1 line
01-29 14:36:09.431  3281  3281 D improveTouch: [DSPTouchProcessor:827] deInit: X pa_utf_ret = 1, ret = 1073741835
01-29 14:36:09.431  3281  3281 E improveTouch: [TouchServer:83] delete event injector
01-29 14:36:09.431  3281  3281 E improveTouch: [TouchServer:87] delete config management
01-29 14:36:09.432  3281  3281 E improveTouch: [TouchServer:90] fail to start daemon
01-29 14:36:09.432  3281  3281 E improveTouch: [Main:169] fail to initiate touch server
01-29 14:36:14.117  3283  3283 I chatty  : uid=1000(system) expire 36 lines
01-29 14:36:14.369  3283  3284 I chatty  : uid=1000(system) expire 1 line
01-29 14:36:14.370  3283  3283 D improveTouch: [DSPTouchProcessor:827] deInit: X pa_utf_ret = 1, ret = 1073741835
01-29 14:36:14.371  3283  3283 E improveTouch: [TouchServer:83] delete event injector
01-29 14:36:14.371  3283  3283 E improveTouch: [TouchServer:87] delete config management
01-29 14:36:14.372  3283  3283 E improveTouch: [TouchServer:90] fail to start daemon
01-29 14:36:14.372  3283  3283 E improveTouch: [Main:169] fail to initiate touch server
01-29 14:36:19.122  3285  3285 I chatty  : uid=1000(system) expire 36 lines
01-29 14:36:19.376  3285  3287 I chatty  : uid=1000(system) expire 1 line
01-29 14:36:19.378  3285  3285 D improveTouch: [DSPTouchProcessor:827] deInit: X pa_utf_ret = 1, ret = 1073741835
01-29 14:36:19.378  3285  3285 E improveTouch: [TouchServer:83] delete event injector
01-29 14:36:19.378  3285  3285 E improveTouch: [TouchServer:87] delete config management
01-29 14:36:19.379  3285  3285 E improveTouch: [TouchServer:90] fail to start daemon
01-29 14:36:19.379  3285  3285 E improveTouch: [Main:169] fail to initiate touch server
01-29 14:36:21.689  3492  3510 I emui:screensho: Background concurrent copying GC freed 651(95KB) AllocSpace objects, 0(0B) LOS objects, 90% free, 1953KB/19MB, paused 133us total 261.285ms
01-29 14:36:21.689  3492  3510 W emui:screensho: Reducing the number of considered missed Gc histogram windows from 131 to 100
01-29 14:36:24.135  3289  3289 I chatty  : uid=1000(system) expire 35 lines
01-29 14:36:24.393  3289  3291 I chatty  : uid=1000(system) expire 1 line
01-29 14:36:24.394  3289  3289 E improveTouch: [DSPTouchProcessor:823] deInit: invalid state (current = 0)
01-29 14:36:24.394  3289  3289 D improveTouch: [DSPTouchProcessor:827] deInit: X pa_utf_ret = 1, ret = 1073741835
01-29 14:36:24.394  3289  3289 E improveTouch: [TouchServer:83] delete event injector
01-29 14:36:24.395  3289  3289 E improveTouch: [TouchServer:87] delete config management
01-29 14:36:24.396  3289  3289 E improveTouch: [TouchServer:90] fail to start daemon
01-29 14:36:24.396  3289  3289 E improveTouch: [Main:169] fail to initiate touch server
01-29 14:36:26.571   811   829 I droid.bluetoot: Background concurrent copying GC freed 2907(193KB) AllocSpace objects, 0(0B) LOS objects, 91% free, 1802KB/19MB, paused 139us total 136.112ms
01-29 14:36:26.572   811   829 W droid.bluetoot: Reducing the number of considered missed Gc histogram windows from 131 to 100
01-29 14:36:28.193   987  1142 E QMI_FW  : qmi_cci_get_ref: ref count increased 2
01-29 14:36:29.138  3292  3292 I chatty  : uid=1000(system) expire 36 lines
01-29 14:36:29.391  3292  3293 I chatty  : uid=1000(system) expire 1 line
01-29 14:36:29.392  3292  3292 D improveTouch: [DSPTouchProcessor:827] deInit: X pa_utf_ret = 1, ret = 1073741835
01-29 14:36:29.392  3292  3292 E improveTouch: [TouchServer:83] delete event injector
01-29 14:36:29.392  3292  3292 E improveTouch: [TouchServer:87] delete config management
01-29 14:36:29.394  3292  3292 E improveTouch: [TouchServer:90] fail to start daemon
01-29 14:36:29.394  3292  3292 E improveTouch: [Main:169] fail to initiate touch server
01-29 14:36:32.033   987  1142 E QMI_FW  : qmi_cci_get_ref: ref count increased 2
