01-30 15:55:44.154   909  3596 D LOWI-9.0.0.79: [LOWI-Scan] BSS 3c:64:cf:3b:e2:ba LOWI_PHY_MODE_11AC_VHT40_2G(12), Beacon Interval: 100, LOWI_ENCRYPTION_TYPE_WPA_PSK 11mcRanging: No, ANQP: Yes, LCI: No, Civic: No, capability(0x0411): ESS Privacy ShortSlotTime
01-30 15:55:44.154   909  3596 D LOWI-9.0.0.79: [LOWI-Scan] BSS 3c:64:cf:3b:e2:ba FREQ: 2442, cFreq1[40:80:160] = [2432:0:0] cFreq2 = 0 Country Code = US 
01-30 15:55:44.155   909  3596 D LOWI-9.0.0.79: [LOWI-Scan] BSS 3c:64:cf:3b:e2:ba (wlan0) ASSO: NO AddInfo: 0x1, TSF 8, 00:39:26.531, RSSI: -134, CPL: 127, AGE: 0,  SSID , TSFDelta: 0x0, TXRate: 0
01-30 15:55:44.155   909  3596 D LOWI-9.0.0.79: [LOWI-Scan] 
01-30 15:55:44.156   909  3596 D LOWI-9.0.0.79: [LOWI-Scan] print_bss_handler: Report beacon TSF 693566531830 as it greater than probe TSF 693566531830
01-30 15:55:44.156   909  3596 I LOWI-9.0.0.79: [LOWI-Scan] RSN_IE
01-30 15:55:44.156   909  3596 D LOWI-9.0.0.79: [LOWI-Scan] decode_rsn_wpa_ie: Entered
01-30 15:55:44.156   909  3596 D LOWI-9.0.0.79: [LOWIUtils] hexDump: msg(30 18 01 00 00 0f ac 04 01 00 00 0f ac 04 02 00 00 0f ac 02 00 0f ac 04 )
01-30 15:55:44.156   909  3596 D LOWI-9.0.0.79: [LOWI-Scan] decode_rsn_wpa_ie: LOWI_ENCRYPTION_TYPE_WPA_PSK
01-30 15:55:44.156   909  3596 D LOWI-9.0.0.79: [LOWI-Scan] is_qcom_ie, bss_age: 30
01-30 15:55:44.156   909  3596 D LOWI-9.0.0.79: [LOWI-Scan] BSS 3e:44:cf:3b:e2:ba LOWI_PHY_MODE_11AC_VHT40_2G(12), Beacon Interval: 100, LOWI_ENCRYPTION_TYPE_WPA_PSK 11mcRanging: No, ANQP: Yes, LCI: No, Civic: No, capability(0x1411): ESS Privacy ShortSlotTime
01-30 15:55:44.156   909  3596 D LOWI-9.0.0.79: [LOWI-Scan] BSS 3e:44:cf:3b:e2:ba FREQ: 2442, cFreq1[40:80:160] = [2432:0:0] cFreq2 = 0 Country Code = US 
01-30 15:55:44.156   909  3596 D LOWI-9.0.0.79: [LOWI-Scan] BSS 3e:44:cf:3b:e2:ba (wlan0) ASSO: NO AddInfo: 0x1, TSF 8, 00:39:26.531, RSSI: -138, CPL: 127, AGE: 0,  SSID VT-HQ-HYD_Guest, TSFDelta: 0x0, TXRate: 0
01-30 15:55:44.157   909  3596 D LOWI-9.0.0.79: [LOWI-Scan] 
01-30 15:55:44.157   909  3596 D LOWI-9.0.0.79: [LOWI-Scan] print_bss_handler: Report beacon TSF 693566531946 as it greater than probe TSF 693566531946
01-30 15:55:44.157   909  3596 D LOWI-9.0.0.79: [LOWI-Scan] is_qcom_ie, bss_age: 13
01-30 15:55:44.157   909  3596 D LOWI-9.0.0.79: [LOWI-Scan] BSS 20:db:ab:95:82:0f LOWI_PHY_MODE_11NG_HT20(5), Beacon Interval: 100, LOWI_ENCRYPTION_TYPE_OPEN 11mcRanging: No, ANQP: No, LCI: No, Civic: No, capability(0x1421): ESS ShortPreamble ShortSlotTime
01-30 15:55:44.157   909  3596 D LOWI-9.0.0.79: [LOWI-Scan] BSS 20:db:ab:95:82:0f FREQ: 2462, cFreq1[40:80:160] = [0:0:0] cFreq2 = 0 Country Code = IN 
01-30 15:55:44.157   909  3596 D LOWI-9.0.0.79: [LOWI-Scan] BSS 20:db:ab:95:82:0f (wlan0) ASSO: NO AddInfo: 0x1, TSF 8, 00:39:26.531, RSSI: -198, CPL: 127, AGE: 0,  SSID JioNet, TSFDelta: 0x0, TXRate: 0
01-30 15:55:44.159   909  3596 D LOWI-9.0.0.79: [LOWI-Scan] 
01-30 15:55:44.159   909  3596 D LOWI-9.0.0.79: [LOWI-Scan] print_bss_handler: Report beacon TSF 693566531970 as it greater than probe TSF 693566531970
01-30 15:55:44.159   909  3596 I LOWI-9.0.0.79: [LOWI-Scan] RSN_IE
01-30 15:55:44.159   909  3596 D LOWI-9.0.0.79: [LOWI-Scan] decode_rsn_wpa_ie: Entered
01-30 15:55:44.159   909  3596 D LOWI-9.0.0.79: [LOWIUtils] hexDump: msg(30 14 01 00 00 0f ac 04 01 00 00 0f ac 04 01 00 00 0f ac 02 )
01-30 15:55:44.159   909  3596 D LOWI-9.0.0.79: [LOWI-Scan] decode_rsn_wpa_ie: LOWI_ENCRYPTION_TYPE_WPA_PSK
01-30 15:55:44.160   909  3596 D LOWI-9.0.0.79: [LOWI-Scan] is_qcom_ie, bss_age: 31
01-30 15:55:44.160   909  3596 D LOWI-9.0.0.79: [LOWI-Scan] BSS 3c:64:cf:3b:d0:d2 LOWI_PHY_MODE_11AC_VHT40_2G(12), Beacon Interval: 100, LOWI_ENCRYPTION_TYPE_WPA_PSK 11mcRanging: No, ANQP: Yes, LCI: No, Civic: No, capability(0x0411): ESS Privacy ShortSlotTime
01-30 15:55:44.160   909  3596 D LOWI-9.0.0.79: [LOWI-Scan] BSS 3c:64:cf:3b:d0:d2 FREQ: 2442, cFreq1[40:80:160] = [2432:0:0] cFreq2 = 0 Country Code = US 
01-30 15:55:44.160   909  3596 D LOWI-9.0.0.79: [LOWI-Scan] BSS 3c:64:cf:3b:d0:d2 (wlan0) ASSO: NO AddInfo: 0x1, TSF 8, 00:39:26.531, RSSI: -194, CPL: 127, AGE: 0,  SSID , TSFDelta: 0x0, TXRate: 0
01-30 15:55:44.160   909  3596 D LOWI-9.0.0.79: [LOWIDiagLog] Log: lowiMeasResult->request: invalid null argument
01-30 15:55:44.160   909  3596 I LOWI-9.0.0.79: [LOWI-Scan] lowi_close_record:Scan done in 693524580ms, 10 APs in scan results
01-30 15:55:44.161   909  3596 D LOWI-9.0.0.79: [LOWI-Scan] WipsScanUsingNL: passive scan cached 0, took 60989 ms, err 0
01-30 15:55:44.161   909  3596 D LOWI-9.0.0.79: [LOWI-Scan] lowi_proc_req_passive_scan_with_live_meas - No WLAN Frames to be parsed
01-30 15:55:44.161   909  3596 D LOWI-9.0.0.79: [LOWIScanResultReceiver] Send scan meas to listener
01-30 15:55:44.161   909  3596 D LOWI-9.0.0.79: [LOWIScanResultReceiver] Enter passive listening mode
01-30 15:55:44.161   909  3596 D LOWI-9.0.0.79: [LOWIWifiDriverInterface] getMeasurements - Passive listening mode
01-30 15:55:44.161   909   961 D LOWI-9.0.0.79: [LOWIEventReceiver] handleEvent:FROM:NA, TO:NA, REQ:NA, IREQ:NA, REQ_ID:0, RESP:NA, INFO:NA
01-30 15:55:44.161   909   961 D LOWI-9.0.0.79: [LOWIBackgroundScanMgr] isRspForBgScanMgr: evt(LOWI_NO_EVT) - not handled
01-30 15:55:44.161   909   961 D LOWI-9.0.0.79: [LOWIScheduler] manageMsg: NULL results or NULL request in results
01-30 15:55:44.162   909   961 D LOWI-9.0.0.79: [LOWIController] Measurements received
01-30 15:55:44.162   909   961 D LOWI-9.0.0.79: [LOWICacheManager] putInCache:Num of Meas to add: 10
01-30 15:55:44.163   909  3596 D LOWI-9.0.0.79: [LOWI-Scan] WipsScanUsingNL:wait -1 sec for netlink message
01-30 15:55:44.165   909   961 D LOWI-9.0.0.79: [LOWIController] processMeasurementResults: No current Request. Cache measurements
01-30 15:55:44.165   909   961 D LOWI-9.0.0.79: [LOWIControllerExtn] sendLOWILpDiscoveryScanResponse: Not a discovery scan response
01-30 15:55:44.179  1089  1189 W BroadcastQueue: Background execution not allowed: receiving Intent { act=android.net.wifi.SCAN_RESULTS flg=0x4000010 (has extras) } to com.jio.myjio/.jionet.receiver.WifiScanReceiver
01-30 15:55:44.237  2670  2349 I FrewleTileCacheManagerV: Fetched 7 AP models from cache [CONTEXT service_id=6 ]
01-30 15:55:44.298  1089  2340 I chatty  : uid=1000(system) Binder:1089_1D expire 12 lines
01-30 15:55:44.329   483   565 I LocSvc_api_v02: ---> locClientSendReq line 2409 QMI_LOC_INJECT_POSITION_REQ_V02
01-30 15:55:44.330   483   565 E QMI_FW  : qmi_cci_get_ref: ref count increased 2
01-30 15:55:44.332   483   951 E QMI_FW  : qmi_cci_get_ref: ref count increased 2
01-30 15:55:44.332   483   951 I LocSvc_ApiV02: <--- globalRespCb line 221 QMI_LOC_INJECT_POSITION_REQ_V02
01-30 15:55:45.317  1089  2340 D CompatibilityChangeReporter: Compat change id reported: 135634846; UID 10127; state: DISABLED
01-30 15:55:45.319  1089  1190 D CompatibilityChangeReporter: Compat change id reported: 143937733; UID 10127; state: ENABLED
01-30 15:55:45.350   396   396 D Zygote  : Forked child process 479
01-30 15:55:45.355  1089  1190 W ActivityManager: Slow operation: 80ms so far, now at startProcess: returned from zygote!
01-30 15:55:45.356  1089  1190 W ActivityManager: Slow operation: 80ms so far, now at startProcess: done updating battery stats
01-30 15:55:45.356  1089  1190 W ActivityManager: Slow operation: 81ms so far, now at startProcess: building log message
01-30 15:55:45.356  1089  1190 I ActivityManager: Start proc 479:com.google.android.gms/u0a127 for service {com.google.android.gms/com.google.android.gms.ads.identifier.service.AdvertisingIdService}
01-30 15:55:45.356  1089  1190 W ActivityManager: Slow operation: 81ms so far, now at startProcess: starting to update pids map
01-30 15:55:45.357  1089  1190 W ActivityManager: Slow operation: 82ms so far, now at startProcess: done updating pids map
01-30 15:55:45.397   479   479 I Zygote  : seccomp disabled by setenforce 0
01-30 15:55:45.462  2087  2114 I adbd    : jdwp connection from 479
01-30 15:55:45.540   509   509 I chatty  : uid=1000(system) expire 35 lines
01-30 15:55:45.685   479   479 W gle.android.gm: JIT profile information will not be recorded: profile file does not exist.
01-30 15:55:45.685   479   479 W gle.android.gm: JIT profile information will not be recorded: profile file does not exist.
01-30 15:55:45.716   479   479 I Perf    : Connecting to perf service.
01-30 15:55:45.753   479   479 D NetworkSecurityConfig: Using Network Security Config from resource network_security_config debugBuild: false
01-30 15:55:45.775   479   479 D NetworkSecurityConfig: Using Network Security Config from resource network_security_config debugBuild: false
01-30 15:55:45.824   509   557 I chatty  : uid=1000(system) expire 1 line
01-30 15:55:45.826   509   509 E improveTouch: [DSPTouchProcessor:823] deInit: invalid state (current = 0)
01-30 15:55:45.826   509   509 D improveTouch: [DSPTouchProcessor:827] deInit: X pa_utf_ret = 1, ret = 1073741835
01-30 15:55:45.826   509   509 E improveTouch: [TouchServer:83] delete event injector
01-30 15:55:45.827   509   509 E improveTouch: [TouchServer:87] delete config management
01-30 15:55:45.828   509   509 E improveTouch: [TouchServer:90] fail to start daemon
01-30 15:55:45.828   509   509 E improveTouch: [Main:169] fail to initiate touch server
01-30 15:55:46.655   297   297 I chatty  : uid=1000(system) hwservicemanage expire 10 lines
01-30 15:55:46.726   479   479 W ProviderHelper: Unknown dynamite feature providerinstaller.dynamite
01-30 15:55:46.727   479   479 I DynamiteModule: Considering local module com.google.android.gms.providerinstaller.dynamite:1 and remote module com.google.android.gms.providerinstaller.dynamite:0
01-30 15:55:46.727   479   479 I DynamiteModule: Selected local version of com.google.android.gms.providerinstaller.dynamite
01-30 15:55:46.790   479   479 V NativeCrypto: Registering com/google/android/gms/org/conscrypt/NativeCrypto's 329 native methods...
01-30 15:55:46.965   479   479 I ProviderInstaller: Installed default security provider GmsCore_OpenSSL
01-30 15:55:47.069   479   479 I GmsApplication: [gms_startup_benchmark] Static start time (ms): 693568199, Startup latency (ms): 1261, Is system user: true
01-30 15:55:47.070   479   587 I Watchcat: Started
01-30 15:55:47.122   479   587 I GMS_MM_Logger: Start time: 32001
01-30 15:55:47.122   479   587 I GMS_MM_Logger: Started.
01-30 15:55:47.251   479   547 I DynamiteModule: Considering local module com.google.android.gms.googlecertificates:7 and remote module com.google.android.gms.googlecertificates:0
01-30 15:55:47.251   479   547 I DynamiteModule: Selected local version of com.google.android.gms.googlecertificates
01-30 15:55:47.413   295   295 I lowmemorykiller: Kill 'com.google.android.gms' (479), uid 10127, oom_adj 905 to free 50112kB
01-30 15:55:47.534  1089  1544 I ActivityManager: Process com.google.android.gms (pid 479) has died: fg  TRNB
01-30 15:55:47.536  1089  1196 I libprocessgroup: Successfully killed process cgroup uid 10127 pid 479 in 0ms
01-30 15:55:47.538   396   396 I Zygote  : Process 479 exited due to signal 9 (Killed)
01-30 15:55:47.545  1089  1544 W ActivityManager: Scheduling restart of crashed service com.google.android.gms/.ads.identifier.service.AdvertisingIdService in 1000ms for connection
01-30 15:55:47.582  1577  1577 I AppBase : AppBase.onTrimMemory():786 onTrimMemory(): 5
01-30 15:55:47.583  1577  1577 I GoogleInputMethodService: GoogleInputMethodService.onTrimMemory():4569 onTrimMemory(): 5
01-30 15:55:48.549  1089  1189 D CompatibilityChangeReporter: Compat change id reported: 135634846; UID 10127; state: DISABLED
01-30 15:55:48.550  1089  1190 D CompatibilityChangeReporter: Compat change id reported: 143937733; UID 10127; state: ENABLED
01-30 15:55:48.580   396   396 D Zygote  : Forked child process 596
01-30 15:55:48.586  1089  1190 I ActivityManager: Start proc 596:com.google.android.gms/u0a127 for service {com.google.android.gms/com.google.android.gms.ads.identifier.service.AdvertisingIdService}
01-30 15:55:48.602   596   596 I Zygote  : seccomp disabled by setenforce 0
01-30 15:55:48.640  2087  2114 I adbd    : jdwp connection from 596
01-30 15:55:48.664  1089  1544 D CompatibilityInfo: mCompatibilityFlags - 0
01-30 15:55:48.664  1089  1544 D CompatibilityInfo: applicationDensity - 320
01-30 15:55:48.664  1089  1544 D CompatibilityInfo: applicationScale - 1.0
01-30 15:55:48.669  1089  1544 D CompatibilityInfo: mCompatibilityFlags - 0
01-30 15:55:48.669  1089  1544 D CompatibilityInfo: applicationDensity - 320
01-30 15:55:48.669  1089  1544 D CompatibilityInfo: applicationScale - 1.0
01-30 15:55:48.761   596   596 W gle.android.gm: JIT profile information will not be recorded: profile file does not exist.
01-30 15:55:48.762   596   596 W gle.android.gm: JIT profile information will not be recorded: profile file does not exist.
01-30 15:55:48.787   596   596 I Perf    : Connecting to perf service.
01-30 15:55:48.808   596   596 D NetworkSecurityConfig: Using Network Security Config from resource network_security_config debugBuild: false
01-30 15:55:48.810   596   596 D NetworkSecurityConfig: Using Network Security Config from resource network_security_config debugBuild: false
01-30 15:55:49.039   596   596 W ProviderHelper: Unknown dynamite feature providerinstaller.dynamite
01-30 15:55:49.040   596   596 I DynamiteModule: Considering local module com.google.android.gms.providerinstaller.dynamite:1 and remote module com.google.android.gms.providerinstaller.dynamite:0
01-30 15:55:49.040   596   596 I DynamiteModule: Selected local version of com.google.android.gms.providerinstaller.dynamite
01-30 15:55:49.063   596   596 V NativeCrypto: Registering com/google/android/gms/org/conscrypt/NativeCrypto's 329 native methods...
01-30 15:55:49.111   596   596 I ProviderInstaller: Installed default security provider GmsCore_OpenSSL
01-30 15:55:49.128   596   596 I GmsApplication: [gms_startup_benchmark] Static start time (ms): 693571205, Startup latency (ms): 314, Is system user: true
01-30 15:55:49.143   596   670 I Watchcat: Started
01-30 15:55:49.155   596   670 I GMS_MM_Logger: Start time: 168002
01-30 15:55:49.155   596   670 I GMS_MM_Logger: Started.
01-30 15:55:49.195   596   643 I DynamiteModule: Considering local module com.google.android.gms.googlecertificates:7 and remote module com.google.android.gms.googlecertificates:0
01-30 15:55:49.195   596   643 I DynamiteModule: Selected local version of com.google.android.gms.googlecertificates
01-30 15:55:50.635   710   710 I chatty  : uid=1000(system) expire 27 lines
01-30 15:55:50.685     0     0 I swapper/2: type=1400 audit(0.0:14221): avc: denied { kill } for capability=5 scontext=u:r:kernel:s0 tcontext=u:r:kernel:s0 tclass=capability permissive=1
01-30 15:55:50.904   710   712 I chatty  : uid=1000(system) expire 1 line
01-30 15:55:50.905   710   710 I chatty  : uid=1000(system) expire 8 lines
01-30 15:55:50.905   710   710 E improveTouch: [DSPTouchProcessor:823] deInit: invalid state (current = 0)
01-30 15:55:50.905   710   710 D improveTouch: [DSPTouchProcessor:827] deInit: X pa_utf_ret = 1, ret = 1073741835
01-30 15:55:50.905   710   710 E improveTouch: [TouchServer:83] delete event injector
01-30 15:55:50.905   710   710 E improveTouch: [TouchServer:87] delete config management
01-30 15:55:50.906   710   710 E improveTouch: [TouchServer:90] fail to start daemon
01-30 15:55:50.907   710   710 E improveTouch: [Main:169] fail to initiate touch server
01-30 15:55:51.334   297   297 I hwservicemanager: getTransport: Cannot find entry vendor.qti.hardware.servicetracker@1.0::IServicetracker/default in either framework or device manifest.
01-30 15:55:53.800   596   646 I gle.android.gm: Waiting for a blocking GC ProfileSaver
01-30 15:55:53.935   596   646 I gle.android.gm: WaitForGcToComplete blocked ProfileSaver on ClassLinker for 134.981ms
01-30 15:55:53.951   596   636 I gle.android.gm: WaitForGcToComplete blocked RunEmptyCheckpoint on ProfileSaver for 15.431ms
01-30 15:55:54.041   295   295 I lowmemorykiller: Kill 'com.google.android.gms' (596), uid 10127, oom_adj 905 to free 46880kB
01-30 15:55:54.132  1089  1544 I ActivityManager: Process com.google.android.gms (pid 596) has died: cch+5 CEM 
01-30 15:55:54.134   297   297 I hwservicemanager: getTransport: Cannot find entry vendor.qti.hardware.servicetracker@1.0::IServicetracker/default in either framework or device manifest.
01-30 15:55:54.152   396   396 I Zygote  : Process 596 exited due to signal 9 (Killed)
01-30 15:55:54.160  1089  1196 I libprocessgroup: Successfully killed process cgroup uid 10127 pid 596 in 27ms
01-30 15:55:54.167  1577  1577 I AppBase : AppBase.onTrimMemory():786 onTrimMemory(): 15
01-30 15:55:54.168  1577  1577 I GoogleInputMethodService: GoogleInputMethodService.onTrimMemory():4569 onTrimMemory(): 15
01-30 15:55:55.562   716   716 I chatty  : uid=1000(system) expire 27 lines
01-30 15:55:55.816   716   718 I chatty  : uid=1000(system) expire 1 line
01-30 15:55:55.816   716   716 I chatty  : uid=1000(system) expire 2 lines
01-30 15:55:55.816   716   716 E improveTouch: [TouchServer:59] fail to init TouchController: Error opening file
01-30 15:55:55.816   716   716 E improveTouch: [TouchServer:69] error happened, clean-up resource and exit
01-30 15:55:55.816   716   716 E improveTouch: [TouchServer:71] delete event monitor
01-30 15:55:55.816   716   716 E improveTouch: [TouchServer:75] delete controller
01-30 15:55:55.817   716   716 E improveTouch: [TouchServer:79] delete touch processor
01-30 15:55:55.817   716   716 D improveTouch: [DSPTouchProcessor:807] deInit: E
01-30 15:55:55.817   716   716 E improveTouch: [DSPTouchProcessor:823] deInit: invalid state (current = 0)
01-30 15:55:55.817   716   716 D improveTouch: [DSPTouchProcessor:827] deInit: X pa_utf_ret = 1, ret = 1073741835
01-30 15:55:55.817   716   716 E improveTouch: [TouchServer:83] delete event injector
01-30 15:55:55.817   716   716 E improveTouch: [TouchServer:87] delete config management
01-30 15:55:55.819   716   716 E improveTouch: [TouchServer:90] fail to start daemon
01-30 15:55:55.819   716   716 E improveTouch: [Main:169] fail to initiate touch server
