01-30 15:52:42.626  1089  1190 I ActivityManager: Start proc 3399:com.google.android.gms/u0a127 for service {com.google.android.gms/com.google.android.gms.ads.identifier.service.AdvertisingIdService}
01-30 15:53:07.362  1089  1310 I ActivityManager: Process com.google.android.gms (pid 3399) has died: cch+5 CEM 
01-30 15:53:22.292  1089  1089 W Looper  : Slow dispatch took 169ms main h=android.os.Handler c=android.app.AlarmManager$ListenerWrapper@3ad1612 m=0
01-30 15:53:41.769  1089  3482 D BlobStore: Completed idle maintenance; deleted []
01-30 15:53:41.873  1089  3483 D DynamicCodeLogger: Got no hash for /data/user/0/com.android.vending/app_dg_cache/125075AAC519C012835D709D97D485A0E0EDC5B8/the.apk
01-30 15:53:41.909  1089  1363 I WatchlistLoggingHandler: No need to aggregate record yet.
01-30 15:53:41.909  1089  1363 I WatchlistLoggingHandler: Milliseconds spent on tryAggregateRecords(): 1
01-30 15:53:41.935  1089  1089 D CompatibilityChangeReporter: Compat change id reported: 135634846; UID 10079; state: DISABLED
01-30 15:53:41.936  1089  1190 D CompatibilityChangeReporter: Compat change id reported: 143937733; UID 10079; state: ENABLED
01-30 15:53:41.978  1089  1190 I ActivityManager: Start proc 3493:android.process.media/u0a79 for service {com.android.providers.downloads/com.android.providers.downloads.DownloadIdleService}
01-30 15:53:42.218  1089  1189 W BroadcastQueue: Background execution not allowed: receiving Intent { act=android.net.wifi.SCAN_RESULTS flg=0x4000010 (has extras) } to com.jio.myjio/.jionet.receiver.WifiScanReceiver
01-30 15:53:42.784  1089  1089 D CompatibilityChangeReporter: Compat change id reported: 135634846; UID 10145; state: DISABLED
01-30 15:53:42.785  1089  1190 D CompatibilityChangeReporter: Compat change id reported: 143937733; UID 10145; state: DISABLED
01-30 15:53:42.833  1089  1190 W ActivityManager: Slow operation: 51ms so far, now at startProcess: returned from zygote!
01-30 15:53:42.834  1089  1190 W ActivityManager: Slow operation: 51ms so far, now at startProcess: done updating battery stats
01-30 15:53:42.834  1089  1190 W ActivityManager: Slow operation: 52ms so far, now at startProcess: building log message
01-30 15:53:42.834  1089  1190 I ActivityManager: Start proc 3554:com.google.android.apps.photosgo/u0a145 for service {com.google.android.apps.photosgo/androidx.work.impl.background.systemjob.SystemJobService}
01-30 15:53:42.835  1089  1190 W ActivityManager: Slow operation: 52ms so far, now at startProcess: starting to update pids map
01-30 15:53:42.836  1089  1190 W ActivityManager: Slow operation: 53ms so far, now at startProcess: done updating pids map
01-30 15:53:43.307  1089  2798 D CompatibilityChangeReporter: Compat change id reported: 135634846; UID 10127; state: DISABLED
01-30 15:53:43.309  1089  1190 D CompatibilityChangeReporter: Compat change id reported: 143937733; UID 10127; state: ENABLED
01-30 15:53:43.324  1089  3483 D DynamicCodeLogger: Got no hash for /data/user/0/com.google.android.gms/app_dg_cache/2DC4C657FDAA865312AE32F226816AC5A71769A3/the.apk
01-30 15:53:43.359  1089  1190 W ActivityManager: Slow operation: 53ms so far, now at startProcess: returned from zygote!
01-30 15:53:43.359  1089  1190 W ActivityManager: Slow operation: 54ms so far, now at startProcess: done updating battery stats
01-30 15:53:43.361  1089  1190 W ActivityManager: Slow operation: 55ms so far, now at startProcess: building log message
01-30 15:53:43.361  1089  1190 I ActivityManager: Start proc 3585:com.google.android.gms/u0a127 for service {com.google.android.gms/com.google.android.gms.ads.identifier.service.AdvertisingIdService}
01-30 15:53:43.361  1089  1190 W ActivityManager: Slow operation: 56ms so far, now at startProcess: starting to update pids map
01-30 15:53:43.362  1089  1190 W ActivityManager: Slow operation: 57ms so far, now at startProcess: done updating pids map
01-30 15:53:43.402  1089  3483 D DynamicCodeLogger: Got no hash for /data/user/0/com.google.android.gms/app_dg_cache/125075AAC519C012835D709D97D485A0E0EDC5B8/the.apk
01-30 15:53:43.421  1089  3483 D DynamicCodeLogger: Got no hash for /data/user/0/com.google.android.gms/app_dg_cache/90509DA0D15507F4156E9E8EDE4BB2419C0CAE95/the.apk
01-30 15:53:43.505  1089  3483 D DynamicCodeLogger: Got no hash for /data/user/0/com.google.android.youtube/cache/1754603592408.jar
01-30 15:53:43.537  1089  3483 D DynamicCodeLogger: Got no hash for /data/user/0/com.google.android.youtube/app_yqzdkcache/rbp/1759941864585.jar
01-30 15:53:43.998  3493  3628 D DownloadManager: Removed 0 stale downloads
01-30 15:53:44.032  3493  3628 D DownloadManager: Found 0 files in database
01-30 15:53:44.032  3493  3628 D DownloadManager: Found 0 files on disk
01-30 15:53:44.577  1089  2798 D CompatibilityChangeReporter: Compat change id reported: 135634846; UID 10123; state: DISABLED
01-30 15:53:44.578  1089  1190 D CompatibilityChangeReporter: Compat change id reported: 143937733; UID 10123; state: DISABLED
01-30 15:53:44.613  1089  1310 D CompatibilityChangeReporter: Compat change id reported: 135634846; UID 10127; state: DISABLED
01-30 15:53:44.625  1089  1190 I ActivityManager: Start proc 3658:com.google.android.apps.cameralite/u0a123 for content provider {com.google.android.apps.cameralite/com.google.android.apps.cameralite.processingmedia.ProcessingMediaProvider}
01-30 15:53:44.626  1089  1190 W ActivityManager: Slow operation: 51ms so far, now at startProcess: done updating pids map
01-30 15:53:44.627  1089  1190 D CompatibilityChangeReporter: Compat change id reported: 143937733; UID 10127; state: ENABLED
01-30 15:53:44.650  1089  1641 D CompatibilityChangeReporter: Compat change id reported: 149924527; UID 10145; state: ENABLED
01-30 15:53:44.656  1089  1641 D CompatibilityChangeReporter: Compat change id reported: 132649864; UID 10145; state: DISABLED
01-30 15:53:44.677  1089  1190 W ActivityManager: Slow operation: 66ms so far, now at startProcess: returned from zygote!
01-30 15:53:44.678  1089  1190 W ActivityManager: Slow operation: 66ms so far, now at startProcess: done updating battery stats
01-30 15:53:44.678  1089  1190 W ActivityManager: Slow operation: 66ms so far, now at startProcess: building log message
01-30 15:53:44.678  1089  1190 I ActivityManager: Start proc 3671:com.google.process.gservices/u0a127 for content provider {com.google.android.gsf/com.google.android.gsf.gservices.GservicesProvider}
01-30 15:53:44.678  1089  1190 W ActivityManager: Slow operation: 67ms so far, now at startProcess: starting to update pids map
01-30 15:53:44.679  1089  1190 W ActivityManager: Slow operation: 68ms so far, now at startProcess: done updating pids map
01-30 15:53:46.890  1089   382 I ActivityManager: Process com.google.android.apps.cameralite (pid 3658) has died: cch+25 CEM 
01-30 15:53:46.926  3554  3554 I ActivityThread: Removing dead content provider:android.content.ContentProviderProxy@973c684
01-30 15:53:47.009  1089  4020 I ActivityManager: Process com.google.process.gservices (pid 3671) has died: cch+15 CEM 
01-30 15:53:47.181  1089  3916 I ActivityManager: Process com.google.android.apps.photosgo (pid 3554) has died: cch+5 CEM 
01-30 15:53:47.212  1089  3916 I ActivityManager: Process com.qti.diagservices (pid 2530) has died: svcb SVC 
01-30 15:53:47.216  1089  3916 W ActivityManager: Scheduling restart of crashed service com.qti.diagservices/.QTIDiagServices in 1000ms for start-requested
01-30 15:53:48.220  1089  1189 D CompatibilityChangeReporter: Compat change id reported: 135634846; UID 1000; state: DISABLED
01-30 15:53:48.298  1089  1190 W ActivityManager: Slow operation: 80ms so far, now at startProcess: returned from zygote!
01-30 15:53:48.298  1089  1190 W ActivityManager: Slow operation: 81ms so far, now at startProcess: done updating battery stats
01-30 15:53:48.299  1089  1190 W ActivityManager: Slow operation: 81ms so far, now at startProcess: building log message
01-30 15:53:48.299  1089  1190 I ActivityManager: Start proc 3785:com.qti.diagservices/1000 for service {com.qti.diagservices/com.qti.diagservices.QTIDiagServices}
01-30 15:53:48.299  1089  1190 W ActivityManager: Slow operation: 81ms so far, now at startProcess: starting to update pids map
01-30 15:53:48.300  1089  1190 W ActivityManager: Slow operation: 83ms so far, now at startProcess: done updating pids map
01-30 15:53:48.843  1089  3916 I ActivityManager: Process com.google.android.gms (pid 3585) has died: fg  TRNB
01-30 15:53:48.846  1089  3916 W ActivityManager: Scheduling restart of crashed service com.google.android.gms/.ads.identifier.service.AdvertisingIdService in 1000ms for connection
01-30 15:53:49.030  1089  1544 I ActivityManager: Process android.process.media (pid 3493) has died: svcb SVC 
01-30 15:53:49.034  1089  1544 W ActivityManager: Scheduling restart of crashed service com.android.mtp/.MtpService in 12124800ms for start-requested
01-30 15:53:49.853  1089  1189 D CompatibilityChangeReporter: Compat change id reported: 135634846; UID 10127; state: DISABLED
01-30 15:53:49.853  1089  1190 D CompatibilityChangeReporter: Compat change id reported: 143937733; UID 10127; state: ENABLED
01-30 15:53:49.891  1089  1190 I ActivityManager: Start proc 3838:com.google.android.gms/u0a127 for service {com.google.android.gms/com.google.android.gms.ads.identifier.service.AdvertisingIdService}
01-30 15:53:55.811  1089  1544 I ActivityManager: Process com.google.android.gms (pid 3838) has died: cch+5 CEM 
01-30 15:54:24.183  1089  1188 I UsageStatsService: User[0] Flushing usage stats to disk
01-30 15:54:43.199  1089  1189 W BroadcastQueue: Background execution not allowed: receiving Intent { act=android.net.wifi.SCAN_RESULTS flg=0x4000010 (has extras) } to com.jio.myjio/.jionet.receiver.WifiScanReceiver
01-30 15:54:44.419  1089  2340 D CompatibilityChangeReporter: Compat change id reported: 135634846; UID 10127; state: DISABLED
01-30 15:54:44.420  1089  1190 D CompatibilityChangeReporter: Compat change id reported: 143937733; UID 10127; state: ENABLED
01-30 15:54:44.479  1089  1190 W ActivityManager: Slow operation: 62ms so far, now at startProcess: returned from zygote!
01-30 15:54:44.479  1089  1190 W ActivityManager: Slow operation: 63ms so far, now at startProcess: done updating battery stats
01-30 15:54:44.480  1089  1190 W ActivityManager: Slow operation: 63ms so far, now at startProcess: building log message
01-30 15:54:44.480  1089  1190 I ActivityManager: Start proc 4082:com.google.android.gms/u0a127 for service {com.google.android.gms/com.google.android.gms.ads.identifier.service.AdvertisingIdService}
01-30 15:54:44.480  1089  1190 W ActivityManager: Slow operation: 63ms so far, now at startProcess: starting to update pids map
01-30 15:54:44.481  1089  1190 W ActivityManager: Slow operation: 64ms so far, now at startProcess: done updating pids map
01-30 15:55:12.931  1089  3547 I ActivityManager: Process com.google.android.gms (pid 4082) has died: cch+5 CEM 
01-30 15:55:14.431  1089   426 I ActivityManager: Low on memory:
01-30 15:55:14.432  1089   426 I ActivityManager:   ntv   ??   33711: surfaceflinger (   23,468K memtrack) (pid 504) native
01-30 15:55:14.432  1089   426 I ActivityManager:   ntv   ??   22259: zygote (pid 396) native
01-30 15:55:14.432  1089   426 I ActivityManager:   ntv   ??   18279: android.hardware.camera.provider@2.4-service (pid 482) native
01-30 15:55:14.432  1089   426 I ActivityManager:   ntv   ??   12092: mediaserver (pid 757) native
01-30 15:55:14.432  1089   426 I ActivityManager:   ntv   ??   11259: android.hardware.audio.service (pid 480) native
01-30 15:55:14.432  1089   426 I ActivityManager:   ntv   ??    7287: media.extractor (pid 744) native
01-30 15:55:14.432  1089   426 I ActivityManager:   ntv   ??    6235: qcrild (pid 987) native
01-30 15:55:14.432  1089   426 I ActivityManager:   ntv   ??    5749: audioserver (pid 502) native
01-30 15:55:14.432  1089   426 I ActivityManager:   ntv   ??    4562: media.swcodec (pid 882) native
01-30 15:55:14.432  1089   426 I ActivityManager:   ntv   ??    3611: cameraserver (pid 723) native
01-30 15:55:14.432  1089   426 I ActivityManager:   ntv   ??    3188: netmgrd (pid 846) native
01-30 15:55:14.432  1089   426 I ActivityManager:   ntv   ??    3026: init (pid 1) native
01-30 15:55:14.432  1089   426 I ActivityManager:   ntv   ??    2898: android.hardware.graphics.composer@2.1-service (pid 484) native
01-30 15:55:14.432  1089   426 I ActivityManager:   ntv   ??    2487: media.metrics (pid 752) native
01-30 15:55:14.432  1089   426 I ActivityManager:   ntv   ??    2484: media.codec (pid 787) native
01-30 15:55:14.432  1089   426 I ActivityManager:   ntv   ??    2303: android.hardware.gnss@2.1-service-qti (pid 483) native
01-30 15:55:14.432  1089   426 I ActivityManager:   ntv   ??    2212: netd (pid 395) native
01-30 15:55:14.432  1089   426 I ActivityManager:   ntv   ??    2124: cnd (pid 790) native
01-30 15:55:14.432  1089   426 I ActivityManager:   ntv   ??    1986: vendor.qti.hardware.perf@2.2-service (pid 495) native
01-30 15:55:14.432  1089   426 I ActivityManager:   ntv   ??    1944: ims_rtp_daemon (pid 1075) native
01-30 15:55:14.432  1089   426 I ActivityManager:   ntv   ??    1862: imsdatadaemon (pid 939) native
01-30 15:55:14.432  1089   426 I ActivityManager:   ntv   ??    1857: installd (pid 734) native
01-30 15:55:14.432  1089   426 I ActivityManager:   ntv   ??    1856: android.hardware.sensors@1.0-service (pid 491) native
01-30 15:55:14.432  1089   426 I ActivityManager:   ntv   ??    1736: ueventd (pid 280) native
01-30 15:55:14.432  1089   426 I ActivityManager:   ntv   ??    1729: imsrcsd (pid 1006) native
01-30 15:55:14.432  1089   426 I ActivityManager:   ntv   ??    1647: logd (pid 294) native
01-30 15:55:14.432  1089   426 I ActivityManager:   ntv   ??    1581: statsd (pid 394) native
01-30 15:55:14.432  1089   426 I ActivityManager:   ntv   ??    1525: lowi-server (pid 909) native
01-30 15:55:14.432  1089   426 I ActivityManager:   ntv   ??    1508: android.hardware.bluetooth@1.0-service-qti-lazy (pid 3020) native
01-30 15:55:14.432  1089   426 I ActivityManager:   ntv   ??    1484: vold (pid 331) native
01-30 15:55:14.432  1089   426 I ActivityManager:   ntv   ??    1405: xtra-daemon (pid 910) native
01-30 15:55:14.432  1089   426 I ActivityManager:   ntv   ??    1358: init (pid 277) native
01-30 15:55:14.432  1089   426 I ActivityManager:   ntv   ??    1339: thermal-engine (pid 2036) native
01-30 15:55:14.432  1089   426 I ActivityManager:   ntv   ??    1268: vendor.qti.hardware.display.allocator-service (pid 493) native
01-30 15:55:14.432  1089   426 I ActivityManager:   ntv   ??    1213: storaged (pid 767) native
01-30 15:55:14.432  1089   426 I ActivityManager:   ntv   ??    1211: adbd (pid 2087) native
01-30 15:55:14.432  1089   426 I ActivityManager:   ntv   ??    1161: qseecomd (pid 344) native
01-30 15:55:14.432  1089   426 I ActivityManager:   ntv   ??    1154: wificond (pid 772) native
01-30 15:55:14.432  1089   426 I ActivityManager:   ntv   ??    1132: sensors.qti (pid 522) native
01-30 15:55:14.432  1089   426 I ActivityManager:   ntv   ??    1120: android.hardware.wifi@1.0-service (pid 492) native
01-30 15:55:14.432  1089   426 I ActivityManager:   ntv   ??    1090: keystore (pid 737) native
01-30 15:55:14.432  1089   426 I ActivityManager:   ntv   ??    1085: gpuservice (pid 503) native
01-30 15:55:14.432  1089   426 I ActivityManager:   ntv   ??    1080: perfservice (pid 776) native
01-30 15:55:14.432  1089   426 I ActivityManager:   ntv   ??    1080: qti (pid 1022) native
01-30 15:55:14.432  1089   426 I ActivityManager:   ntv   ??    1013: hwservicemanager (pid 297) native
01-30 15:55:14.432  1089   426 I ActivityManager:   ntv   ??     971: gatekeeperd (pid 890) native
01-30 15:55:14.432  1089   426 I ActivityManager:   ntv   ??     962: drmserver (pid 724) native
01-30 15:55:14.432  1089   426 I ActivityManager:   ntv   ??     957: android.hardware.power-service (pid 490) native
01-30 15:55:14.432  1089   426 I ActivityManager:   ntv   ??     955: imsqmidaemon (pid 805) native
01-30 15:55:14.432  1089   426 I ActivityManager:   ntv   ??     926: servicemanager (pid 296) native
01-30 15:55:14.432  1089   426 I ActivityManager:   ntv   ??     918: android.hardware.keymaster@4.1-service-qti (pid 306) native
01-30 15:55:14.432  1089   426 I ActivityManager:   ntv   ??     900: android.hardware.health@2.1-service (pid 487) native
01-30 15:55:14.432  1089   426 I ActivityManager:   ntv   ??     870: incidentd (pid 732) native
01-30 15:55:14.432  1089   426 I ActivityManager:   ntv   ??     869: vendor.qti.hardware.vibrator.service (pid 496) native
01-30 15:55:14.432  1089   426 I ActivityManager:   ntv   ??     864: pm-service (pid 501) native
01-30 15:55:14.432  1089   426 I ActivityManager:   ntv   ??     847: android.hardware.lights-service.qti (pid 488) native
01-30 15:55:14.432  1089   426 I ActivityManager:   ntv   ??     842: android.hardware.gatekeeper@1.0-service-qti (pid 358) native
01-30 15:55:14.432  1089   426 I ActivityManager:   ntv   ??     842: adsprpcd (pid 869) native
01-30 15:55:14.432  1089   426 I ActivityManager:   ntv   ??     836: lmkd (pid 295) native
01-30 15:55:14.432  1089   426 I ActivityManager:   ntv   ??     830: android.system.suspend@1.0-service (pid 356) native
01-30 15:55:14.432  1089   426 I ActivityManager:   ntv   ??     826: vendor.qti.hardware.qseecom@1.0-service (pid 309) native
01-30 15:55:14.432  1089   426 I ActivityManager:   ntv   ??     818: port-bridge (pid 848) native
01-30 15:55:14.432  1089   426 I ActivityManager:   ntv   ??     811: dspservice (pid 494) native
01-30 15:55:14.432  1089   426 I ActivityManager:   ntv   ??     802: time_daemon (pid 389) native
01-30 15:55:14.432  1089   426 I ActivityManager:   ntv   ??     789: loc_launcher (pid 886) native
01-30 15:55:14.432  1089   426 I ActivityManager:   ntv   ??     784: vndservicemanager (pid 298) native
01-30 15:55:14.432  1089   426 I ActivityManager:   ntv   ??     776: android.hardware.memtrack@1.0-service (pid 489) native
01-30 15:55:14.432  1089   426 I ActivityManager:   ntv   ??     773: android.hardware.atrace@1.0-service (pid 357) native
01-30 15:55:14.432  1089   426 I ActivityManager:   ntv   ??     773: pm-proxy (pid 617) native
01-30 15:55:14.432  1089   426 I ActivityManager:   ntv   ??     769: rmt_storage (pid 506) native
01-30 15:55:14.432  1089   426 I ActivityManager:   ntv   ??     736: wcnss_service (pid 719) native
01-30 15:55:14.432  1089   426 I ActivityManager:   ntv   ??     663: tftp_server (pid 507) native
01-30 15:55:14.432  1089   426 I ActivityManager:   ntv   ??     584: android.hidl.allocator@1.0-service (pid 481) native
01-30 15:55:14.432  1089   426 I ActivityManager:   ntv   ??     582: qrtr-ns (pid 618) native
01-30 15:55:14.432  1089   426 I ActivityManager:   ntv   ??     576: traced (pid 626) native
01-30 15:55:14.432  1089   426 I ActivityManager:   ntv   ??    2675: (Other native)
01-30 15:55:14.432  1089   426 I ActivityManager:   sys    PER    70510: system (    2,736K memtrack) (pid 1089) fixed
01-30 15:55:14.432  1089   426 I ActivityManager:   pers   BFGS   53256: com.android.systemui (   14,912K memtrack) (pid 1482) pers-top-ui
01-30 15:55:14.432  1089   426 I ActivityManager:   pers   PER    13135: com.android.phone (pid 1748) fixed
01-30 15:55:14.432  1089   426 I ActivityManager:   pers   PER    12377: com.redbend.client (pid 2255) fixed
01-30 15:55:14.432  1089   426 I ActivityManager:   pers   PER    10439: com.qualcomm.location (pid 2263) fixed
01-30 15:55:14.432  1089   426 I ActivityManager:   pers   PER    10147: com.jio.adc.embedded (pid 2275) fixed
01-30 15:55:14.432  1089   426 I ActivityManager:   pers   PER     5628: org.codeaurora.ims (pid 1727) fixed
01-30 15:55:14.432  1089   426 I ActivityManager:   pers   PER     5264: .qtidataservices (pid 1680) fixed
01-30 15:55:14.432  1089   426 I ActivityManager:   pers   PER     4570: com.qualcomm.qti.telephonyservice (pid 1705) fixed
01-30 15:55:14.432  1089   426 I ActivityManager:   pers   PER     4490: .dataservices (pid 1632) fixed
01-30 15:55:14.432  1089   426 I ActivityManager:   psvc   PER     9704: com.android.providers.media.module (pid 2212) service
01-30 15:55:14.432  1089   426 I ActivityManager:                        com.android.providers.media.module/com.android.providers.media.fuse.ExternalStorageServiceImpl<=Proc{1089:system/1000}
01-30 15:55:14.432  1089   426 I ActivityManager:   psvc   PER     8250: com.android.bluetooth (pid 811) service
01-30 15:55:14.432  1089   426 I ActivityManager:                        com.android.bluetooth/.gatt.GattService<=Proc{1089:system/1000}
01-30 15:55:14.432  1089   426 I ActivityManager:   fg     BFGS   19152: com.android.launcher3 (    1,320K memtrack) (pid 2132) service
01-30 15:55:14.432  1089   426 I ActivityManager:                        com.android.launcher3/com.android.quickstep.TouchInteractionService<=Proc{1482:com.android.systemui/u0a154}
01-30 15:55:14.432  1089   426 I ActivityManager:   vis    BFGS   46276: com.google.android.gms.persistent (pid 2670) service
01-30 15:55:14.432  1089   426 I ActivityManager:                        com.google.android.gms/.chimera.PersistentBoundBrokerService<=Proc{1089:system/1000}
01-30 15:55:14.432  1089   426 I ActivityManager:   vis    BFGS   21588: com.android.systemui:screenshot (    4,372K memtrack) (pid 3492) service
01-30 15:55:14.432  1089   426 I ActivityManager:                        com.android.systemui/.screenshot.TakeScreenshotService<=Proc{1089:system/1000}
01-30 15:55:14.432  1089   426 I ActivityManager:   vis    BFGS    5153: com.google.android.ext.services (pid 1790) service
01-30 15:55:14.432  1089   426 I ActivityManager:                        com.google.android.ext.services/android.ext.services.notification.Assistant<=Proc{1089:system/1000}
01-30 15:55:14.432  1089   426 I ActivityManager:   vis    IMPF    4426: com.qualcomm.qcrilmsgtunnel (pid 2499) service
01-30 15:55:14.432  1089   426 I ActivityManager:                        com.qualcomm.qcrilmsgtunnel/.QcrilMsgTunnelService<=Proc{1748:com.android.phone/1001}
01-30 15:55:14.432  1089   426 I ActivityManager:   prcp   IMPB   20008: com.google.android.inputmethod.latin (pid 1577) service
01-30 15:55:14.432  1089   426 I ActivityManager:                        com.google.android.inputmethod.latin/com.android.inputmethod.latin.LatinIME<=Proc{1089:system/1000}
01-30 15:55:14.432  1089   426 I ActivityManager:   prcl   TRNB   23491: com.jio.myjio (pid 1754) service
01-30 15:55:14.432  1089   426 I ActivityManager:                        com.jio.myjio/com.madme.mobile.sdk.service.LSJobService2<=Proc{1089:system/1000}
01-30 15:55:14.432  1089   426 I ActivityManager:   svc    SVC     8380: com.qti.diagservices (pid 3785) started-services
01-30 15:55:14.432  1089   426 I ActivityManager:             567560: TOTAL (   46,808K memtrack)
01-30 15:55:14.432  1089   426 I ActivityManager:   MemInfo:   104,152K slab,     4,888K shmem,    16,576K vm alloc,    21,872K page tables    14,928K kernel stack
01-30 15:55:14.432  1089   426 I ActivityManager:                  648K buffers,   104,880K cached,    69,612K mapped,    48,664K free
01-30 15:55:14.432  1089   426 I ActivityManager:   ZRAM:   112,112K RAM,   786,428K swap total,   447,564K swap free
01-30 15:55:14.432  1089   426 I ActivityManager:   Free RAM:   115,648K
01-30 15:55:14.432  1089   426 I ActivityManager:        ION:    72,868K
01-30 15:55:14.432  1089   426 I ActivityManager:   Used RAM:   771,780K
01-30 15:55:14.432  1089   426 I ActivityManager:   Lost RAM:   183,983K
01-30 15:55:14.633  1089   426 I DropBoxManagerService: add tag=system_server_lowmem isTagEnabled=true flags=0x2
01-30 15:55:14.662  1089  1189 W BroadcastQueue: Background execution not allowed: receiving Intent { act=android.intent.action.DROPBOX_ENTRY_ADDED flg=0x10 (has extras) } to com.google.android.gms/.stats.service.DropBoxEntryAddedReceiver
01-30 15:55:43.319  1089  1089 W Looper  : Slow dispatch took 174ms main h=com.android.server.AlarmManagerService$AlarmHandler c=com.android.server.-$$Lambda$AlarmManagerService$3$jIkPWjqS66vG6aFVQoHxR2w4HPE@8c92bba m=0
01-30 15:55:43.772  1089  1178 W Looper  : Slow dispatch took 450ms android.ui h=com.android.server.am.ActivityManagerService$UiHandler c=null m=68
01-30 15:55:44.179  1089  1189 W BroadcastQueue: Background execution not allowed: receiving Intent { act=android.net.wifi.SCAN_RESULTS flg=0x4000010 (has extras) } to com.jio.myjio/.jionet.receiver.WifiScanReceiver
01-30 15:55:45.317  1089  2340 D CompatibilityChangeReporter: Compat change id reported: 135634846; UID 10127; state: DISABLED
01-30 15:55:45.319  1089  1190 D CompatibilityChangeReporter: Compat change id reported: 143937733; UID 10127; state: ENABLED
01-30 15:55:45.355  1089  1190 W ActivityManager: Slow operation: 80ms so far, now at startProcess: returned from zygote!
01-30 15:55:45.356  1089  1190 W ActivityManager: Slow operation: 80ms so far, now at startProcess: done updating battery stats
01-30 15:55:45.356  1089  1190 W ActivityManager: Slow operation: 81ms so far, now at startProcess: building log message
01-30 15:55:45.356  1089  1190 I ActivityManager: Start proc 479:com.google.android.gms/u0a127 for service {com.google.android.gms/com.google.android.gms.ads.identifier.service.AdvertisingIdService}
01-30 15:55:45.356  1089  1190 W ActivityManager: Slow operation: 81ms so far, now at startProcess: starting to update pids map
01-30 15:55:45.357  1089  1190 W ActivityManager: Slow operation: 82ms so far, now at startProcess: done updating pids map
01-30 15:55:47.534  1089  1544 I ActivityManager: Process com.google.android.gms (pid 479) has died: fg  TRNB
01-30 15:55:47.545  1089  1544 W ActivityManager: Scheduling restart of crashed service com.google.android.gms/.ads.identifier.service.AdvertisingIdService in 1000ms for connection
01-30 15:55:48.549  1089  1189 D CompatibilityChangeReporter: Compat change id reported: 135634846; UID 10127; state: DISABLED
01-30 15:55:48.550  1089  1190 D CompatibilityChangeReporter: Compat change id reported: 143937733; UID 10127; state: ENABLED
01-30 15:55:48.586  1089  1190 I ActivityManager: Start proc 596:com.google.android.gms/u0a127 for service {com.google.android.gms/com.google.android.gms.ads.identifier.service.AdvertisingIdService}
01-30 15:55:54.132  1089  1544 I ActivityManager: Process com.google.android.gms (pid 596) has died: cch+5 CEM 
01-30 15:56:44.947  1089  1189 W BroadcastQueue: Background execution not allowed: receiving Intent { act=android.net.wifi.SCAN_RESULTS flg=0x4000010 (has extras) } to com.jio.myjio/.jionet.receiver.WifiScanReceiver
01-30 15:56:45.965  1089  3547 D CompatibilityChangeReporter: Compat change id reported: 135634846; UID 10127; state: DISABLED
01-30 15:56:45.966  1089  1190 D CompatibilityChangeReporter: Compat change id reported: 143937733; UID 10127; state: ENABLED
01-30 15:56:45.996  1089  1190 I ActivityManager: Start proc 799:com.google.android.gms/u0a127 for service {com.google.android.gms/com.google.android.gms.ads.identifier.service.AdvertisingIdService}
01-30 15:56:51.101  1089  1994 I ActivityManager: Process com.google.android.gms (pid 799) has died: cch+5 CEM 
01-30 15:57:45.079  1089  1178 W Looper  : Slow dispatch took 161ms android.ui h=com.android.server.am.ActivityManagerService$UiHandler c=null m=68
01-30 15:57:45.637  1089  1189 W BroadcastQueue: Background execution not allowed: receiving Intent { act=android.net.wifi.SCAN_RESULTS flg=0x4000010 (has extras) } to com.jio.myjio/.jionet.receiver.WifiScanReceiver
01-30 15:57:46.700  1089  2340 D CompatibilityChangeReporter: Compat change id reported: 135634846; UID 10127; state: DISABLED
01-30 15:57:46.701  1089  1190 D CompatibilityChangeReporter: Compat change id reported: 143937733; UID 10127; state: ENABLED
01-30 15:57:46.733  1089  1190 I ActivityManager: Start proc 1064:com.google.android.gms/u0a127 for service {com.google.android.gms/com.google.android.gms.ads.identifier.service.AdvertisingIdService}
01-30 15:58:32.601  1089  1544 I ActivityManager: Process com.google.android.gms (pid 1064) has died: cch+5 CEM 
01-30 15:58:45.745  1089  1178 W Looper  : Slow dispatch took 117ms android.ui h=com.android.server.am.ActivityManagerService$UiHandler c=null m=68
01-30 15:58:46.204  1089  1189 W BroadcastQueue: Background execution not allowed: receiving Intent { act=android.net.wifi.SCAN_RESULTS flg=0x4000010 (has extras) } to com.jio.myjio/.jionet.receiver.WifiScanReceiver
01-30 15:58:47.307  1089  4086 D CompatibilityChangeReporter: Compat change id reported: 135634846; UID 10127; state: DISABLED
01-30 15:58:47.308  1089  1190 D CompatibilityChangeReporter: Compat change id reported: 143937733; UID 10127; state: ENABLED
01-30 15:58:47.342  1089  1190 I ActivityManager: Start proc 1301:com.google.android.gms/u0a127 for service {com.google.android.gms/com.google.android.gms.ads.identifier.service.AdvertisingIdService}
01-30 15:58:51.247  1089  2130 I ActivityManager: Process com.google.android.gms (pid 1301) has died: cch+5 CEM 
01-30 15:59:46.915  1089  1189 W BroadcastQueue: Background execution not allowed: receiving Intent { act=android.net.wifi.SCAN_RESULTS flg=0x4000010 (has extras) } to com.jio.myjio/.jionet.receiver.WifiScanReceiver
01-30 15:59:47.931  1089  4086 D CompatibilityChangeReporter: Compat change id reported: 135634846; UID 10127; state: DISABLED
01-30 15:59:47.932  1089  1190 D CompatibilityChangeReporter: Compat change id reported: 143937733; UID 10127; state: ENABLED
01-30 15:59:48.022  1089  1190 W ActivityManager: Slow operation: 92ms so far, now at startProcess: done updating battery stats
01-30 15:59:48.022  1089  1190 W ActivityManager: Slow operation: 93ms so far, now at startProcess: building log message
01-30 15:59:48.022  1089  1190 I ActivityManager: Start proc 1520:com.google.android.gms/u0a127 for service {com.google.android.gms/com.google.android.gms.ads.identifier.service.AdvertisingIdService}
01-30 15:59:48.022  1089  1190 W ActivityManager: Slow operation: 93ms so far, now at startProcess: starting to update pids map
01-30 15:59:48.023  1089  1190 W ActivityManager: Slow operation: 93ms so far, now at startProcess: done updating pids map
01-30 15:59:49.144  1089  4086 I ActivityManager: Process com.google.android.gms (pid 1520) has died: cch+5 CEM 
01-30 16:00:47.587  1089  1189 W BroadcastQueue: Background execution not allowed: receiving Intent { act=android.net.wifi.SCAN_RESULTS flg=0x4000010 (has extras) } to com.jio.myjio/.jionet.receiver.WifiScanReceiver
01-30 16:00:48.610  1089  4086 D CompatibilityChangeReporter: Compat change id reported: 135634846; UID 10127; state: DISABLED
01-30 16:00:48.611  1089  1190 D CompatibilityChangeReporter: Compat change id reported: 143937733; UID 10127; state: ENABLED
01-30 16:00:48.647  1089  1190 I ActivityManager: Start proc 1681:com.google.android.gms/u0a127 for service {com.google.android.gms/com.google.android.gms.ads.identifier.service.AdvertisingIdService}
01-30 16:01:01.602  1089  2130 I ActivityManager: Process com.google.android.gms (pid 1681) has died: cch+5 CEM 
01-30 16:01:03.055  1089  1865 I ActivityManager: Low on memory:
01-30 16:01:03.055  1089  1865 I ActivityManager:   ntv   ??   33711: surfaceflinger (   23,468K memtrack) (pid 504) native
01-30 16:01:03.055  1089  1865 I ActivityManager:   ntv   ??   22438: zygote (pid 396) native
01-30 16:01:03.055  1089  1865 I ActivityManager:   ntv   ??   18279: android.hardware.camera.provider@2.4-service (pid 482) native
01-30 16:01:03.055  1089  1865 I ActivityManager:   ntv   ??   12084: mediaserver (pid 757) native
01-30 16:01:03.055  1089  1865 I ActivityManager:   ntv   ??   11259: android.hardware.audio.service (pid 480) native
01-30 16:01:03.055  1089  1865 I ActivityManager:   ntv   ??    7287: media.extractor (pid 744) native
01-30 16:01:03.055  1089  1865 I ActivityManager:   ntv   ??    6235: qcrild (pid 987) native
01-30 16:01:03.055  1089  1865 I ActivityManager:   ntv   ??    5749: audioserver (pid 502) native
01-30 16:01:03.055  1089  1865 I ActivityManager:   ntv   ??    4554: media.swcodec (pid 882) native
01-30 16:01:03.055  1089  1865 I ActivityManager:   ntv   ??    3565: cameraserver (pid 723) native
01-30 16:01:03.055  1089  1865 I ActivityManager:   ntv   ??    3180: netmgrd (pid 846) native
01-30 16:01:03.055  1089  1865 I ActivityManager:   ntv   ??    3026: init (pid 1) native
01-30 16:01:03.055  1089  1865 I ActivityManager:   ntv   ??    2898: android.hardware.graphics.composer@2.1-service (pid 484) native
01-30 16:01:03.055  1089  1865 I ActivityManager:   ntv   ??    2487: media.metrics (pid 752) native
01-30 16:01:03.055  1089  1865 I ActivityManager:   ntv   ??    2484: media.codec (pid 787) native
01-30 16:01:03.055  1089  1865 I ActivityManager:   ntv   ??    2303: android.hardware.gnss@2.1-service-qti (pid 483) native
01-30 16:01:03.055  1089  1865 I ActivityManager:   ntv   ??    2210: netd (pid 395) native
01-30 16:01:03.055  1089  1865 I ActivityManager:   ntv   ??    2124: cnd (pid 790) native
01-30 16:01:03.055  1089  1865 I ActivityManager:   ntv   ??    1986: vendor.qti.hardware.perf@2.2-service (pid 495) native
01-30 16:01:03.055  1089  1865 I ActivityManager:   ntv   ??    1944: ims_rtp_daemon (pid 1075) native
01-30 16:01:03.055  1089  1865 I ActivityManager:   ntv   ??    1862: imsdatadaemon (pid 939) native
01-30 16:01:03.055  1089  1865 I ActivityManager:   ntv   ??    1848: android.hardware.sensors@1.0-service (pid 491) native
01-30 16:01:03.055  1089  1865 I ActivityManager:   ntv   ??    1736: ueventd (pid 280) native
01-30 16:01:03.055  1089  1865 I ActivityManager:   ntv   ??    1729: imsrcsd (pid 1006) native
01-30 16:01:03.055  1089  1865 I ActivityManager:   ntv   ??    1693: installd (pid 734) native
01-30 16:01:03.055  1089  1865 I ActivityManager:   ntv   ??    1635: logd (pid 294) native
01-30 16:01:03.055  1089  1865 I ActivityManager:   ntv   ??    1627: statsd (pid 394) native
01-30 16:01:03.055  1089  1865 I ActivityManager:   ntv   ??    1525: lowi-server (pid 909) native
01-30 16:01:03.055  1089  1865 I ActivityManager:   ntv   ??    1508: android.hardware.bluetooth@1.0-service-qti-lazy (pid 3020) native
01-30 16:01:03.055  1089  1865 I ActivityManager:   ntv   ??    1484: vold (pid 331) native
01-30 16:01:03.055  1089  1865 I ActivityManager:   ntv   ??    1405: xtra-daemon (pid 910) native
01-30 16:01:03.055  1089  1865 I ActivityManager:   ntv   ??    1358: init (pid 277) native
01-30 16:01:03.055  1089  1865 I ActivityManager:   ntv   ??    1339: thermal-engine (pid 2036) native
01-30 16:01:03.055  1089  1865 I ActivityManager:   ntv   ??    1268: vendor.qti.hardware.display.allocator-service (pid 493) native
01-30 16:01:03.055  1089  1865 I ActivityManager:   ntv   ??    1229: adbd (pid 2087) native
01-30 16:01:03.055  1089  1865 I ActivityManager:   ntv   ??    1213: storaged (pid 767) native
01-30 16:01:03.055  1089  1865 I ActivityManager:   ntv   ??    1161: qseecomd (pid 344) native
01-30 16:01:03.055  1089  1865 I ActivityManager:   ntv   ??    1158: wificond (pid 772) native
01-30 16:01:03.055  1089  1865 I ActivityManager:   ntv   ??    1132: sensors.qti (pid 522) native
01-30 16:01:03.055  1089  1865 I ActivityManager:   ntv   ??    1120: android.hardware.wifi@1.0-service (pid 492) native
01-30 16:01:03.055  1089  1865 I ActivityManager:   ntv   ??    1090: keystore (pid 737) native
01-30 16:01:03.055  1089  1865 I ActivityManager:   ntv   ??    1085: gpuservice (pid 503) native
01-30 16:01:03.055  1089  1865 I ActivityManager:   ntv   ??    1080: perfservice (pid 776) native
01-30 16:01:03.055  1089  1865 I ActivityManager:   ntv   ??    1080: qti (pid 1022) native
01-30 16:01:03.055  1089  1865 I ActivityManager:   ntv   ??    1013: hwservicemanager (pid 297) native
01-30 16:01:03.055  1089  1865 I ActivityManager:   ntv   ??     971: gatekeeperd (pid 890) native
01-30 16:01:03.055  1089  1865 I ActivityManager:   ntv   ??     962: drmserver (pid 724) native
01-30 16:01:03.055  1089  1865 I ActivityManager:   ntv   ??     957: android.hardware.power-service (pid 490) native
01-30 16:01:03.055  1089  1865 I ActivityManager:   ntv   ??     955: imsqmidaemon (pid 805) native
01-30 16:01:03.055  1089  1865 I ActivityManager:   ntv   ??     929: servicemanager (pid 296) native
01-30 16:01:03.055  1089  1865 I ActivityManager:   ntv   ??     918: android.hardware.keymaster@4.1-service-qti (pid 306) native
01-30 16:01:03.055  1089  1865 I ActivityManager:   ntv   ??     900: android.hardware.health@2.1-service (pid 487) native
01-30 16:01:03.055  1089  1865 I ActivityManager:   ntv   ??     870: incidentd (pid 732) native
01-30 16:01:03.055  1089  1865 I ActivityManager:   ntv   ??     869: vendor.qti.hardware.vibrator.service (pid 496) native
01-30 16:01:03.055  1089  1865 I ActivityManager:   ntv   ??     864: pm-service (pid 501) native
01-30 16:01:03.055  1089  1865 I ActivityManager:   ntv   ??     847: android.hardware.lights-service.qti (pid 488) native
01-30 16:01:03.055  1089  1865 I ActivityManager:   ntv   ??     842: android.hardware.gatekeeper@1.0-service-qti (pid 358) native
01-30 16:01:03.055  1089  1865 I ActivityManager:   ntv   ??     842: adsprpcd (pid 869) native
01-30 16:01:03.055  1089  1865 I ActivityManager:   ntv   ??     836: lmkd (pid 295) native
01-30 16:01:03.055  1089  1865 I ActivityManager:   ntv   ??     830: android.system.suspend@1.0-service (pid 356) native
01-30 16:01:03.055  1089  1865 I ActivityManager:   ntv   ??     826: vendor.qti.hardware.qseecom@1.0-service (pid 309) native
01-30 16:01:03.055  1089  1865 I ActivityManager:   ntv   ??     818: port-bridge (pid 848) native
01-30 16:01:03.055  1089  1865 I ActivityManager:   ntv   ??     811: dspservice (pid 494) native
01-30 16:01:03.055  1089  1865 I ActivityManager:   ntv   ??     802: time_daemon (pid 389) native
01-30 16:01:03.055  1089  1865 I ActivityManager:   ntv   ??     789: loc_launcher (pid 886) native
01-30 16:01:03.055  1089  1865 I ActivityManager:   ntv   ??     784: vndservicemanager (pid 298) native
01-30 16:01:03.055  1089  1865 I ActivityManager:   ntv   ??     776: android.hardware.memtrack@1.0-service (pid 489) native
01-30 16:01:03.055  1089  1865 I ActivityManager:   ntv   ??     773: android.hardware.atrace@1.0-service (pid 357) native
01-30 16:01:03.055  1089  1865 I ActivityManager:   ntv   ??     773: pm-proxy (pid 617) native
01-30 16:01:03.055  1089  1865 I ActivityManager:   ntv   ??     769: rmt_storage (pid 506) native
01-30 16:01:03.055  1089  1865 I ActivityManager:   ntv   ??     736: wcnss_service (pid 719) native
01-30 16:01:03.055  1089  1865 I ActivityManager:   ntv   ??     663: tftp_server (pid 507) native
01-30 16:01:03.056  1089  1865 I ActivityManager:   ntv   ??     584: android.hidl.allocator@1.0-service (pid 481) native
01-30 16:01:03.056  1089  1865 I ActivityManager:   ntv   ??     582: qrtr-ns (pid 618) native
01-30 16:01:03.056  1089  1865 I ActivityManager:   ntv   ??     576: traced (pid 626) native
01-30 16:01:03.056  1089  1865 I ActivityManager:   ntv   ??    2659: (Other native)
01-30 16:01:03.056  1089  1865 I ActivityManager:   sys    PER    74989: system (    2,736K memtrack) (pid 1089) fixed
01-30 16:01:03.056  1089  1865 I ActivityManager:   pers   BFGS   55119: com.android.systemui (   14,912K memtrack) (pid 1482) pers-top-ui
01-30 16:01:03.056  1089  1865 I ActivityManager:   pers   PER    13111: com.android.phone (pid 1748) fixed
01-30 16:01:03.056  1089  1865 I ActivityManager:   pers   PER    12409: com.redbend.client (pid 2255) fixed
01-30 16:01:03.056  1089  1865 I ActivityManager:   pers   PER    10428: com.qualcomm.location (pid 2263) fixed
01-30 16:01:03.056  1089  1865 I ActivityManager:   pers   PER    10118: com.jio.adc.embedded (pid 2275) fixed
01-30 16:01:03.056  1089  1865 I ActivityManager:   pers   PER     5616: org.codeaurora.ims (pid 1727) fixed
01-30 16:01:03.056  1089  1865 I ActivityManager:   pers   PER     5298: .qtidataservices (pid 1680) fixed
01-30 16:01:03.056  1089  1865 I ActivityManager:   pers   PER     4573: com.qualcomm.qti.telephonyservice (pid 1705) fixed
01-30 16:01:03.056  1089  1865 I ActivityManager:   pers   PER     4434: .dataservices (pid 1632) fixed
01-30 16:01:03.056  1089  1865 I ActivityManager:   psvc   PER     9065: com.android.providers.media.module (pid 2212) service
01-30 16:01:03.056  1089  1865 I ActivityManager:                        com.android.providers.media.module/com.android.providers.media.fuse.ExternalStorageServiceImpl<=Proc{1089:system/1000}
01-30 16:01:03.056  1089  1865 I ActivityManager:   psvc   PER     8216: com.android.bluetooth (pid 811) service
01-30 16:01:03.056  1089  1865 I ActivityManager:                        com.android.bluetooth/.gatt.GattService<=Proc{1089:system/1000}
01-30 16:01:03.056  1089  1865 I ActivityManager:   fg     BFGS   19275: com.android.launcher3 (    1,320K memtrack) (pid 2132) service
01-30 16:01:03.056  1089  1865 I ActivityManager:                        com.android.launcher3/com.android.quickstep.TouchInteractionService<=Proc{1482:com.android.systemui/u0a154}
01-30 16:01:03.056  1089  1865 I ActivityManager:   vis    BFGS   49751: com.google.android.gms.persistent (pid 2670) service
01-30 16:01:03.056  1089  1865 I ActivityManager:                        com.google.android.gms/.chimera.PersistentBoundBrokerService<=Proc{1089:system/1000}
01-30 16:01:03.056  1089  1865 I ActivityManager:   vis    BFGS   21465: com.android.systemui:screenshot (    4,372K memtrack) (pid 3492) service
01-30 16:01:03.056  1089  1865 I ActivityManager:                        com.android.systemui/.screenshot.TakeScreenshotService<=Proc{1089:system/1000}
01-30 16:01:03.056  1089  1865 I ActivityManager:   vis    BFGS    5138: com.google.android.ext.services (pid 1790) service
01-30 16:01:03.056  1089  1865 I ActivityManager:                        com.google.android.ext.services/android.ext.services.notification.Assistant<=Proc{1089:system/1000}
01-30 16:01:03.056  1089  1865 I ActivityManager:   vis    IMPF    4439: com.qualcomm.qcrilmsgtunnel (pid 2499) service
01-30 16:01:03.056  1089  1865 I ActivityManager:                        com.qualcomm.qcrilmsgtunnel/.QcrilMsgTunnelService<=Proc{1748:com.android.phone/1001}
01-30 16:01:03.056  1089  1865 I ActivityManager:   prcp   IMPB   20300: com.google.android.inputmethod.latin (pid 1577) service
01-30 16:01:03.056  1089  1865 I ActivityManager:                        com.google.android.inputmethod.latin/com.android.inputmethod.latin.LatinIME<=Proc{1089:system/1000}
01-30 16:01:03.056  1089  1865 I ActivityManager:   prcl   TRNB   21784: com.jio.myjio (pid 1754) service
01-30 16:01:03.056  1089  1865 I ActivityManager:                        com.jio.myjio/com.madme.mobile.sdk.service.LSJobService2<=Proc{1089:system/1000}
01-30 16:01:03.056  1089  1865 I ActivityManager:   svc    SVC     7921: com.qti.diagservices (pid 3785) started-services
01-30 16:01:03.056  1089  1865 I ActivityManager:             574743: TOTAL (   46,808K memtrack)
01-30 16:01:03.056  1089  1865 I ActivityManager:   MemInfo:   104,216K slab,     6,724K shmem,    16,576K vm alloc,    21,872K page tables    14,888K kernel stack
01-30 16:01:03.056  1089  1865 I ActivityManager:                  176K buffers,   108,864K cached,    82,812K mapped,    37,620K free
01-30 16:01:03.056  1089  1865 I ActivityManager:   ZRAM:    92,148K RAM,   786,428K swap total,   486,028K swap free
01-30 16:01:03.056  1089  1865 I ActivityManager:   Free RAM:    95,060K
01-30 16:01:03.056  1089  1865 I ActivityManager:        ION:    72,868K
01-30 16:01:03.056  1089  1865 I ActivityManager:   Used RAM:   780,679K
01-30 16:01:03.056  1089  1865 I ActivityManager:   Lost RAM:   178,947K
01-30 16:01:03.217  1089  1865 I DropBoxManagerService: add tag=system_server_lowmem isTagEnabled=true flags=0x2
01-30 16:01:03.248  1089  1189 W BroadcastQueue: Background execution not allowed: receiving Intent { act=android.intent.action.DROPBOX_ENTRY_ADDED flg=0x10 (has extras) } to com.google.android.gms/.stats.service.DropBoxEntryAddedReceiver
01-30 16:01:48.187  1089  1189 W BroadcastQueue: Background execution not allowed: receiving Intent { act=android.net.wifi.SCAN_RESULTS flg=0x4000010 (has extras) } to com.jio.myjio/.jionet.receiver.WifiScanReceiver
01-30 16:01:49.240  1089  2340 D CompatibilityChangeReporter: Compat change id reported: 135634846; UID 10127; state: DISABLED
01-30 16:01:49.241  1089  1190 D CompatibilityChangeReporter: Compat change id reported: 143937733; UID 10127; state: ENABLED
01-30 16:01:49.285  1089  1190 I ActivityManager: Start proc 1970:com.google.android.gms/u0a127 for service {com.google.android.gms/com.google.android.gms.ads.identifier.service.AdvertisingIdService}
01-30 16:01:51.031  1089  2340 I ActivityManager: Process com.google.android.gms (pid 1970) has died: cch+5 CEM 
01-30 16:02:25.809  1089  1360 I PowerManagerService: Waking up from Dozing (uid=1000, reason=WAKE_REASON_POWER_BUTTON, details=android.policy:POWER)...
01-30 16:02:25.846  1089  1215 I DisplayPowerController: Blocking screen on until initial contents have been drawn.
01-30 16:02:25.854  1089  1215 V DisplayPowerController: Brightness [0.52755904] reason changing to: 'manual', previous reason: 'screen_off'.
01-30 16:02:25.870  1089  1180 I DisplayManagerService: Display device changed state: "Built-in Screen", ON
01-30 16:02:25.871  1089  1205 E KernelCpuSpeedReader: Failed to read cpu-freq: /sys/devices/system/cpu/cpu0/cpufreq/stats/time_in_state: open failed: ENOENT (No such file or directory)
01-30 16:02:26.124  1089  1089 W Looper  : Slow dispatch took 313ms main h=com.android.server.power.Notifier$NotifierHandler c=com.android.server.power.Notifier$1@75099bf m=0
01-30 16:02:26.124  1089  1178 W Looper  : Slow dispatch took 310ms android.ui h=com.android.server.am.ActivityManagerService$UiHandler c=null m=31
01-30 16:02:26.144  1089  1178 W Looper  : Slow delivery took 310ms android.ui h=com.android.server.am.ActivityManagerService$UiHandler c=null m=53
01-30 16:02:26.228  1089  1089 W Looper  : Slow delivery took 313ms main h=android.os.Handler c=null m=3030
01-30 16:02:26.229  1089  1089 W Looper  : Slow dispatch took 104ms main h=android.os.Handler c=null m=3030
01-30 16:02:26.259  1089  1178 W Looper  : Drained
01-30 16:02:26.259  1089  1215 I DisplayPowerController: Unblocked screen on after 413 ms
01-30 16:02:26.260  1089  1215 W PowerManagerService: Screen on took 731 ms
01-30 16:02:26.263  1089  1215 I DreamManagerService: Gently waking up from dream.
01-30 16:02:26.263  1089  1177 I DreamManagerService: Performing gentle wake from dream.
01-30 16:02:26.283  1089  4086 I DreamManagerService: Leaving dreamland.
01-30 16:02:26.285  1089  1177 I DreamManagerService: Performing gentle wake from dream.
01-30 16:02:26.285  1089  1177 I DreamController: Stopping dream: name=ComponentInfo{com.android.systemui/com.android.systemui.doze.DozeService}, isTest=false, canDoze=true, userId=0, reason='finished self'(from 'requested stopDream')
01-30 16:02:26.396  1089  1089 W Looper  : Drained
01-30 16:02:26.527  1089  1089 W Looper  : Slow dispatch took 131ms main h=android.app.ActivityThread$H c=android.app.-$$Lambda$LoadedApk$ReceiverDispatcher$Args$_BumDX2UKsnxLVrE6UJsJZkotuA@554e08d m=0
01-30 16:02:28.079  1089  2130 D ActivityTaskManager: Top Process State changed to PROCESS_STATE_TOP
01-30 16:02:28.090  1089  2130 W ActivityTaskManager: servicetracker HIDL not available
01-30 16:02:28.090  1089  2130 E ActivityTaskManager: Unable to get servicetracker HAL instance
01-30 16:02:28.098  1089  2130 W ActivityTaskManager: servicetracker HIDL not available
01-30 16:02:28.098  1089  2130 E ActivityTaskManager: Unable to get servicetracker HAL instance
01-30 16:02:28.213  1089  3501 D CompatibilityChangeReporter: Compat change id reported: 135634846; UID 10116; state: DISABLED
01-30 16:02:28.214  1089  1190 D CompatibilityChangeReporter: Compat change id reported: 143937733; UID 10116; state: DISABLED
01-30 16:02:28.275  1089  1190 W ActivityManager: Slow operation: 62ms so far, now at startProcess: returned from zygote!
01-30 16:02:28.276  1089  1190 W ActivityManager: Slow operation: 63ms so far, now at startProcess: done updating battery stats
01-30 16:02:28.276  1089  1190 W ActivityManager: Slow operation: 64ms so far, now at startProcess: building log message
01-30 16:02:28.276  1089  1190 I ActivityManager: Start proc 2134:com.google.android.apps.searchlite/u0a116 for service {com.google.android.apps.searchlite/com.google.android.apps.searchlite.minusone.GoogleItMinusOneService}
01-30 16:02:28.276  1089  1190 W ActivityManager: Slow operation: 64ms so far, now at startProcess: starting to update pids map
01-30 16:02:28.326  1089  1190 W ActivityManager: Slow operation: 113ms so far, now at startProcess: done updating pids map
01-30 16:02:28.992  1089  1189 W BroadcastQueue: Background execution not allowed: receiving Intent { act=android.intent.action.USER_PRESENT flg=0x24200010 } to com.google.android.gms/.auth.setup.devicesignals.LockScreenReceiver
01-30 16:02:28.992  1089  1189 W BroadcastQueue: Background execution not allowed: receiving Intent { act=android.intent.action.USER_PRESENT flg=0x24200010 } to com.google.android.gms/.chimera.GmsIntentOperationService$PersistentTrustedReceiver
01-30 16:02:29.095  1089  1089 W Looper  : Slow dispatch took 124ms main h=android.app.ActivityThread$H c=android.app.-$$Lambda$LoadedApk$ReceiverDispatcher$Args$_BumDX2UKsnxLVrE6UJsJZkotuA@b3289a2 m=0
01-30 16:02:29.129  1089  2340 W ActivityManager: Slow operation: 61ms so far, now at attachApplicationLocked: after mServices.attachApplicationLocked
