01-30 15:54:23.665   734  2009 D installd: Getting dex paths for context DLC[];PCL[/data/app/~~O9BfoWvpJV_lSSOLJjr4mg==/com.google.android.gms-Ua6EwjEvAvh29LVlR8fhag==/base.apk]{PCL[/system/framework/org.apache.http.legacy.jar]#PCL[/system/framework/com.android.media.remotedisplay.jar]#PCL[/system/framework/com.android.location.provider.jar]#PCL[/system/framework/org.apache.http.legacy.jar]}
01-30 15:54:23.723   734  2009 D installd: Processing secondary dex path /data/user_de/0/com.google.android.gms/app_chimera/m/0000000f/dl-Fastpair.optional_255034100000.apk
01-30 15:54:23.790  4050  4050 W dexoptanalyzer: Could not reserve sentinel fault page
01-30 15:54:23.830   987  1142 E QMI_FW  : qmi_cci_get_ref: ref count increased 2
01-30 15:54:24.111  4050  4050 W dexoptanalyzer: Current thread not detached in Runtime shutdown
01-30 15:54:24.170   734  2009 D installd: Processed secondary dex file /data/user_de/0/com.google.android.gms/app_chimera/m/0000000f/dl-Fastpair.optional_255034100000.apk result=0
01-30 15:54:24.172   734  2009 D installd: Processing secondary dex path /data/user_de/0/com.google.android.gms/app_chimera/m/00000009/dl-Nearby.integ_212002104100300.apk
01-30 15:54:24.183  1089  1188 I UsageStatsService: User[0] Flushing usage stats to disk
01-30 15:54:24.206  4051  4051 E installd: Failed to create profile /data/user_de/0/com.google.android.gms/app_chimera/m/00000009/oat/dl-Nearby.integ_212002104100300.apk.prof: Permission denied
01-30 15:54:24.206  4051  4051 E installd: Failed to open profile /data/user_de/0/com.google.android.gms/app_chimera/m/00000009/oat/dl-Nearby.integ_212002104100300.apk.prof: Permission denied
01-30 15:54:24.261  4051  4051 W dexoptanalyzer: Could not reserve sentinel fault page
01-30 15:54:24.553  4051  4051 W dexoptanalyzer: Current thread not detached in Runtime shutdown
01-30 15:54:24.602   734  2009 D installd: Processed secondary dex file /data/user_de/0/com.google.android.gms/app_chimera/m/00000009/dl-Nearby.integ_212002104100300.apk result=0
01-30 15:54:24.605   734  2009 D installd: Getting dex paths for context PCL[];PCL[/data/app/~~O9BfoWvpJV_lSSOLJjr4mg==/com.google.android.gms-Ua6EwjEvAvh29LVlR8fhag==/base.apk]{PCL[/system/framework/org.apache.http.legacy.jar]#PCL[/system/framework/com.android.media.remotedisplay.jar]#PCL[/system/framework/com.android.location.provider.jar]#PCL[/system/framework/org.apache.http.legacy.jar]}
01-30 15:54:24.655   734  2009 D installd: Processing secondary dex path /data/user/0/com.google.android.gms/app_dg_cache/6DA55CEC49AF2928E7E401C4DB9AAFDD6E89CB64/the.apk
01-30 15:54:24.773  4054  4054 W dexoptanalyzer: Could not reserve sentinel fault page
01-30 15:54:25.059  4054  4054 W dexoptanalyzer: Current thread not detached in Runtime shutdown
01-30 15:54:25.107   734  2009 D installd: Processed secondary dex file /data/user/0/com.google.android.gms/app_dg_cache/6DA55CEC49AF2928E7E401C4DB9AAFDD6E89CB64/the.apk result=0
01-30 15:54:25.110   734  2009 D installd: Processing secondary dex path /data/user/0/com.google.android.gms/app_dg_cache/65E5A6B984253545FEF40CB5F483C054918CCA97/the.apk
01-30 15:54:25.224  4056  4056 W dexoptanalyzer: Could not reserve sentinel fault page
01-30 15:54:25.385  4059  4059 I chatty  : uid=1000(system) android.process.media expire 35 lines
01-30 15:54:25.499  4056  4056 W dexoptanalyzer: Current thread not detached in Runtime shutdown
01-30 15:54:25.547   734  2009 D installd: Processed secondary dex file /data/user/0/com.google.android.gms/app_dg_cache/65E5A6B984253545FEF40CB5F483C054918CCA97/the.apk result=0
01-30 15:54:25.550   734  2009 D installd: Getting dex paths for context PCL[];PCL[/data/app/~~O9BfoWvpJV_lSSOLJjr4mg==/com.google.android.gms-Ua6EwjEvAvh29LVlR8fhag==/base.apk]{PCL[/system/framework/org.apache.http.legacy.jar]#PCL[/system/framework/com.android.media.remotedisplay.jar]#PCL[/system/framework/com.android.location.provider.jar]#PCL[/system/framework/org.apache.http.legacy.jar]}
01-30 15:54:25.602   734  2009 D installd: Processing secondary dex path /data/user/0/com.google.android.gms/app_dg_cache/811E91EE5A2ABAC08C9C2BF22101E2F49B5DE79B/the.apk
01-30 15:54:25.611  4062  4062 D installd: Mismatched cache GID/mode at /data/user/0/com.google.android.gms/app_dg_cache/811E91EE5A2ABAC08C9C2BF22101E2F49B5DE79B/oat: found 10127/448 but expected 10127/505
01-30 15:54:25.614  4062  4062 I installd: installd cannot open oat file during dexopt/data/user/0/com.google.android.gms/app_dg_cache/811E91EE5A2ABAC08C9C2BF22101E2F49B5DE79B/oat/arm/the.odex: No such file or directory
01-30 15:54:25.614  4062  4062 I installd: installd cannot open vdex file during dexopt/data/user/0/com.google.android.gms/app_dg_cache/811E91EE5A2ABAC08C9C2BF22101E2F49B5DE79B/oat/arm/the.vdex: No such file or directory
01-30 15:54:25.667  4059  4060 I chatty  : uid=1000(system) android.process.media expire 1 line
01-30 15:54:25.668  4059  4059 E improveTouch: [DSPTouchProcessor:823] deInit: invalid state (current = 0)
01-30 15:54:25.668  4059  4059 D improveTouch: [DSPTouchProcessor:827] deInit: X pa_utf_ret = 1, ret = 1073741835
01-30 15:54:25.669  4059  4059 E improveTouch: [TouchServer:83] delete event injector
01-30 15:54:25.669  4059  4059 E improveTouch: [TouchServer:87] delete config management
01-30 15:54:25.670  4059  4059 E improveTouch: [TouchServer:90] fail to start daemon
01-30 15:54:25.670  4059  4059 E improveTouch: [Main:169] fail to initiate touch server
01-30 15:54:25.720  4062  4062 W dexoptanalyzer: Could not reserve sentinel fault page
01-30 15:54:25.997  4062  4062 W dexoptanalyzer: Current thread not detached in Runtime shutdown
01-30 15:54:26.047   734  2009 D installd: Processed secondary dex file /data/user/0/com.google.android.gms/app_dg_cache/811E91EE5A2ABAC08C9C2BF22101E2F49B5DE79B/the.apk result=1
01-30 15:54:26.058   734  2009 V installd: DexInv: --- BEGIN '/data/user/0/com.google.android.gms/app_dg_cache/811E91EE5A2ABAC08C9C2BF22101E2F49B5DE79B/the.apk' ---
01-30 15:54:26.173  4064  4064 I dex2oat32: /apex/com.android.art/bin/dex2oat32 --input-vdex-fd=-1 --output-vdex-fd=14 --updatable-bcp-packages-file=/system/etc/updatable-bcp-packages.txt --resolve-startup-const-strings=true --max-image-block-size=524288 --compiler-filter=speed-profile --profile-file-fd=16 --classpath-dir=/data/user/0/com.google.android.gms/app_dg_cache/811E91EE5A2ABAC08C9C2BF22101E2F49B5DE79B --class-loader-context=PCL[];PCL[/data/app/~~O9BfoWvpJV_lSSOLJjr4mg==/com.google.android.gms-Ua6EwjEvAvh29LVlR8fhag==/base.apk]{PCL[/system/framework/org.apache.http.legacy.jar]#PCL[/system/framework/com.android.media.remotedisplay.jar]#PCL[/system/framework/com.android.location.provider.jar]#PCL[/system/framework/org.apache.http.legacy.jar]} --class-loader-context-fds=8:9:10:11:12 --generate-mini-debug-info --compilation-reason=bg-dexopt
01-30 15:54:26.180  4064  4064 I dex2oat32: setting boot class path to /apex/com.android.art/javalib/core-oj.jar:/apex/com.android.art/javalib/core-libart.jar:/apex/com.android.art/javalib/core-icu4j.jar:/apex/com.android.art/javalib/okhttp.jar:/apex/com.android.art/javalib/bouncycastle.jar:/apex/com.android.art/javalib/apache-xml.jar:/system/framework/framework.jar:/system/framework/ext.jar:/system/framework/telephony-common.jar:/system/framework/voip-common.jar:/system/framework/ims-common.jar:/system/framework/framework-atb-backward-compatibility.jar:/system/framework/tcmiface.jar:/system/framework/telephony-ext.jar:/system/framework/qcom.fmradio.jar:/system/framework/QPerformance.jar:/system/framework/UxPerformance.jar
01-30 15:54:26.226  4064  4064 W dex2oat32: Could not reserve sentinel fault page
01-30 15:54:26.659  4064  4064 I dex2oat32: dex2oat took 505.530ms (474.300ms cpu) (threads: 4) arena alloc=4736B (4736B) java alloc=65KB (67512B) native alloc=1154KB (1182072B) free=425KB (435848B)
01-30 15:54:26.692   734  2009 V installd: DexInv: --- END '/data/user/0/com.google.android.gms/app_dg_cache/811E91EE5A2ABAC08C9C2BF22101E2F49B5DE79B/the.apk' (success) ---
01-30 15:54:26.715  1089  3488 I chatty  : uid=1000(system) Binder:1089_3 expire 2 lines
01-30 15:54:27.445  2263  2284 I alcomm.locatio: Background concurrent copying GC freed 23(48KB) AllocSpace objects, 0(0B) LOS objects, 91% free, 1781KB/19MB, paused 148us total 259.208ms
01-30 15:54:30.394  4070  4070 I chatty  : uid=1000(system) expire 36 lines
01-30 15:54:30.656  4070  4071 I chatty  : uid=1000(system) expire 1 line
01-30 15:54:30.657  4070  4070 D improveTouch: [DSPTouchProcessor:827] deInit: X pa_utf_ret = 1, ret = 1073741835
01-30 15:54:30.657  4070  4070 E improveTouch: [TouchServer:83] delete event injector
01-30 15:54:30.657  4070  4070 E improveTouch: [TouchServer:87] delete config management
01-30 15:54:30.659  4070  4070 E improveTouch: [TouchServer:90] fail to start daemon
01-30 15:54:30.659  4070  4070 E improveTouch: [Main:169] fail to initiate touch server
01-30 15:54:30.685     0     0 I swapper/1: type=1400 audit(0.0:14219): avc: denied { kill } for capability=5 scontext=u:r:kernel:s0 tcontext=u:r:kernel:s0 tclass=capability permissive=1
01-30 15:54:31.515   987  1142 E QMI_FW  : qmi_cci_get_ref: ref count increased 2
01-30 15:54:32.374  2275  2300 I io.adc.embedde: Background concurrent copying GC freed 23(48KB) AllocSpace objects, 0(0B) LOS objects, 88% free, 2485KB/20MB, paused 225us total 181.551ms
01-30 15:54:35.310  4073  4073 I chatty  : uid=1000(system) expire 36 lines
01-30 15:54:35.358   987  1142 E QMI_FW  : qmi_cci_get_ref: ref count increased 2
01-30 15:54:35.594  4073  4074 I chatty  : uid=1000(system) expire 1 line
01-30 15:54:35.603  4073  4073 D improveTouch: [DSPTouchProcessor:827] deInit: X pa_utf_ret = 1, ret = 1073741835
01-30 15:54:35.603  4073  4073 E improveTouch: [TouchServer:83] delete event injector
01-30 15:54:35.603  4073  4073 E improveTouch: [TouchServer:87] delete config management
01-30 15:54:35.604  4073  4073 E improveTouch: [TouchServer:90] fail to start daemon
01-30 15:54:35.606  4073  4073 E improveTouch: [Main:169] fail to initiate touch server
01-30 15:54:39.201   987  1142 E QMI_FW  : qmi_cci_get_ref: ref count increased 2
01-30 15:54:40.415  4075  4075 I chatty  : uid=1000(system) expire 36 lines
01-30 15:54:40.705  4075  4076 I chatty  : uid=1000(system) expire 1 line
01-30 15:54:40.715  4075  4075 D improveTouch: [DSPTouchProcessor:827] deInit: X pa_utf_ret = 1, ret = 1073741835
01-30 15:54:40.715  4075  4075 E improveTouch: [TouchServer:83] delete event injector
01-30 15:54:40.715  4075  4075 E improveTouch: [TouchServer:87] delete config management
01-30 15:54:40.717  4075  4075 E improveTouch: [TouchServer:90] fail to start daemon
01-30 15:54:40.717  4075  4075 E improveTouch: [Main:169] fail to initiate touch server
01-30 15:54:42.209  1482  1482 D KeyguardUpdateMonitor: received broadcast android.intent.action.TIME_TICK
01-30 15:54:42.209  1482  1482 D KeyguardUpdateMonitor: handleTimeUpdate
01-30 15:54:42.340  1482  1482 D KeyguardClockSwitch: Updating clock: 354
01-30 15:54:42.403  3492  3510 I emui:screensho: Background concurrent copying GC freed 87(48KB) AllocSpace objects, 0(0B) LOS objects, 90% free, 1953KB/19MB, paused 242us total 199.686ms
01-30 15:54:42.408  2670  2891 W Settings: Setting airplane_mode_on has moved from android.provider.Settings.System to android.provider.Settings.Global, returning read-only value.
01-30 15:54:42.422  2670  2891 W Settings: Setting airplane_mode_on has moved from android.provider.Settings.System to android.provider.Settings.Global, returning read-only value.
01-30 15:54:42.498  1089  1401 I chatty  : uid=1000(system) WifiScanningSer expire 2 lines
01-30 15:54:42.506   492  3676 V WifiHAL : event received NL80211_CMD_TRIGGER_SCAN
01-30 15:54:42.507   909  3596 I chatty  : uid=1021(gps) lowi-server expire 94 lines
01-30 15:54:42.591   987  1059 E QMI_FW  : qmi_cci_get_ref: ref count increased 2
01-30 15:54:42.595   987  1142 E QMI_FW  : qmi_cci_get_ref: ref count increased 2
01-30 15:54:42.595   987  1059 E QMI_FW  : qmi_cci_get_ref: ref count increased 2
01-30 15:54:42.611   987  1059 I chatty  : uid=1001(radio) DispatcherModul identical 9 lines
01-30 15:54:42.615   987  1059 E QMI_FW  : qmi_cci_get_ref: ref count increased 2
01-30 15:54:43.143   492  3676 V WifiHAL : event received NL80211_CMD_NEW_SCAN_RESULTS
01-30 15:54:43.144  1089  2340 I chatty  : uid=1000(system) Binder:1089_1D expire 14 lines
01-30 15:54:43.171   909   961 I chatty  : uid=1021(gps) lowi-server expire 7 lines
01-30 15:54:43.199  1089  1189 W BroadcastQueue: Background execution not allowed: receiving Intent { act=android.net.wifi.SCAN_RESULTS flg=0x4000010 (has extras) } to com.jio.myjio/.jionet.receiver.WifiScanReceiver
01-30 15:54:43.320  2670  2670 D BoundBrokerSvc: onRebind: Intent { act=com.google.android.gms.common.telemetry.service.START dat=chimera-action: cmp=com.google.android.gms/.chimera.PersistentApiService }
01-30 15:54:43.355  2670  2336 I FrewleTileCacheManagerV: Fetched 5 AP models from cache [CONTEXT service_id=6 ]
01-30 15:54:43.526   483   565 I chatty  : uid=1021(gps) LocApiMsgTask expire 2 lines
01-30 15:54:43.529   483   951 I chatty  : uid=1021(gps) LocApiMsgTask expire 2 lines
01-30 15:54:44.419  1089  2340 D CompatibilityChangeReporter: Compat change id reported: 135634846; UID 10127; state: DISABLED
01-30 15:54:44.420  1089  1190 D CompatibilityChangeReporter: Compat change id reported: 143937733; UID 10127; state: ENABLED
01-30 15:54:44.458   396   396 D Zygote  : Forked child process 4082
01-30 15:54:44.479  1089  1190 W ActivityManager: Slow operation: 62ms so far, now at startProcess: returned from zygote!
01-30 15:54:44.479  1089  1190 W ActivityManager: Slow operation: 63ms so far, now at startProcess: done updating battery stats
01-30 15:54:44.480  1089  1190 W ActivityManager: Slow operation: 63ms so far, now at startProcess: building log message
01-30 15:54:44.480  1089  1190 I ActivityManager: Start proc 4082:com.google.android.gms/u0a127 for service {com.google.android.gms/com.google.android.gms.ads.identifier.service.AdvertisingIdService}
01-30 15:54:44.480  1089  1190 W ActivityManager: Slow operation: 63ms so far, now at startProcess: starting to update pids map
01-30 15:54:44.481  1089  1190 W ActivityManager: Slow operation: 64ms so far, now at startProcess: done updating pids map
01-30 15:54:44.493  4082  4082 I Zygote  : seccomp disabled by setenforce 0
01-30 15:54:44.551  2087  2114 I adbd    : jdwp connection from 4082
01-30 15:54:44.594   297   297 I chatty  : uid=1000(system) hwservicemanage expire 10 lines
01-30 15:54:44.743  4082  4082 W gle.android.gm: JIT profile information will not be recorded: profile file does not exist.
01-30 15:54:44.743  4082  4082 W gle.android.gm: JIT profile information will not be recorded: profile file does not exist.
01-30 15:54:45.082  4082  4082 I Perf    : Connecting to perf service.
01-30 15:54:45.138  4082  4082 D NetworkSecurityConfig: Using Network Security Config from resource network_security_config debugBuild: false
01-30 15:54:45.155  4082  4082 D NetworkSecurityConfig: Using Network Security Config from resource network_security_config debugBuild: false
01-30 15:54:45.390   343   343 I chatty  : uid=1000(system) expire 35 lines
01-30 15:54:45.597   987  1142 E QMI_FW  : qmi_cci_get_ref: ref count increased 2
01-30 15:54:45.675   343   365 I chatty  : uid=1000(system) expire 1 line
01-30 15:54:45.678   343   343 E improveTouch: [DSPTouchProcessor:823] deInit: invalid state (current = 0)
01-30 15:54:45.678   343   343 D improveTouch: [DSPTouchProcessor:827] deInit: X pa_utf_ret = 1, ret = 1073741835
01-30 15:54:45.678   343   343 E improveTouch: [TouchServer:83] delete event injector
01-30 15:54:45.678   343   343 E improveTouch: [TouchServer:87] delete config management
01-30 15:54:45.680   343   343 E improveTouch: [TouchServer:90] fail to start daemon
01-30 15:54:45.680   343   343 E improveTouch: [Main:169] fail to initiate touch server
01-30 15:54:46.144  4082  4082 W ProviderHelper: Unknown dynamite feature providerinstaller.dynamite
01-30 15:54:46.145  4082  4082 I DynamiteModule: Considering local module com.google.android.gms.providerinstaller.dynamite:1 and remote module com.google.android.gms.providerinstaller.dynamite:0
01-30 15:54:46.146  4082  4082 I DynamiteModule: Selected local version of com.google.android.gms.providerinstaller.dynamite
01-30 15:54:46.212  4082  4082 V NativeCrypto: Registering com/google/android/gms/org/conscrypt/NativeCrypto's 329 native methods...
01-30 15:54:46.363  4082  4082 I ProviderInstaller: Installed default security provider GmsCore_OpenSSL
01-30 15:54:46.433  4082   386 I Watchcat: Started
01-30 15:54:46.453  4082  4082 I GmsApplication: [gms_startup_benchmark] Static start time (ms): 693507584, Startup latency (ms): 1260, Is system user: true
01-30 15:54:46.475  4082   386 I GMS_MM_Logger: Start time: 268911
01-30 15:54:46.475  4082   386 I GMS_MM_Logger: Started.
01-30 15:54:46.610  4082   326 I DynamiteModule: Considering local module com.google.android.gms.googlecertificates:7 and remote module com.google.android.gms.googlecertificates:0
01-30 15:54:46.610  4082   326 I DynamiteModule: Selected local version of com.google.android.gms.googlecertificates
01-30 15:54:46.731  1089  1189 I chatty  : uid=1000(system) ActivityManager expire 6 lines
01-30 15:54:48.386  2670  2670 D BoundBrokerSvc: onUnbind: Intent { act=com.google.android.gms.common.telemetry.service.START dat=chimera-action: cmp=com.google.android.gms/.chimera.PersistentApiService }
01-30 15:54:49.781  4082   327 I gle.android.gm: Waiting for a blocking GC ProfileSaver
01-30 15:54:49.935  4082   327 I gle.android.gm: WaitForGcToComplete blocked ProfileSaver on RunEmptyCheckpoint for 154.444ms
01-30 15:54:50.474   404   404 I chatty  : uid=1000(system) expire 35 lines
01-30 15:54:50.744   404   405 I chatty  : uid=1000(system) expire 1 line
01-30 15:54:50.745   404   404 E improveTouch: [DSPTouchProcessor:823] deInit: invalid state (current = 0)
01-30 15:54:50.745   404   404 D improveTouch: [DSPTouchProcessor:827] deInit: X pa_utf_ret = 1, ret = 1073741835
01-30 15:54:50.745   404   404 E improveTouch: [TouchServer:83] delete event injector
01-30 15:54:50.745   404   404 E improveTouch: [TouchServer:87] delete config management
01-30 15:54:50.746   404   404 E improveTouch: [TouchServer:90] fail to start daemon
01-30 15:54:50.746   404   404 E improveTouch: [Main:169] fail to initiate touch server
01-30 15:54:51.917   811   829 I droid.bluetoot: Background concurrent copying GC freed 51(48KB) AllocSpace objects, 0(0B) LOS objects, 91% free, 1808KB/19MB, paused 142us total 153.654ms
01-30 15:54:53.280   987  1142 E QMI_FW  : qmi_cci_get_ref: ref count increased 2
01-30 15:54:55.359   408   408 I chatty  : uid=1000(system) expire 35 lines
01-30 15:54:55.612   408   409 I chatty  : uid=1000(system) expire 1 line
01-30 15:54:55.613   408   408 E improveTouch: [DSPTouchProcessor:823] deInit: invalid state (current = 0)
01-30 15:54:55.613   408   408 D improveTouch: [DSPTouchProcessor:827] deInit: X pa_utf_ret = 1, ret = 1073741835
01-30 15:54:55.613   408   408 E improveTouch: [TouchServer:83] delete event injector
01-30 15:54:55.613   408   408 E improveTouch: [TouchServer:87] delete config management
01-30 15:54:55.614   408   408 E improveTouch: [TouchServer:90] fail to start daemon
01-30 15:54:55.614   408   408 E improveTouch: [Main:169] fail to initiate touch server
01-30 15:54:57.536   297   297 I chatty  : uid=1000(system) hwservicemanage expire 10 lines
01-30 15:55:00.353   412   412 I chatty  : uid=1000(system) expire 36 lines
01-30 15:55:00.614   412   413 I chatty  : uid=1000(system) expire 1 line
01-30 15:55:00.616   412   412 D improveTouch: [DSPTouchProcessor:827] deInit: X pa_utf_ret = 1, ret = 1073741835
01-30 15:55:00.616   412   412 E improveTouch: [TouchServer:83] delete event injector
01-30 15:55:00.616   412   412 E improveTouch: [TouchServer:87] delete config management
01-30 15:55:00.617   412   412 E improveTouch: [TouchServer:90] fail to start daemon
01-30 15:55:00.617   412   412 E improveTouch: [Main:169] fail to initiate touch server
01-30 15:55:00.685     0     0 I swapper/0: type=1400 audit(0.0:14220): avc: denied { kill } for capability=5 scontext=u:r:kernel:s0 tcontext=u:r:kernel:s0 tclass=capability permissive=1
01-30 15:55:02.164  1727  1727 D QtiCarrierConfigHelper: WARNING, no carrier configs on phone Id: 0
01-30 15:55:02.196  1482  1482 D KeyguardUpdateMonitor: received broadcast android.intent.action.BATTERY_CHANGED
01-30 15:55:02.212  1482  1482 D KeyguardUpdateMonitor: handleBatteryUpdate
01-30 15:55:05.368   417   417 I chatty  : uid=1000(system) expire 36 lines
01-30 15:55:05.621   417   418 I chatty  : uid=1000(system) expire 1 line
01-30 15:55:05.623   417   417 D improveTouch: [DSPTouchProcessor:827] deInit: X pa_utf_ret = 1, ret = 1073741835
01-30 15:55:05.623   417   417 E improveTouch: [TouchServer:83] delete event injector
01-30 15:55:05.623   417   417 E improveTouch: [TouchServer:87] delete config management
01-30 15:55:05.624   417   417 E improveTouch: [TouchServer:90] fail to start daemon
01-30 15:55:05.624   417   417 E improveTouch: [Main:169] fail to initiate touch server
01-30 15:55:07.381  2212  2233 I FuseDaemon: Background concurrent copying GC freed 14141(1024KB) AllocSpace objects, 1(20KB) LOS objects, 89% free, 2156KB/20MB, paused 200us total 205.808ms
01-30 15:55:07.382  2212  2233 W FuseDaemon: Reducing the number of considered missed Gc histogram windows from 102 to 100
01-30 15:55:08.640   987  1142 E QMI_FW  : qmi_cci_get_ref: ref count increased 2
01-30 15:55:10.382   419   419 I chatty  : uid=1000(system) expire 35 lines
01-30 15:55:10.640   419   421 I chatty  : uid=1000(system) expire 1 line
01-30 15:55:10.641   419   419 E improveTouch: [DSPTouchProcessor:823] deInit: invalid state (current = 0)
01-30 15:55:10.641   419   419 D improveTouch: [DSPTouchProcessor:827] deInit: X pa_utf_ret = 1, ret = 1073741835
01-30 15:55:10.641   419   419 E improveTouch: [TouchServer:83] delete event injector
01-30 15:55:10.641   419   419 E improveTouch: [TouchServer:87] delete config management
01-30 15:55:10.642   419   419 E improveTouch: [TouchServer:90] fail to start daemon
01-30 15:55:10.642   419   419 E improveTouch: [Main:169] fail to initiate touch server
01-30 15:55:12.470   987  1142 E QMI_FW  : qmi_cci_get_ref: ref count increased 2
01-30 15:55:12.849   295   295 I lowmemorykiller: Kill 'com.google.android.gms' (4082), uid 10127, oom_adj 905 to free 31136kB
01-30 15:55:12.931  1089  3547 I ActivityManager: Process com.google.android.gms (pid 4082) has died: cch+5 CEM 
01-30 15:55:12.961   396   396 I Zygote  : Process 4082 exited due to signal 9 (Killed)
01-30 15:55:12.971  1577  1577 I AppBase : AppBase.onTrimMemory():786 onTrimMemory(): 15
01-30 15:55:12.972  1577  1577 I GoogleInputMethodService: GoogleInputMethodService.onTrimMemory():4569 onTrimMemory(): 15
01-30 15:55:13.108  2670  2684 I .gms.persisten: Background concurrent copying GC freed 256076(11MB) AllocSpace objects, 4(72KB) LOS objects, 57% free, 13MB/31MB, paused 170us total 846.667ms
01-30 15:55:14.431  1089   426 I ActivityManager: Low on memory:
01-30 15:55:14.432  1089   426 I ActivityManager:   ntv   ??   33711: surfaceflinger (   23,468K memtrack) (pid 504) native
01-30 15:55:14.432  1089   426 I ActivityManager:   ntv   ??   22259: zygote (pid 396) native
01-30 15:55:14.432  1089   426 I ActivityManager:   ntv   ??   18279: android.hardware.camera.provider@2.4-service (pid 482) native
01-30 15:55:14.432  1089   426 I ActivityManager:   ntv   ??   12092: mediaserver (pid 757) native
01-30 15:55:14.432  1089   426 I ActivityManager:   ntv   ??   11259: android.hardware.audio.service (pid 480) native
01-30 15:55:14.432  1089   426 I ActivityManager:   ntv   ??    7287: media.extractor (pid 744) native
01-30 15:55:14.432  1089   426 I ActivityManager:   ntv   ??    6235: qcrild (pid 987) native
01-30 15:55:14.432  1089   426 I ActivityManager:   ntv   ??    5749: audioserver (pid 502) native
01-30 15:55:14.432  1089   426 I ActivityManager:   ntv   ??    4562: media.swcodec (pid 882) native
01-30 15:55:14.432  1089   426 I ActivityManager:   ntv   ??    3611: cameraserver (pid 723) native
01-30 15:55:14.432  1089   426 I ActivityManager:   ntv   ??    3188: netmgrd (pid 846) native
01-30 15:55:14.432  1089   426 I ActivityManager:   ntv   ??    3026: init (pid 1) native
01-30 15:55:14.432  1089   426 I ActivityManager:   ntv   ??    2898: android.hardware.graphics.composer@2.1-service (pid 484) native
01-30 15:55:14.432  1089   426 I ActivityManager:   ntv   ??    2487: media.metrics (pid 752) native
01-30 15:55:14.432  1089   426 I ActivityManager:   ntv   ??    2484: media.codec (pid 787) native
01-30 15:55:14.432  1089   426 I ActivityManager:   ntv   ??    2303: android.hardware.gnss@2.1-service-qti (pid 483) native
01-30 15:55:14.432  1089   426 I ActivityManager:   ntv   ??    2212: netd (pid 395) native
01-30 15:55:14.432  1089   426 I ActivityManager:   ntv   ??    2124: cnd (pid 790) native
01-30 15:55:14.432  1089   426 I ActivityManager:   ntv   ??    1986: vendor.qti.hardware.perf@2.2-service (pid 495) native
01-30 15:55:14.432  1089   426 I ActivityManager:   ntv   ??    1944: ims_rtp_daemon (pid 1075) native
01-30 15:55:14.432  1089   426 I ActivityManager:   ntv   ??    1862: imsdatadaemon (pid 939) native
01-30 15:55:14.432  1089   426 I ActivityManager:   ntv   ??    1857: installd (pid 734) native
01-30 15:55:14.432  1089   426 I ActivityManager:   ntv   ??    1856: android.hardware.sensors@1.0-service (pid 491) native
01-30 15:55:14.432  1089   426 I ActivityManager:   ntv   ??    1736: ueventd (pid 280) native
01-30 15:55:14.432  1089   426 I ActivityManager:   ntv   ??    1729: imsrcsd (pid 1006) native
01-30 15:55:14.432  1089   426 I ActivityManager:   ntv   ??    1647: logd (pid 294) native
01-30 15:55:14.432  1089   426 I ActivityManager:   ntv   ??    1581: statsd (pid 394) native
01-30 15:55:14.432  1089   426 I ActivityManager:   ntv   ??    1525: lowi-server (pid 909) native
01-30 15:55:14.432  1089   426 I ActivityManager:   ntv   ??    1508: android.hardware.bluetooth@1.0-service-qti-lazy (pid 3020) native
01-30 15:55:14.432  1089   426 I ActivityManager:   ntv   ??    1484: vold (pid 331) native
01-30 15:55:14.432  1089   426 I ActivityManager:   ntv   ??    1405: xtra-daemon (pid 910) native
01-30 15:55:14.432  1089   426 I ActivityManager:   ntv   ??    1358: init (pid 277) native
01-30 15:55:14.432  1089   426 I ActivityManager:   ntv   ??    1339: thermal-engine (pid 2036) native
01-30 15:55:14.432  1089   426 I ActivityManager:   ntv   ??    1268: vendor.qti.hardware.display.allocator-service (pid 493) native
01-30 15:55:14.432  1089   426 I ActivityManager:   ntv   ??    1213: storaged (pid 767) native
01-30 15:55:14.432  1089   426 I ActivityManager:   ntv   ??    1211: adbd (pid 2087) native
01-30 15:55:14.432  1089   426 I ActivityManager:   ntv   ??    1161: qseecomd (pid 344) native
01-30 15:55:14.432  1089   426 I ActivityManager:   ntv   ??    1154: wificond (pid 772) native
01-30 15:55:14.432  1089   426 I ActivityManager:   ntv   ??    1132: sensors.qti (pid 522) native
01-30 15:55:14.432  1089   426 I ActivityManager:   ntv   ??    1120: android.hardware.wifi@1.0-service (pid 492) native
01-30 15:55:14.432  1089   426 I ActivityManager:   ntv   ??    1090: keystore (pid 737) native
01-30 15:55:14.432  1089   426 I ActivityManager:   ntv   ??    1085: gpuservice (pid 503) native
01-30 15:55:14.432  1089   426 I ActivityManager:   ntv   ??    1080: perfservice (pid 776) native
01-30 15:55:14.432  1089   426 I ActivityManager:   ntv   ??    1080: qti (pid 1022) native
01-30 15:55:14.432  1089   426 I ActivityManager:   ntv   ??    1013: hwservicemanager (pid 297) native
01-30 15:55:14.432  1089   426 I ActivityManager:   ntv   ??     971: gatekeeperd (pid 890) native
01-30 15:55:14.432  1089   426 I ActivityManager:   ntv   ??     962: drmserver (pid 724) native
01-30 15:55:14.432  1089   426 I ActivityManager:   ntv   ??     957: android.hardware.power-service (pid 490) native
01-30 15:55:14.432  1089   426 I ActivityManager:   ntv   ??     955: imsqmidaemon (pid 805) native
01-30 15:55:14.432  1089   426 I ActivityManager:   ntv   ??     926: servicemanager (pid 296) native
01-30 15:55:14.432  1089   426 I ActivityManager:   ntv   ??     918: android.hardware.keymaster@4.1-service-qti (pid 306) native
01-30 15:55:14.432  1089   426 I ActivityManager:   ntv   ??     900: android.hardware.health@2.1-service (pid 487) native
01-30 15:55:14.432  1089   426 I ActivityManager:   ntv   ??     870: incidentd (pid 732) native
01-30 15:55:14.432  1089   426 I ActivityManager:   ntv   ??     869: vendor.qti.hardware.vibrator.service (pid 496) native
01-30 15:55:14.432  1089   426 I ActivityManager:   ntv   ??     864: pm-service (pid 501) native
01-30 15:55:14.432  1089   426 I ActivityManager:   ntv   ??     847: android.hardware.lights-service.qti (pid 488) native
01-30 15:55:14.432  1089   426 I ActivityManager:   ntv   ??     842: android.hardware.gatekeeper@1.0-service-qti (pid 358) native
01-30 15:55:14.432  1089   426 I ActivityManager:   ntv   ??     842: adsprpcd (pid 869) native
01-30 15:55:14.432  1089   426 I ActivityManager:   ntv   ??     836: lmkd (pid 295) native
01-30 15:55:14.432  1089   426 I ActivityManager:   ntv   ??     830: android.system.suspend@1.0-service (pid 356) native
01-30 15:55:14.432  1089   426 I ActivityManager:   ntv   ??     826: vendor.qti.hardware.qseecom@1.0-service (pid 309) native
01-30 15:55:14.432  1089   426 I ActivityManager:   ntv   ??     818: port-bridge (pid 848) native
01-30 15:55:14.432  1089   426 I ActivityManager:   ntv   ??     811: dspservice (pid 494) native
01-30 15:55:14.432  1089   426 I ActivityManager:   ntv   ??     802: time_daemon (pid 389) native
01-30 15:55:14.432  1089   426 I ActivityManager:   ntv   ??     789: loc_launcher (pid 886) native
01-30 15:55:14.432  1089   426 I ActivityManager:   ntv   ??     784: vndservicemanager (pid 298) native
01-30 15:55:14.432  1089   426 I ActivityManager:   ntv   ??     776: android.hardware.memtrack@1.0-service (pid 489) native
01-30 15:55:14.432  1089   426 I ActivityManager:   ntv   ??     773: android.hardware.atrace@1.0-service (pid 357) native
01-30 15:55:14.432  1089   426 I ActivityManager:   ntv   ??     773: pm-proxy (pid 617) native
01-30 15:55:14.432  1089   426 I ActivityManager:   ntv   ??     769: rmt_storage (pid 506) native
01-30 15:55:14.432  1089   426 I ActivityManager:   ntv   ??     736: wcnss_service (pid 719) native
01-30 15:55:14.432  1089   426 I ActivityManager:   ntv   ??     663: tftp_server (pid 507) native
01-30 15:55:14.432  1089   426 I ActivityManager:   ntv   ??     584: android.hidl.allocator@1.0-service (pid 481) native
01-30 15:55:14.432  1089   426 I ActivityManager:   ntv   ??     582: qrtr-ns (pid 618) native
01-30 15:55:14.432  1089   426 I ActivityManager:   ntv   ??     576: traced (pid 626) native
01-30 15:55:14.432  1089   426 I ActivityManager:   ntv   ??    2675: (Other native)
01-30 15:55:14.432  1089   426 I ActivityManager:   sys    PER    70510: system (    2,736K memtrack) (pid 1089) fixed
01-30 15:55:14.432  1089   426 I ActivityManager:   pers   BFGS   53256: com.android.systemui (   14,912K memtrack) (pid 1482) pers-top-ui
01-30 15:55:14.432  1089   426 I ActivityManager:   pers   PER    13135: com.android.phone (pid 1748) fixed
01-30 15:55:14.432  1089   426 I ActivityManager:   pers   PER    12377: com.redbend.client (pid 2255) fixed
01-30 15:55:14.432  1089   426 I ActivityManager:   pers   PER    10439: com.qualcomm.location (pid 2263) fixed
01-30 15:55:14.432  1089   426 I ActivityManager:   pers   PER    10147: com.jio.adc.embedded (pid 2275) fixed
01-30 15:55:14.432  1089   426 I ActivityManager:   pers   PER     5628: org.codeaurora.ims (pid 1727) fixed
01-30 15:55:14.432  1089   426 I ActivityManager:   pers   PER     5264: .qtidataservices (pid 1680) fixed
01-30 15:55:14.432  1089   426 I ActivityManager:   pers   PER     4570: com.qualcomm.qti.telephonyservice (pid 1705) fixed
01-30 15:55:14.432  1089   426 I ActivityManager:   pers   PER     4490: .dataservices (pid 1632) fixed
01-30 15:55:14.432  1089   426 I ActivityManager:   psvc   PER     9704: com.android.providers.media.module (pid 2212) service
01-30 15:55:14.432  1089   426 I ActivityManager:                        com.android.providers.media.module/com.android.providers.media.fuse.ExternalStorageServiceImpl<=Proc{1089:system/1000}
01-30 15:55:14.432  1089   426 I ActivityManager:   psvc   PER     8250: com.android.bluetooth (pid 811) service
01-30 15:55:14.432  1089   426 I ActivityManager:                        com.android.bluetooth/.gatt.GattService<=Proc{1089:system/1000}
01-30 15:55:14.432  1089   426 I ActivityManager:   fg     BFGS   19152: com.android.launcher3 (    1,320K memtrack) (pid 2132) service
01-30 15:55:14.432  1089   426 I ActivityManager:                        com.android.launcher3/com.android.quickstep.TouchInteractionService<=Proc{1482:com.android.systemui/u0a154}
01-30 15:55:14.432  1089   426 I ActivityManager:   vis    BFGS   46276: com.google.android.gms.persistent (pid 2670) service
01-30 15:55:14.432  1089   426 I ActivityManager:                        com.google.android.gms/.chimera.PersistentBoundBrokerService<=Proc{1089:system/1000}
01-30 15:55:14.432  1089   426 I ActivityManager:   vis    BFGS   21588: com.android.systemui:screenshot (    4,372K memtrack) (pid 3492) service
01-30 15:55:14.432  1089   426 I ActivityManager:                        com.android.systemui/.screenshot.TakeScreenshotService<=Proc{1089:system/1000}
01-30 15:55:14.432  1089   426 I ActivityManager:   vis    BFGS    5153: com.google.android.ext.services (pid 1790) service
01-30 15:55:14.432  1089   426 I ActivityManager:                        com.google.android.ext.services/android.ext.services.notification.Assistant<=Proc{1089:system/1000}
01-30 15:55:14.432  1089   426 I ActivityManager:   vis    IMPF    4426: com.qualcomm.qcrilmsgtunnel (pid 2499) service
01-30 15:55:14.432  1089   426 I ActivityManager:                        com.qualcomm.qcrilmsgtunnel/.QcrilMsgTunnelService<=Proc{1748:com.android.phone/1001}
01-30 15:55:14.432  1089   426 I ActivityManager:   prcp   IMPB   20008: com.google.android.inputmethod.latin (pid 1577) service
01-30 15:55:14.432  1089   426 I ActivityManager:                        com.google.android.inputmethod.latin/com.android.inputmethod.latin.LatinIME<=Proc{1089:system/1000}
01-30 15:55:14.432  1089   426 I ActivityManager:   prcl   TRNB   23491: com.jio.myjio (pid 1754) service
01-30 15:55:14.432  1089   426 I ActivityManager:                        com.jio.myjio/com.madme.mobile.sdk.service.LSJobService2<=Proc{1089:system/1000}
01-30 15:55:14.432  1089   426 I ActivityManager:   svc    SVC     8380: com.qti.diagservices (pid 3785) started-services
01-30 15:55:14.432  1089   426 I ActivityManager:             567560: TOTAL (   46,808K memtrack)
01-30 15:55:14.432  1089   426 I ActivityManager:   MemInfo:   104,152K slab,     4,888K shmem,    16,576K vm alloc,    21,872K page tables    14,928K kernel stack
01-30 15:55:14.432  1089   426 I ActivityManager:                  648K buffers,   104,880K cached,    69,612K mapped,    48,664K free
01-30 15:55:14.432  1089   426 I ActivityManager:   ZRAM:   112,112K RAM,   786,428K swap total,   447,564K swap free
01-30 15:55:14.432  1089   426 I ActivityManager:   Free RAM:   115,648K
01-30 15:55:14.432  1089   426 I ActivityManager:        ION:    72,868K
01-30 15:55:14.432  1089   426 I ActivityManager:   Used RAM:   771,780K
01-30 15:55:14.432  1089   426 I ActivityManager:   Lost RAM:   183,983K
01-30 15:55:14.633  1089   426 I DropBoxManagerService: add tag=system_server_lowmem isTagEnabled=true flags=0x2
01-30 15:55:14.662  1089  1189 W BroadcastQueue: Background execution not allowed: receiving Intent { act=android.intent.action.DROPBOX_ENTRY_ADDED flg=0x10 (has extras) } to com.google.android.gms/.stats.service.DropBoxEntryAddedReceiver
01-30 15:55:15.521   427   427 I chatty  : uid=1000(system) expire 35 lines
01-30 15:55:15.781   427   429 I chatty  : uid=1000(system) expire 1 line
01-30 15:55:15.782   427   427 E improveTouch: [DSPTouchProcessor:823] deInit: invalid state (current = 0)
01-30 15:55:15.782   427   427 D improveTouch: [DSPTouchProcessor:827] deInit: X pa_utf_ret = 1, ret = 1073741835
01-30 15:55:15.782   427   427 E improveTouch: [TouchServer:83] delete event injector
01-30 15:55:15.782   427   427 E improveTouch: [TouchServer:87] delete config management
01-30 15:55:15.783   427   427 E improveTouch: [TouchServer:90] fail to start daemon
01-30 15:55:15.783   427   427 E improveTouch: [Main:169] fail to initiate touch server
01-30 15:55:19.350  1754  1754 W JobInfo : Requested backoff +5s0ms for job 1000 is too small; raising to +10s0ms
01-30 15:55:20.157   987  1142 E QMI_FW  : qmi_cci_get_ref: ref count increased 2
01-30 15:55:20.480   430   430 I chatty  : uid=1000(system) expire 36 lines
01-30 15:55:20.633  1089  1101 I chatty  : uid=1000(system) HeapTaskDaemon expire 1 line
01-30 15:55:20.746   430   431 I chatty  : uid=1000(system) expire 1 line
01-30 15:55:20.747   430   430 D improveTouch: [DSPTouchProcessor:827] deInit: X pa_utf_ret = 1, ret = 1073741835
01-30 15:55:20.747   430   430 E improveTouch: [TouchServer:83] delete event injector
01-30 15:55:20.747   430   430 E improveTouch: [TouchServer:87] delete config management
01-30 15:55:20.748   430   430 E improveTouch: [TouchServer:90] fail to start daemon
01-30 15:55:20.748   430   430 E improveTouch: [Main:169] fail to initiate touch server
01-30 15:55:25.067  1482  1497 I ndroid.systemu: Background concurrent copying GC freed 9153(454KB) AllocSpace objects, 0(0B) LOS objects, 74% free, 6318KB/24MB, paused 279us total 385.190ms
01-30 15:55:25.550   437   437 I chatty  : uid=1000(system) expire 36 lines
01-30 15:55:25.824   437   440 I chatty  : uid=1000(system) expire 1 line
01-30 15:55:25.825   437   437 D improveTouch: [DSPTouchProcessor:827] deInit: X pa_utf_ret = 1, ret = 1073741835
01-30 15:55:25.825   437   437 E improveTouch: [TouchServer:83] delete event injector
01-30 15:55:25.825   437   437 E improveTouch: [TouchServer:87] delete config management
01-30 15:55:25.826   437   437 E improveTouch: [TouchServer:90] fail to start daemon
01-30 15:55:25.826   437   437 E improveTouch: [Main:169] fail to initiate touch server
01-30 15:55:27.841   987  1142 E QMI_FW  : qmi_cci_get_ref: ref count increased 2
01-30 15:55:29.816  1632  1648 I .dataservices: Background concurrent copying GC freed 23(48KB) AllocSpace objects, 0(0B) LOS objects, 91% free, 1728KB/19MB, paused 153us total 131.363ms
01-30 15:55:30.424   442   442 I chatty  : uid=1000(system) expire 35 lines
01-30 15:55:30.694   442   443 I chatty  : uid=1000(system) expire 1 line
01-30 15:55:30.698   442   442 E improveTouch: [DSPTouchProcessor:823] deInit: invalid state (current = 0)
01-30 15:55:30.698   442   442 D improveTouch: [DSPTouchProcessor:827] deInit: X pa_utf_ret = 1, ret = 1073741835
01-30 15:55:30.698   442   442 E improveTouch: [TouchServer:83] delete event injector
01-30 15:55:30.698   442   442 E improveTouch: [TouchServer:87] delete config management
01-30 15:55:30.700   442   442 E improveTouch: [TouchServer:90] fail to start daemon
01-30 15:55:30.701   442   442 E improveTouch: [Main:169] fail to initiate touch server
01-30 15:55:35.517   987  1142 E QMI_FW  : qmi_cci_get_ref: ref count increased 2
01-30 15:55:35.567   456   456 I chatty  : uid=1000(system) expire 36 lines
01-30 15:55:35.833   456   458 I chatty  : uid=1000(system) expire 1 line
01-30 15:55:35.835   456   456 D improveTouch: [DSPTouchProcessor:827] deInit: X pa_utf_ret = 1, ret = 1073741835
01-30 15:55:35.835   456   456 E improveTouch: [TouchServer:83] delete event injector
01-30 15:55:35.835   456   456 E improveTouch: [TouchServer:87] delete config management
01-30 15:55:35.836   456   456 E improveTouch: [TouchServer:90] fail to start daemon
01-30 15:55:35.836   456   456 E improveTouch: [Main:169] fail to initiate touch server
01-30 15:55:39.361   987  1142 E QMI_FW  : qmi_cci_get_ref: ref count increased 2
01-30 15:55:40.445   466   466 I chatty  : uid=1000(system) expire 36 lines
01-30 15:55:40.706   466   467 I chatty  : uid=1000(system) expire 1 line
01-30 15:55:40.707   466   466 D improveTouch: [DSPTouchProcessor:827] deInit: X pa_utf_ret = 1, ret = 1073741835
01-30 15:55:40.707   466   466 E improveTouch: [TouchServer:83] delete event injector
01-30 15:55:40.707   466   466 E improveTouch: [TouchServer:87] delete config management
01-30 15:55:40.709   466   466 E improveTouch: [TouchServer:90] fail to start daemon
01-30 15:55:40.709   466   466 E improveTouch: [Main:169] fail to initiate touch server
01-30 15:55:43.304  1482  1482 D KeyguardUpdateMonitor: received broadcast android.intent.action.TIME_TICK
01-30 15:55:43.308  1482  1482 D KeyguardUpdateMonitor: handleTimeUpdate
01-30 15:55:43.310  1482  1482 D KeyguardClockSwitch: Updating clock: 355
01-30 15:55:43.319  1089  1089 W Looper  : Slow dispatch took 174ms main h=com.android.server.AlarmManagerService$AlarmHandler c=com.android.server.-$$Lambda$AlarmManagerService$3$jIkPWjqS66vG6aFVQoHxR2w4HPE@8c92bba m=0
01-30 15:55:43.333  1089  1089 I chatty  : uid=1000(system) Binder:1089_3 expire 3 lines
01-30 15:55:43.415  2670  2891 W Settings: Setting airplane_mode_on has moved from android.provider.Settings.System to android.provider.Settings.Global, returning read-only value.
01-30 15:55:43.432  2670  2891 W Settings: Setting airplane_mode_on has moved from android.provider.Settings.System to android.provider.Settings.Global, returning read-only value.
01-30 15:55:43.505   987  1059 E QMI_FW  : qmi_cci_get_ref: ref count increased 2
01-30 15:55:43.524   987  1059 E QMI_FW  : qmi_cci_get_ref: ref count increased 2
01-30 15:55:43.527   909  3596 I chatty  : uid=1021(gps) lowi-server expire 13 lines
01-30 15:55:43.528   492  3676 V WifiHAL : event received NL80211_CMD_TRIGGER_SCAN
01-30 15:55:43.529   987  1059 E QMI_FW  : qmi_cci_get_ref: ref count increased 2
01-30 15:55:43.533   987  1059 E QMI_FW  : qmi_cci_get_ref: ref count increased 2
01-30 15:55:43.772  1089  1178 W Looper  : Slow dispatch took 450ms android.ui h=com.android.server.am.ActivityManagerService$UiHandler c=null m=68
01-30 15:55:44.142   492  3676 V WifiHAL : event received NL80211_CMD_NEW_SCAN_RESULTS
01-30 15:55:44.144   909  3596 D LOWI-9.0.0.79: [LOWI-Scan] decode_rsn_wpa_ie: Entered
01-30 15:55:44.144   909  3596 D LOWI-9.0.0.79: [LOWIUtils] hexDump: msg(30 14 01 00 00 0f ac 04 01 00 00 0f ac 04 01 00 00 0f ac 02 )
01-30 15:55:44.144   909  3596 D LOWI-9.0.0.79: [LOWI-Scan] decode_rsn_wpa_ie: LOWI_ENCRYPTION_TYPE_WPA_PSK
01-30 15:55:44.144   909  3596 D LOWI-9.0.0.79: [LOWI-Scan] is_qcom_ie, bss_age: 34
01-30 15:55:44.145   909  3596 D LOWI-9.0.0.79: [LOWI-Scan] BSS 26:fb:e3:fc:5a:1b LOWI_PHY_MODE_11NG_HT20(5), Beacon Interval: 100, LOWI_ENCRYPTION_TYPE_WPA_PSK 11mcRanging: No, ANQP: No, LCI: No, Civic: No, capability(0x0411): ESS Privacy ShortSlotTime
01-30 15:55:44.145   909  3596 D LOWI-9.0.0.79: [LOWI-Scan] BSS 26:fb:e3:fc:5a:1b FREQ: 2437, cFreq1[40:80:160] = [0:0:0] cFreq2 = 0 Country Code =    
01-30 15:55:44.145   909  3596 D LOWI-9.0.0.79: [LOWI-Scan] BSS 26:fb:e3:fc:5a:1b (wlan0) ASSO: NO AddInfo: 0x0, TSF 8, 00:39:26.531, RSSI: -152, CPL: 127, AGE: 0,  SSID DIRECT-1B-HP 4104dw LJ, TSFDelta: 0x0, TXRate: 0
01-30 15:55:44.145   909  3596 D LOWI-9.0.0.79: [LOWI-Scan] 
01-30 15:55:44.145   909  3596 D LOWI-9.0.0.79: [LOWI-Scan] print_bss_handler: Report Probe TSF 693566531746 as it greater than Beacon TSF 0
01-30 15:55:44.145   909  3596 I LOWI-9.0.0.79: [LOWI-Scan] RSN_IE
01-30 15:55:44.145   909  3596 D LOWI-9.0.0.79: [LOWI-Scan] decode_rsn_wpa_ie: Entered
01-30 15:55:44.145   909  3596 D LOWI-9.0.0.79: [LOWIUtils] hexDump: msg(30 18 01 00 00 0f ac 04 01 00 00 0f ac 04 02 00 00 0f ac 01 00 0f ac 03 )
01-30 15:55:44.145   909  3596 D LOWI-9.0.0.79: [LOWI-Scan] decode_rsn_wpa_ie: LOWI_ENCRYPTION_TYPE_WPA_EAP
01-30 15:55:44.145   909  3596 D LOWI-9.0.0.79: [LOWI-Scan] is_qcom_ie, bss_age: 11
01-30 15:55:44.146   909  3596 D LOWI-9.0.0.79: [LOWI-Scan] BSS 20:db:ab:95:b3:ae LOWI_PHY_MODE_11NG_HT20(5), Beacon Interval: 100, LOWI_ENCRYPTION_TYPE_WPA_EAP 11mcRanging: No, ANQP: Yes, LCI: No, Civic: No, capability(0x1431): ESS Privacy ShortPreamble ShortSlotTime
01-30 15:55:44.146   909  3596 D LOWI-9.0.0.79: [LOWI-Scan] BSS 20:db:ab:95:b3:ae FREQ: 2462, cFreq1[40:80:160] = [0:0:0] cFreq2 = 0 Country Code = IN 
01-30 15:55:44.146   909  3596 D LOWI-9.0.0.79: [LOWI-Scan] BSS 20:db:ab:95:b3:ae (wlan0) ASSO: NO AddInfo: 0x0, TSF 8, 00:39:26.531, RSSI: -110, CPL: 127, AGE: 0,  SSID JioPrivateNet, TSFDelta: 0x0, TXRate: 0
01-30 15:55:44.146   909  3596 D LOWI-9.0.0.79: [LOWI-Scan] 
01-30 15:55:44.146   909  3596 D LOWI-9.0.0.79: [LOWI-Scan] print_bss_handler: Report beacon TSF 693566531916 as it greater than probe TSF 693444534322
01-30 15:55:44.146   909  3596 I LOWI-9.0.0.79: [LOWI-Scan] RSN_IE
01-30 15:55:44.146   909  3596 D LOWI-9.0.0.79: [LOWI-Scan] decode_rsn_wpa_ie: Entered
01-30 15:55:44.146   909  3596 D LOWI-9.0.0.79: [LOWIUtils] hexDump: msg(30 18 01 00 00 0f ac 04 01 00 00 0f ac 04 02 00 00 0f ac 02 00 0f ac 04 )
01-30 15:55:44.146   909  3596 D LOWI-9.0.0.79: [LOWI-Scan] decode_rsn_wpa_ie: LOWI_ENCRYPTION_TYPE_WPA_PSK
01-30 15:55:44.147   909  3596 D LOWI-9.0.0.79: [LOWI-Scan] is_qcom_ie, bss_age: 28
01-30 15:55:44.147   909  3596 D LOWI-9.0.0.79: [LOWI-Scan] BSS 3e:24:cf:3b:e2:da LOWI_PHY_MODE_11AC_VHT40_2G(12), Beacon Interval: 100, LOWI_ENCRYPTION_TYPE_WPA_PSK 11mcRanging: No, ANQP: Yes, LCI: No, Civic: No, capability(0x1411): ESS Privacy ShortSlotTime
01-30 15:55:44.147   909  3596 D LOWI-9.0.0.79: [LOWI-Scan] BSS 3e:24:cf:3b:e2:da FREQ: 2442, cFreq1[40:80:160] = [2432:0:0] cFreq2 = 0 Country Code = US 
01-30 15:55:44.147   909  3596 D LOWI-9.0.0.79: [LOWI-Scan] BSS 3e:24:cf:3b:e2:da (wlan0) ASSO: NO AddInfo: 0x1, TSF 8, 00:39:26.531, RSSI: -160, CPL: 127, AGE: 0,  SSID VT-HQ-HYD, TSFDelta: 0x0, TXRate: 0
01-30 15:55:44.147   909  3596 D LOWI-9.0.0.79: [LOWI-Scan] 
01-30 15:55:44.147   909  3596 D LOWI-9.0.0.79: [LOWI-Scan] print_bss_handler: Report beacon TSF 693566531716 as it greater than probe TSF 693505532028
01-30 15:55:44.147   909  3596 I LOWI-9.0.0.79: [LOWI-Scan] RSN_IE
01-30 15:55:44.147   909  3596 D LOWI-9.0.0.79: [LOWI-Scan] decode_rsn_wpa_ie: Entered
01-30 15:55:44.148   909  3596 D LOWI-9.0.0.79: [LOWIUtils] hexDump: msg(30 14 01 00 00 0f ac 04 01 00 00 0f ac 04 01 00 00 0f ac 02 )
01-30 15:55:44.148   909  3596 D LOWI-9.0.0.79: [LOWI-Scan] decode_rsn_wpa_ie: LOWI_ENCRYPTION_TYPE_WPA_PSK
01-30 15:55:44.148   909  3596 D LOWI-9.0.0.79: [LOWI-Scan] is_qcom_ie, bss_age: 56
01-30 15:55:44.148   909  3596 D LOWI-9.0.0.79: [LOWI-Scan] BSS ee:db:70:4f:8b:76 LOWI_PHY_MODE_11AC_VHT20_2G(11), Beacon Interval: 100, LOWI_ENCRYPTION_TYPE_WPA_PSK 11mcRanging: No, ANQP: No, LCI: No, Civic: No, capability(0x0411): ESS Privacy ShortSlotTime
01-30 15:55:44.148   909  3596 D LOWI-9.0.0.79: [LOWI-Scan] BSS ee:db:70:4f:8b:76 FREQ: 2412, cFreq1[40:80:160] = [0:0:0] cFreq2 = 0 Country Code =    
01-30 15:55:44.148   909  3596 D LOWI-9.0.0.79: [LOWI-Scan] BSS ee:db:70:4f:8b:76 (wlan0) ASSO: NO AddInfo: 0x1, TSF 8, 00:39:26.531, RSSI: -68, CPL: 127, AGE: 0,  SSID POCO C65, TSFDelta: 0x0, TXRate: 0
01-30 15:55:44.148  1089  1994 I chatty  : uid=1000(system) Binder:1089_1A expire 2 lines
01-30 15:55:44.151   909  3596 D LOWI-9.0.0.79: [LOWI-Scan] 
01-30 15:55:44.151   909  3596 D LOWI-9.0.0.79: [LOWI-Scan] print_bss_handler: Report beacon TSF 693566531884 as it greater than probe TSF 693566531884
01-30 15:55:44.152   909  3596 I LOWI-9.0.0.79: [LOWI-Scan] RSN_IE
01-30 15:55:44.152   909  3596 D LOWI-9.0.0.79: [LOWI-Scan] decode_rsn_wpa_ie: Entered
01-30 15:55:44.152   909  3596 D LOWI-9.0.0.79: [LOWIUtils] hexDump: msg(30 14 01 00 00 0f ac 04 01 00 00 0f ac 04 01 00 00 0f ac 02 )
01-30 15:55:44.152   909  3596 D LOWI-9.0.0.79: [LOWI-Scan] decode_rsn_wpa_ie: LOWI_ENCRYPTION_TYPE_WPA_PSK
01-30 15:55:44.152   909  3596 D LOWI-9.0.0.79: [LOWI-Scan] is_qcom_ie, bss_age: 29
01-30 15:55:44.152   909  3596 D LOWI-9.0.0.79: [LOWI-Scan] BSS 3c:64:cf:3b:e2:da LOWI_PHY_MODE_11AC_VHT40_2G(12), Beacon Interval: 100, LOWI_ENCRYPTION_TYPE_WPA_PSK 11mcRanging: No, ANQP: Yes, LCI: No, Civic: No, capability(0x0411): ESS Privacy ShortSlotTime
01-30 15:55:44.152   909  3596 D LOWI-9.0.0.79: [LOWI-Scan] BSS 3c:64:cf:3b:e2:da FREQ: 2442, cFreq1[40:80:160] = [2432:0:0] cFreq2 = 0 Country Code = US 
01-30 15:55:44.152   909  3596 D LOWI-9.0.0.79: [LOWI-Scan] BSS 3c:64:cf:3b:e2:da (wlan0) ASSO: NO AddInfo: 0x1, TSF 8, 00:39:26.531, RSSI: -160, CPL: 127, AGE: 0,  SSID , TSFDelta: 0x0, TXRate: 0
01-30 15:55:44.153   909  3596 D LOWI-9.0.0.79: [LOWI-Scan] 
01-30 15:55:44.153   909  3596 D LOWI-9.0.0.79: [LOWI-Scan] print_bss_handler: Report beacon TSF 693566531804 as it greater than probe TSF 693566531804
01-30 15:55:44.153   909  3596 I LOWI-9.0.0.79: [LOWI-Scan] RSN_IE
01-30 15:55:44.153   909  3596 D LOWI-9.0.0.79: [LOWI-Scan] decode_rsn_wpa_ie: Entered
01-30 15:55:44.153   909  3596 D LOWI-9.0.0.79: [LOWIUtils] hexDump: msg(30 14 01 00 00 0f ac 04 01 00 00 0f ac 04 01 00 00 0f ac 02 )
01-30 15:55:44.153   909  3596 D LOWI-9.0.0.79: [LOWI-Scan] decode_rsn_wpa_ie: LOWI_ENCRYPTION_TYPE_WPA_PSK
01-30 15:55:44.154   909  3596 D LOWI-9.0.0.79: [LOWI-Scan] is_qcom_ie, bss_age: 31
