01-29 14:32:48.583  1089  1177 I DreamController: Stopping dream: name=ComponentInfo{com.android.systemui/com.android.systemui.doze.DozeService}, isTest=false, canDoze=true, userId=0, reason='finished self'(from 'requested stopDream')
01-29 14:32:48.602  1089  1089 W Looper  : Slow dispatch took 234ms main h=android.app.ActivityThread$H c=android.app.-$$Lambda$LoadedApk$ReceiverDispatcher$Args$_BumDX2UKsnxLVrE6UJsJZkotuA@ffe3ef0 m=0
01-29 14:32:48.621  1089  1089 W Looper  : Slow delivery took 200ms main h=android.app.ActivityThread$H c=android.app.-$$Lambda$LoadedApk$ReceiverDispatcher$Args$_BumDX2UKsnxLVrE6UJsJZkotuA@40e1c69 m=0
01-29 14:32:49.125  1089  1089 W Looper  : Slow dispatch took 315ms main h=com.android.server.job.JobSchedulerService$JobHandler c=null m=0
01-29 14:32:49.199  1089  1089 W Looper  : Drained
01-29 14:32:49.776  1089  1310 I ActivityManager: Process com.google.android.gms (pid 321) has died: cch+15 CEM 
01-29 14:32:49.801  1089  1310 W ActivityManager: Scheduling restart of crashed service com.google.android.gms/.ads.identifier.service.AdvertisingIdService in 1000ms for connection
01-29 14:32:50.214  1089  2461 I ActivityManager: Process com.jio.myjio (pid 2926) has died: fg  RCVR
01-29 14:32:50.355  1089  1177 D UsbDeviceManager: Clear notification
01-29 14:32:50.393  1089  1189 D CompatibilityChangeReporter: Compat change id reported: 135634846; UID 10079; state: DISABLED
01-29 14:32:50.395  1089  1190 D CompatibilityChangeReporter: Compat change id reported: 143937733; UID 10079; state: ENABLED
01-29 14:32:50.476  1089  1190 W ActivityManager: Slow operation: 86ms so far, now at startProcess: returned from zygote!
01-29 14:32:50.476  1089  1190 W ActivityManager: Slow operation: 86ms so far, now at startProcess: done updating battery stats
01-29 14:32:50.477  1089  1190 W ActivityManager: Slow operation: 87ms so far, now at startProcess: building log message
01-29 14:32:50.477  1089  1190 I ActivityManager: Start proc 2647:android.process.media/u0a79 for broadcast {com.android.mtp/com.android.mtp.MtpReceiver}
01-29 14:32:50.477  1089  1190 W ActivityManager: Slow operation: 87ms so far, now at startProcess: starting to update pids map
01-29 14:32:50.478  1089  1190 W ActivityManager: Slow operation: 88ms so far, now at startProcess: done updating pids map
01-29 14:32:52.067  1089  2645 I ActivityManager: Low on memory:
01-29 14:32:52.068  1089  2645 I ActivityManager:   ntv   ??   30665: surfaceflinger (   19,096K memtrack) (pid 504) native
01-29 14:32:52.068  1089  2645 I ActivityManager:   ntv   ??   18286: android.hardware.camera.provider@2.4-service (pid 482) native
01-29 14:32:52.068  1089  2645 I ActivityManager:   ntv   ??   14254: zygote (pid 396) native
01-29 14:32:52.068  1089  2645 I ActivityManager:   ntv   ??   11589: android.hardware.audio.service (pid 480) native
01-29 14:32:52.068  1089  2645 I ActivityManager:   ntv   ??    8226: mediaserver (pid 757) native
01-29 14:32:52.068  1089  2645 I ActivityManager:   ntv   ??    7560: webview_zygote (pid 1612) native
01-29 14:32:52.068  1089  2645 I ActivityManager:   ntv   ??    6342: qcrild (pid 987) native
01-29 14:32:52.068  1089  2645 I ActivityManager:   ntv   ??    5429: audioserver (pid 502) native
01-29 14:32:52.068  1089  2645 I ActivityManager:   ntv   ??    5392: media.extractor (pid 744) native
01-29 14:32:52.068  1089  2645 I ActivityManager:   ntv   ??    3574: media.swcodec (pid 882) native
01-29 14:32:52.068  1089  2645 I ActivityManager:   ntv   ??    3534: cameraserver (pid 723) native
01-29 14:32:52.068  1089  2645 I ActivityManager:   ntv   ??    3359: android.hardware.graphics.composer@2.1-service (pid 484) native
01-29 14:32:52.068  1089  2645 I ActivityManager:   ntv   ??    3175: netmgrd (pid 846) native
01-29 14:32:52.068  1089  2645 I ActivityManager:   ntv   ??    2996: init (pid 1) native
01-29 14:32:52.068  1089  2645 I ActivityManager:   ntv   ??    2485: media.codec (pid 787) native
01-29 14:32:52.068  1089  2645 I ActivityManager:   ntv   ??    2470: android.hardware.gnss@2.1-service-qti (pid 483) native
01-29 14:32:52.068  1089  2645 I ActivityManager:   ntv   ??    2454: netd (pid 395) native
01-29 14:32:52.068  1089  2645 I ActivityManager:   ntv   ??    2258: media.metrics (pid 752) native
01-29 14:32:52.068  1089  2645 I ActivityManager:   ntv   ??    2119: cnd (pid 790) native
01-29 14:32:52.068  1089  2645 I ActivityManager:   ntv   ??    1984: vendor.qti.hardware.perf@2.2-service (pid 495) native
01-29 14:32:52.068  1089  2645 I ActivityManager:   ntv   ??    1948: ims_rtp_daemon (pid 1075) native
01-29 14:32:52.068  1089  2645 I ActivityManager:   ntv   ??    1936: android.hardware.sensors@1.0-service (pid 491) native
01-29 14:32:52.068  1089  2645 I ActivityManager:   ntv   ??    1858: imsdatadaemon (pid 939) native
01-29 14:32:52.068  1089  2645 I ActivityManager:   ntv   ??    1732: imsrcsd (pid 1006) native
01-29 14:32:52.068  1089  2645 I ActivityManager:   ntv   ??    1720: ueventd (pid 280) native
01-29 14:32:52.068  1089  2645 I ActivityManager:   ntv   ??    1642: installd (pid 734) native
01-29 14:32:52.068  1089  2645 I ActivityManager:   ntv   ??    1586: statsd (pid 394) native
01-29 14:32:52.068  1089  2645 I ActivityManager:   ntv   ??    1578: android.hardware.bluetooth@1.0-service-qti-lazy (pid 3020) native
01-29 14:32:52.068  1089  2645 I ActivityManager:   ntv   ??    1556: logd (pid 294) native
01-29 14:32:52.068  1089  2645 I ActivityManager:   ntv   ??    1520: lowi-server (pid 909) native
01-29 14:32:52.068  1089  2645 I ActivityManager:   ntv   ??    1487: vold (pid 331) native
01-29 14:32:52.068  1089  2645 I ActivityManager:   ntv   ??    1465: init (pid 277) native
01-29 14:32:52.068  1089  2645 I ActivityManager:   ntv   ??    1395: xtra-daemon (pid 910) native
01-29 14:32:52.068  1089  2645 I ActivityManager:   ntv   ??    1342: thermal-engine (pid 2036) native
01-29 14:32:52.068  1089  2645 I ActivityManager:   ntv   ??    1254: android.hardware.wifi@1.0-service (pid 492) native
01-29 14:32:52.068  1089  2645 I ActivityManager:   ntv   ??    1250: vendor.qti.hardware.display.allocator-service (pid 493) native
01-29 14:32:52.068  1089  2645 I ActivityManager:   ntv   ??    1243: storaged (pid 767) native
01-29 14:32:52.068  1089  2645 I ActivityManager:   ntv   ??    1156: wificond (pid 772) native
01-29 14:32:52.068  1089  2645 I ActivityManager:   ntv   ??    1155: qseecomd (pid 344) native
01-29 14:32:52.068  1089  2645 I ActivityManager:   ntv   ??    1134: sensors.qti (pid 522) native
01-29 14:32:52.068  1089  2645 I ActivityManager:   ntv   ??    1086: gpuservice (pid 503) native
01-29 14:32:52.068  1089  2645 I ActivityManager:   ntv   ??    1083: adbd (pid 2087) native
01-29 14:32:52.068  1089  2645 I ActivityManager:   ntv   ??    1081: qti (pid 1022) native
01-29 14:32:52.068  1089  2645 I ActivityManager:   ntv   ??    1077: perfservice (pid 776) native
01-29 14:32:52.068  1089  2645 I ActivityManager:   ntv   ??    1075: keystore (pid 737) native
01-29 14:32:52.068  1089  2645 I ActivityManager:   ntv   ??    1010: android.hardware.power-service (pid 490) native
01-29 14:32:52.068  1089  2645 I ActivityManager:   ntv   ??     979: hwservicemanager (pid 297) native
01-29 14:32:52.068  1089  2645 I ActivityManager:   ntv   ??     972: gatekeeperd (pid 890) native
01-29 14:32:52.068  1089  2645 I ActivityManager:   ntv   ??     963: drmserver (pid 724) native
01-29 14:32:52.068  1089  2645 I ActivityManager:   ntv   ??     957: servicemanager (pid 296) native
01-29 14:32:52.068  1089  2645 I ActivityManager:   ntv   ??     956: imsqmidaemon (pid 805) native
01-29 14:32:52.068  1089  2645 I ActivityManager:   ntv   ??     901: android.hardware.keymaster@4.1-service-qti (pid 306) native
01-29 14:32:52.068  1089  2645 I ActivityManager:   ntv   ??     894: android.hardware.health@2.1-service (pid 487) native
01-29 14:32:52.068  1089  2645 I ActivityManager:   ntv   ??     871: incidentd (pid 732) native
01-29 14:32:52.068  1089  2645 I ActivityManager:   ntv   ??     870: vendor.qti.hardware.vibrator.service (pid 496) native
01-29 14:32:52.068  1089  2645 I ActivityManager:   ntv   ??     866: pm-service (pid 501) native
01-29 14:32:52.068  1089  2645 I ActivityManager:   ntv   ??     861: android.system.suspend@1.0-service (pid 356) native
01-29 14:32:52.068  1089  2645 I ActivityManager:   ntv   ??     849: android.hardware.lights-service.qti (pid 488) native
01-29 14:32:52.068  1089  2645 I ActivityManager:   ntv   ??     845: android.hardware.gatekeeper@1.0-service-qti (pid 358) native
01-29 14:32:52.068  1089  2645 I ActivityManager:   ntv   ??     843: adsprpcd (pid 869) native
01-29 14:32:52.068  1089  2645 I ActivityManager:   ntv   ??     837: lmkd (pid 295) native
01-29 14:32:52.068  1089  2645 I ActivityManager:   ntv   ??     830: vendor.qti.hardware.qseecom@1.0-service (pid 309) native
01-29 14:32:52.068  1089  2645 I ActivityManager:   ntv   ??     818: port-bridge (pid 848) native
01-29 14:32:52.068  1089  2645 I ActivityManager:   ntv   ??     813: dspservice (pid 494) native
01-29 14:32:52.068  1089  2645 I ActivityManager:   ntv   ??     807: time_daemon (pid 389) native
01-29 14:32:52.068  1089  2645 I ActivityManager:   ntv   ??     789: loc_launcher (pid 886) native
01-29 14:32:52.068  1089  2645 I ActivityManager:   ntv   ??     783: vndservicemanager (pid 298) native
01-29 14:32:52.068  1089  2645 I ActivityManager:   ntv   ??     782: android.hardware.memtrack@1.0-service (pid 489) native
01-29 14:32:52.068  1089  2645 I ActivityManager:   ntv   ??     776: android.hardware.atrace@1.0-service (pid 357) native
01-29 14:32:52.068  1089  2645 I ActivityManager:   ntv   ??     773: pm-proxy (pid 617) native
01-29 14:32:52.068  1089  2645 I ActivityManager:   ntv   ??     768: rmt_storage (pid 506) native
01-29 14:32:52.068  1089  2645 I ActivityManager:   ntv   ??     736: wcnss_service (pid 719) native
01-29 14:32:52.068  1089  2645 I ActivityManager:   ntv   ??     663: tftp_server (pid 507) native
01-29 14:32:52.068  1089  2645 I ActivityManager:   ntv   ??     585: android.hidl.allocator@1.0-service (pid 481) native
01-29 14:32:52.068  1089  2645 I ActivityManager:   ntv   ??     582: qrtr-ns (pid 618) native
01-29 14:32:52.068  1089  2645 I ActivityManager:   ntv   ??     575: traced (pid 626) native
01-29 14:32:52.068  1089  2645 I ActivityManager:   ntv   ??    2704: (Other native)
01-29 14:32:52.068  1089  2645 I ActivityManager:   sys    PER    82626: system (    5,472K memtrack) (pid 1089) fixed
01-29 14:32:52.068  1089  2645 I ActivityManager:   pers   PERU   62929: com.android.systemui (   14,912K memtrack) (pid 1482) pers-top-ui
01-29 14:32:52.068  1089  2645 I ActivityManager:   pers   PER    13696: com.android.phone (pid 1748) fixed
01-29 14:32:52.068  1089  2645 I ActivityManager:   pers   PER    12350: com.redbend.client (pid 2255) fixed
01-29 14:32:52.068  1089  2645 I ActivityManager:   pers   PER    11402: com.jio.adc.embedded (pid 2275) fixed
01-29 14:32:52.068  1089  2645 I ActivityManager:   pers   PER    10373: com.qualcomm.location (pid 2263) fixed
01-29 14:32:52.068  1089  2645 I ActivityManager:   pers   PER     5559: org.codeaurora.ims (pid 1727) fixed
01-29 14:32:52.068  1089  2645 I ActivityManager:   pers   PER     5200: .qtidataservices (pid 1680) fixed
01-29 14:32:52.068  1089  2645 I ActivityManager:   pers   PER     4528: com.qualcomm.qti.telephonyservice (pid 1705) fixed
01-29 14:32:52.068  1089  2645 I ActivityManager:   pers   PER     4393: .dataservices (pid 1632) fixed
01-29 14:32:52.068  1089  2645 I ActivityManager:   psvc   PER     9578: com.android.bluetooth (pid 811) service
01-29 14:32:52.068  1089  2645 I ActivityManager:                        com.android.bluetooth/.gatt.GattService<=Proc{1089:system/1000}
01-29 14:32:52.068  1089  2645 I ActivityManager:   psvc   PER     8426: com.android.providers.media.module (pid 2212) service
01-29 14:32:52.068  1089  2645 I ActivityManager:                        com.android.providers.media.module/com.android.providers.media.fuse.ExternalStorageServiceImpl<=Proc{1089:system/1000}
01-29 14:32:52.068  1089  2645 I ActivityManager:   fg     BFGS   18434: com.android.launcher3 (    1,380K memtrack) (pid 2132) service
01-29 14:32:52.068  1089  2645 I ActivityManager:                        com.android.launcher3/com.android.quickstep.TouchInteractionService<=Proc{1482:com.android.systemui/u0a154}
01-29 14:32:52.068  1089  2645 I ActivityManager:   vis    BFGS   41179: com.google.android.gms.persistent (pid 1237) service
01-29 14:32:52.068  1089  2645 I ActivityManager:                        com.google.android.gms/.chimera.PersistentBoundBrokerService<=Proc{1089:system/1000}
01-29 14:32:52.068  1089  2645 I ActivityManager:   vis    BFGS   21405: com.android.systemui:screenshot (    4,372K memtrack) (pid 3492) service
01-29 14:32:52.068  1089  2645 I ActivityManager:                        com.android.systemui/.screenshot.TakeScreenshotService<=Proc{1089:system/1000}
01-29 14:32:52.068  1089  2645 I ActivityManager:   vis    BFGS    5148: com.google.android.ext.services (pid 1790) service
01-29 14:32:52.068  1089  2645 I ActivityManager:                        com.google.android.ext.services/android.ext.services.notification.Assistant<=Proc{1089:system/1000}
01-29 14:32:52.068  1089  2645 I ActivityManager:   vis    IMPF    4394: com.qualcomm.qcrilmsgtunnel (pid 2499) service
01-29 14:32:52.068  1089  2645 I ActivityManager:                        com.qualcomm.qcrilmsgtunnel/.QcrilMsgTunnelService<=Proc{1748:com.android.phone/1001}
01-29 14:32:52.068  1089  2645 I ActivityManager:   prcp   IMPB   20795: com.google.android.inputmethod.latin (pid 1577) service
01-29 14:32:52.068  1089  2645 I ActivityManager:                        com.google.android.inputmethod.latin/com.android.inputmethod.latin.LatinIME<=Proc{1089:system/1000}
01-29 14:32:52.068  1089  2645 I ActivityManager:   svc    SVC     6484: com.qti.diagservices (pid 1346) started-services
01-29 14:32:52.068  1089  2645 I ActivityManager:             550667: TOTAL (   45,232K memtrack)
01-29 14:32:52.068  1089  2645 I ActivityManager:   MemInfo:   102,772K slab,     6,020K shmem,    16,576K vm alloc,    21,464K page tables    14,016K kernel stack
01-29 14:32:52.068  1089  2645 I ActivityManager:                  448K buffers,   127,136K cached,    81,864K mapped,    58,256K free
01-29 14:32:52.068  1089  2645 I ActivityManager:   ZRAM:    81,452K RAM,   786,428K swap total,   527,644K swap free
01-29 14:32:52.068  1089  2645 I ActivityManager:   Free RAM:   135,860K
01-29 14:32:52.068  1089  2645 I ActivityManager:        ION:    58,932K
01-29 14:32:52.068  1089  2645 I ActivityManager:   Used RAM:   738,563K
01-29 14:32:52.068  1089  2645 I ActivityManager:   Lost RAM:   151,012K
01-29 14:32:52.217  1089  2645 I DropBoxManagerService: add tag=system_server_lowmem isTagEnabled=true flags=0x2
01-29 14:32:52.245  1089  1189 W BroadcastQueue: Background execution not allowed: receiving Intent { act=android.intent.action.DROPBOX_ENTRY_ADDED flg=0x10 (has extras) } to com.google.android.gms/.stats.service.DropBoxEntryAddedReceiver
01-29 14:32:52.662  1089  2461 I ActivityManager: Process android.process.media (pid 2647) has died: cch+5 CEM 
01-29 14:32:58.869  1089  1189 W BroadcastQueue: Background execution not allowed: receiving Intent { act=android.net.wifi.SCAN_RESULTS flg=0x4000010 (has extras) } to com.jio.myjio/.jionet.receiver.WifiScanReceiver
01-29 14:33:12.662  1089  1215 V DisplayPowerController: Brightness [0.05] reason changing to: 'manual [ dim ]', previous reason: 'manual'.
01-29 14:33:14.628  1089  1215 I PowerManagerService: Going to sleep due to timeout (uid 1000)...
01-29 14:33:14.694  1089  1215 I DisplayPowerController: Blocking screen off
01-29 14:33:14.720  1089  1215 I DisplayPowerController: Unblocked screen off after 26 ms
01-29 14:33:14.914  1089  1215 V DisplayPowerController: Brightness [-1.0] reason changing to: 'screen_off', previous reason: 'manual [ dim ]'.
01-29 14:33:14.923  1089  1205 E KernelCpuSpeedReader: Failed to read cpu-freq: /sys/devices/system/cpu/cpu0/cpufreq/stats/time_in_state: open failed: ENOENT (No such file or directory)
01-29 14:33:14.945  1089  1180 I DisplayManagerService: Display device changed state: "Built-in Screen", OFF
01-29 14:33:15.211  1089  1215 I DreamManagerService: Entering dreamland.
01-29 14:33:15.213  1089  1215 I PowerManagerService: Dozing...
01-29 14:33:15.222  1089  1177 I DreamController: Starting dream: name=ComponentInfo{com.android.systemui/com.android.systemui.doze.DozeService}, isTest=false, canDoze=true, userId=0
01-29 14:33:48.710  1089  1215 I PowerManagerService: Waking up from Dozing (uid=1000, reason=WAKE_REASON_PLUGGED_IN, details=android.server.power:PLUGGED:true)...
01-29 14:33:48.718  1089  1179 I EntropyMixer: Writing entropy...
01-29 14:33:48.725  1089  1189 W BroadcastQueue: Background execution not allowed: receiving Intent { act=android.intent.action.ACTION_POWER_CONNECTED flg=0x4000010 (has extras) } to com.google.android.gms/.chimera.GmsIntentOperationService$PersistentTrustedReceiver
01-29 14:33:48.725  1089  1189 W BroadcastQueue: Background execution not allowed: receiving Intent { act=android.intent.action.ACTION_POWER_CONNECTED flg=0x4000010 (has extras) } to com.google.android.gms/.gcm.nts.SchedulerReceiver
01-29 14:33:48.726  1089  1189 W BroadcastQueue: Background execution not allowed: receiving Intent { act=android.intent.action.ACTION_POWER_CONNECTED flg=0x4000010 (has extras) } to com.jio.myjio/com.inn.passivesdk.receiver.ServiceStarterReceiver
01-29 14:33:48.915  1089  1215 I DisplayPowerController: Blocking screen on until initial contents have been drawn.
01-29 14:33:48.927  1089  1089 W Looper  : Slow dispatch took 188ms main h=com.android.server.power.Notifier$NotifierHandler c=com.android.server.power.Notifier$1@dd087e8 m=0
01-29 14:33:48.928  1089  1089 W Looper  : Slow delivery took 214ms main h=android.os.Handler c=null m=3030
01-29 14:33:48.929  1089  1178 W Looper  : Slow dispatch took 177ms android.ui h=com.android.server.am.ActivityManagerService$UiHandler c=null m=31
01-29 14:33:48.929  1089  1215 V DisplayPowerController: Brightness [0.52755904] reason changing to: 'manual', previous reason: 'screen_off'.
01-29 14:33:48.935  1089  1180 I DisplayManagerService: Display device changed state: "Built-in Screen", ON
01-29 14:33:49.132  1089  1215 I DisplayPowerController: Unblocked screen on after 217 ms
01-29 14:33:49.157  1089  1177 D UsbDeviceManager: push notification:USB file transfer turned on
01-29 14:33:49.162  1089  1215 W PowerManagerService: Screen on took 452 ms
01-29 14:33:49.162  1089  1215 I DreamManagerService: Gently waking up from dream.
01-29 14:33:49.179  1089  1177 I DreamManagerService: Performing gentle wake from dream.
01-29 14:33:49.189  1089  2130 D CompatibilityChangeReporter: Compat change id reported: 135634846; UID 10127; state: DISABLED
01-29 14:33:49.190  1089  1190 D CompatibilityChangeReporter: Compat change id reported: 143937733; UID 10127; state: ENABLED
01-29 14:33:49.224  1089  1241 I DreamManagerService: Leaving dreamland.
01-29 14:33:49.225  1089  1177 I DreamManagerService: Performing gentle wake from dream.
01-29 14:33:49.225  1089  1177 I DreamController: Stopping dream: name=ComponentInfo{com.android.systemui/com.android.systemui.doze.DozeService}, isTest=false, canDoze=true, userId=0, reason='finished self'(from 'requested stopDream')
01-29 14:33:49.266  1089  1190 W ActivityManager: Slow operation: 78ms so far, now at startProcess: returned from zygote!
01-29 14:33:49.266  1089  1190 W ActivityManager: Slow operation: 79ms so far, now at startProcess: done updating battery stats
01-29 14:33:49.267  1089  1190 W ActivityManager: Slow operation: 79ms so far, now at startProcess: building log message
01-29 14:33:49.267  1089  1190 I ActivityManager: Start proc 2711:com.google.android.gms/u0a127 for service {com.google.android.gms/com.google.android.gms.chimera.GmsIntentOperationService}
01-29 14:33:49.267  1089  1190 W ActivityManager: Slow operation: 79ms so far, now at startProcess: starting to update pids map
01-29 14:33:49.267  1089  1190 W ActivityManager: Slow operation: 80ms so far, now at startProcess: done updating pids map
01-29 14:33:49.470  1089  1089 W Looper  : Slow dispatch took 446ms main h=com.android.server.power.Notifier$NotifierHandler c=null m=6
01-29 14:33:49.529  1089  1205 E KernelCpuSpeedReader: Failed to read cpu-freq: /sys/devices/system/cpu/cpu0/cpufreq/stats/time_in_state: open failed: ENOENT (No such file or directory)
01-29 14:33:49.767  1089  1089 W Looper  : Slow dispatch took 165ms main h=android.app.ActivityThread$H c=android.app.-$$Lambda$LoadedApk$ReceiverDispatcher$Args$_BumDX2UKsnxLVrE6UJsJZkotuA@41a00ec m=0
01-29 14:33:49.804  1089  1816 W ActivityManager: Slow operation: 80ms so far, now at attachApplicationLocked: after mServices.attachApplicationLocked
01-29 14:33:49.816  1089  1205 E KernelCpuSpeedReader: Failed to read cpu-freq: /sys/devices/system/cpu/cpu0/cpufreq/stats/time_in_state: open failed: ENOENT (No such file or directory)
01-29 14:33:50.113  1089  1089 W Looper  : Slow dispatch took 299ms main h=android.app.ActivityThread$H c=android.app.-$$Lambda$LoadedApk$ReceiverDispatcher$Args$_BumDX2UKsnxLVrE6UJsJZkotuA@309f1ee m=0
01-29 14:33:50.119  1089  1189 D CompatibilityChangeReporter: Compat change id reported: 135634846; UID 10150; state: DISABLED
01-29 14:33:50.120  1089  1190 D CompatibilityChangeReporter: Compat change id reported: 143937733; UID 10150; state: ENABLED
01-29 14:33:50.170  1089  1089 W NotificationHistory: Attempted to add notif for locked/gone/disabled user 0
01-29 14:33:50.178  1089  1190 W ActivityManager: Slow operation: 60ms so far, now at startProcess: returned from zygote!
01-29 14:33:50.178  1089  1190 W ActivityManager: Slow operation: 61ms so far, now at startProcess: done updating battery stats
01-29 14:33:50.180  1089  1190 W ActivityManager: Slow operation: 62ms so far, now at startProcess: building log message
01-29 14:33:50.180  1089  1190 I ActivityManager: Start proc 2743:com.android.cellbroadcastreceiver/u0a150 for broadcast {com.android.cellbroadcastreceiver/com.android.cellbroadcastreceiver.CellBroadcastReceiver}
01-29 14:33:50.180  1089  1190 W ActivityManager: Slow operation: 62ms so far, now at startProcess: starting to update pids map
01-29 14:33:50.181  1089  1190 W ActivityManager: Slow operation: 64ms so far, now at startProcess: done updating pids map
01-29 14:33:50.234  1089  1089 W NotificationHistory: Attempted to add notif for locked/gone/disabled user 0
01-29 14:33:50.524  1089  1089 D CompatibilityChangeReporter: Compat change id reported: 135634846; UID 10087; state: DISABLED
01-29 14:33:50.524  1089  1190 D CompatibilityChangeReporter: Compat change id reported: 143937733; UID 10087; state: DISABLED
01-29 14:33:50.543  1089  1089 W Looper  : Slow dispatch took 168ms main h=com.android.server.job.JobSchedulerService$JobHandler c=null m=0
01-29 14:33:50.567  1089  1089 W Looper  : Drained
01-29 14:33:50.599  1089  1190 W ActivityManager: Slow operation: 77ms so far, now at startProcess: returned from zygote!
01-29 14:33:50.646  1089  1190 W ActivityManager: Slow operation: 124ms so far, now at startProcess: done updating battery stats
01-29 14:33:50.646  1089  1190 W ActivityManager: Slow operation: 124ms so far, now at startProcess: building log message
01-29 14:33:50.646  1089  1190 I ActivityManager: Start proc 2774:com.jio.myjio/u0a87 for service {com.jio.myjio/com.madme.mobile.sdk.service.LSJobService}
01-29 14:33:50.647  1089  1190 W ActivityManager: Slow operation: 124ms so far, now at startProcess: starting to update pids map
01-29 14:33:50.647  1089  1190 W ActivityManager: Slow operation: 125ms so far, now at startProcess: done updating pids map
--------- beginning of main
01-29 14:33:50.730   882  2776 D SimpleC2Component: Using output block pool with poolID 94 => got 94 - 0
01-29 14:33:50.741   757  2771 E FMQ     : grantorIdx must be less than 3
01-29 14:33:50.742   882  1030 E FMQ     : grantorIdx must be less than 3
01-29 14:33:50.768  2774  2774 D ApplicationLoaders: Returning zygote-cached class loader: /system/framework/android.test.base.jar
01-29 14:33:50.769  1482  1482 I FalsingManager: dX: -201.71983 dY: -11.992065 xV: -6.697794 yV: -0.2862309
01-29 14:33:50.769  1482  1482 I FalsingManager: Percent of gesture in proximity: 0.0
01-29 14:33:50.770   882  2776 E FMQ     : grantorIdx must be less than 3
01-29 14:33:50.771   757  3734 E FMQ     : grantorIdx must be less than 3
01-29 14:33:50.782   757  2771 D CCodecBuffers: [c2.android.vorbis.decoder#515:Output[N]] popFromStashAndRegister: output format changed to AMessage(what = 0x00000000) = {
01-29 14:33:50.782   757  2771 D CCodecBuffers:   int32_t channel-count = 1
01-29 14:33:50.782   757  2771 D CCodecBuffers:   string mime = "audio/raw"
01-29 14:33:50.782   757  2771 D CCodecBuffers:   int32_t sample-rate = 44100
01-29 14:33:50.782   757  2771 D CCodecBuffers: }
01-29 14:33:50.784   757  2770 I ExtendedNuUtils: Both src and dst missing for bit-width
01-29 14:33:50.784   757  2770 I ExtendedNuUtils: Overriding durationUs: with 64 bit src value 1567000
01-29 14:33:50.784   757  2770 I ExtendedNuUtils: Both src and dst missing for channel-mask
01-29 14:33:50.796   480   517 D audio_hw_primary: adev_get_parameters:vr_audio_mode_on
01-29 14:33:50.797   502  1633 I AudioPolicyManagerCustom: VR mode is 0, switch to primary output if request is for fast|raw
01-29 14:33:50.799   502  1633 D AudioFlinger: Client defaulted notificationFrames to 11025 for frameCount 22050
01-29 14:33:50.808   502  1633 D AF::TrackHandle: OpPlayAudio: track:100 usage:13 not muted
01-29 14:33:50.809  1577  1577 I DeviceStatusMonitor: DeviceStatusMonitor$1.onReceive():57 onReceive() : Action = android.intent.action.SCREEN_ON
01-29 14:33:50.810  1577  1577 I DeviceStatusMonitor: DeviceStatusMonitor.updateCountryInfo():117 updateCountryInfo(), notifyAnyway = false
01-29 14:33:50.843  1089  1148 I chatty  : uid=1000(system) Binder:1089_1 expire 20 lines
01-29 14:33:50.844  1089  2130 I chatty  : uid=1000(system) Binder:1089_A expire 18 lines
01-29 14:33:50.852   480  1576 D audio_hw_primary: start_output_stream: enter: stream(0xafa69800)usecase(1: low-latency-playback) devices(0x2) is_haptic_usecase(0)
01-29 14:33:50.856   480  1576 D audio_hw_primary: select_devices for use case (low-latency-playback)
01-29 14:33:50.856   480  1576 I msm8974_platform: platform_check_and_set_codec_backend_cfg:becf: afe: bitwidth 16, samplerate 48000 channels 2, backend_idx 0 usecase = 1 device (speaker)
01-29 14:33:50.856   480  1576 I msm8974_platform: platform_check_and_set_codec_backend_cfg: new_snd_devices[0] is 2
01-29 14:33:50.856   480  1576 I msm8974_platform: platform_check_codec_backend_cfg:becf: afe: bitwidth 16, samplerate 48000 channels 2, backend_idx 0 usecase = 1 device (speaker)
01-29 14:33:50.864   480  1576 D msm8974_platform: platform_check_codec_backend_cfg:becf: updated afe: bitwidth 16, samplerate 48000 channels 2,backend_idx 0 usecase = 1 device (speaker)
01-29 14:33:50.864   480  1576 I msm8974_platform: platform_check_codec_backend_cfg:becf: afe: Codec selected backend: 0 updated bit width: 16 and sample rate: 48000
01-29 14:33:50.864   480  1576 D audio_hw_primary: check_usecases_codec_backend:becf: force routing 0
01-29 14:33:50.864   480  1576 D audio_hw_primary: check_usecases_codec_backend:becf: (85) check_usecases curr device: speaker, usecase device: backends match 0
01-29 14:33:50.864   480  1576 D audio_hw_primary: check_usecases_codec_backend:becf: check_usecases num.of Usecases to switch 0
01-29 14:33:50.864   480  1576 D hardware_info: hw_info_append_hw_type : device_name = speaker
01-29 14:33:50.865   480  1576 D audio_hw_primary: enable_snd_device: snd_device(2: speaker)
01-29 14:33:50.865   480  1576 D msm8974_platform: platform_get_island_cfg_on_device:island cfg status on snd_device = (speaker 0)
01-29 14:33:50.865   480  1576 I soundtrigger: audio_extn_sound_trigger_update_device_status: device 0x2 of type 0 for Event 1, with Raise=0
01-29 14:33:50.866   480  1576 D audio_route: Apply path: speaker
01-29 14:33:50.868   480  1576 D soundtrigger: audio_extn_sound_trigger_update_stream_status: uc_info->id 1 of type 0 for Event 3, with Raise=0
01-29 14:33:50.868   480  1576 D audio_hw_utils: audio_extn_utils_send_app_type_cfg: usecase->out_snd_device speaker
01-29 14:33:50.870   480  1576 I audio_hw_utils: send_app_type_cfg_for_device PLAYBACK app_type 69937, acdb_dev_id 14, sample_rate 48000, snd_device_be_idx 43
01-29 14:33:50.874   480  1576 D ACDB-LOADER: ACDB -> send_audio_cal, acdb_id = 14, path = 0, app id = 0x11131, sample rate = 48000, use_case = 0,buffer_idx_w_path =0, afe_sample_rate = 48000, cal_mode = 1, offset_index = 0
01-29 14:33:50.875   480  1576 D ACDB-LOADER: ACDB -> send_asm_topology
01-29 14:33:50.875   480  1576 D ACDB-LOADER: ACDB -> ACDB_CMD_GET_AUDPROC_STREAM_TOPOLOGY_ID
01-29 14:33:50.875  1482  1482 D KeyguardUpdateMonitor: received broadcast android.intent.action.SERVICE_STATE
01-29 14:33:50.877  1482  1482 V KeyguardUpdateMonitor: action android.intent.action.SERVICE_STATE serviceState={mVoiceRegState=1(OUT_OF_SERVICE), mDataRegState=1(OUT_OF_SERVICE), mChannelNumber=2450, duplexMode()=1, mCellBandwidths=[], mOperatorAlphaLong=, mOperatorAlphaShort=, isManualNetworkSelection=false(automatic), getRilVoiceRadioTechnology=0(Unknown), getRilDataRadioTechnology=14(LTE), mCssIndicator=unsupported, mNetworkId=-1, mSystemId=-1, mCdmaRoamingIndicator=-1, mCdmaDefaultRoamingIndicator=-1, mIsEmergencyOnly=false, isUsingCarrierAggregation=false, mLteEarfcnRsrpBoost=0, mNetworkRegistrationInfos=[NetworkRegistrationInfo{ domain=CS transportType=WWAN registrationState=NOT_REG_SEARCHING roamingType=NOT_ROAMING accessNetworkTechnology=UNKNOWN rejectCause=0 emergencyEnabled=false availableServices=[] cellIdentity=null voiceSpecificInfo=VoiceSpecificRegistrationInfo { mCssSupported=false mRoamingIndicator=0 mSystemIsInPrl=-1 mDefaultRoamingIndicator=-1} dataSpecificInfo=null nrState=NONE rRplmn=}, NetworkRegistrationInfo{ domain=PS transportType=WWAN registrationState=NOT_REG_SEARCHING roamingType=NOT_ROAMING accessNetworkTechnology=LTE rejectCause=0 emergencyEnabled=true availableServices=[EMERGENCY] cellIdentity=CellIdentityLte:{ mCi=10032 mPci=240 mTac=126 mEarfcn=2450 mBands=[] mBandwidth=2147483647 mMcc=405 mMnc=854 mAlphaLong=JIO 4G mAlphaShort=JIO 4G mAdditionalPlmns={} mCsgInfo=null} voiceSpecificInfo=null dataSpecificInfo=android.telephony.DataSpecificRegistrationInfo :{ maxDataCalls = 20 isDcNrRestricted = false isNrAvailable = false isEnDcAvailable = false LteVopsSupportInfo :  mVopsSupport = 3 mEmcBearerSupport = 3 mIsUsingCarrierAggregation = false } nrState=NONE rRplmn=405854}], mNrFrequencyRange=0, mOperatorAlphaLongRaw=, mOperatorAlphaShortRaw=, mIsDataRoamingFromRegistration=false, mIsIwlanPreferred=false} subId=-1
01-29 14:33:50.882   480  1576 D ACDB-LOADER: ACDB -> send_adm_topology
01-29 14:33:50.882   480  1576 D ACDB-LOADER: ACDB -> ACDB_CMD_GET_AUDPROC_COMMON_TOPOLOGY_ID
01-29 14:33:50.882   480  1576 D ACDB-LOADER: ACDB -> send_audtable
01-29 14:33:50.883   480  1576 D ACDB-LOADER: ACDB -> ACDB_CMD_GET_AUDPROC_COMMON_TABLE_SIZE
01-29 14:33:50.883   480  1576 D ACDB-LOADER: ACDB -> ACDB_CMD_GET_AUDPROC_COMMON_TABLE
01-29 14:33:50.883   480  1576 D ACDB-LOADER: ACDB -> AUDIO_SET_AUDPROC_CAL cal_type[11] acdb_id[14] app_type[69937]
01-29 14:33:50.883   480  1576 D ACDB-LOADER: ACDB -> send_audvoltable
01-29 14:33:50.883   480  1576 D ACDB-LOADER: ACDB -> ACDB_CMD_GET_AUDPROC_GAIN_DEP_STEP_TABLE_SIZE
01-29 14:33:50.884   480  1576 D ACDB-LOADER: ACDB -> ACDB_CMD_GET_AUDPROC_GAIN_DEP_STEP_TABLE, vol index 0
01-29 14:33:50.884   480  1576 D ACDB-LOADER: ACDB -> AUDIO_SET_VOL_CAL cal type = 12
01-29 14:33:50.884   480  1576 D ACDB-LOADER: ACDB -> ACDB_CMD_GET_AUDPROC_STREAM_TABLE_SIZE
01-29 14:33:50.884   480  1576 D ACDB-LOADER: ACDB -> send_audstrmtable
01-29 14:33:50.884   480  1576 D ACDB-LOADER: ACDB -> ACDB_CMD_GET_AUDPROC_STREAM_TABLE_V2
01-29 14:33:50.884   480  1576 D ACDB-LOADER: ACDB -> audstrm_cal->cal_type.cal_data.cal_size = 16
01-29 14:33:50.884   480  1576 D ACDB-LOADER: ACDB -> send_afe_topology
01-29 14:33:50.884   480  1576 D ACDB-LOADER: ACDB -> ACDB_CMD_GET_AFE_TOPOLOGY_ID
01-29 14:33:50.884   480  1576 D ACDB-LOADER: ACDB -> GET_AFE_TOPOLOGY_ID for adcd_id 14, Topology Id 1025e
01-29 14:33:50.884   480  1576 D ACDB-LOADER: ACDB -> send_afe_cal
01-29 14:33:50.885   480  1576 D ACDB-LOADER: ACDB -> ACDB_CMD_GET_AFE_COMMON_TABLE_SIZE
01-29 14:33:50.885   480  1576 D ACDB-LOADER: ACDB -> ACDB_CMD_GET_AFE_COMMON_TABLE
01-29 14:33:50.885   480  1576 D ACDB-LOADER: ACDB -> AUDIO_SET_AFE_CAL cal_type[16] acdb_id[14]
01-29 14:33:50.885   480  1576 D ACDB-LOADER: ACDB -> send_hw_delay : acdb_id = 14 path = 0
01-29 14:33:50.885   480  1576 D ACDB-LOADER: ACDB -> ACDB_AVSYNC_INFO: ACDB_CMD_GET_DEVICE_PROPERTY
01-29 14:33:50.885   480  1576 D audio_hw_primary: enable_audio_route: apply mixer and update path: low-latency-playback
01-29 14:33:50.885   480  1576 D audio_route: Apply path: low-latency-playback
01-29 14:33:50.896  2711  2711 I chatty  : uid=10127(com.google.android.gms) expire 5 lines
01-29 14:33:50.913   480  1576 D msm8974_platform: platform_set_channel_map mixer_ctl_name:Playback Channel Map12
01-29 14:33:50.913   480  1576 D msm8974_platform: platform_set_channel_map: set mapping(1 2 0 0 0 0 0 0) for channel:2
01-29 14:33:50.915   480  1576 D audio_hw_primary: start_output_stream: exit
01-29 14:33:50.922   757  2968 E MediaPlayerService: Couldn't open fd for content://settings/system/notification_sound
01-29 14:33:50.922  1482  2773 E MediaPlayerNative: Unable to create media player
01-29 14:33:50.934  1482  2773 V MediaPlayer: resetDrmState:  mDrmInfo=null mDrmProvisioningThread=null mPrepareDrmInProgress=false mActiveDrmScheme=false
01-29 14:33:50.934  1482  2773 V MediaPlayer: cleanDrmObj: mDrmObj=null mDrmSessionId=null
01-29 14:33:50.947   757  2769 D AudioTrack: getTimestamp_l(71): device stall time corrected using current time 50687877025558
01-29 14:33:50.947  1482  1482 D KeyguardUpdateMonitor: handleServiceStateChange(subId=-1, serviceState={mVoiceRegState=1(OUT_OF_SERVICE), mDataRegState=1(OUT_OF_SERVICE), mChannelNumber=2450, duplexMode()=1, mCellBandwidths=[], mOperatorAlphaLong=, mOperatorAlphaShort=, isManualNetworkSelection=false(automatic), getRilVoiceRadioTechnology=0(Unknown), getRilDataRadioTechnology=14(LTE), mCssIndicator=unsupported, mNetworkId=-1, mSystemId=-1, mCdmaRoamingIndicator=-1, mCdmaDefaultRoamingIndicator=-1, mIsEmergencyOnly=false, isUsingCarrierAggregation=false, mLteEarfcnRsrpBoost=0, mNetworkRegistrationInfos=[NetworkRegistrationInfo{ domain=CS transportType=WWAN registrationState=NOT_REG_SEARCHING roamingType=NOT_ROAMING accessNetworkTechnology=UNKNOWN rejectCause=0 emergencyEnabled=false availableServices=[] cellIdentity=null voiceSpecificInfo=VoiceSpecificRegistrationInfo { mCssSupported=false mRoamingIndicator=0 mSystemIsInPrl=-1 mDefaultRoamingIndicator=-1} dataSpecificInfo=null nrState=NONE rRplmn=}, NetworkRegistrationInfo{ domain=PS transportType=WWAN registrationState=NOT_REG_SEARCHING roamingType=NOT_ROAMING accessNetworkTechnology=LTE rejectCause=0 emergencyEnabled=true availableServices=[EMERGENCY] cellIdentity=CellIdentityLte:{ mCi=10032 mPci=240 mTac=126 mEarfcn=2450 mBands=[] mBandwidth=2147483647 mMcc=405 mMnc=854 mAlphaLong=JIO 4G mAlphaShort=JIO 4G mAdditionalPlmns={} mCsgInfo=null} voiceSpecificInfo=null dataSpecificInfo=android.telephony.DataSpecificRegistrationInfo :{ maxDataCalls = 20 isDcNrRestricted = false isNrAvailable = false isEnDcAvailable = false LteVopsSupportInfo :  mVopsSupport = 3 mEmcBearerSupport = 3 mIsUsingCarrierAggregation = false } nrState=NONE rRplmn=405854}], mNrFrequencyRange=0, mOperatorAlphaLongRaw=, mOperatorAlphaShortRaw=, mIsDataRoamingFromRegistration=false, mIsIwlanPreferred=false}
01-29 14:33:50.947  1482  1482 W KeyguardUpdateMonitor: invalid subId in handleServiceStateChange()
01-29 14:33:50.949  1482  2773 W RingtonePlayer: error loading sound for content://settings/system/notification_sound
01-29 14:33:50.949  1482  2773 W RingtonePlayer: java.io.IOException: setDataSource failed.: status=0x80000000
01-29 14:33:50.949  1482  2773 W RingtonePlayer: 	at android.media.MediaPlayer.nativeSetDataSource(Native Method)
01-29 14:33:50.949  1482  2773 W RingtonePlayer: 	at android.media.MediaPlayer.setDataSource(MediaPlayer.java:1176)
01-29 14:33:50.949  1482  2773 W RingtonePlayer: 	at android.media.MediaPlayer.setDataSource(MediaPlayer.java:1163)
01-29 14:33:50.949  1482  2773 W RingtonePlayer: 	at android.media.MediaPlayer.setDataSource(MediaPlayer.java:1073)
01-29 14:33:50.949  1482  2773 W RingtonePlayer: 	at android.media.MediaPlayer.setDataSource(MediaPlayer.java:1005)
01-29 14:33:50.949  1482  2773 W RingtonePlayer: 	at com.android.systemui.media.NotificationPlayer$CreationAndCompletionThread.run(NotificationPlayer.java:102)
01-29 14:33:50.978   987  1059 E QMI_FW  : qmi_cci_get_ref: ref count increased 2
01-29 14:33:50.982   987  1059 I chatty  : uid=1001(radio) DispatcherModul identical 9 lines
01-29 14:33:50.987   987  1059 E QMI_FW  : qmi_cci_get_ref: ref count increased 2
01-29 14:33:50.991   987  1059 E QMI_FW  : qmi_cci_get_ref: ref count increased 2
01-29 14:33:50.994  1089   382 D CompatibilityChangeReporter: Compat change id reported: 135634846; UID 10079; state: DISABLED
01-29 14:33:50.999  1089  1190 D CompatibilityChangeReporter: Compat change id reported: 143937733; UID 10079; state: ENABLED
01-29 14:33:51.015   987  1059 E QMI_FW  : qmi_cci_get_ref: ref count increased 2
01-29 14:33:51.068   396   396 D Zygote  : Forked child process 2805
01-29 14:33:51.094  1482  1482 V KeyguardStatusView: Enable transport text marquee
01-29 14:33:51.097  1089  1190 W ActivityManager: Slow operation: 103ms so far, now at startProcess: returned from zygote!
01-29 14:33:51.098  1089  1190 W ActivityManager: Slow operation: 104ms so far, now at startProcess: done updating battery stats
01-29 14:33:51.098  1089  1190 W ActivityManager: Slow operation: 105ms so far, now at startProcess: building log message
01-29 14:33:51.098  1089  1190 I ActivityManager: Start proc 2805:android.process.media/u0a79 for broadcast {com.android.mtp/com.android.mtp.MtpReceiver}
01-29 14:33:51.099  1089  1190 W ActivityManager: Slow operation: 105ms so far, now at startProcess: starting to update pids map
01-29 14:33:51.099  1089  1190 W ActivityManager: Slow operation: 105ms so far, now at startProcess: done updating pids map
01-29 14:33:51.124  2805  2805 I Zygote  : seccomp disabled by setenforce 0
01-29 14:33:51.173  2743  2743 I Perf    : Connecting to perf service.
01-29 14:33:51.184  2087  2114 I adbd    : jdwp connection from 2805
01-29 14:33:51.353  1089  1148 W ActivityManager: Slow operation: 140ms so far, now at attachApplicationLocked: before bindApplication
01-29 14:33:51.355  1089  1148 W ActivityManager: Slow operation: 142ms so far, now at attachApplicationLocked: immediately before bindApplication
01-29 14:33:51.361  1089  1148 W ActivityManager: Slow operation: 148ms so far, now at attachApplicationLocked: immediately after bindApplication
01-29 14:33:51.361  1089  1148 W ActivityManager: Slow operation: 148ms so far, now at attachApplicationLocked: after updateLruProcessLocked
01-29 14:33:51.362  1089  1148 W ActivityManager: Slow operation: 149ms so far, now at attachApplicationLocked: after mServices.attachApplicationLocked
01-29 14:33:51.374  1089  1148 W ActivityManager: Slow operation: 161ms so far, now at attachApplicationLocked: after sendPendingBroadcastsLocked
01-29 14:33:51.445  2743  2743 D NetworkSecurityConfig: No Network Security Config specified, using platform default
01-29 14:33:51.479  2743  2743 D NetworkSecurityConfig: No Network Security Config specified, using platform default
01-29 14:33:51.609  2805  2805 I Perf    : Connecting to perf service.
01-29 14:33:51.617  2805  2805 I d.process.media: type=1400 audit(0.0:11589): avc: denied { call } for scontext=u:r:mediaprovider:s0:c512,c768 tcontext=u:r:hal_perf_default:s0 tclass=binder permissive=1 app=com.android.providers.media
01-29 14:33:51.646  2805  2805 D NetworkSecurityConfig: No Network Security Config specified, using platform default
01-29 14:33:51.648  2805  2805 D NetworkSecurityConfig: No Network Security Config specified, using platform default
01-29 14:33:51.862  1237  1237 I chatty  : uid=10127 com.google.android.gms.persistent expire 3 lines
01-29 14:33:51.911   757  2771 D CCodecBufferChannel: [c2.android.vorbis.decoder#515] buffers after EOS ignored (0 us)
01-29 14:33:51.984  2774  2774 I Perf    : Connecting to perf service.
01-29 14:33:52.045  2774  2774 D NetworkSecurityConfig: Using Network Security Config from resource network_security debugBuild: false
01-29 14:33:52.080  2774  2774 D NetworkSecurityConfig: Using Network Security Config from resource network_security debugBuild: false
01-29 14:33:52.159   757  2769 D AudioTrack: stop(71): called with 69129 frames delivered
01-29 14:33:52.174  2743  2743 D CellBroadcastReceiver: onReceive Intent { act=android.intent.action.SERVICE_STATE flg=0x1000010 cmp=com.android.cellbroadcastreceiver/.CellBroadcastReceiver (has extras) }
01-29 14:33:52.351  2743  2743 D CellBroadcastReceiver: onReceive Intent { act=android.intent.action.SERVICE_STATE flg=0x1000010 cmp=com.android.cellbroadcastreceiver/.CellBroadcastReceiver (has extras) }
01-29 14:33:52.374  1237  2496 I chatty  : uid=10127(com.google.android.gms) lowpool[94] expire 2 lines
01-29 14:33:52.389   295   295 I lowmemorykiller: Kill 'com.android.cellbroadcastreceiver' (2743), uid 10150, oom_adj 905 to free 24288kB
01-29 14:33:52.403   811   950 V bt_stack: [VERBOSE1:btm_ble_gap.cc(1849)] btm_ble_process_adv_addr: bda=70:2b:96:1e:25:82
01-29 14:33:52.405   811   950 V bt_stack: [VERBOSE1:btm_ble_gap.cc(2054)]  Waiting for scan response 70:2b:96:1e:25:82
01-29 14:33:52.405   811   950 V bt_stack: [VERBOSE1:btm_ble_gap.cc(1849)] btm_ble_process_adv_addr: bda=70:2b:96:1e:25:82
01-29 14:33:52.405   811   950 V bt_stack: [VERBOSE1:btm_inq.cc(1019)] BTM_InqDbRead: bd addr 70:2b:96:1e:25:82
01-29 14:33:52.532  1089  1148 I ActivityManager: Process com.android.cellbroadcastreceiver (pid 2743) has died: cch+5 CEM 
01-29 14:33:52.584   502   863 W APM::AudioPolicyEngine: getDevicesForStrategy() unknown strategy: -1
01-29 14:33:52.588   396   396 I Zygote  : Process 2743 exited due to signal 9 (Killed)
01-29 14:33:52.602  1089  1196 I chatty  : uid=1000(system) ActivityManager expire 2 lines
01-29 14:33:52.608  1577  1577 I AppBase : AppBase.onTrimMemory():786 onTrimMemory(): 5
01-29 14:33:52.609  1577  1577 I GoogleInputMethodService: GoogleInputMethodService.onTrimMemory():4569 onTrimMemory(): 5
01-29 14:33:52.717  1237  1286 I chatty  : uid=10127(com.google.android.gms) lowpool[84] expire 2 lines
01-29 14:33:52.730  1237  2834 I chatty  : uid=10127(com.google.android.gms) lowpool[97] expire 1 line
01-29 14:33:52.775  1237  2574 I chatty  : uid=10127 com.google.android.gms.persistent expire 1 line
01-29 14:33:53.349  1237  2375 I chatty  : uid=10127(com.google.android.gms) lowpool[92] expire 1 line
01-29 14:33:53.369  2774  2774 D CompatibilityChangeReporter: Compat change id reported: 147600208; UID 10087; state: ENABLED
01-29 14:33:53.403  1237  1448 I chatty  : uid=10127(com.google.android.gms) netscheduler-qu expire 2 lines
01-29 14:33:53.464  2805  2805 D MtpService: starting MTP server in MTP mode with storage /storage/emulated/0 unlocked as user 0
01-29 14:33:53.533  2805  2805 I MtpService: Couldn't get control FD!
01-29 14:33:53.562  2805  2805 V MtpService: Adding MTP storage:/storage/emulated/0
01-29 14:33:53.571   776   776 E Parcel  : Reading a NULL string not supported here.
01-29 14:33:53.835   757  3725 D PipelineWatcher: DEBUG: elapsed 0 / 0
01-29 14:33:54.043  2774  2848 W com.jio.myjio: ClassLoaderContext classpath size mismatch. expected=11, found=0 (DLC[];PCL[base.apk*2850398424:base.apk!classes2.dex*2831353601:base.apk!classes3.dex*4013120179:base.apk!classes4.dex*3537423919:base.apk!classes5.dex*682537507:base.apk!classes6.dex*1477591877:base.apk!classes7.dex*2699957706:base.apk!classes8.dex*534378704:base.apk!classes9.dex*2162008297:base.apk!classes10.dex*1182648913:base.apk!classes11.dex*169879777]{PCL[/system/framework/org.apache.http.legacy.jar*181645345]#PCL[/system/framework/com.android.media.remotedisplay.jar*2596221954]#PCL[/system/framework/com.android.location.provider.jar*2383074192]#PCL[/system/framework/org.apache.http.legacy.jar*181645345]} | DLC[];PCL[])
01-29 14:33:54.109  2846  2846 I chatty  : uid=1000(system) expire 32 lines
01-29 14:33:54.229  2774  2848 W System  : ClassLoader referenced unknown path: 
01-29 14:33:54.484  2846  2858 I chatty  : uid=1000(system) expire 1 line
01-29 14:33:54.486  2846  2846 I chatty  : uid=1000(system) expire 2 lines
01-29 14:33:54.486  2846  2846 D improveTouch: [DSPTouchProcessor:807] deInit: E
01-29 14:33:54.486  2846  2846 E improveTouch: [DSPTouchProcessor:823] deInit: invalid state (current = 0)
01-29 14:33:54.486  2846  2846 D improveTouch: [DSPTouchProcessor:827] deInit: X pa_utf_ret = 1, ret = 1073741835
01-29 14:33:54.486  2846  2846 E improveTouch: [TouchServer:83] delete event injector
01-29 14:33:54.486  2846  2846 E improveTouch: [TouchServer:87] delete config management
01-29 14:33:54.488  2846  2846 E improveTouch: [TouchServer:90] fail to start daemon
01-29 14:33:54.489  2846  2846 E improveTouch: [Main:169] fail to initiate touch server
01-29 14:33:54.557  2774  2867 I TetheringManager: registerTetheringEventCallback:com.jio.myjio
01-29 14:33:54.649  2774  2848 W com.jio.myjio: ClassLoaderContext classpath size mismatch. expected=11, found=7 (DLC[];PCL[base.apk*2850398424:base.apk!classes2.dex*2831353601:base.apk!classes3.dex*4013120179:base.apk!classes4.dex*3537423919:base.apk!classes5.dex*682537507:base.apk!classes6.dex*1477591877:base.apk!classes7.dex*2699957706:base.apk!classes8.dex*534378704:base.apk!classes9.dex*2162008297:base.apk!classes10.dex*1182648913:base.apk!classes11.dex*169879777]{PCL[/system/framework/org.apache.http.legacy.jar*181645345]#PCL[/system/framework/com.android.media.remotedisplay.jar*2596221954]#PCL[/system/framework/com.android.location.provider.jar*2383074192]#PCL[/system/framework/org.apache.http.legacy.jar*181645345]} | DLC[];PCL[/system/priv-app/MyJio/MyJio.apk*3336697643:/system/priv-app/MyJio/MyJio.apk!classes2.dex*1444110188:/system/priv-app/MyJio/MyJio.apk!classes3.dex*3585849762:/system/priv-app/MyJio/MyJio.apk!classes4.dex*1141469615:/system/priv-app/MyJio/MyJio.apk!classes5.dex*1856000963:/system/priv-app/MyJio/MyJio.apk!classes6.dex*983161741:/system/priv-app/MyJio/MyJio.apk!classes7.dex*281808771]{PCL[/system/framework/android.test.base.jar*3223074991]#PCL[/system/framework/org.apache.http.legacy.jar*181645345]})
01-29 14:33:55.250  2774  2848 W com.jio.myjio: Found duplicate classes, falling back to extracting from APK : /data/app/~~O9BfoWvpJV_lSSOLJjr4mg==/com.google.android.gms-Ua6EwjEvAvh29LVlR8fhag==/split_MeasurementDynamite_installtime.apk
01-29 14:33:55.250  2774  2848 W com.jio.myjio: NOTE: This wastes RAM and hurts startup performance.
01-29 14:33:55.250  2774  2848 W com.jio.myjio: Found duplicated class when checking oat files: 'Landroid/support/v4/graphics/drawable/IconCompatParcelizer;' in /system/priv-app/MyJio/MyJio.apk and /data/app/~~O9BfoWvpJV_lSSOLJjr4mg==/com.google.android.gms-Ua6EwjEvAvh29LVlR8fhag==/split_MeasurementDynamite_installtime.apk
01-29 14:33:55.521   480  1041 D audio_hw_primary: out_standby: enter: stream (0xafa69800) usecase(1: low-latency-playback)
01-29 14:33:55.557   811   950 V bt_stack: [VERBOSE1:btm_ble_gap.cc(1849)] btm_ble_process_adv_addr: bda=70:2b:96:1e:25:82
01-29 14:33:55.558   811   950 V bt_stack: [VERBOSE1:btm_ble_gap.cc(2054)]  Waiting for scan response 70:2b:96:1e:25:82
01-29 14:33:55.558   811   950 V bt_stack: [VERBOSE1:btm_ble_gap.cc(1849)] btm_ble_process_adv_addr: bda=70:2b:96:1e:25:82
01-29 14:33:55.558   811   950 V bt_stack: [VERBOSE1:btm_inq.cc(1019)] BTM_InqDbRead: bd addr 70:2b:96:1e:25:82
01-29 14:33:55.578  1237  1610 I NearbyDiscovery: BloomFilterAdvManager: Detected bloom filter but too far away, ignoring. 11.220184543019636m, mac=XX:XX:XX:XX:25:82 [CONTEXT service_id=265 group_by="70:2B:96:1E:25:82" ratelimit_period="30 SECONDS" ]
01-29 14:33:55.601   480  1041 D audio_hw_primary: disable_audio_route: reset and update mixer path: low-latency-playback
01-29 14:33:55.603   480  1041 D soundtrigger: audio_extn_sound_trigger_update_stream_status: uc_info->id 1 of type 0 for Event 2, with Raise=0
01-29 14:33:55.604   480  1041 D hardware_info: hw_info_append_hw_type : device_name = speaker
01-29 14:33:55.605   480  1041 D audio_hw_primary: disable_snd_device: snd_device(2: speaker)
01-29 14:33:55.606   480  1041 I soundtrigger: audio_extn_sound_trigger_update_device_status: device 0x2 of type 0 for Event 0, with Raise=0
01-29 14:33:55.670   882  1679 D BufferPoolAccessor2.0: bufferpool2 0xb5178b98 : 0(0 size) total buffers - 0(0 size) used buffers - 66/70 (recycle/alloc) - 4/69 (fetch/transfer)
01-29 14:33:55.671   882  1679 D BufferPoolAccessor2.0: evictor expired: 1, evicted: 1
01-29 14:33:55.933  2711  2711 W ProviderHelper: Unknown dynamite feature providerinstaller.dynamite
