01-30 15:53:41.576   492  3676 V WifiHAL : event received NL80211_CMD_TRIGGER_SCAN
01-30 15:53:41.769  1089  3482 D BlobStore: Completed idle maintenance; deleted []
01-30 15:53:41.873  1089  3483 D DynamicCodeLogger: Got no hash for /data/user/0/com.android.vending/app_dg_cache/125075AAC519C012835D709D97D485A0E0EDC5B8/the.apk
01-30 15:53:41.907  1089  3488 I chatty  : uid=1000(system) BackgroundDexOp expire 4 lines
01-30 15:53:41.909  1089  1363 I WatchlistLoggingHandler: No need to aggregate record yet.
01-30 15:53:41.909  1089  1363 I WatchlistLoggingHandler: Milliseconds spent on tryAggregateRecords(): 1
01-30 15:53:41.935  1089  1089 D CompatibilityChangeReporter: Compat change id reported: 135634846; UID 10079; state: DISABLED
01-30 15:53:41.936  1089  1190 D CompatibilityChangeReporter: Compat change id reported: 143937733; UID 10079; state: ENABLED
01-30 15:53:41.942  2212  3481 I MediaProvider: Scanned internal due to REASON_IDLE, found 4 items in 103ms, 0 inserts 0 updates 0 deletes
01-30 15:53:41.960   734  4015 D installd: Reconcile secondary dex path /data/user/0/com.android.vending/app_dg_cache/811E91EE5A2ABAC08C9C2BF22101E2F49B5DE79B/the.apk result=0
01-30 15:53:41.974   396   396 D Zygote  : Forked child process 3493
01-30 15:53:41.975  3491  3491 I installd: Secondary dex does not exist: /data/user/0/com.android.vending/app_dg_cache/125075AAC519C012835D709D97D485A0E0EDC5B8/the.apk
01-30 15:53:41.978  1089  1190 I ActivityManager: Start proc 3493:android.process.media/u0a79 for service {com.android.providers.downloads/com.android.providers.downloads.DownloadIdleService}
01-30 15:53:41.988   734  3545 D installd: Reconcile secondary dex path /data/user/0/com.android.vending/app_dg_cache/125075AAC519C012835D709D97D485A0E0EDC5B8/the.apk result=1
01-30 15:53:42.020   734  3545 D installd: Reconcile secondary dex path /data/user_de/0/com.google.android.gms/app_chimera/m/00000011/dl-Pay.optional_255034100300.apk result=0
01-30 15:53:42.023  3493  3493 I Zygote  : seccomp disabled by setenforce 0
01-30 15:53:42.039  2212  3481 W ModernMediaScanner: Failed to visit /oem/media: java.nio.file.NoSuchFileException: /oem/media
01-30 15:53:42.056  2212  3481 I MediaProvider: Scanned internal due to REASON_IDLE, found 0 items in 74ms, 0 inserts 0 updates 0 deletes
01-30 15:53:42.069   734  3545 D installd: Reconcile secondary dex path /data/user_de/0/com.google.android.gms/app_chimera/m/00000012/dl-AdsFdrDynamite.integ_254380203100000.apk result=0
01-30 15:53:42.087   734  3545 D installd: Reconcile secondary dex path /data/user_de/0/com.google.android.gms/app_chimera/m/0000000f/dl-Fastpair.optional_255034100000.apk result=0
01-30 15:53:42.107  2087  2114 I adbd    : jdwp connection from 3493
01-30 15:53:42.108   734  3545 D installd: Reconcile secondary dex path /data/user_de/0/com.google.android.gms/app_chimera/m/00000009/dl-Nearby.integ_212002104100300.apk result=0
01-30 15:53:42.130   734  3545 D installd: Reconcile secondary dex path /data/user/0/com.google.android.gms/app_dg_cache/6DA55CEC49AF2928E7E401C4DB9AAFDD6E89CB64/the.apk result=0
01-30 15:53:42.145   909  3596 D LOWI-9.0.0.79: [LOWI-Scan] wait_event:Wait done with Cmd 34
01-30 15:53:42.145   909  3596 D LOWI-9.0.0.79: [LOWI-Scan] do_listen_events: Rcvd valid Netlink Cmd 34 Err 0
01-30 15:53:42.146   909  3596 D LOWI-9.0.0.79: [LOWI-Scan] 
01-30 15:53:42.146   909  3596 D LOWI-9.0.0.79: [LOWI-Scan] print_bss_handler: Report Probe TSF 693444534202 as it greater than Beacon TSF 693383901955
01-30 15:53:42.147   909  3596 D LOWI-9.0.0.79: [LOWI-Scan] is_qcom_ie, bss_age: 9
01-30 15:53:42.147   909  3596 D LOWI-9.0.0.79: [LOWI-Scan] BSS 20:db:ab:95:b3:af LOWI_PHY_MODE_11NG_HT20(5), Beacon Interval: 100, LOWI_ENCRYPTION_TYPE_OPEN 11mcRanging: No, ANQP: No, LCI: No, Civic: No, capability(0x1421): ESS ShortPreamble ShortSlotTime
01-30 15:53:42.147   909  3596 D LOWI-9.0.0.79: [LOWI-Scan] BSS 20:db:ab:95:b3:af FREQ: 2462, cFreq1[40:80:160] = [0:0:0] cFreq2 = 0 Country Code = IN 
01-30 15:53:42.147   909  3596 D LOWI-9.0.0.79: [LOWI-Scan] BSS 20:db:ab:95:b3:af (wlan0) ASSO: NO AddInfo: 0x0, TSF 8, 00:37:24.534, RSSI: -106, CPL: 127, AGE: 0,  SSID JioNet, TSFDelta: 0x0, TXRate: 0
01-30 15:53:42.147   909  3596 D LOWI-9.0.0.79: [LOWI-Scan] 
01-30 15:53:42.147   909  3596 D LOWI-9.0.0.79: [LOWI-Scan] print_bss_handler: Report beacon TSF 693444534253 as it greater than probe TSF 693383902034
01-30 15:53:42.147   909  3596 I LOWI-9.0.0.79: [LOWI-Scan] RSN_IE
01-30 15:53:42.147   909  3596 D LOWI-9.0.0.79: [LOWI-Scan] decode_rsn_wpa_ie: Entered
01-30 15:53:42.147   909  3596 D LOWI-9.0.0.79: [LOWIUtils] hexDump: msg(30 18 01 00 00 0f ac 04 01 00 00 0f ac 04 02 00 00 0f ac 02 00 0f ac 04 )
01-30 15:53:42.148   909  3596 D LOWI-9.0.0.79: [LOWI-Scan] decode_rsn_wpa_ie: LOWI_ENCRYPTION_TYPE_WPA_PSK
01-30 15:53:42.148   909  3596 D LOWI-9.0.0.79: [LOWI-Scan] is_qcom_ie, bss_age: 28
01-30 15:53:42.148   909  3596 D LOWI-9.0.0.79: [LOWI-Scan] BSS 3e:24:cf:3b:e2:ba LOWI_PHY_MODE_11AC_VHT40_2G(12), Beacon Interval: 100, LOWI_ENCRYPTION_TYPE_WPA_PSK 11mcRanging: No, ANQP: Yes, LCI: No, Civic: No, capability(0x1411): ESS Privacy ShortSlotTime
01-30 15:53:42.148   909  3596 D LOWI-9.0.0.79: [LOWI-Scan] BSS 3e:24:cf:3b:e2:ba FREQ: 2442, cFreq1[40:80:160] = [2432:0:0] cFreq2 = 0 Country Code = US 
01-30 15:53:42.148   909  3596 D LOWI-9.0.0.79: [LOWI-Scan] BSS 3e:24:cf:3b:e2:ba (wlan0) ASSO: NO AddInfo: 0x1, TSF 8, 00:37:24.534, RSSI: -130, CPL: 127, AGE: 0,  SSID VT-HQ-HYD, TSFDelta: 0x0, TXRate: 0
01-30 15:53:42.154   492  3676 V WifiHAL : event received NL80211_CMD_NEW_SCAN_RESULTS
01-30 15:53:42.160  3536  3536 I installd: Secondary dex does not exist: /data/user/0/com.google.android.gms/app_dg_cache/2DC4C657FDAA865312AE32F226816AC5A71769A3/the.apk
01-30 15:53:42.162   909  3596 D LOWI-9.0.0.79: [LOWI-Scan] 
01-30 15:53:42.163   909  3596 D LOWI-9.0.0.79: [LOWI-Scan] print_bss_handler: Report Probe TSF 693444534363 as it greater than Beacon TSF 0
01-30 15:53:42.163   909  3596 I LOWI-9.0.0.79: [LOWI-Scan] RSN_IE
01-30 15:53:42.163   909  3596 D LOWI-9.0.0.79: [LOWI-Scan] decode_rsn_wpa_ie: Entered
01-30 15:53:42.163   909  3596 D LOWI-9.0.0.79: [LOWIUtils] hexDump: msg(30 14 01 00 00 0f ac 04 01 00 00 0f ac 04 01 00 00 0f ac 02 )
01-30 15:53:42.163   909  3596 D LOWI-9.0.0.79: [LOWI-Scan] decode_rsn_wpa_ie: LOWI_ENCRYPTION_TYPE_WPA_PSK
01-30 15:53:42.163   909  3596 D LOWI-9.0.0.79: [LOWI-Scan] is_qcom_ie, bss_age: 36
01-30 15:53:42.163   909  3596 D LOWI-9.0.0.79: [LOWI-Scan] BSS 26:fb:e3:fc:5a:1b LOWI_PHY_MODE_11NG_HT20(5), Beacon Interval: 100, LOWI_ENCRYPTION_TYPE_WPA_PSK 11mcRanging: No, ANQP: No, LCI: No, Civic: No, capability(0x0411): ESS Privacy ShortSlotTime
01-30 15:53:42.163   909  3596 D LOWI-9.0.0.79: [LOWI-Scan] BSS 26:fb:e3:fc:5a:1b FREQ: 2437, cFreq1[40:80:160] = [0:0:0] cFreq2 = 0 Country Code =    
01-30 15:53:42.163   909  3596 D LOWI-9.0.0.79: [LOWI-Scan] BSS 26:fb:e3:fc:5a:1b (wlan0) ASSO: NO AddInfo: 0x0, TSF 8, 00:37:24.534, RSSI: -164, CPL: 127, AGE: 0,  SSID DIRECT-1B-HP 4104dw LJ, TSFDelta: 0x0, TXRate: 0
01-30 15:53:42.168   909  3596 D LOWI-9.0.0.79: [LOWI-Scan] 
01-30 15:53:42.168   909  3596 D LOWI-9.0.0.79: [LOWI-Scan] print_bss_handler: Report Probe TSF 693444534297 as it greater than Beacon TSF 0
01-30 15:53:42.168   909  3596 I LOWI-9.0.0.79: [LOWI-Scan] RSN_IE
01-30 15:53:42.168   909  3596 D LOWI-9.0.0.79: [LOWI-Scan] decode_rsn_wpa_ie: Entered
01-30 15:53:42.169   909  3596 D LOWI-9.0.0.79: [LOWIUtils] hexDump: msg(30 18 01 00 00 0f ac 04 01 00 00 0f ac 04 02 00 00 0f ac 02 00 0f ac 04 )
01-30 15:53:42.169   909  3596 D LOWI-9.0.0.79: [LOWI-Scan] decode_rsn_wpa_ie: LOWI_ENCRYPTION_TYPE_WPA_PSK
01-30 15:53:42.169   909  3596 D LOWI-9.0.0.79: [LOWI-Scan] is_qcom_ie, bss_age: 29
01-30 15:53:42.169   909  3596 D LOWI-9.0.0.79: [LOWI-Scan] BSS 3e:44:cf:3b:e2:ba LOWI_PHY_MODE_11AC_VHT40_2G(12), Beacon Interval: 100, LOWI_ENCRYPTION_TYPE_WPA_PSK 11mcRanging: No, ANQP: Yes, LCI: No, Civic: No, capability(0x1411): ESS Privacy ShortSlotTime
01-30 15:53:42.169   909  3596 D LOWI-9.0.0.79: [LOWI-Scan] BSS 3e:44:cf:3b:e2:ba FREQ: 2442, cFreq1[40:80:160] = [2432:0:0] cFreq2 = 0 Country Code = US 
01-30 15:53:42.169   909  3596 D LOWI-9.0.0.79: [LOWI-Scan] BSS 3e:44:cf:3b:e2:ba (wlan0) ASSO: NO AddInfo: 0x0, TSF 8, 00:37:24.534, RSSI: -136, CPL: 127, AGE: 0,  SSID VT-HQ-HYD_Guest, TSFDelta: 0x0, TXRate: 0
01-30 15:53:42.170   909  3596 D LOWI-9.0.0.79: [LOWI-Scan] 
01-30 15:53:42.170   909  3596 D LOWI-9.0.0.79: [LOWI-Scan] print_bss_handler: Report beacon TSF 693444534343 as it greater than probe TSF 693444534343
01-30 15:53:42.171   909  3596 D LOWI-9.0.0.79: [LOWI-Scan] is_qcom_ie, bss_age: 51
01-30 15:53:42.171   909  3596 D LOWI-9.0.0.79: [LOWI-Scan] BSS 00:a0:0a:2c:c1:10 LOWI_PHY_MODE_11NG_HT20(5), Beacon Interval: 100, LOWI_ENCRYPTION_TYPE_OPEN 11mcRanging: No, ANQP: No, LCI: No, Civic: No, capability(0x0421): ESS ShortPreamble ShortSlotTime
01-30 15:53:42.171   909  3596 D LOWI-9.0.0.79: [LOWI-Scan] BSS 00:a0:0a:2c:c1:10 FREQ: 2412, cFreq1[40:80:160] = [0:0:0] cFreq2 = 0 Country Code = IN 
01-30 15:53:42.171   909  3596 D LOWI-9.0.0.79: [LOWI-Scan] BSS 00:a0:0a:2c:c1:10 (wlan0) ASSO: NO AddInfo: 0x1, TSF 8, 00:37:24.534, RSSI: -156, CPL: 127, AGE: 0,  SSID JioNet, TSFDelta: 0x0, TXRate: 0
01-30 15:53:42.174   909  3596 D LOWI-9.0.0.79: [LOWI-Scan] 
01-30 15:53:42.174   909  3596 D LOWI-9.0.0.79: [LOWI-Scan] print_bss_handler: Report Probe TSF 693444534234 as it greater than Beacon TSF 0
01-30 15:53:42.174   909  3596 I LOWI-9.0.0.79: [LOWI-Scan] RSN_IE
01-30 15:53:42.174   909  3596 D LOWI-9.0.0.79: [LOWI-Scan] decode_rsn_wpa_ie: Entered
01-30 15:53:42.174   909  3596 D LOWI-9.0.0.79: [LOWIUtils] hexDump: msg(30 18 01 00 00 0f ac 04 01 00 00 0f ac 04 02 00 00 0f ac 01 00 0f ac 03 )
01-30 15:53:42.174   909  3596 D LOWI-9.0.0.79: [LOWI-Scan] decode_rsn_wpa_ie: LOWI_ENCRYPTION_TYPE_WPA_EAP
01-30 15:53:42.174   909  3596 D LOWI-9.0.0.79: [LOWI-Scan] is_qcom_ie, bss_age: 9
01-30 15:53:42.174   909  3596 D LOWI-9.0.0.79: [LOWI-Scan] BSS 20:db:ab:95:b3:ae LOWI_PHY_MODE_11NG_HT20(5), Beacon Interval: 100, LOWI_ENCRYPTION_TYPE_WPA_EAP 11mcRanging: No, ANQP: Yes, LCI: No, Civic: No, capability(0x1431): ESS Privacy ShortPreamble ShortSlotTime
01-30 15:53:42.174   909  3596 D LOWI-9.0.0.79: [LOWI-Scan] BSS 20:db:ab:95:b3:ae FREQ: 2462, cFreq1[40:80:160] = [0:0:0] cFreq2 = 0 Country Code = IN 
01-30 15:53:42.174   909  3596 D LOWI-9.0.0.79: [LOWI-Scan] BSS 20:db:ab:95:b3:ae (wlan0) ASSO: NO AddInfo: 0x0, TSF 8, 00:37:24.534, RSSI: -106, CPL: 127, AGE: 0,  SSID JioPrivateNet, TSFDelta: 0x0, TXRate: 0
01-30 15:53:42.176   909  3596 D LOWI-9.0.0.79: [LOWI-Scan] 
01-30 15:53:42.176   909  3596 D LOWI-9.0.0.79: [LOWI-Scan] print_bss_handler: Report beacon TSF 693444534274 as it greater than probe TSF 693444534274
01-30 15:53:42.176   909  3596 I LOWI-9.0.0.79: [LOWI-Scan] RSN_IE
01-30 15:53:42.176   909  3596 D LOWI-9.0.0.79: [LOWI-Scan] decode_rsn_wpa_ie: Entered
01-30 15:53:42.176   909  3596 D LOWI-9.0.0.79: [LOWIUtils] hexDump: msg(30 14 01 00 00 0f ac 04 01 00 00 0f ac 04 01 00 00 0f ac 02 )
01-30 15:53:42.176   909  3596 D LOWI-9.0.0.79: [LOWI-Scan] decode_rsn_wpa_ie: LOWI_ENCRYPTION_TYPE_WPA_PSK
01-30 15:53:42.176   909  3596 D LOWI-9.0.0.79: [LOWI-Scan] is_qcom_ie, bss_age: 27
01-30 15:53:42.177   909  3596 D LOWI-9.0.0.79: [LOWI-Scan] BSS 3c:64:cf:3b:e2:ba LOWI_PHY_MODE_11AC_VHT40_2G(12), Beacon Interval: 100, LOWI_ENCRYPTION_TYPE_WPA_PSK 11mcRanging: No, ANQP: Yes, LCI: No, Civic: No, capability(0x0411): ESS Privacy ShortSlotTime
01-30 15:53:42.177   909  3596 D LOWI-9.0.0.79: [LOWI-Scan] BSS 3c:64:cf:3b:e2:ba FREQ: 2442, cFreq1[40:80:160] = [2432:0:0] cFreq2 = 0 Country Code = US 
01-30 15:53:42.177   909  3596 D LOWI-9.0.0.79: [LOWI-Scan] BSS 3c:64:cf:3b:e2:ba (wlan0) ASSO: NO AddInfo: 0x1, TSF 8, 00:37:24.534, RSSI: -132, CPL: 127, AGE: 0,  SSID , TSFDelta: 0x0, TXRate: 0
01-30 15:53:42.179   909  3596 D LOWI-9.0.0.79: [LOWI-Scan] 
01-30 15:53:42.179   909  3596 D LOWI-9.0.0.79: [LOWI-Scan] print_bss_handler: Report Probe TSF 693444534322 as it greater than Beacon TSF 0
01-30 15:53:42.179   909  3596 I LOWI-9.0.0.79: [LOWI-Scan] RSN_IE
01-30 15:53:42.179   909  3596 D LOWI-9.0.0.79: [LOWI-Scan] decode_rsn_wpa_ie: Entered
01-30 15:53:42.179   909  3596 D LOWI-9.0.0.79: [LOWIUtils] hexDump: msg(30 18 01 00 00 0f ac 04 01 00 00 0f ac 04 02 00 00 0f ac 02 00 0f ac 04 )
01-30 15:53:42.179   909  3596 D LOWI-9.0.0.79: [LOWI-Scan] decode_rsn_wpa_ie: LOWI_ENCRYPTION_TYPE_WPA_PSK
01-30 15:53:42.179   909  3596 D LOWI-9.0.0.79: [LOWI-Scan] is_qcom_ie, bss_age: 28
01-30 15:53:42.179   909  3596 D LOWI-9.0.0.79: [LOWI-Scan] BSS 3e:24:cf:3b:e2:da LOWI_PHY_MODE_11AC_VHT40_2G(12), Beacon Interval: 100, LOWI_ENCRYPTION_TYPE_WPA_PSK 11mcRanging: No, ANQP: Yes, LCI: No, Civic: No, capability(0x1411): ESS Privacy ShortSlotTime
01-30 15:53:42.179   909  3596 D LOWI-9.0.0.79: [LOWI-Scan] BSS 3e:24:cf:3b:e2:da FREQ: 2442, cFreq1[40:80:160] = [2432:0:0] cFreq2 = 0 Country Code = US 
01-30 15:53:42.179   909  3596 D LOWI-9.0.0.79: [LOWI-Scan] BSS 3e:24:cf:3b:e2:da (wlan0) ASSO: NO AddInfo: 0x0, TSF 8, 00:37:24.534, RSSI: -150, CPL: 127, AGE: 0,  SSID VT-HQ-HYD, TSFDelta: 0x0, TXRate: 0
01-30 15:53:42.183   909  3596 D LOWI-9.0.0.79: [LOWI-Scan] 
01-30 15:53:42.183   909  3596 D LOWI-9.0.0.79: [LOWI-Scan] print_bss_handler: Report beacon TSF 693444534387 as it greater than probe TSF 693444534387
01-30 15:53:42.183   909  3596 I LOWI-9.0.0.79: [LOWI-Scan] RSN_IE
01-30 15:53:42.183   909  3596 D LOWI-9.0.0.79: [LOWI-Scan] decode_rsn_wpa_ie: Entered
01-30 15:53:42.183   909  3596 D LOWI-9.0.0.79: [LOWIUtils] hexDump: msg(30 18 01 00 00 0f ac 04 01 00 00 0f ac 04 02 00 00 0f ac 02 00 0f ac 04 )
01-30 15:53:42.183   909  3596 D LOWI-9.0.0.79: [LOWI-Scan] decode_rsn_wpa_ie: LOWI_ENCRYPTION_TYPE_WPA_PSK
01-30 15:53:42.183   909  3596 D LOWI-9.0.0.79: [LOWI-Scan] is_qcom_ie, bss_age: 28
01-30 15:53:42.183   909  3596 D LOWI-9.0.0.79: [LOWI-Scan] BSS 3e:44:cf:3b:d1:52 LOWI_PHY_MODE_11AC_VHT40_2G(12), Beacon Interval: 100, LOWI_ENCRYPTION_TYPE_WPA_PSK 11mcRanging: No, ANQP: Yes, LCI: No, Civic: No, capability(0x1411): ESS Privacy ShortSlotTime
01-30 15:53:42.183   909  3596 D LOWI-9.0.0.79: [LOWI-Scan] BSS 3e:44:cf:3b:d1:52 FREQ: 2442, cFreq1[40:80:160] = [2432:0:0] cFreq2 = 0 Country Code = US 
01-30 15:53:42.184   909  3596 D LOWI-9.0.0.79: [LOWI-Scan] BSS 3e:44:cf:3b:d1:52 (wlan0) ASSO: NO AddInfo: 0x1, TSF 8, 00:37:24.534, RSSI: -182, CPL: 127, AGE: 0,  SSID VT-HQ-HYD_Guest, TSFDelta: 0x0, TXRate: 0
01-30 15:53:42.187   909  3596 D LOWI-9.0.0.79: [LOWI-Scan] 
01-30 15:53:42.187   909  3596 D LOWI-9.0.0.79: [LOWI-Scan] print_bss_handler: Report beacon TSF 693444534405 as it greater than probe TSF 693444534405
01-30 15:53:42.187   909  3596 D LOWI-9.0.0.79: [LOWI-Scan] is_qcom_ie, bss_age: 9
01-30 15:53:42.187   909  3596 D LOWI-9.0.0.79: [LOWI-Scan] BSS 20:db:ab:95:82:0f LOWI_PHY_MODE_11NG_HT20(5), Beacon Interval: 100, LOWI_ENCRYPTION_TYPE_OPEN 11mcRanging: No, ANQP: No, LCI: No, Civic: No, capability(0x1421): ESS ShortPreamble ShortSlotTime
01-30 15:53:42.187   909  3596 D LOWI-9.0.0.79: [LOWI-Scan] BSS 20:db:ab:95:82:0f FREQ: 2462, cFreq1[40:80:160] = [0:0:0] cFreq2 = 0 Country Code = IN 
01-30 15:53:42.187   909  3596 D LOWI-9.0.0.79: [LOWI-Scan] BSS 20:db:ab:95:82:0f (wlan0) ASSO: NO AddInfo: 0x1, TSF 8, 00:37:24.534, RSSI: -198, CPL: 127, AGE: 0,  SSID JioNet, TSFDelta: 0x0, TXRate: 0
01-30 15:53:42.188   909  3596 D LOWI-9.0.0.79: [LOWIDiagLog] Log: lowiMeasResult->request: invalid null argument
01-30 15:53:42.194   909  3596 I LOWI-9.0.0.79: [LOWI-Scan] lowi_close_record:Scan done in 693402613ms, 10 APs in scan results
01-30 15:53:42.194   909  3596 D LOWI-9.0.0.79: [LOWI-Scan] WipsScanUsingNL: passive scan cached 0, took 60673 ms, err 0
01-30 15:53:42.194   909  3596 D LOWI-9.0.0.79: [LOWI-Scan] lowi_proc_req_passive_scan_with_live_meas - No WLAN Frames to be parsed
01-30 15:53:42.194   909  3596 D LOWI-9.0.0.79: [LOWIScanResultReceiver] Send scan meas to listener
01-30 15:53:42.194   909  3596 D LOWI-9.0.0.79: [LOWIScanResultReceiver] Enter passive listening mode
01-30 15:53:42.195   909  3596 D LOWI-9.0.0.79: [LOWIWifiDriverInterface] getMeasurements - Passive listening mode
01-30 15:53:42.195   909  3596 D LOWI-9.0.0.79: [LOWI-Scan] WipsScanUsingNL:wait -1 sec for netlink message
01-30 15:53:42.195   909   961 D LOWI-9.0.0.79: [LOWIEventReceiver] handleEvent:FROM:NA, TO:NA, REQ:NA, IREQ:NA, REQ_ID:0, RESP:NA, INFO:NA
01-30 15:53:42.195   909   961 D LOWI-9.0.0.79: [LOWIBackgroundScanMgr] isRspForBgScanMgr: evt(LOWI_NO_EVT) - not handled
01-30 15:53:42.195   909   961 D LOWI-9.0.0.79: [LOWIScheduler] manageMsg: NULL results or NULL request in results
01-30 15:53:42.196   909   961 D LOWI-9.0.0.79: [LOWIController] Measurements received
01-30 15:53:42.196   909   961 D LOWI-9.0.0.79: [LOWICacheManager] putInCache:Num of Meas to add: 10
01-30 15:53:42.198   909   961 D LOWI-9.0.0.79: [LOWIController] processMeasurementResults: No current Request. Cache measurements
01-30 15:53:42.199   734  3545 D installd: Reconcile secondary dex path /data/user/0/com.google.android.gms/app_dg_cache/2DC4C657FDAA865312AE32F226816AC5A71769A3/the.apk result=1
01-30 15:53:42.200   909   961 D LOWI-9.0.0.79: [LOWIControllerExtn] sendLOWILpDiscoveryScanResponse: Not a discovery scan response
01-30 15:53:42.214  1089  1189 I chatty  : uid=1000(system) ActivityManager expire 4 lines
01-30 15:53:42.218  1089  1189 W BroadcastQueue: Background execution not allowed: receiving Intent { act=android.net.wifi.SCAN_RESULTS flg=0x4000010 (has extras) } to com.jio.myjio/.jionet.receiver.WifiScanReceiver
01-30 15:53:42.235   734  3545 D installd: Reconcile secondary dex path /data/user/0/com.google.android.gms/app_dg_cache/65E5A6B984253545FEF40CB5F483C054918CCA97/the.apk result=0
01-30 15:53:42.246  2670  1448 I FrewleTileCacheManagerV: Fetched 8 AP models from cache [CONTEXT service_id=6 ]
01-30 15:53:42.247  3538  3538 I installd: Secondary dex does not exist: /data/user/0/com.google.android.gms/app_dg_cache/125075AAC519C012835D709D97D485A0E0EDC5B8/the.apk
01-30 15:53:42.256   734  3545 D installd: Reconcile secondary dex path /data/user/0/com.google.android.gms/app_dg_cache/125075AAC519C012835D709D97D485A0E0EDC5B8/the.apk result=1
01-30 15:53:42.270  3540  3540 I installd: Secondary dex does not exist: /data/user/0/com.google.android.gms/app_dg_cache/90509DA0D15507F4156E9E8EDE4BB2419C0CAE95/the.apk
01-30 15:53:42.277   734  3545 D installd: Reconcile secondary dex path /data/user/0/com.google.android.gms/app_dg_cache/90509DA0D15507F4156E9E8EDE4BB2419C0CAE95/the.apk result=1
01-30 15:53:42.295  2212  3481 I MediaProvider: Scanned internal due to REASON_IDLE, found 36 items in 233ms, 0 inserts 0 updates 0 deletes
01-30 15:53:42.298   734  3545 D installd: Reconcile secondary dex path /data/user/0/com.google.android.gms/app_dg_cache/811E91EE5A2ABAC08C9C2BF22101E2F49B5DE79B/the.apk result=0
01-30 15:53:42.324  1089  1310 I chatty  : uid=1000(system) Binder:1089_4 expire 9 lines
01-30 15:53:42.328  3542  3542 I installd: Secondary dex does not exist: /data/user/0/com.google.android.youtube/cache/1754603592408.jar
01-30 15:53:42.337   734  3545 D installd: Reconcile secondary dex path /data/user/0/com.google.android.youtube/cache/1754603592408.jar result=1
01-30 15:53:42.371   483   565 I LocSvc_api_v02: ---> locClientSendReq line 2409 QMI_LOC_INJECT_POSITION_REQ_V02
01-30 15:53:42.371   483   565 E QMI_FW  : qmi_cci_get_ref: ref count increased 2
01-30 15:53:42.374   483   951 E QMI_FW  : qmi_cci_get_ref: ref count increased 3
01-30 15:53:42.374   483   951 I LocSvc_ApiV02: <--- globalRespCb line 221 QMI_LOC_INJECT_POSITION_REQ_V02
01-30 15:53:42.391  3543  3543 I installd: Secondary dex does not exist: /data/user/0/com.google.android.youtube/app_yqzdkcache/rbp/1759941864585.jar
01-30 15:53:42.421   734  3545 D installd: Reconcile secondary dex path /data/user/0/com.google.android.youtube/app_yqzdkcache/rbp/1759941864585.jar result=1
01-30 15:53:42.458   734  3545 D installd: Reconcile secondary dex path /data/user/0/com.android.chrome/app_dex/webapk7.dex result=0
01-30 15:53:42.575  3493  3493 I Perf    : Connecting to perf service.
01-30 15:53:42.582  2212  3481 I MediaProvider: Scanned external_primary due to REASON_IDLE, found 21 items in 194ms, 0 inserts 0 updates 0 deletes
01-30 15:53:42.635  3493  3493 I d.process.media: type=1400 audit(0.0:14214): avc: denied { call } for scontext=u:r:mediaprovider:s0:c512,c768 tcontext=u:r:hal_perf_default:s0 tclass=binder permissive=1
01-30 15:53:42.635  2212  3481 V MediaProvider: Deleting stale thumbnail /storage/emulated/0/Music/.thumbnails/.nomedia
01-30 15:53:42.655  2212  3481 V MediaProvider: Deleting stale thumbnail /storage/emulated/0/Movies/.thumbnails/.nomedia
01-30 15:53:42.656  2212  3481 V MediaProvider: Deleting stale thumbnail /storage/emulated/0/Pictures/.thumbnails/.nomedia
01-30 15:53:42.670  2212  3481 D MediaProvider: Pruned 3 unknown thumbnails
01-30 15:53:42.675  3493  3493 D NetworkSecurityConfig: No Network Security Config specified, using platform default
01-30 15:53:42.686  3493  3493 D NetworkSecurityConfig: No Network Security Config specified, using platform default
01-30 15:53:42.701  2212  3481 D MediaProvider: Pruned 0 unknown packages
01-30 15:53:42.711  2212  3481 D MediaProvider: Deleted 0 expired items
01-30 15:53:42.736  2212  3481 I MediaProvider: Idle maintenance on external, 5 items taking 1045ms, 3 stale, 0 expired
01-30 15:53:42.784  1089  1089 D CompatibilityChangeReporter: Compat change id reported: 135634846; UID 10145; state: DISABLED
01-30 15:53:42.785  1089  1190 D CompatibilityChangeReporter: Compat change id reported: 143937733; UID 10145; state: DISABLED
01-30 15:53:42.824   396   396 D Zygote  : Forked child process 3554
01-30 15:53:42.833  1089  1190 W ActivityManager: Slow operation: 51ms so far, now at startProcess: returned from zygote!
01-30 15:53:42.834  1089  1190 W ActivityManager: Slow operation: 51ms so far, now at startProcess: done updating battery stats
01-30 15:53:42.834  1089  1190 W ActivityManager: Slow operation: 52ms so far, now at startProcess: building log message
01-30 15:53:42.834  1089  1190 I ActivityManager: Start proc 3554:com.google.android.apps.photosgo/u0a145 for service {com.google.android.apps.photosgo/androidx.work.impl.background.systemjob.SystemJobService}
01-30 15:53:42.835  1089  1190 W ActivityManager: Slow operation: 52ms so far, now at startProcess: starting to update pids map
01-30 15:53:42.836  1089  1190 W ActivityManager: Slow operation: 53ms so far, now at startProcess: done updating pids map
01-30 15:53:42.878  3552  3552 W profman : profman took 178.559ms
01-30 15:53:42.911  3554  3554 I Zygote  : seccomp disabled by setenforce 0
01-30 15:53:42.989  2087  2114 I adbd    : jdwp connection from 3554
01-30 15:53:43.084  3554  3554 D ApplicationLoaders: Returning zygote-cached class loader: /system/framework/android.test.base.jar
01-30 15:53:43.230  3554  3554 D nativeloader: classloader namespace configured for unbundled product apk. library_path=/product/app/GalleryGo/lib/arm:/product/app/GalleryGo/GalleryGo.apk!/lib/armeabi-v7a:/product/lib:/system/product/lib
01-30 15:53:43.307  3554  3554 I Perf    : Connecting to perf service.
01-30 15:53:43.307  1089  2798 D CompatibilityChangeReporter: Compat change id reported: 135634846; UID 10127; state: DISABLED
01-30 15:53:43.309  1089  1190 D CompatibilityChangeReporter: Compat change id reported: 143937733; UID 10127; state: ENABLED
01-30 15:53:43.324  1089  3483 D DynamicCodeLogger: Got no hash for /data/user/0/com.google.android.gms/app_dg_cache/2DC4C657FDAA865312AE32F226816AC5A71769A3/the.apk
01-30 15:53:43.354   396   396 D Zygote  : Forked child process 3585
01-30 15:53:43.359  1089  1190 W ActivityManager: Slow operation: 53ms so far, now at startProcess: returned from zygote!
01-30 15:53:43.359  1089  1190 W ActivityManager: Slow operation: 54ms so far, now at startProcess: done updating battery stats
01-30 15:53:43.361  1089  1190 W ActivityManager: Slow operation: 55ms so far, now at startProcess: building log message
01-30 15:53:43.361  1089  1190 I ActivityManager: Start proc 3585:com.google.android.gms/u0a127 for service {com.google.android.gms/com.google.android.gms.ads.identifier.service.AdvertisingIdService}
01-30 15:53:43.361  1089  1190 W ActivityManager: Slow operation: 56ms so far, now at startProcess: starting to update pids map
01-30 15:53:43.362  1089  1190 W ActivityManager: Slow operation: 57ms so far, now at startProcess: done updating pids map
01-30 15:53:43.390  3585  3585 I Zygote  : seccomp disabled by setenforce 0
01-30 15:53:43.390  3554  3554 D NetworkSecurityConfig: No Network Security Config specified, using platform default
01-30 15:53:43.392  3554  3554 D NetworkSecurityConfig: No Network Security Config specified, using platform default
01-30 15:53:43.402  1089  3483 D DynamicCodeLogger: Got no hash for /data/user/0/com.google.android.gms/app_dg_cache/125075AAC519C012835D709D97D485A0E0EDC5B8/the.apk
01-30 15:53:43.421  1089  3483 D DynamicCodeLogger: Got no hash for /data/user/0/com.google.android.gms/app_dg_cache/90509DA0D15507F4156E9E8EDE4BB2419C0CAE95/the.apk
01-30 15:53:43.443  2087  2114 I adbd    : jdwp connection from 3585
01-30 15:53:43.470  1089  2798 I chatty  : uid=1000(system) Binder:1089_1F expire 6 lines
01-30 15:53:43.505  1089  3483 D DynamicCodeLogger: Got no hash for /data/user/0/com.google.android.youtube/cache/1754603592408.jar
01-30 15:53:43.537  1089  3483 D DynamicCodeLogger: Got no hash for /data/user/0/com.google.android.youtube/app_yqzdkcache/rbp/1759941864585.jar
01-30 15:53:43.786  3585  3585 W gle.android.gm: JIT profile information will not be recorded: profile file does not exist.
01-30 15:53:43.786  3585  3585 W gle.android.gm: JIT profile information will not be recorded: profile file does not exist.
01-30 15:53:43.795  3493  3493 I d.process.media: type=1400 audit(0.0:14215): avc: denied { call } for scontext=u:r:mediaprovider:s0:c512,c768 tcontext=u:r:hal_perf_default:s0 tclass=binder permissive=1
01-30 15:53:43.814  3493  3493 D NetworkSecurityConfig: No Network Security Config specified, using platform default
01-30 15:53:43.826  3493  3493 D MtpService: starting MTP server in MTP mode with storage /storage/emulated/0 unlocked as user 0
01-30 15:53:43.879  3493  3493 I MtpService: Couldn't get control FD!
01-30 15:53:43.927  3493  3493 V MtpService: Adding MTP storage:/storage/emulated/0
01-30 15:53:43.947   776   845 E Parcel  : Reading a NULL string not supported here.
01-30 15:53:43.998  3493  3628 D DownloadManager: Removed 0 stale downloads
01-30 15:53:44.025  3493  3493 I sAsyncHandlerTh: type=1400 audit(0.0:14216): avc: denied { read } for name="recovery" dev="dm-5" ino=115 scontext=u:r:mediaprovider:s0:c512,c768 tcontext=u:object_r:cache_recovery_file:s0 tclass=dir permissive=1
01-30 15:53:44.025  3493  3493 I sAsyncHandlerTh: type=1400 audit(0.0:14217): avc: denied { open } for path="/data/cache/recovery" dev="dm-5" ino=115 scontext=u:r:mediaprovider:s0:c512,c768 tcontext=u:object_r:cache_recovery_file:s0 tclass=dir permissive=1
01-30 15:53:44.032  3493  3628 D DownloadManager: Found 0 files in database
01-30 15:53:44.032  3493  3628 D DownloadManager: Found 0 files on disk
01-30 15:53:44.229  3585  3585 I Perf    : Connecting to perf service.
01-30 15:53:44.261  3585  3585 D NetworkSecurityConfig: Using Network Security Config from resource network_security_config debugBuild: false
01-30 15:53:44.270  3585  3585 D NetworkSecurityConfig: Using Network Security Config from resource network_security_config debugBuild: false
01-30 15:53:44.271  3554  3554 I TetheringManager: registerTetheringEventCallback:com.google.android.apps.photosgo
01-30 15:53:44.577  1089  2798 D CompatibilityChangeReporter: Compat change id reported: 135634846; UID 10123; state: DISABLED
01-30 15:53:44.578  1089  1190 D CompatibilityChangeReporter: Compat change id reported: 143937733; UID 10123; state: DISABLED
01-30 15:53:44.613  1089  1310 D CompatibilityChangeReporter: Compat change id reported: 135634846; UID 10127; state: DISABLED
01-30 15:53:44.620   396   396 D Zygote  : Forked child process 3658
01-30 15:53:44.625  1089  1190 I ActivityManager: Start proc 3658:com.google.android.apps.cameralite/u0a123 for content provider {com.google.android.apps.cameralite/com.google.android.apps.cameralite.processingmedia.ProcessingMediaProvider}
01-30 15:53:44.626  1089  1190 W ActivityManager: Slow operation: 51ms so far, now at startProcess: done updating pids map
01-30 15:53:44.627  1089  1190 D CompatibilityChangeReporter: Compat change id reported: 143937733; UID 10127; state: ENABLED
01-30 15:53:44.645  3658  3658 I Zygote  : seccomp disabled by setenforce 0
01-30 15:53:44.650  1089  1641 D CompatibilityChangeReporter: Compat change id reported: 149924527; UID 10145; state: ENABLED
01-30 15:53:44.656  1089  1641 D CompatibilityChangeReporter: Compat change id reported: 132649864; UID 10145; state: DISABLED
01-30 15:53:44.672   396   396 D Zygote  : Forked child process 3671
01-30 15:53:44.677  1089  1190 W ActivityManager: Slow operation: 66ms so far, now at startProcess: returned from zygote!
01-30 15:53:44.678  1089  1190 W ActivityManager: Slow operation: 66ms so far, now at startProcess: done updating battery stats
01-30 15:53:44.678  1089  1190 W ActivityManager: Slow operation: 66ms so far, now at startProcess: building log message
01-30 15:53:44.678  1089  1190 I ActivityManager: Start proc 3671:com.google.process.gservices/u0a127 for content provider {com.google.android.gsf/com.google.android.gsf.gservices.GservicesProvider}
01-30 15:53:44.678  1089  1190 W ActivityManager: Slow operation: 67ms so far, now at startProcess: starting to update pids map
01-30 15:53:44.679  1089  1190 W ActivityManager: Slow operation: 68ms so far, now at startProcess: done updating pids map
01-30 15:53:44.699  3671  3671 I Zygote  : seccomp disabled by setenforce 0
01-30 15:53:44.706  2087  2114 I adbd    : jdwp connection from 3658
01-30 15:53:44.729  2087  2114 I adbd    : jdwp connection from 3671
01-30 15:53:44.759  1089  3897 I chatty  : uid=1000(system) Binder:1089_21 expire 3 lines
01-30 15:53:44.791  3658  3658 D ApplicationLoaders: Returning zygote-cached class loader: /system/framework/android.test.base.jar
01-30 15:53:44.869  3658  3658 D nativeloader: classloader namespace configured for unbundled product apk. library_path=/product/priv-app/CameraGoPrebuilt/lib/arm:/product/priv-app/CameraGoPrebuilt/CameraGoPrebuilt.apk!/lib/armeabi-v7a:/product/lib:/system/product/lib
01-30 15:53:44.913  3671  3671 I Perf    : Connecting to perf service.
01-30 15:53:44.917  3658  3658 I Perf    : Connecting to perf service.
01-30 15:53:44.937  3671  3671 D NetworkSecurityConfig: No Network Security Config specified, using platform default
01-30 15:53:44.939  3671  3671 D NetworkSecurityConfig: No Network Security Config specified, using platform default
01-30 15:53:44.941  3658  3658 D NetworkSecurityConfig: No Network Security Config specified, using platform default
01-30 15:53:44.942  3658  3658 D NetworkSecurityConfig: No Network Security Config specified, using platform default
01-30 15:53:44.979  3671  3671 I GservicesProvider: Gservices pushing to system: true; secure/global: true
01-30 15:53:45.018  3658  3658 I MultiDex: VM with version 2.1.0 has multidex support
01-30 15:53:45.018  3658  3658 I MultiDex: install
01-30 15:53:45.018  3658  3658 I MultiDex: VM has multidex support, MultiDex support library is disabled.
01-30 15:53:45.230  3658  3658 I ProcessingMediaProvider: ProcessingMediaProvider On Create
01-30 15:53:45.672  3715  3715 I chatty  : uid=1000(system) expire 32 lines
01-30 15:53:45.877  3658  3658 I SslGuard: SslGuard completed installation.
01-30 15:53:45.982  3658  3687 I ProcessingMediaProvider: ProcessingMediaProvider Query, Uri: content://com.google.android.apps.cameralite.processingmedia.ProcessingMediaProvider/processing
01-30 15:53:46.032  3715  3728 I chatty  : uid=1000(system) expire 1 line
01-30 15:53:46.035  3715  3715 I chatty  : uid=1000(system) expire 2 lines
01-30 15:53:46.036  3715  3715 D improveTouch: [DSPTouchProcessor:807] deInit: E
01-30 15:53:46.036  3715  3715 E improveTouch: [DSPTouchProcessor:823] deInit: invalid state (current = 0)
01-30 15:53:46.036  3715  3715 D improveTouch: [DSPTouchProcessor:827] deInit: X pa_utf_ret = 1, ret = 1073741835
01-30 15:53:46.036  3715  3715 E improveTouch: [TouchServer:83] delete event injector
01-30 15:53:46.036  3715  3715 E improveTouch: [TouchServer:87] delete config management
01-30 15:53:46.039  3715  3715 E improveTouch: [TouchServer:90] fail to start daemon
01-30 15:53:46.040  3715  3715 E improveTouch: [Main:169] fail to initiate touch server
01-30 15:53:46.187  3658  3658 D CameraliteStartupListen: Cameralite startup
01-30 15:53:46.341  3658  3739 D pck     : Configured: Config{closeImmediately=false, foregroundTimeoutMillis=1000}
01-30 15:53:46.343  3658  3745 I PixelCameraKitProviderI: getInstance: 122 ms UI false
01-30 15:53:46.343  3658  3745 I CameraliteCameraKitModu: Direct access to the PCK CameraHardwareManager is deprecated. See comments in module for alternatives.
01-30 15:53:46.351  3658  3745 I CameraManagerGlobal: Connecting to camera service
01-30 15:53:46.352  3658  3739 I PixelCameraKitProviderI: getInstance: 162 ms UI false
01-30 15:53:46.391   723  3001 W ServiceManager: Permission failure: android.permission.CAMERA_OPEN_CLOSE_LISTENER from uid=10123 pid=3658
01-30 15:53:46.465  3658  3745 I CXCP    : Loaded metadata for Camera 0 in 53.812 ms
01-30 15:53:46.486  3658  3745 I PixelCameraKitProviderI: getInstance: 0 ms UI false
01-30 15:53:46.487  3658  3745 I CameraliteCameraKitModu: Direct access to the PCK CameraHardwareManager is deprecated. See comments in module for alternatives.
01-30 15:53:46.701   295   295 I lowmemorykiller: Kill 'com.google.android.apps.cameralite' (3658), uid 10123, oom_adj 925 to free 33336kB
01-30 15:53:46.882   295   295 I lowmemorykiller: Kill 'com.google.process.gservices' (3671), uid 10127, oom_adj 915 to free 24304kB
01-30 15:53:46.890  1089   382 I ActivityManager: Process com.google.android.apps.cameralite (pid 3658) has died: cch+25 CEM 
01-30 15:53:46.903   396   396 I Zygote  : Process 3658 exited due to signal 9 (Killed)
01-30 15:53:46.926  3554  3554 I ActivityThread: Removing dead content provider:android.content.ContentProviderProxy@973c684
01-30 15:53:47.009  1089  4020 I ActivityManager: Process com.google.process.gservices (pid 3671) has died: cch+15 CEM 
01-30 15:53:47.014  1089  1196 I chatty  : uid=1000(system) ActivityManager expire 7 lines
01-30 15:53:47.021   396   396 I Zygote  : Process 3671 exited due to signal 9 (Killed)
01-30 15:53:47.034   295   295 I lowmemorykiller: Kill 'com.google.android.apps.photosgo' (3554), uid 10145, oom_adj 905 to free 31952kB
01-30 15:53:47.044   295   295 I lowmemorykiller: Kill 'com.qti.diagservices' (2530), uid 1000, oom_adj 800 to free 15056kB
01-30 15:53:47.066  1577  1577 I AppBase : AppBase.onTrimMemory():786 onTrimMemory(): 5
01-30 15:53:47.082  1577  1577 I GoogleInputMethodService: GoogleInputMethodService.onTrimMemory():4569 onTrimMemory(): 5
01-30 15:53:47.175   396   396 I Zygote  : Process 3554 exited due to signal 9 (Killed)
01-30 15:53:47.181  1089  3916 I ActivityManager: Process com.google.android.apps.photosgo (pid 3554) has died: cch+5 CEM 
01-30 15:53:47.212  1089  3916 I ActivityManager: Process com.qti.diagservices (pid 2530) has died: svcb SVC 
01-30 15:53:47.213   396   396 I Zygote  : Process 2530 exited due to signal 9 (Killed)
01-30 15:53:47.216  1089  3916 W ActivityManager: Scheduling restart of crashed service com.qti.diagservices/.QTIDiagServices in 1000ms for start-requested
01-30 15:53:47.250  1577  1577 I AppBase : AppBase.onTrimMemory():786 onTrimMemory(): 10
01-30 15:53:47.250  1577  1577 I GoogleInputMethodService: GoogleInputMethodService.onTrimMemory():4569 onTrimMemory(): 10
01-30 15:53:47.522  3493  3549 I d.process.medi: Waiting for a blocking GC ProfileSaver
01-30 15:53:47.580  3585  3585 W ProviderHelper: Unknown dynamite feature providerinstaller.dynamite
01-30 15:53:47.582  3585  3585 I DynamiteModule: Considering local module com.google.android.gms.providerinstaller.dynamite:1 and remote module com.google.android.gms.providerinstaller.dynamite:0
01-30 15:53:47.582  3585  3585 I DynamiteModule: Selected local version of com.google.android.gms.providerinstaller.dynamite
01-30 15:53:47.623  3493  3549 I d.process.medi: WaitForGcToComplete blocked ProfileSaver on ClassLinker for 100.312ms
01-30 15:53:47.655  3493  3528 I d.process.medi: WaitForGcToComplete blocked RunEmptyCheckpoint on ProfileSaver for 24.167ms
01-30 15:53:47.689  3585  3585 V NativeCrypto: Registering com/google/android/gms/org/conscrypt/NativeCrypto's 329 native methods...
01-30 15:53:47.947  3585  3585 I ProviderInstaller: Installed default security provider GmsCore_OpenSSL
01-30 15:53:48.092  3585  3585 I GmsApplication: [gms_startup_benchmark] Static start time (ms): 693446783, Startup latency (ms): 3700, Is system user: true
01-30 15:53:48.094  3585  3776 I Watchcat: Started
01-30 15:53:48.206  3585  3776 I GMS_MM_Logger: Start time: 52629
01-30 15:53:48.207  3585  3776 I GMS_MM_Logger: Started.
01-30 15:53:48.220  1089  1189 D CompatibilityChangeReporter: Compat change id reported: 135634846; UID 1000; state: DISABLED
01-30 15:53:48.267   396   396 D Zygote  : Forked child process 3785
01-30 15:53:48.286  3785  3785 I Zygote  : seccomp disabled by setenforce 0
01-30 15:53:48.298  1089  1190 W ActivityManager: Slow operation: 80ms so far, now at startProcess: returned from zygote!
01-30 15:53:48.298  1089  1190 W ActivityManager: Slow operation: 81ms so far, now at startProcess: done updating battery stats
01-30 15:53:48.299  1089  1190 W ActivityManager: Slow operation: 81ms so far, now at startProcess: building log message
01-30 15:53:48.299  1089  1190 I ActivityManager: Start proc 3785:com.qti.diagservices/1000 for service {com.qti.diagservices/com.qti.diagservices.QTIDiagServices}
01-30 15:53:48.299  1089  1190 W ActivityManager: Slow operation: 81ms so far, now at startProcess: starting to update pids map
01-30 15:53:48.300  1089  1190 W ActivityManager: Slow operation: 83ms so far, now at startProcess: done updating pids map
01-30 15:53:48.352  2087  2114 I adbd    : jdwp connection from 3785
01-30 15:53:48.385  3585  3610 I DynamiteModule: Considering local module com.google.android.gms.googlecertificates:7 and remote module com.google.android.gms.googlecertificates:0
01-30 15:53:48.385  3585  3610 I DynamiteModule: Selected local version of com.google.android.gms.googlecertificates
01-30 15:53:48.395  1089  2453 I chatty  : uid=1000(system) Binder:1089_B expire 6 lines
01-30 15:53:48.531  3785  3785 I chatty  : uid=1000(system) com.qti.diagservices expire 2 lines
01-30 15:53:48.575  3785  3785 D NetworkSecurityConfig: No Network Security Config specified, using platform default
01-30 15:53:48.599  3785  3785 E DiagJNIInterface: Trying to load libDiagService
01-30 15:53:48.679  1089  3916 I chatty  : uid=1000(system) Binder:1089_10 expire 3 lines
01-30 15:53:48.692   295   295 I lowmemorykiller: Kill 'com.google.android.gms' (3585), uid 10127, oom_adj 905 to free 46688kB
01-30 15:53:48.788  3785  3785 I Diag_Lib: Diag_LSM_Init call succeeded
01-30 15:53:48.843  1089  3916 I ActivityManager: Process com.google.android.gms (pid 3585) has died: fg  TRNB
01-30 15:53:48.844   396   396 I Zygote  : Process 3585 exited due to signal 9 (Killed)
01-30 15:53:48.846  1089  3916 W ActivityManager: Scheduling restart of crashed service com.google.android.gms/.ads.identifier.service.AdvertisingIdService in 1000ms for connection
01-30 15:53:48.943   295   295 I lowmemorykiller: Kill 'android.process.media' (3493), uid 10079, oom_adj 800 to free 22220kB
01-30 15:53:49.030  1089  1544 I ActivityManager: Process android.process.media (pid 3493) has died: svcb SVC 
01-30 15:53:49.034  1089  1544 W ActivityManager: Scheduling restart of crashed service com.android.mtp/.MtpService in 12124800ms for start-requested
01-30 15:53:49.072   396   396 I Zygote  : Process 3493 exited due to signal 9 (Killed)
01-30 15:53:49.668   734  4009 V installd: DexInv: --- BEGIN '/data/app/~~3ccPP38LwqMPrUEi8VZJpg==/com.android.chrome-S-4a8zhJ59nD_aMhl-Psqg==/base.apk' ---
01-30 15:53:49.805  3834  3834 I chatty  : uid=50135(com.android.chrome) expire 2 lines
01-30 15:53:49.853  1089  1189 D CompatibilityChangeReporter: Compat change id reported: 135634846; UID 10127; state: DISABLED
01-30 15:53:49.853  1089  1190 D CompatibilityChangeReporter: Compat change id reported: 143937733; UID 10127; state: ENABLED
01-30 15:53:49.877   396   396 D Zygote  : Forked child process 3838
01-30 15:53:49.891  1089  1190 I ActivityManager: Start proc 3838:com.google.android.gms/u0a127 for service {com.google.android.gms/com.google.android.gms.ads.identifier.service.AdvertisingIdService}
01-30 15:53:49.898  3838  3838 I Zygote  : seccomp disabled by setenforce 0
01-30 15:53:49.942  2087  2114 I adbd    : jdwp connection from 3838
01-30 15:53:49.975  1089  2130 I chatty  : uid=1000(system) Binder:1089_A expire 6 lines
01-30 15:53:50.102  3834  3834 W dex2oat32: Could not reserve sentinel fault page
01-30 15:53:50.105  3838  3838 W gle.android.gm: JIT profile information will not be recorded: profile file does not exist.
01-30 15:53:50.105  3838  3838 W gle.android.gm: JIT profile information will not be recorded: profile file does not exist.
01-30 15:53:50.349  3861  3861 I chatty  : uid=1000(system) expire 33 lines
01-30 15:53:50.443  3838  3838 I Perf    : Connecting to perf service.
01-30 15:53:50.463  3834  3834 W dex2oat32: Could not open dex files from location: /data/app/~~tU6tsy2SLRzJLgnPoJKT4Q==/com.google.android.trichromelibrary_755909030-46Gq7xZ5SYgTz-5MXPyppA==/base.apk
01-30 15:53:50.463  3834  3834 W dex2oat32: Failed to open classpath dex files
01-30 15:53:50.487  3838  3838 D NetworkSecurityConfig: Using Network Security Config from resource network_security_config debugBuild: false
01-30 15:53:50.522  3838  3838 D NetworkSecurityConfig: Using Network Security Config from resource network_security_config debugBuild: false
01-30 15:53:50.647  3861  3862 I chatty  : uid=1000(system) expire 1 line
01-30 15:53:50.648  3861  3861 E improveTouch: [TouchServer:79] delete touch processor
01-30 15:53:50.648  3861  3861 D improveTouch: [DSPTouchProcessor:807] deInit: E
01-30 15:53:50.648  3861  3861 E improveTouch: [DSPTouchProcessor:823] deInit: invalid state (current = 0)
01-30 15:53:50.649  3861  3861 D improveTouch: [DSPTouchProcessor:827] deInit: X pa_utf_ret = 1, ret = 1073741835
01-30 15:53:50.649  3861  3861 E improveTouch: [TouchServer:83] delete event injector
01-30 15:53:50.649  3861  3861 E improveTouch: [TouchServer:87] delete config management
01-30 15:53:50.650  3861  3861 E improveTouch: [TouchServer:90] fail to start daemon
01-30 15:53:50.650  3861  3861 E improveTouch: [Main:169] fail to initiate touch server
01-30 15:53:50.675  1593  1593 I kworker/u9:5: type=1400 audit(0.0:14218): avc: denied { kill } for capability=5 scontext=u:r:kernel:s0 tcontext=u:r:kernel:s0 tclass=capability permissive=1
01-30 15:53:51.277  3838  3838 W ProviderHelper: Unknown dynamite feature providerinstaller.dynamite
01-30 15:53:51.279  3838  3838 I DynamiteModule: Considering local module com.google.android.gms.providerinstaller.dynamite:1 and remote module com.google.android.gms.providerinstaller.dynamite:0
01-30 15:53:51.279  3838  3838 I DynamiteModule: Selected local version of com.google.android.gms.providerinstaller.dynamite
01-30 15:53:51.333  3838  3838 V NativeCrypto: Registering com/google/android/gms/org/conscrypt/NativeCrypto's 329 native methods...
01-30 15:53:51.470  3838  3838 I ProviderInstaller: Installed default security provider GmsCore_OpenSSL
01-30 15:53:51.592  3838  3838 I GmsApplication: [gms_startup_benchmark] Static start time (ms): 693452929, Startup latency (ms): 1053, Is system user: true
01-30 15:53:51.608  3838  3880 I Watchcat: Started
01-30 15:53:51.748  3838  3880 I GMS_MM_Logger: Start time: 199475
01-30 15:53:51.748  3838  3880 I GMS_MM_Logger: Started.
01-30 15:53:51.762  3834  3834 W dex2oat32: Accessing hidden method Landroid/content/Context;->isUiContext()Z (blacklist, linking, denied)
01-30 15:53:51.776  3838  3859 I DynamiteModule: Considering local module com.google.android.gms.googlecertificates:7 and remote module com.google.android.gms.googlecertificates:0
01-30 15:53:51.777  3838  3859 I DynamiteModule: Selected local version of com.google.android.gms.googlecertificates
01-30 15:53:51.861   297   297 I chatty  : uid=1000(system) hwservicemanage expire 1 line
01-30 15:53:51.863   297   297 I hwservicemanager: getTransport: Cannot find entry vendor.qti.hardware.servicetracker@1.0::IServicetracker/default in either framework or device manifest.
01-30 15:53:52.745  3834  3834 I dex2oat32: dex2oat took 2.959s (5.284s cpu) (threads: 4) arena alloc=1486KB (1521848B) java alloc=3352KB (3433192B) native alloc=4795KB (4911096B) free=448KB (458760B)
01-30 15:53:52.799   734  4009 V installd: DexInv: --- END '/data/app/~~3ccPP38LwqMPrUEi8VZJpg==/com.android.chrome-S-4a8zhJ59nD_aMhl-Psqg==/base.apk' (success) ---
01-30 15:53:52.913  1089  3488 I chatty  : uid=1000(system) BackgroundDexOp expire 10 lines
01-30 15:53:52.929   734  4009 V installd: DexInv: --- BEGIN '/data/app/~~3ccPP38LwqMPrUEi8VZJpg==/com.android.chrome-S-4a8zhJ59nD_aMhl-Psqg==/split_chrome.apk' ---
01-30 15:53:53.027  3891  3891 I dex2oat32: /apex/com.android.art/bin/dex2oat32 --input-vdex-fd=-1 --output-vdex-fd=9 --updatable-bcp-packages-file=/system/etc/updatable-bcp-packages.txt --resolve-startup-const-strings=true --max-image-block-size=524288 --compiler-filter=speed-profile --profile-file-fd=11 --classpath-dir=/data/app/~~3ccPP38LwqMPrUEi8VZJpg==/com.android.chrome-S-4a8zhJ59nD_aMhl-Psqg== --class-loader-context=PCL[];PCL[base.apk]{PCL[/data/app/~~tU6tsy2SLRzJLgnPoJKT4Q==/com.google.android.trichromelibrary_755909030-46Gq7xZ5SYgTz-5MXPyppA==/base.apk]} --generate-mini-debug-info --compilation-reason=bg-dexopt
01-30 15:53:53.033  3891  3891 I dex2oat32: setting boot class path to /apex/com.android.art/javalib/core-oj.jar:/apex/com.android.art/javalib/core-libart.jar:/apex/com.android.art/javalib/core-icu4j.jar:/apex/com.android.art/javalib/okhttp.jar:/apex/com.android.art/javalib/bouncycastle.jar:/apex/com.android.art/javalib/apache-xml.jar:/system/framework/framework.jar:/system/framework/ext.jar:/system/framework/telephony-common.jar:/system/framework/voip-common.jar:/system/framework/ims-common.jar:/system/framework/framework-atb-backward-compatibility.jar:/system/framework/tcmiface.jar:/system/framework/telephony-ext.jar:/system/framework/qcom.fmradio.jar:/system/framework/QPerformance.jar:/system/framework/UxPerformance.jar
01-30 15:53:53.535  3785  3813 I ti.diagservice: Waiting for a blocking GC ProfileSaver
01-30 15:53:53.674  3785  3813 I ti.diagservice: WaitForGcToComplete blocked ProfileSaver on AddRemoveAppImageSpace for 139.456ms
01-30 15:53:53.697  3785  3801 I ti.diagservice: WaitForGcToComplete blocked RunEmptyCheckpoint on ProfileSaver for 22.515ms
01-30 15:53:55.142  3838  3860 I gle.android.gm: Waiting for a blocking GC ProfileSaver
01-30 15:53:55.160  3838  3860 I gle.android.gm: WaitForGcToComplete blocked ProfileSaver on ClassLinker for 17.844ms
01-30 15:53:55.171  3838  3853 I gle.android.gm: WaitForGcToComplete blocked RunEmptyCheckpoint on ProfileSaver for 11.300ms
01-30 15:53:55.260  3891  3891 W dex2oat32: Could not reserve sentinel fault page
01-30 15:53:55.360  3893  3893 I chatty  : uid=1000(system) expire 34 lines
01-30 15:53:55.601  3891  3891 W dex2oat32: Could not open dex files from location: /data/app/~~tU6tsy2SLRzJLgnPoJKT4Q==/com.google.android.trichromelibrary_755909030-46Gq7xZ5SYgTz-5MXPyppA==/base.apk
01-30 15:53:55.601  3891  3891 W dex2oat32: Failed to open classpath dex files
01-30 15:53:55.647  3893  3894 I chatty  : uid=1000(system) expire 1 line
01-30 15:53:55.649  3893  3893 D improveTouch: [DSPTouchProcessor:807] deInit: E
01-30 15:53:55.649  3893  3893 E improveTouch: [DSPTouchProcessor:823] deInit: invalid state (current = 0)
01-30 15:53:55.649  3893  3893 D improveTouch: [DSPTouchProcessor:827] deInit: X pa_utf_ret = 1, ret = 1073741835
01-30 15:53:55.649  3893  3893 E improveTouch: [TouchServer:83] delete event injector
01-30 15:53:55.649  3893  3893 E improveTouch: [TouchServer:87] delete config management
01-30 15:53:55.650  3893  3893 E improveTouch: [TouchServer:90] fail to start daemon
01-30 15:53:55.651  3893  3893 E improveTouch: [Main:169] fail to initiate touch server
01-30 15:53:55.718   295   295 I lowmemorykiller: Kill 'com.google.android.gms' (3838), uid 10127, oom_adj 905 to free 37312kB
01-30 15:53:55.811  1089  1544 I ActivityManager: Process com.google.android.gms (pid 3838) has died: cch+5 CEM 
01-30 15:53:55.813   297   297 I hwservicemanager: getTransport: Cannot find entry vendor.qti.hardware.servicetracker@1.0::IServicetracker/default in either framework or device manifest.
01-30 15:53:55.833   396   396 I Zygote  : Process 3838 exited due to signal 9 (Killed)
01-30 15:53:55.854  1577  1577 I AppBase : AppBase.onTrimMemory():786 onTrimMemory(): 15
01-30 15:53:55.855  1577  1577 I GoogleInputMethodService: GoogleInputMethodService.onTrimMemory():4569 onTrimMemory(): 15
01-30 15:53:56.617   297   297 I hwservicemanager: getTransport: Cannot find entry vendor.qti.hardware.servicetracker@1.0::IServicetracker/default in either framework or device manifest.
