01-30 15:39:32.339   909  3596 D LOWI-9.0.0.79: [LOWI-Scan] decode_rsn_wpa_ie: LOWI_ENCRYPTION_TYPE_WPA_PSK
01-30 15:39:32.339   909  3596 D LOWI-9.0.0.79: [LOWI-Scan] is_qcom_ie, bss_age: 48
01-30 15:39:32.340   909  3596 D LOWI-9.0.0.79: [LOWI-Scan] BSS ee:db:70:4f:8b:76 LOWI_PHY_MODE_11AC_VHT20_2G(11), Beacon Interval: 100, LOWI_ENCRYPTION_TYPE_WPA_PSK 11mcRanging: No, ANQP: No, LCI: No, Civic: No, capability(0x0411): ESS Privacy ShortSlotTime
01-30 15:39:32.340   909  3596 D LOWI-9.0.0.79: [LOWI-Scan] BSS ee:db:70:4f:8b:76 FREQ: 2412, cFreq1[40:80:160] = [0:0:0] cFreq2 = 0 Country Code =    
01-30 15:39:32.340   909  3596 D LOWI-9.0.0.79: [LOWI-Scan] BSS ee:db:70:4f:8b:76 (wlan0) ASSO: NO AddInfo: 0x0, TSF 8, 00:23:14.727, RSSI: -68, CPL: 127, AGE: 0,  SSID POCO C65, TSFDelta: 0x0, TXRate: 0
01-30 15:39:32.340   909  3596 D LOWI-9.0.0.79: [LOWI-Scan] 
01-30 15:39:32.340   909  3596 D LOWI-9.0.0.79: [LOWI-Scan] print_bss_handler: Report Probe TSF 692594727743 as it greater than Beacon TSF 0
01-30 15:39:32.340   909  3596 D LOWI-9.0.0.79: [LOWI-Scan] is_qcom_ie, bss_age: 9
01-30 15:39:32.340   909  3596 D LOWI-9.0.0.79: [LOWI-Scan] BSS 20:db:ab:95:b3:af LOWI_PHY_MODE_11NG_HT20(5), Beacon Interval: 100, LOWI_ENCRYPTION_TYPE_OPEN 11mcRanging: No, ANQP: No, LCI: No, Civic: No, capability(0x1421): ESS ShortPreamble ShortSlotTime
01-30 15:39:32.340   909  3596 D LOWI-9.0.0.79: [LOWI-Scan] BSS 20:db:ab:95:b3:af FREQ: 2462, cFreq1[40:80:160] = [0:0:0] cFreq2 = 0 Country Code = IN 
01-30 15:39:32.341   909  3596 D LOWI-9.0.0.79: [LOWI-Scan] BSS 20:db:ab:95:b3:af (wlan0) ASSO: NO AddInfo: 0x0, TSF 8, 00:23:14.727, RSSI: -110, CPL: 127, AGE: 0,  SSID JioNet, TSFDelta: 0x0, TXRate: 0
01-30 15:39:32.341   909  3596 D LOWI-9.0.0.79: [LOWI-Scan] 
01-30 15:39:32.341   909  3596 D LOWI-9.0.0.79: [LOWI-Scan] print_bss_handler: Report Probe TSF 692594727869 as it greater than Beacon TSF 692533989159
01-30 15:39:32.341   909  3596 I LOWI-9.0.0.79: [LOWI-Scan] RSN_IE
01-30 15:39:32.341   909  3596 D LOWI-9.0.0.79: [LOWI-Scan] decode_rsn_wpa_ie: Entered
01-30 15:39:32.341   909  3596 D LOWI-9.0.0.79: [LOWIUtils] hexDump: msg(30 18 01 00 00 0f ac 04 01 00 00 0f ac 04 02 00 00 0f ac 02 00 0f ac 04 )
01-30 15:39:32.341   909  3596 D LOWI-9.0.0.79: [LOWI-Scan] decode_rsn_wpa_ie: LOWI_ENCRYPTION_TYPE_WPA_PSK
01-30 15:39:32.341   909  3596 D LOWI-9.0.0.79: [LOWI-Scan] is_qcom_ie, bss_age: 25
01-30 15:39:32.341   909  3596 D LOWI-9.0.0.79: [LOWI-Scan] BSS 3e:24:cf:3b:e2:da LOWI_PHY_MODE_11AC_VHT40_2G(12), Beacon Interval: 100, LOWI_ENCRYPTION_TYPE_WPA_PSK 11mcRanging: No, ANQP: Yes, LCI: No, Civic: No, capability(0x1411): ESS Privacy ShortSlotTime
01-30 15:39:32.342   909  3596 D LOWI-9.0.0.79: [LOWI-Scan] BSS 3e:24:cf:3b:e2:da FREQ: 2442, cFreq1[40:80:160] = [2432:0:0] cFreq2 = 0 Country Code = US 
01-30 15:39:32.342   909  3596 D LOWI-9.0.0.79: [LOWI-Scan] BSS 3e:24:cf:3b:e2:da (wlan0) ASSO: NO AddInfo: 0x0, TSF 8, 00:23:14.727, RSSI: -152, CPL: 127, AGE: 0,  SSID VT-HQ-HYD, TSFDelta: 0x0, TXRate: 0
01-30 15:39:32.342   909  3596 D LOWI-9.0.0.79: [LOWI-Scan] 
01-30 15:39:32.342   909  3596 D LOWI-9.0.0.79: [LOWI-Scan] print_bss_handler: Report Probe TSF 692594727841 as it greater than Beacon TSF 0
01-30 15:39:32.342   909  3596 I LOWI-9.0.0.79: [LOWI-Scan] RSN_IE
01-30 15:39:32.342   909  3596 D LOWI-9.0.0.79: [LOWI-Scan] decode_rsn_wpa_ie: Entered
01-30 15:39:32.342   909  3596 D LOWI-9.0.0.79: [LOWIUtils] hexDump: msg(30 18 01 00 00 0f ac 04 01 00 00 0f ac 04 02 00 00 0f ac 02 00 0f ac 04 )
01-30 15:39:32.342   909  3596 D LOWI-9.0.0.79: [LOWI-Scan] decode_rsn_wpa_ie: LOWI_ENCRYPTION_TYPE_WPA_PSK
01-30 15:39:32.343   909  3596 D LOWI-9.0.0.79: [LOWI-Scan] is_qcom_ie, bss_age: 26
01-30 15:39:32.343   909  3596 D LOWI-9.0.0.79: [LOWI-Scan] BSS 3e:24:cf:3b:e2:ba LOWI_PHY_MODE_11AC_VHT40_2G(12), Beacon Interval: 100, LOWI_ENCRYPTION_TYPE_WPA_PSK 11mcRanging: No, ANQP: Yes, LCI: No, Civic: No, capability(0x1411): ESS Privacy ShortSlotTime
01-30 15:39:32.343   909  3596 D LOWI-9.0.0.79: [LOWI-Scan] BSS 3e:24:cf:3b:e2:ba FREQ: 2442, cFreq1[40:80:160] = [2432:0:0] cFreq2 = 0 Country Code = US 
01-30 15:39:32.343   909  3596 D LOWI-9.0.0.79: [LOWI-Scan] BSS 3e:24:cf:3b:e2:ba (wlan0) ASSO: NO AddInfo: 0x0, TSF 8, 00:23:14.727, RSSI: -144, CPL: 127, AGE: 0,  SSID VT-HQ-HYD, TSFDelta: 0x0, TXRate: 0
01-30 15:39:32.343   909  3596 D LOWI-9.0.0.79: [LOWI-Scan] 
01-30 15:39:32.343   909  3596 D LOWI-9.0.0.79: [LOWI-Scan] print_bss_handler: Report beacon TSF 692594727895 as it greater than probe TSF 692594727895
01-30 15:39:32.343   909  3596 D LOWI-9.0.0.79: [LOWI-Scan] is_qcom_ie, bss_age: 11
01-30 15:39:32.344   909  3596 D LOWI-9.0.0.79: [LOWI-Scan] BSS 20:db:ab:94:c1:ef LOWI_PHY_MODE_11NG_HT20(5), Beacon Interval: 100, LOWI_ENCRYPTION_TYPE_OPEN 11mcRanging: No, ANQP: No, LCI: No, Civic: No, capability(0x1421): ESS ShortPreamble ShortSlotTime
01-30 15:39:32.344   909  3596 D LOWI-9.0.0.79: [LOWI-Scan] BSS 20:db:ab:94:c1:ef FREQ: 2462, cFreq1[40:80:160] = [0:0:0] cFreq2 = 0 Country Code = IN 
01-30 15:39:32.344   909  3596 D LOWI-9.0.0.79: [LOWI-Scan] BSS 20:db:ab:94:c1:ef (wlan0) ASSO: NO AddInfo: 0x1, TSF 8, 00:23:14.727, RSSI: -162, CPL: 127, AGE: 0,  SSID JioNet, TSFDelta: 0x0, TXRate: 0
01-30 15:39:32.344   909  3596 D LOWI-9.0.0.79: [LOWI-Scan] 
01-30 15:39:32.344   909  3596 D LOWI-9.0.0.79: [LOWI-Scan] print_bss_handler: Report beacon TSF 692594727772 as it greater than probe TSF 692594727772
01-30 15:39:32.344   909  3596 I LOWI-9.0.0.79: [LOWI-Scan] RSN_IE
01-30 15:39:32.344   909  3596 D LOWI-9.0.0.79: [LOWI-Scan] decode_rsn_wpa_ie: Entered
01-30 15:39:32.344   909  3596 D LOWI-9.0.0.79: [LOWIUtils] hexDump: msg(30 14 01 00 00 0f ac 04 01 00 00 0f ac 04 01 00 00 0f ac 01 )
01-30 15:39:32.345   909  3596 D LOWI-9.0.0.79: [LOWI-Scan] decode_rsn_wpa_ie: LOWI_ENCRYPTION_TYPE_WPA_EAP
01-30 15:39:32.345   909  3596 D LOWI-9.0.0.79: [LOWI-Scan] is_qcom_ie, bss_age: 48
01-30 15:39:32.345   909  3596 D LOWI-9.0.0.79: [LOWI-Scan] BSS 00:a0:0a:2c:c1:11 LOWI_PHY_MODE_11NG_HT20(5), Beacon Interval: 100, LOWI_ENCRYPTION_TYPE_WPA_EAP 11mcRanging: No, ANQP: Yes, LCI: No, Civic: No, capability(0x0431): ESS Privacy ShortPreamble ShortSlotTime
01-30 15:39:32.345   909  3596 D LOWI-9.0.0.79: [LOWI-Scan] BSS 00:a0:0a:2c:c1:11 FREQ: 2412, cFreq1[40:80:160] = [0:0:0] cFreq2 = 0 Country Code = IN 
01-30 15:39:32.345   909  3596 D LOWI-9.0.0.79: [LOWI-Scan] BSS 00:a0:0a:2c:c1:11 (wlan0) ASSO: NO AddInfo: 0x1, TSF 8, 00:23:14.727, RSSI: -150, CPL: 127, AGE: 0,  SSID JioPrivateNet, TSFDelta: 0x0, TXRate: 0
01-30 15:39:32.345   909  3596 D LOWI-9.0.0.79: [LOWI-Scan] 
01-30 15:39:32.346   909  3596 D LOWI-9.0.0.79: [LOWI-Scan] print_bss_handler: Report beacon TSF 692594727796 as it greater than probe TSF 692594727796
01-30 15:39:32.346   909  3596 D LOWI-9.0.0.79: [LOWI-Scan] is_qcom_ie, bss_age: 49
01-30 15:39:32.346   909  3596 D LOWI-9.0.0.79: [LOWI-Scan] BSS 00:a0:0a:2c:c1:10 LOWI_PHY_MODE_11NG_HT20(5), Beacon Interval: 100, LOWI_ENCRYPTION_TYPE_OPEN 11mcRanging: No, ANQP: No, LCI: No, Civic: No, capability(0x0421): ESS ShortPreamble ShortSlotTime
01-30 15:39:32.346   909  3596 D LOWI-9.0.0.79: [LOWI-Scan] BSS 00:a0:0a:2c:c1:10 FREQ: 2412, cFreq1[40:80:160] = [0:0:0] cFreq2 = 0 Country Code = IN 
01-30 15:39:32.346   909  3596 D LOWI-9.0.0.79: [LOWI-Scan] BSS 00:a0:0a:2c:c1:10 (wlan0) ASSO: NO AddInfo: 0x1, TSF 8, 00:23:14.727, RSSI: -150, CPL: 127, AGE: 0,  SSID JioNet, TSFDelta: 0x0, TXRate: 0
01-30 15:39:32.346   909  3596 D LOWI-9.0.0.79: [LOWI-Scan] 
01-30 15:39:32.347   909  3596 D LOWI-9.0.0.79: [LOWI-Scan] print_bss_handler: Report Probe TSF 692594727818 as it greater than Beacon TSF 0
01-30 15:39:32.347   909  3596 I LOWI-9.0.0.79: [LOWI-Scan] RSN_IE
01-30 15:39:32.347   909  3596 D LOWI-9.0.0.79: [LOWI-Scan] decode_rsn_wpa_ie: Entered
01-30 15:39:32.347   909  3596 D LOWI-9.0.0.79: [LOWIUtils] hexDump: msg(30 18 01 00 00 0f ac 04 01 00 00 0f ac 04 02 00 00 0f ac 02 00 0f ac 04 )
01-30 15:39:32.347   909  3596 D LOWI-9.0.0.79: [LOWI-Scan] decode_rsn_wpa_ie: LOWI_ENCRYPTION_TYPE_WPA_PSK
01-30 15:39:32.347   909  3596 D LOWI-9.0.0.79: [LOWI-Scan] is_qcom_ie, bss_age: 25
01-30 15:39:32.347   909  3596 D LOWI-9.0.0.79: [LOWI-Scan] BSS 3e:44:cf:3b:e2:ba LOWI_PHY_MODE_11AC_VHT40_2G(12), Beacon Interval: 100, LOWI_ENCRYPTION_TYPE_WPA_PSK 11mcRanging: No, ANQP: Yes, LCI: No, Civic: No, capability(0x1411): ESS Privacy ShortSlotTime
01-30 15:39:32.347   909  3596 D LOWI-9.0.0.79: [LOWI-Scan] BSS 3e:44:cf:3b:e2:ba FREQ: 2442, cFreq1[40:80:160] = [2432:0:0] cFreq2 = 0 Country Code = US 
01-30 15:39:32.347   909  3596 D LOWI-9.0.0.79: [LOWI-Scan] BSS 3e:44:cf:3b:e2:ba (wlan0) ASSO: NO AddInfo: 0x0, TSF 8, 00:23:14.727, RSSI: -144, CPL: 127, AGE: 0,  SSID VT-HQ-HYD_Guest, TSFDelta: 0x0, TXRate: 0
01-30 15:39:32.353  1089  1189 W BroadcastQueue: Background execution not allowed: receiving Intent { act=android.net.wifi.SCAN_RESULTS flg=0x4000010 (has extras) } to com.jio.myjio/.jionet.receiver.WifiScanReceiver
01-30 15:39:32.359   909  3596 D LOWI-9.0.0.79: [LOWIDiagLog] Log: lowiMeasResult->request: invalid null argument
01-30 15:39:32.359   909  3596 I LOWI-9.0.0.79: [LOWI-Scan] lowi_close_record:Scan done in 692552778ms, 8 APs in scan results
01-30 15:39:32.359   909  3596 D LOWI-9.0.0.79: [LOWI-Scan] WipsScanUsingNL: passive scan cached 0, took 60742 ms, err 0
01-30 15:39:32.359   909  3596 D LOWI-9.0.0.79: [LOWI-Scan] lowi_proc_req_passive_scan_with_live_meas - No WLAN Frames to be parsed
01-30 15:39:32.359   909  3596 D LOWI-9.0.0.79: [LOWIScanResultReceiver] Send scan meas to listener
01-30 15:39:32.359   909   961 D LOWI-9.0.0.79: [LOWIEventReceiver] handleEvent:FROM:NA, TO:NA, REQ:NA, IREQ:NA, REQ_ID:0, RESP:NA, INFO:NA
01-30 15:39:32.359   909   961 D LOWI-9.0.0.79: [LOWIBackgroundScanMgr] isRspForBgScanMgr: evt(LOWI_NO_EVT) - not handled
01-30 15:39:32.359   909   961 D LOWI-9.0.0.79: [LOWIScheduler] manageMsg: NULL results or NULL request in results
01-30 15:39:32.360   909   961 D LOWI-9.0.0.79: [LOWIController] Measurements received
01-30 15:39:32.360   909   961 D LOWI-9.0.0.79: [LOWICacheManager] putInCache:Num of Meas to add: 8
01-30 15:39:32.362   909   961 D LOWI-9.0.0.79: [LOWIController] processMeasurementResults: No current Request. Cache measurements
01-30 15:39:32.362   909   961 D LOWI-9.0.0.79: [LOWIControllerExtn] sendLOWILpDiscoveryScanResponse: Not a discovery scan response
01-30 15:39:32.362   909  3596 D LOWI-9.0.0.79: [LOWIScanResultReceiver] Enter passive listening mode
01-30 15:39:32.362   909  3596 D LOWI-9.0.0.79: [LOWIWifiDriverInterface] getMeasurements - Passive listening mode
01-30 15:39:32.362   909  3596 D LOWI-9.0.0.79: [LOWI-Scan] WipsScanUsingNL:wait -1 sec for netlink message
01-30 15:39:32.375  2670  3932 I FrewleTileCacheManagerV: Fetched 6 AP models from cache [CONTEXT service_id=6 ]
01-30 15:39:32.417  1089  3501 I chatty  : uid=1000(system) Binder:1089_20 expire 9 lines
01-30 15:39:32.464   483   565 I LocSvc_api_v02: ---> locClientSendReq line 2409 QMI_LOC_INJECT_POSITION_REQ_V02
01-30 15:39:32.464   483   565 E QMI_FW  : qmi_cci_get_ref: ref count increased 2
01-30 15:39:32.467   483   951 E QMI_FW  : qmi_cci_get_ref: ref count increased 3
01-30 15:39:32.467   483   951 I LocSvc_ApiV02: <--- globalRespCb line 221 QMI_LOC_INJECT_POSITION_REQ_V02
01-30 15:39:33.360  1050  1050 I chatty  : uid=1000(system) expire 34 lines
01-30 15:39:33.409  1089  3501 D CompatibilityChangeReporter: Compat change id reported: 135634846; UID 10127; state: DISABLED
01-30 15:39:33.410  1089  1190 D CompatibilityChangeReporter: Compat change id reported: 143937733; UID 10127; state: ENABLED
01-30 15:39:33.435   396   396 D Zygote  : Forked child process 1064
01-30 15:39:33.442  1089  1190 I ActivityManager: Start proc 1064:com.google.android.gms/u0a127 for service {com.google.android.gms/com.google.android.gms.ads.identifier.service.AdvertisingIdService}
01-30 15:39:33.456  1064  1064 I Zygote  : seccomp disabled by setenforce 0
01-30 15:39:33.485  2087  2114 I adbd    : jdwp connection from 1064
01-30 15:39:33.613  1064  1064 W gle.android.gm: JIT profile information will not be recorded: profile file does not exist.
01-30 15:39:33.614  1064  1064 W gle.android.gm: JIT profile information will not be recorded: profile file does not exist.
01-30 15:39:33.633  1050  1051 I chatty  : uid=1000(system) expire 1 line
01-30 15:39:33.634  1050  1050 D improveTouch: [DSPTouchProcessor:807] deInit: E
01-30 15:39:33.635  1050  1050 E improveTouch: [DSPTouchProcessor:823] deInit: invalid state (current = 0)
01-30 15:39:33.635  1050  1050 D improveTouch: [DSPTouchProcessor:827] deInit: X pa_utf_ret = 1, ret = 1073741835
01-30 15:39:33.635  1050  1050 E improveTouch: [TouchServer:83] delete event injector
01-30 15:39:33.635  1050  1050 E improveTouch: [TouchServer:87] delete config management
01-30 15:39:33.636  1050  1050 E improveTouch: [TouchServer:90] fail to start daemon
01-30 15:39:33.636  1050  1050 E improveTouch: [Main:169] fail to initiate touch server
01-30 15:39:33.642  1064  1064 I Perf    : Connecting to perf service.
01-30 15:39:33.671  1064  1064 D NetworkSecurityConfig: Using Network Security Config from resource network_security_config debugBuild: false
01-30 15:39:33.684  1064  1064 D NetworkSecurityConfig: Using Network Security Config from resource network_security_config debugBuild: false
01-30 15:39:34.447  1064  1064 W ProviderHelper: Unknown dynamite feature providerinstaller.dynamite
01-30 15:39:34.448  1064  1064 I DynamiteModule: Considering local module com.google.android.gms.providerinstaller.dynamite:1 and remote module com.google.android.gms.providerinstaller.dynamite:0
01-30 15:39:34.448  1064  1064 I DynamiteModule: Selected local version of com.google.android.gms.providerinstaller.dynamite
01-30 15:39:34.476  1064  1064 V NativeCrypto: Registering com/google/android/gms/org/conscrypt/NativeCrypto's 329 native methods...
01-30 15:39:34.610  1064  1064 I ProviderInstaller: Installed default security provider GmsCore_OpenSSL
01-30 15:39:34.691  1064  1186 I Watchcat: Started
01-30 15:39:34.705  1064  1064 I GmsApplication: [gms_startup_benchmark] Static start time (ms): 692596145, Startup latency (ms): 951, Is system user: true
01-30 15:39:34.730  1064  1186 I GMS_MM_Logger: Start time: 34150
01-30 15:39:34.731  1064  1186 I GMS_MM_Logger: Started.
01-30 15:39:34.890  1064  1107 I DynamiteModule: Considering local module com.google.android.gms.googlecertificates:7 and remote module com.google.android.gms.googlecertificates:0
01-30 15:39:34.890  1064  1107 I DynamiteModule: Selected local version of com.google.android.gms.googlecertificates
01-30 15:39:35.038  1089  1189 I chatty  : uid=1000(system) ActivityManager expire 2 lines
01-30 15:39:35.038  1089  1189 D CompatibilityInfo: applicationScale - 1.0
01-30 15:39:35.084   297   297 I chatty  : uid=1000(system) hwservicemanage expire 5 lines
01-30 15:39:35.087  1089   382 D CompatibilityInfo: mCompatibilityFlags - 0
01-30 15:39:35.087  1089   382 D CompatibilityInfo: applicationDensity - 320
01-30 15:39:35.087  1089   382 D CompatibilityInfo: applicationScale - 1.0
01-30 15:39:35.143   295   295 I lowmemorykiller: Kill 'com.google.android.gms' (1064), uid 10127, oom_adj 905 to free 49808kB
01-30 15:39:35.242  1089   382 I ActivityManager: Process com.google.android.gms (pid 1064) has died: cch+5 CEM 
01-30 15:39:35.273   396   396 I Zygote  : Process 1064 exited due to signal 9 (Killed)
01-30 15:39:35.283  1577  1577 I AppBase : AppBase.onTrimMemory():786 onTrimMemory(): 15
01-30 15:39:35.283  1577  1577 I GoogleInputMethodService: GoogleInputMethodService.onTrimMemory():4569 onTrimMemory(): 15
01-30 15:39:35.289  1089  1196 I libprocessgroup: Successfully killed process cgroup uid 10127 pid 1064 in 46ms
01-30 15:39:38.430  1227  1227 I chatty  : uid=1000(system) expire 36 lines
01-30 15:39:38.704  1227  1228 I chatty  : uid=1000(system) expire 1 line
01-30 15:39:38.706  1227  1227 D improveTouch: [DSPTouchProcessor:827] deInit: X pa_utf_ret = 1, ret = 1073741835
01-30 15:39:38.706  1227  1227 E improveTouch: [TouchServer:83] delete event injector
01-30 15:39:38.706  1227  1227 E improveTouch: [TouchServer:87] delete config management
01-30 15:39:38.707  1227  1227 E improveTouch: [TouchServer:90] fail to start daemon
01-30 15:39:38.707  1227  1227 E improveTouch: [Main:169] fail to initiate touch server
01-30 15:39:39.458   297   297 I hwservicemanager: getTransport: Cannot find entry vendor.qti.hardware.servicetracker@1.0::IServicetracker/default in either framework or device manifest.
01-30 15:39:40.525     0     0 I swapper/0: type=1400 audit(0.0:14183): avc: denied { kill } for capability=5 scontext=u:r:kernel:s0 tcontext=u:r:kernel:s0 tclass=capability permissive=1
01-30 15:39:40.740  1089  1101 I system_server: Background concurrent copying GC freed 13272(912KB) AllocSpace objects, 2(40KB) LOS objects, 49% free, 18MB/36MB, paused 236us total 446.997ms
01-30 15:39:43.292  1237  1237 I chatty  : uid=1000(system) com.google.android.gms.persistent expire 35 lines
01-30 15:39:43.542  1237  1242 I chatty  : uid=1000(system) com.google.android.gms.persistent expire 1 line
01-30 15:39:43.543  1237  1237 E improveTouch: [DSPTouchProcessor:823] deInit: invalid state (current = 0)
01-30 15:39:43.543  1237  1237 D improveTouch: [DSPTouchProcessor:827] deInit: X pa_utf_ret = 1, ret = 1073741835
01-30 15:39:43.543  1237  1237 E improveTouch: [TouchServer:83] delete event injector
01-30 15:39:43.543  1237  1237 E improveTouch: [TouchServer:87] delete config management
01-30 15:39:43.544  1237  1237 E improveTouch: [TouchServer:90] fail to start daemon
01-30 15:39:43.544  1237  1237 E improveTouch: [Main:169] fail to initiate touch server
01-30 15:39:46.872   297   297 I hwservicemanager: getTransport: Cannot find entry vendor.qti.hardware.servicetracker@1.0::IServicetracker/default in either framework or device manifest.
01-30 15:39:46.934  1482  1497 I ndroid.systemu: Background concurrent copying GC freed 2001(178KB) AllocSpace objects, 0(0B) LOS objects, 74% free, 6290KB/24MB, paused 157us total 261.061ms
01-30 15:39:47.033   987  1142 E QMI_FW  : qmi_cci_get_ref: ref count increased 2
01-30 15:39:48.302  1243  1243 I chatty  : uid=1000(system) expire 34 lines
01-30 15:39:48.559  1243  1245 I chatty  : uid=1000(system) expire 1 line
01-30 15:39:48.560  1243  1243 D improveTouch: [DSPTouchProcessor:807] deInit: E
01-30 15:39:48.560  1243  1243 E improveTouch: [DSPTouchProcessor:823] deInit: invalid state (current = 0)
01-30 15:39:48.560  1243  1243 D improveTouch: [DSPTouchProcessor:827] deInit: X pa_utf_ret = 1, ret = 1073741835
01-30 15:39:48.560  1243  1243 E improveTouch: [TouchServer:83] delete event injector
01-30 15:39:48.560  1243  1243 E improveTouch: [TouchServer:87] delete config management
01-30 15:39:48.561  1243  1243 E improveTouch: [TouchServer:90] fail to start daemon
01-30 15:39:48.561  1243  1243 E improveTouch: [Main:169] fail to initiate touch server
01-30 15:39:49.602  1727  1727 D QtiCarrierConfigHelper: WARNING, no carrier configs on phone Id: 0
01-30 15:39:49.606  1482  1482 D KeyguardUpdateMonitor: received broadcast android.intent.action.BATTERY_CHANGED
01-30 15:39:49.632  1482  1482 D KeyguardUpdateMonitor: handleBatteryUpdate
01-30 15:39:50.882   987  1142 E QMI_FW  : qmi_cci_get_ref: ref count increased 2
01-30 15:39:53.307  1252  1252 I chatty  : uid=1000(system) expire 35 lines
01-30 15:39:53.563  1252  1253 I chatty  : uid=1000(system) expire 1 line
01-30 15:39:53.565  1252  1252 E improveTouch: [DSPTouchProcessor:823] deInit: invalid state (current = 0)
01-30 15:39:53.565  1252  1252 D improveTouch: [DSPTouchProcessor:827] deInit: X pa_utf_ret = 1, ret = 1073741835
01-30 15:39:53.565  1252  1252 E improveTouch: [TouchServer:83] delete event injector
01-30 15:39:53.565  1252  1252 E improveTouch: [TouchServer:87] delete config management
01-30 15:39:53.566  1252  1252 E improveTouch: [TouchServer:90] fail to start daemon
01-30 15:39:53.566  1252  1252 E improveTouch: [Main:169] fail to initiate touch server
01-30 15:39:54.717   987  1142 E QMI_FW  : qmi_cci_get_ref: ref count increased 2
01-30 15:39:58.321  1254  1254 I chatty  : uid=1000(system) expire 36 lines
01-30 15:39:58.558   987  1142 E QMI_FW  : qmi_cci_get_ref: ref count increased 2
01-30 15:39:58.572  1254  1255 I chatty  : uid=1000(system) expire 1 line
01-30 15:39:58.573  1254  1254 D improveTouch: [DSPTouchProcessor:827] deInit: X pa_utf_ret = 1, ret = 1073741835
01-30 15:39:58.574  1254  1254 E improveTouch: [TouchServer:83] delete event injector
01-30 15:39:58.574  1254  1254 E improveTouch: [TouchServer:87] delete config management
01-30 15:39:58.575  1254  1254 E improveTouch: [TouchServer:90] fail to start daemon
01-30 15:39:58.575  1254  1254 E improveTouch: [Main:169] fail to initiate touch server
01-30 15:40:02.085  1727  1727 D QtiCarrierConfigHelper: WARNING, no carrier configs on phone Id: 0
01-30 15:40:02.087  1482  1482 D KeyguardUpdateMonitor: received broadcast android.intent.action.BATTERY_CHANGED
01-30 15:40:02.108  1482  1482 D KeyguardUpdateMonitor: handleBatteryUpdate
01-30 15:40:02.401   987  1142 E QMI_FW  : qmi_cci_get_ref: ref count increased 2
01-30 15:40:03.335  1261  1261 I chatty  : uid=1000(system) expire 27 lines
01-30 15:40:03.584  1261  1262 I chatty  : uid=1000(system) expire 1 line
01-30 15:40:03.585  1261  1261 I chatty  : uid=1000(system) expire 9 lines
01-30 15:40:03.586  1261  1261 D improveTouch: [DSPTouchProcessor:827] deInit: X pa_utf_ret = 1, ret = 1073741835
01-30 15:40:03.586  1261  1261 E improveTouch: [TouchServer:83] delete event injector
01-30 15:40:03.586  1261  1261 E improveTouch: [TouchServer:87] delete config management
01-30 15:40:03.587  1261  1261 E improveTouch: [TouchServer:90] fail to start daemon
01-30 15:40:03.587  1261  1261 E improveTouch: [Main:169] fail to initiate touch server
01-30 15:40:08.344  1263  1263 I chatty  : uid=1000(system) expire 25 lines
01-30 15:40:08.597  1263  1264 I chatty  : uid=1000(system) expire 1 line
01-30 15:40:08.598  1263  1263 I chatty  : uid=1000(system) expire 9 lines
01-30 15:40:08.599  1263  1263 D improveTouch: [DSPTouchProcessor:807] deInit: E
01-30 15:40:08.599  1263  1263 E improveTouch: [DSPTouchProcessor:823] deInit: invalid state (current = 0)
01-30 15:40:08.599  1263  1263 D improveTouch: [DSPTouchProcessor:827] deInit: X pa_utf_ret = 1, ret = 1073741835
01-30 15:40:08.599  1263  1263 E improveTouch: [TouchServer:83] delete event injector
01-30 15:40:08.599  1263  1263 E improveTouch: [TouchServer:87] delete config management
01-30 15:40:08.600  1263  1263 E improveTouch: [TouchServer:90] fail to start daemon
01-30 15:40:08.601  1263  1263 E improveTouch: [Main:169] fail to initiate touch server
01-30 15:40:08.773  1727  1727 D QtiCarrierConfigHelper: WARNING, no carrier configs on phone Id: 0
01-30 15:40:08.793  1482  1482 D KeyguardUpdateMonitor: received broadcast android.intent.action.BATTERY_CHANGED
01-30 15:40:08.810  1482  1482 D KeyguardUpdateMonitor: handleBatteryUpdate
01-30 15:40:10.077   987  1142 E QMI_FW  : qmi_cci_get_ref: ref count increased 2
01-30 15:40:10.245  1727  1727 D QtiCarrierConfigHelper: WARNING, no carrier configs on phone Id: 0
01-30 15:40:10.247  1482  1482 D KeyguardUpdateMonitor: received broadcast android.intent.action.BATTERY_CHANGED
01-30 15:40:10.266  1482  1482 D KeyguardUpdateMonitor: handleBatteryUpdate
01-30 15:40:13.359  1266  1266 I chatty  : uid=1000(system) expire 23 lines
01-30 15:40:13.615  1266  1266 E improveTouch: [TouchController:490] Error initializing input device: Error opening file
01-30 15:40:13.615  1266  1266 D improveTouch: [TouchController:1136] CommandExecutor::exit: thread is running, kill it first
01-30 15:40:13.615  1266  1267 D improveTouch: [TouchController:1186] runLoop exits
01-30 15:40:13.616  1266  1266 D RefBase : RefBase: Explicit destruction, weak count = 0 (in 0xa7be24d8)
01-30 15:40:13.616  1266  1266 W RefBase : CallStack::getCurrentInternal not linked, returning null
01-30 15:40:13.616  1266  1266 W RefBase : CallStack::logStackInternal not linked
01-30 15:40:13.616  1266  1266 E improveTouch: [TouchController:522] init failed, ret = 1073741825
01-30 15:40:13.616  1266  1266 E improveTouch: [TouchServer:59] fail to init TouchController: Error opening file
01-30 15:40:13.616  1266  1266 E improveTouch: [TouchServer:69] error happened, clean-up resource and exit
01-30 15:40:13.616  1266  1266 E improveTouch: [TouchServer:71] delete event monitor
01-30 15:40:13.616  1266  1266 E improveTouch: [TouchServer:75] delete controller
01-30 15:40:13.616  1266  1266 E improveTouch: [TouchServer:79] delete touch processor
01-30 15:40:13.616  1266  1266 D improveTouch: [DSPTouchProcessor:807] deInit: E
01-30 15:40:13.616  1266  1266 E improveTouch: [DSPTouchProcessor:823] deInit: invalid state (current = 0)
01-30 15:40:13.616  1266  1266 D improveTouch: [DSPTouchProcessor:827] deInit: X pa_utf_ret = 1, ret = 1073741835
01-30 15:40:13.616  1266  1266 E improveTouch: [TouchServer:83] delete event injector
01-30 15:40:13.616  1266  1266 E improveTouch: [TouchServer:87] delete config management
01-30 15:40:13.618  1266  1266 E improveTouch: [TouchServer:90] fail to start daemon
01-30 15:40:13.618  1266  1266 E improveTouch: [Main:169] fail to initiate touch server
01-30 15:40:13.918   987  1142 E QMI_FW  : qmi_cci_get_ref: ref count increased 2
