--------- beginning of system
01-30 13:44:10.430  1089  4077 I chatty  : uid=1000(system) Binder:1089_13 expire 1 line
01-30 13:44:10.431  1089  1190 I chatty  : uid=1000(system) ActivityManager expire 35 lines
01-30 13:44:10.495  1089  1089 I chatty  : uid=1000(system) Binder:1089_3 expire 4 lines
01-30 13:44:10.799  1089  4086 I chatty  : uid=1000(system) Binder:1089_14 expire 5 lines
01-30 13:44:10.842  1089  2339 I chatty  : uid=1000(system) Binder:1089_1C expire 1 line
01-30 13:44:10.958  1089  3547 I chatty  : uid=1000(system) Binder:1089_E expire 2 lines
01-30 13:44:13.125  1089   387 I chatty  : uid=1000(system) Binder:1089_16 expire 2 lines
01-30 13:44:14.796  1089  4077 I chatty  : uid=1000(system) Binder:1089_13 expire 1 line
01-30 13:44:17.283  1089  1190 I chatty  : uid=1000(system) ActivityManager expire 25 lines
01-30 13:44:17.461  1089  2340 I chatty  : uid=1000(system) Binder:1089_1D expire 3 lines
01-30 13:44:17.633  1089  1178 I chatty  : uid=1000(system) android.ui expire 1 line
01-30 13:44:18.097  1089  1189 I chatty  : uid=1000(system) ActivityManager expire 1 line
01-30 13:44:18.193  1089  1089 I chatty  : uid=1000(system) Binder:1089_3 expire 4 lines
01-30 13:44:18.821  1089  3547 I chatty  : uid=1000(system) Binder:1089_E expire 5 lines
01-30 13:44:21.033  1089  3897 I chatty  : uid=1000(system) Binder:1089_21 expire 4 lines
01-30 13:44:23.516  1089  1404 I chatty  : uid=1000(system) ConnectivitySer expire 3 lines
01-30 13:44:25.774  1089  2719 I chatty  : uid=1000(system) Binder:1089_1E expire 7 lines
01-30 13:44:27.142  1089  3897 I chatty  : uid=1000(system) Binder:1089_21 expire 9 lines
01-30 13:44:27.326  1475  1670 E ActivityThread: Failed to find provider info for com.google.android.deskclock.provider
01-30 13:44:29.939  1089  1190 I chatty  : uid=1000(system) ActivityManager expire 21 lines
01-30 13:44:30.366  1089   382 I chatty  : uid=1000(system) Binder:1089_15 expire 8 lines
01-30 13:44:34.387  1089  1177 I chatty  : uid=1000(system) android.fg expire 1 line
01-30 13:44:39.111  1089  1404 I chatty  : uid=1000(system) ConnectivitySer expire 4 lines
01-30 13:44:39.682  1089  1641 I chatty  : uid=1000(system) Binder:1089_19 expire 1 line
01-30 13:44:40.565  1089  4020 I chatty  : uid=1000(system) Binder:1089_11 expire 1 line
01-30 13:44:40.569  1089  2453 I chatty  : uid=1000(system) Binder:1089_B expire 2 lines
01-30 13:44:40.637  1089  3547 I chatty  : uid=1000(system) Binder:1089_E expire 1 line
01-30 13:44:40.638  1089  3916 I chatty  : uid=1000(system) Binder:1089_10 expire 1 line
01-30 13:44:40.638  1089  1404 I chatty  : uid=1000(system) ConnectivitySer expire 7 lines
01-30 13:44:40.644  1089  1641 I chatty  : uid=1000(system) Binder:1089_19 expire 2 lines
01-30 13:44:41.742  1089  1189 I chatty  : uid=1000(system) ActivityManager expire 1 line
01-30 13:44:41.745  1089  1190 I chatty  : uid=1000(system) ActivityManager expire 20 lines
01-30 13:44:42.592  1089  2798 I chatty  : uid=1000(system) Binder:1089_1F expire 1 line
01-30 13:44:42.647  1089  3897 I chatty  : uid=1000(system) Binder:1089_21 expire 3 lines
01-30 13:44:42.741  1089  1178 I chatty  : uid=1000(system) android.ui expire 2 lines
01-30 13:44:42.767  1089  1089 I chatty  : uid=1000(system) Binder:1089_3 expire 4 lines
01-30 13:44:43.209  1089  1148 I chatty  : uid=1000(system) Binder:1089_1 expire 1 line
01-30 13:44:43.209  1089  1310 I chatty  : uid=1000(system) Binder:1089_4 expire 1 line
01-30 13:44:43.211  1089  3501 I chatty  : uid=1000(system) Binder:1089_20 expire 2 lines
01-30 13:44:43.224  1089  1177 I chatty  : uid=1000(system) android.fg expire 1 line
01-30 13:44:43.427  1089  2333 I chatty  : uid=1000(system) Binder:1089_1B expire 1 line
01-30 13:44:43.768  1089  1994 I chatty  : uid=1000(system) Binder:1089_1A expire 2 lines
01-30 13:44:46.136  1089  2281 I chatty  : uid=1000(system) Binder:1089_3 expire 6 lines
01-30 13:44:46.383  1089  1311 I chatty  : uid=1000(system) Binder:1089_5 expire 1 line
01-30 13:44:46.384  1089  2130 I chatty  : uid=1000(system) Binder:1089_A expire 3 lines
01-30 13:44:46.386  1089  1404 I chatty  : uid=1000(system) ConnectivitySer expire 4 lines
01-30 13:44:46.596  1089  2339 I chatty  : uid=1000(system) Binder:1089_1C expire 1 line
01-30 13:44:47.229  1089  1190 I chatty  : uid=1000(system) ActivityManager expire 27 lines
01-30 13:44:47.966  1089  1875 I chatty  : uid=1000(system) Binder:1089_9 expire 6 lines
01-30 13:44:48.874  1089  3643 I chatty  : uid=1000(system) Binder:1089_F expire 1 line
01-30 13:44:49.216   395  2055 W SocketClient: write error (Broken pipe)
01-30 13:44:49.219   395  2056 W SocketClient: write error (Broken pipe)
01-30 13:44:49.221   395  2062 W SocketClient: write error (Broken pipe)
01-30 13:44:49.233   395  2135 W SocketClient: write error (Broken pipe)
01-30 13:44:49.741  1089  2798 I chatty  : uid=1000(system) Binder:1089_1F expire 1 line
01-30 13:44:49.885  1089  1189 I chatty  : uid=1000(system) ActivityManager expire 1 line
01-30 13:44:49.896  1089  4020 I chatty  : uid=1000(system) Binder:1089_11 expire 2 lines
01-30 13:44:50.101  1089  1816 I chatty  : uid=1000(system) Binder:1089_7 expire 1 line
01-30 13:44:50.108   395  2530 W SocketClient: write error (Broken pipe)
01-30 13:44:50.560  1089  3916 I chatty  : uid=1000(system) Binder:1089_10 expire 4 lines
01-30 13:44:50.667  1089  1190 I chatty  : uid=1000(system) ActivityManager expire 33 lines
01-30 13:44:50.748  1089  4020 I chatty  : uid=1000(system) Binder:1089_11 expire 3 lines
01-30 13:44:50.748  1089  2130 I chatty  : uid=1000(system) Binder:1089_A expire 2 lines
01-30 13:44:50.748  1089  1816 I chatty  : uid=1000(system) Binder:1089_7 expire 3 lines
01-30 13:44:50.750  1089  1404 I chatty  : uid=1000(system) ConnectivitySer expire 4 lines
01-30 13:44:50.903  1089  1189 I chatty  : uid=1000(system) ActivityManager expire 5 lines
01-30 13:44:51.989  1089  4086 I chatty  : uid=1000(system) Binder:1089_14 expire 4 lines
01-30 13:44:52.324  1089  3643 I chatty  : uid=1000(system) Binder:1089_F expire 6 lines
01-30 13:44:53.612  1089  3390 I chatty  : uid=1000(system) Binder:1089_D expire 3 lines
01-30 13:44:57.351  1089  1205 I chatty  : uid=1000(system) batterystats-wo expire 1 line
01-30 13:45:00.515  1089  1994 I chatty  : uid=1000(system) Binder:1089_1A expire 1 line
01-30 13:45:04.531  1089  3501 I chatty  : uid=1000(system) Binder:1089_20 expire 1 line
01-30 13:45:04.532  1089  1190 I chatty  : uid=1000(system) ActivityManager expire 33 lines
01-30 13:45:07.241  1089  1875 I chatty  : uid=1000(system) Binder:1089_9 expire 6 lines
01-30 13:45:07.308  1089  2339 I chatty  : uid=1000(system) Binder:1089_1C expire 11 lines
01-30 13:45:09.268  1089  3643 I chatty  : uid=1000(system) Binder:1089_F expire 7 lines
01-30 13:45:09.270  1089  1404 I chatty  : uid=1000(system) ConnectivitySer expire 5 lines
01-30 13:45:11.343  1089  1189 I chatty  : uid=1000(system) ActivityManager expire 5 lines
01-30 13:45:21.502  1089  4086 I chatty  : uid=1000(system) Binder:1089_14 expire 2 lines
01-30 13:45:27.745  1089  1089 I chatty  : uid=1000(system) Binder:1089_3 expire 1 line
01-30 13:45:29.368  1089  1190 I chatty  : uid=1000(system) ActivityManager expire 30 lines
01-30 13:45:31.171  1089  2339 I chatty  : uid=1000(system) Binder:1089_1C expire 4 lines
01-30 13:45:31.435  1089  1816 I chatty  : uid=1000(system) Binder:1089_7 expire 1 line
01-30 13:45:32.176  1089  1404 I chatty  : uid=1000(system) ConnectivitySer expire 12 lines
01-30 13:45:32.589  1089  1189 I chatty  : uid=1000(system) ActivityManager expire 2 lines
01-30 13:45:34.091  1089  3643 I chatty  : uid=1000(system) Binder:1089_F expire 3 lines
01-30 13:45:34.093  1089  3390 I chatty  : uid=1000(system) Binder:1089_D expire 5 lines
01-30 13:45:34.424  1089   387 I chatty  : uid=1000(system) Binder:1089_16 expire 6 lines
01-30 13:45:34.799  1089  2461 I chatty  : uid=1000(system) Binder:1089_C expire 1 line
01-30 13:45:37.707  1089  1875 I chatty  : uid=1000(system) Binder:1089_9 expire 2 lines
01-30 13:45:37.715  1089  2130 I chatty  : uid=1000(system) Binder:1089_A expire 2 lines
01-30 13:45:37.894  1089  1178 I chatty  : uid=1000(system) android.ui expire 1 line
01-30 13:45:38.340  1089  4020 I chatty  : uid=1000(system) Binder:1089_11 expire 1 line
01-30 13:45:38.848  1089  4086 I chatty  : uid=1000(system) Binder:1089_14 expire 1 line
01-30 13:45:38.849  1089  1994 I chatty  : uid=1000(system) Binder:1089_1A expire 2 lines
01-30 13:45:39.382  1089  1190 I chatty  : uid=1000(system) ActivityManager expire 15 lines
01-30 13:45:41.078  1089  3643 I chatty  : uid=1000(system) Binder:1089_F expire 1 line
01-30 13:45:41.081  1089  1404 I chatty  : uid=1000(system) ConnectivitySer expire 7 lines
01-30 13:45:42.787  1089  1089 I chatty  : uid=1000(system) Binder:1089_3 expire 27 lines
01-30 13:45:43.376  1089  1875 I chatty  : uid=1000(system) Binder:1089_9 expire 3 lines
01-30 13:45:45.415  1089  3501 I chatty  : uid=1000(system) Binder:1089_20 expire 2 lines
01-30 13:45:45.968  1089  1188 I chatty  : uid=1000(system) android.bg expire 18 lines
01-30 13:45:48.218  1089  3897 I chatty  : uid=1000(system) Binder:1089_21 expire 4 lines
01-30 13:45:49.116  1089  1178 I chatty  : uid=1000(system) android.ui expire 1 line
01-30 13:45:49.858  1089  1089 I chatty  : uid=1000(system) Binder:1089_3 expire 10 lines
01-30 13:45:49.879  1089  3501 I chatty  : uid=1000(system) Binder:1089_20 expire 19 lines
01-30 13:45:49.885  1089  1188 I chatty  : uid=1000(system) android.bg expire 14 lines
01-30 13:45:49.890  1089  3897 I chatty  : uid=1000(system) Binder:1089_21 expire 11 lines
01-30 13:45:49.954  1089  3547 I chatty  : uid=1000(system) Binder:1089_E expire 3 lines
01-30 13:45:49.981  1089  1994 I chatty  : uid=1000(system) Binder:1089_1A expire 11 lines
01-30 13:45:51.325  1089  1190 I chatty  : uid=1000(system) ActivityManager expire 7 lines
01-30 13:45:54.294  1089  3547 I chatty  : uid=1000(system) Binder:1089_E expire 10 lines
01-30 13:45:54.298  1089  1188 I chatty  : uid=1000(system) android.bg expire 31 lines
01-30 13:45:54.301  1089  1089 I chatty  : uid=1000(system) Binder:1089_3 expire 22 lines
01-30 13:45:54.350  1089  1994 I chatty  : uid=1000(system) Binder:1089_1A expire 11 lines
01-30 13:45:54.642  1089  3547 I chatty  : uid=1000(system) Binder:1089_E expire 19 lines
01-30 13:45:54.841  1089  1188 I chatty  : uid=1000(system) android.bg expire 31 lines
01-30 13:45:54.842  1089  1089 I chatty  : uid=1000(system) Binder:1089_3 expire 21 lines
01-30 13:45:55.138  1089  3897 I chatty  : uid=1000(system) Binder:1089_21 expire 2 lines
01-30 13:45:55.158  1089  1089 I chatty  : uid=1000(system) Binder:1089_3 expire 17 lines
01-30 13:45:55.162  1089  1875 I chatty  : uid=1000(system) Binder:1089_9 expire 16 lines
01-30 13:45:56.009  1089  1188 I chatty  : uid=1000(system) android.bg expire 26 lines
01-30 13:45:56.120  1089  3547 I chatty  : uid=1000(system) Binder:1089_E expire 13 lines
01-30 13:45:56.162  1089  1089 I chatty  : uid=1000(system) Binder:1089_3 expire 15 lines
01-30 13:45:56.166  1089  1875 I chatty  : uid=1000(system) Binder:1089_9 expire 20 lines
01-30 13:45:56.530  1089  1188 I chatty  : uid=1000(system) android.bg expire 27 lines
01-30 13:45:56.559  1089  3897 I chatty  : uid=1000(system) Binder:1089_21 expire 3 lines
01-30 13:45:56.615  1089  1188 I chatty  : uid=1000(system) android.bg expire 22 lines
01-30 13:45:56.625  1089  1089 I chatty  : uid=1000(system) Binder:1089_3 expire 23 lines
01-30 13:45:56.630  1089  1875 I chatty  : uid=1000(system) Binder:1089_9 expire 24 lines
01-30 13:45:57.959  1089  3547 I chatty  : uid=1000(system) Binder:1089_E expire 13 lines
01-30 13:45:57.962  1089  1188 I chatty  : uid=1000(system) android.bg expire 36 lines
01-30 13:45:57.965  1089  1089 I chatty  : uid=1000(system) Binder:1089_3 expire 25 lines
01-30 13:45:58.042  1089  3897 I chatty  : uid=1000(system) Binder:1089_21 expire 16 lines
01-30 13:45:58.095  1089  1089 I chatty  : uid=1000(system) Binder:1089_3 expire 11 lines
01-30 13:45:58.130  1089   710 I chatty  : uid=1000(system) Binder:1089_3 expire 1 line
01-30 13:45:58.183  1089  1189 I chatty  : uid=1000(system) ActivityManager expire 1 line
01-30 13:45:58.196  1089  1188 I chatty  : uid=1000(system) android.bg expire 13 lines
01-30 13:45:58.218  1089  1875 I chatty  : uid=1000(system) Binder:1089_9 expire 18 lines
01-30 13:45:58.220  1089  1188 I chatty  : uid=1000(system) android.bg expire 21 lines
01-30 13:45:58.222  1089  3547 I chatty  : uid=1000(system) Binder:1089_E expire 19 lines
01-30 13:45:58.226  1089  1089 I chatty  : uid=1000(system) Binder:1089_3 expire 30 lines
01-30 13:45:58.327  1089  3547 I chatty  : uid=1000(system) Binder:1089_E expire 12 lines
01-30 13:45:58.572  1089  3501 I chatty  : uid=1000(system) Binder:1089_20 expire 1 line
01-30 13:45:58.573  1089  1148 I chatty  : uid=1000(system) Binder:1089_1 expire 1 line
01-30 13:45:58.573  1089  1404 I chatty  : uid=1000(system) ConnectivitySer expire 1 line
01-30 13:45:58.582  1089  1875 I chatty  : uid=1000(system) Binder:1089_9 expire 4 lines
01-30 13:45:59.077  1089  1188 I chatty  : uid=1000(system) android.bg expire 20 lines
01-30 13:45:59.118  1089  1089 I chatty  : uid=1000(system) Binder:1089_3 expire 5 lines
01-30 13:45:59.126  1089  1875 I chatty  : uid=1000(system) Binder:1089_9 expire 14 lines
01-30 13:45:59.594  1089  1189 I chatty  : uid=1000(system) ActivityManager expire 3 lines
01-30 13:45:59.595  1089  1190 I chatty  : uid=1000(system) ActivityManager expire 22 lines
01-30 13:46:03.938  1089   387 I chatty  : uid=1000(system) Binder:1089_16 expire 1 line
01-30 13:46:13.032  1089  3643 I chatty  : uid=1000(system) Binder:1089_F expire 2 lines
01-30 13:46:13.036  1089  2453 I chatty  : uid=1000(system) Binder:1089_B expire 1 line
01-30 13:46:13.037  1089  1859 I chatty  : uid=1000(system) Binder:1089_8 expire 1 line
01-30 13:46:13.040  1089  1404 I chatty  : uid=1000(system) ConnectivitySer expire 4 lines
01-30 13:46:14.212  3819   872 E ActivityThread: Failed to find provider info for androidx.car.app.connection
01-30 13:46:16.435  1089  1150 I chatty  : uid=1000(system) Binder:1089_2 expire 1 line
01-30 13:46:19.045  1089  1875 I chatty  : uid=1000(system) Binder:1089_9 expire 3 lines
01-30 13:46:21.842  1089  3643 I chatty  : uid=1000(system) Binder:1089_F expire 6 lines
01-30 13:46:44.508  1089  1190 I chatty  : uid=1000(system) ActivityManager expire 37 lines
01-30 13:46:51.453  1089  2453 I chatty  : uid=1000(system) Binder:1089_B expire 1 line
01-30 13:46:54.081  1089  1859 I chatty  : uid=1000(system) Binder:1089_8 expire 4 lines
01-30 13:46:54.640  1619  1619 D ActivityThread: Loading provider contacts;com.android.contacts: com.android.providers.contacts.ContactsProvider2
01-30 13:46:56.182  1089  1404 I chatty  : uid=1000(system) ConnectivitySer expire 1 line
01-30 13:46:57.711  1089  2461 I chatty  : uid=1000(system) Binder:1089_C expire 2 lines
01-30 13:46:57.718  1089  1150 I chatty  : uid=1000(system) Binder:1089_2 expire 1 line
01-30 13:46:58.388  1089  1190 I chatty  : uid=1000(system) ActivityManager expire 21 lines
01-30 13:46:58.523  1089  1150 I chatty  : uid=1000(system) Binder:1089_2 expire 1 line
01-30 13:46:58.524  1089  1404 I chatty  : uid=1000(system) ConnectivitySer expire 3 lines
01-30 13:46:59.216  1089  3643 I chatty  : uid=1000(system) Binder:1089_F expire 4 lines
01-30 13:46:59.562  1089  2453 I chatty  : uid=1000(system) Binder:1089_B expire 2 lines
01-30 13:47:00.034  1089   387 I chatty  : uid=1000(system) Binder:1089_16 expire 2 lines
01-30 13:47:00.788  1089  4086 I chatty  : uid=1000(system) Binder:1089_14 expire 1 line
01-30 13:47:00.921  1089  1994 I chatty  : uid=1000(system) Binder:1089_1A expire 1 line
01-30 13:47:00.960  1799  1799 D ActivityThread: Loading provider contacts;com.android.contacts: com.android.providers.contacts.ContactsProvider2
01-30 13:47:00.988  1089  1089 I chatty  : uid=1000(system) Binder:1089_3 expire 12 lines
01-30 13:47:04.462  1089  1177 I chatty  : uid=1000(system) android.fg expire 1 line
01-30 13:47:05.296  1089  2461 I chatty  : uid=1000(system) Binder:1089_C expire 1 line
01-30 13:47:05.379  1089  1178 I chatty  : uid=1000(system) android.ui expire 1 line
01-30 13:47:05.596  1089  1641 I chatty  : uid=1000(system) Binder:1089_19 expire 4 lines
01-30 13:47:05.712  1089  4020 I chatty  : uid=1000(system) Binder:1089_11 expire 1 line
01-30 13:47:06.207  1089  3916 I chatty  : uid=1000(system) Binder:1089_10 expire 2 lines
01-30 13:47:07.431  1089  1404 I chatty  : uid=1000(system) ConnectivitySer expire 3 lines
01-30 13:47:07.813  1089  1190 I chatty  : uid=1000(system) ActivityManager expire 29 lines
01-30 13:47:08.562  1089  1641 I chatty  : uid=1000(system) Binder:1089_19 expire 3 lines
01-30 13:47:11.840  1089  4020 I chatty  : uid=1000(system) Binder:1089_11 expire 4 lines
01-30 13:47:13.617  1089  3501 I chatty  : uid=1000(system) Binder:1089_20 expire 1 line
01-30 13:47:13.618  1089   387 I chatty  : uid=1000(system) Binder:1089_16 expire 3 lines
01-30 13:47:13.619  1089  1859 I chatty  : uid=1000(system) Binder:1089_8 expire 2 lines
01-30 13:47:16.167  1089   382 I chatty  : uid=1000(system) Binder:1089_15 expire 1 line
01-30 13:47:33.088  1089  1089 I chatty  : uid=1000(system) Binder:1089_3 expire 4 lines
01-30 13:47:34.832  1089  1544 I chatty  : uid=1000(system) Binder:1089_18 expire 2 lines
01-30 13:47:35.832  1089  2333 I chatty  : uid=1000(system) Binder:1089_1B expire 2 lines
01-30 13:47:35.970  1089  1178 I chatty  : uid=1000(system) android.ui expire 1 line
01-30 13:47:36.061  1089  1875 I chatty  : uid=1000(system) Binder:1089_9 expire 1 line
01-30 13:47:36.628  2603  2603 D ActivityThread: Loading provider contacts;com.android.contacts: com.android.providers.contacts.ContactsProvider2
01-30 13:47:36.725  1089  3547 I chatty  : uid=1000(system) Binder:1089_E expire 7 lines
01-30 13:47:36.726  1089  1190 I chatty  : uid=1000(system) ActivityManager expire 31 lines
01-30 13:47:40.263  1089  2130 I chatty  : uid=1000(system) Binder:1089_A expire 1 line
01-30 13:47:40.592  1089  1677 I chatty  : uid=1000(system) Binder:1089_6 expire 4 lines
01-30 13:47:41.019  1089  1311 I chatty  : uid=1000(system) Binder:1089_5 expire 2 lines
01-30 13:47:41.884  1089  1859 I chatty  : uid=1000(system) Binder:1089_8 expire 1 line
01-30 13:47:41.945  1089  1189 I chatty  : uid=1000(system) ActivityManager expire 3 lines
01-30 13:48:14.595  1089  4020 I chatty  : uid=1000(system) Binder:1089_11 expire 5 lines
01-30 13:48:19.522  1089  1190 I chatty  : uid=1000(system) ActivityManager expire 31 lines
01-30 13:48:21.221  1089  1677 I chatty  : uid=1000(system) Binder:1089_6 expire 1 line
01-30 13:48:21.224  1089  1404 I chatty  : uid=1000(system) ConnectivitySer expire 3 lines
01-30 13:48:22.060  1089  1859 I chatty  : uid=1000(system) Binder:1089_8 expire 1 line
01-30 13:48:50.394  1089  2340 I chatty  : uid=1000(system) Binder:1089_1D expire 5 lines
01-30 13:48:55.984  1089  1875 I chatty  : uid=1000(system) Binder:1089_9 expire 2 lines
01-30 13:49:20.019  1089   382 I chatty  : uid=1000(system) Binder:1089_15 expire 1 line
01-30 13:49:20.020  1089  1544 I chatty  : uid=1000(system) Binder:1089_18 expire 1 line
01-30 13:49:20.082  1089  2130 I chatty  : uid=1000(system) Binder:1089_A expire 1 line
01-30 13:49:53.479  1089  1189 I chatty  : uid=1000(system) ActivityManager expire 1 line
01-30 13:49:53.535  1089  3897 I chatty  : uid=1000(system) Binder:1089_21 expire 1 line
01-30 13:49:54.485  1089  2798 I chatty  : uid=1000(system) Binder:1089_1F expire 2 lines
01-30 13:49:56.745  1089  1177 I chatty  : uid=1000(system) android.fg expire 1 line
01-30 13:49:59.262  1089  2130 I chatty  : uid=1000(system) Binder:1089_A expire 6 lines
01-30 13:50:01.673  1089  3385 I chatty  : uid=1000(system) Binder:1089_3 expire 6 lines
01-30 13:50:04.812  1089  4020 I chatty  : uid=1000(system) Binder:1089_11 expire 4 lines
01-30 13:50:04.815  1089  1190 I chatty  : uid=1000(system) ActivityManager expire 24 lines
01-30 13:50:05.706  1089  2340 I chatty  : uid=1000(system) Binder:1089_1D expire 5 lines
01-30 13:50:07.663  1089  1875 I chatty  : uid=1000(system) Binder:1089_9 expire 1 line
01-30 13:50:08.910  1089  1189 I chatty  : uid=1000(system) ActivityManager expire 1 line
01-30 13:50:13.177  1089  3897 I chatty  : uid=1000(system) Binder:1089_21 expire 2 lines
01-30 13:50:19.841  1089   382 I chatty  : uid=1000(system) Binder:1089_15 expire 2 lines
01-30 13:50:19.843  1089  1404 I chatty  : uid=1000(system) ConnectivitySer expire 2 lines
01-30 13:50:24.809  1089  1311 I chatty  : uid=1000(system) Binder:1089_5 expire 2 lines
01-30 13:50:27.021  1089  2130 I chatty  : uid=1000(system) Binder:1089_A expire 1 line
01-30 13:50:28.288  1089  3897 I chatty  : uid=1000(system) Binder:1089_21 expire 3 lines
01-30 13:50:28.329  3619  3619 D ActivityThread: Loading provider contacts;com.android.contacts: com.android.providers.contacts.ContactsProvider2
01-30 13:50:30.225  1089   382 I chatty  : uid=1000(system) Binder:1089_15 expire 12 lines
01-30 13:50:31.141  1089  1544 I chatty  : uid=1000(system) Binder:1089_18 expire 2 lines
01-30 13:50:34.285  1089  1089 I chatty  : uid=1000(system) Binder:1089_3 expire 3 lines
01-30 13:50:35.118  1089  1189 I chatty  : uid=1000(system) ActivityManager expire 1 line
01-30 13:50:35.213  1089  1190 I chatty  : uid=1000(system) ActivityManager expire 27 lines
01-30 13:50:40.869  1089  1177 I chatty  : uid=1000(system) android.fg expire 2 lines
01-30 13:50:41.297  1089  1859 I chatty  : uid=1000(system) Binder:1089_8 expire 4 lines
01-30 13:50:52.890  1089  2798 I chatty  : uid=1000(system) Binder:1089_1F expire 1 line
01-30 13:50:52.920  1089  1178 I chatty  : uid=1000(system) android.ui expire 2 lines
01-30 13:50:53.030  1089  1089 I chatty  : uid=1000(system) Binder:1089_3 expire 6 lines
01-30 13:50:53.463  1089  1677 I chatty  : uid=1000(system) Binder:1089_6 expire 11 lines
01-30 13:50:54.661  1089  1190 I chatty  : uid=1000(system) ActivityManager expire 24 lines
01-30 13:50:54.738  1089  1177 I chatty  : uid=1000(system) android.fg expire 1 line
01-30 13:50:56.916  1089  1641 I chatty  : uid=1000(system) Binder:1089_19 expire 4 lines
01-30 13:50:57.125  1089  4020 I chatty  : uid=1000(system) Binder:1089_11 expire 2 lines
01-30 13:50:58.012  1089  1859 I chatty  : uid=1000(system) Binder:1089_8 expire 3 lines
01-30 13:50:58.578  1089  1189 I chatty  : uid=1000(system) ActivityManager expire 3 lines
01-30 13:51:00.318  1089  3897 I chatty  : uid=1000(system) Binder:1089_21 expire 2 lines
01-30 13:51:03.672  1089  2340 I chatty  : uid=1000(system) Binder:1089_1D expire 7 lines
01-30 13:51:04.462  1089  1190 I chatty  : uid=1000(system) ActivityManager expire 31 lines
01-30 13:51:05.814  1089  1189 I chatty  : uid=1000(system) ActivityManager expire 4 lines
01-30 13:51:10.490  1089   382 I chatty  : uid=1000(system) Binder:1089_15 expire 5 lines
01-30 13:51:10.520  3295  3295 I ActivityThread: Removing dead content provider:android.content.ContentProviderProxy@73ddf41
01-30 13:51:10.937  1089  1205 I chatty  : uid=1000(system) batterystats-wo expire 1 line
01-30 13:51:16.468  1089  2130 I chatty  : uid=1000(system) Binder:1089_A expire 3 lines
01-30 13:51:17.286  1089   387 I chatty  : uid=1000(system) Binder:1089_16 expire 4 lines
01-30 13:51:18.392  1089  1089 I chatty  : uid=1000(system) Binder:1089_3 expire 2 lines
01-30 13:51:24.042  1089   382 I chatty  : uid=1000(system) Binder:1089_15 expire 7 lines
01-30 13:51:24.116  1089   387 I chatty  : uid=1000(system) Binder:1089_16 expire 6 lines
01-30 13:51:31.804  1089  1178 I chatty  : uid=1000(system) android.ui expire 1 line
01-30 13:51:32.410  1089  1677 I chatty  : uid=1000(system) Binder:1089_6 expire 4 lines
01-30 13:51:32.414  1089  1190 I chatty  : uid=1000(system) ActivityManager expire 28 lines
01-30 13:51:32.489  1089  2340 I chatty  : uid=1000(system) Binder:1089_1D expire 1 line
01-30 13:51:32.501  1089  1859 I chatty  : uid=1000(system) Binder:1089_8 expire 4 lines
01-30 13:51:32.511  1089  1404 I chatty  : uid=1000(system) ConnectivitySer expire 2 lines
01-30 13:51:32.522  1089  1875 I chatty  : uid=1000(system) Binder:1089_9 expire 1 line
01-30 13:51:32.523  1089  2719 I chatty  : uid=1000(system) Binder:1089_1E expire 1 line
01-30 13:51:33.792  1089  1189 I chatty  : uid=1000(system) ActivityManager expire 1 line
01-30 13:51:34.758  1089  1177 I chatty  : uid=1000(system) android.fg expire 2 lines
01-30 13:51:45.361  1089  1859 I chatty  : uid=1000(system) Binder:1089_8 expire 1 line
01-30 13:51:48.509  1089  1641 I chatty  : uid=1000(system) Binder:1089_19 expire 1 line
01-30 13:51:49.011  1089  1222 I chatty  : uid=1000(system) PackageManager expire 38 lines
01-30 13:51:49.376  1089  1189 I chatty  : uid=1000(system) ActivityManager expire 7 lines
01-30 13:51:49.379  1089  1190 I chatty  : uid=1000(system) ActivityManager expire 9 lines
01-30 13:51:50.255  1089  2340 I chatty  : uid=1000(system) Binder:1089_1D expire 3 lines
01-30 13:51:50.310  1089  1677 I chatty  : uid=1000(system) Binder:1089_6 expire 4 lines
01-30 13:51:52.624  1089   382 I chatty  : uid=1000(system) Binder:1089_15 expire 3 lines
01-30 13:51:53.625  1089  1189 I chatty  : uid=1000(system) ActivityManager expire 1 line
01-30 13:51:56.578  1089  1190 I chatty  : uid=1000(system) ActivityManager expire 21 lines
01-30 13:51:58.407  1089  1404 I chatty  : uid=1000(system) ConnectivitySer expire 3 lines
01-30 13:51:59.261  1089  1178 I chatty  : uid=1000(system) android.ui expire 6 lines
01-30 13:52:01.310  1089  2340 I chatty  : uid=1000(system) Binder:1089_1D expire 8 lines
01-30 13:52:01.310  1089  1859 I chatty  : uid=1000(system) Binder:1089_8 expire 2 lines
01-30 13:52:02.963  1089  1089 I chatty  : uid=1000(system) Binder:1089_3 expire 6 lines
01-30 13:52:10.733   395  1691 W SocketClient: write error (Broken pipe)
01-30 13:52:11.856  1089  1177 I chatty  : uid=1000(system) android.fg expire 1 line
01-30 13:52:19.091  1089  1875 I chatty  : uid=1000(system) Binder:1089_9 expire 22 lines
01-30 13:52:20.817  1089  1189 I chatty  : uid=1000(system) ActivityManager expire 8 lines
01-30 13:52:20.997  1089  1859 I chatty  : uid=1000(system) Binder:1089_8 expire 2 lines
01-30 13:52:21.070  1729  1824 E ActivityThread: Failed to find provider info for com.google.android.gsf.gservices
01-30 13:52:21.096  1089  1190 I chatty  : uid=1000(system) ActivityManager expire 20 lines
01-30 13:52:30.800  1089   382 I chatty  : uid=1000(system) Binder:1089_15 expire 1 line
01-30 13:52:33.313  1089  1404 I chatty  : uid=1000(system) ConnectivitySer expire 2 lines
01-30 13:52:33.987  3295  3423 W ActivityThread: ClassLoader.getResources: The class loader returned by Thread.getContextClassLoader() may fail for processes that host multiple applications. You should explicitly specify a context class loader. For example: Thread.setContextClassLoader(getClass().getClassLoader());
01-30 13:52:40.816  1089  1222 I chatty  : uid=1000(system) PackageManager expire 6 lines
01-30 13:52:40.934  1089  1089 I chatty  : uid=1000(system) Binder:1089_3 expire 1 line
01-30 13:52:40.935  1089  1190 I chatty  : uid=1000(system) ActivityManager expire 7 lines
01-30 13:52:41.104  1089  1178 I chatty  : uid=1000(system) android.ui expire 2 lines
01-30 13:52:41.356  1089  1875 I chatty  : uid=1000(system) Binder:1089_9 expire 1 line
01-30 13:52:41.364  1089  1189 I chatty  : uid=1000(system) ActivityManager expire 12 lines
01-30 13:52:41.375  1089  1089 I chatty  : uid=1000(system) Binder:1089_3 expire 18 lines
01-30 13:52:41.537  1089  1190 I chatty  : uid=1000(system) ActivityManager expire 19 lines
01-30 13:52:42.090  1089  4042 I chatty  : uid=1000(system) Binder:1089_12 expire 2 lines
01-30 13:52:42.183  1089  1178 I chatty  : uid=1000(system) android.ui expire 2 lines
01-30 13:52:42.969  1089  1641 I chatty  : uid=1000(system) Binder:1089_19 expire 6 lines
01-30 13:52:43.057  1089  1177 I chatty  : uid=1000(system) android.fg expire 5 lines
01-30 13:52:46.701  1089  1677 I chatty  : uid=1000(system) Binder:1089_6 expire 1 line
01-30 13:52:47.311  1089  1311 I chatty  : uid=1000(system) Binder:1089_5 expire 1 line
01-30 13:52:48.192  1089  1189 I chatty  : uid=1000(system) ActivityManager expire 1 line
01-30 13:52:48.194  1089  1190 I chatty  : uid=1000(system) ActivityManager expire 28 lines
01-30 13:52:48.295  1089  1177 I chatty  : uid=1000(system) android.fg expire 2 lines
01-30 13:52:48.469  1089  1089 I chatty  : uid=1000(system) Binder:1089_3 expire 9 lines
01-30 13:52:48.616  1089  1544 I chatty  : uid=1000(system) Binder:1089_18 expire 1 line
01-30 13:52:48.687  1089   387 I chatty  : uid=1000(system) Binder:1089_16 expire 1 line
01-30 13:52:51.390  1089  3547 I chatty  : uid=1000(system) Binder:1089_E expire 1 line
01-30 13:52:51.520  1089  4042 I chatty  : uid=1000(system) Binder:1089_12 expire 2 lines
01-30 13:52:51.779  1089  1205 I chatty  : uid=1000(system) batterystats-wo expire 1 line
01-30 13:52:52.109  1089  1178 I chatty  : uid=1000(system) android.ui expire 7 lines
01-30 13:52:53.899  1089  4020 I chatty  : uid=1000(system) Binder:1089_11 expire 4 lines
01-30 13:52:57.094  1089  1404 I chatty  : uid=1000(system) ConnectivitySer expire 4 lines
01-30 13:52:57.195  1089  1310 I chatty  : uid=1000(system) Binder:1089_4 expire 6 lines
01-30 13:52:57.196  1089   382 I chatty  : uid=1000(system) Binder:1089_15 expire 1 line
01-30 13:53:02.191  1089  1994 I chatty  : uid=1000(system) Binder:1089_1A expire 1 line
01-30 13:53:02.196  1089  4086 I chatty  : uid=1000(system) Binder:1089_14 expire 2 lines
01-30 13:53:02.336  1089  1190 I chatty  : uid=1000(system) ActivityManager expire 39 lines
01-30 13:53:02.510  1089  1994 I chatty  : uid=1000(system) Binder:1089_1A expire 6 lines
01-30 13:53:03.140  1089  1150 I chatty  : uid=1000(system) Binder:1089_2 expire 3 lines
01-30 13:53:05.343  1089  1404 I chatty  : uid=1000(system) ConnectivitySer expire 7 lines
01-30 13:53:05.553  1089  1178 I chatty  : uid=1000(system) android.ui expire 1 line
01-30 13:53:07.401  1089  3547 I chatty  : uid=1000(system) Binder:1089_E expire 4 lines
01-30 13:53:08.195  1089   387 I chatty  : uid=1000(system) Binder:1089_16 expire 1 line
01-30 13:53:10.238  1089  1859 I chatty  : uid=1000(system) Binder:1089_8 expire 7 lines
01-30 13:53:10.987  1089  2453 I chatty  : uid=1000(system) Binder:1089_B expire 3 lines
01-30 13:53:12.293  1089  2719 I chatty  : uid=1000(system) Binder:1089_1E expire 2 lines
01-30 13:53:21.581  1089  1190 I chatty  : uid=1000(system) ActivityManager expire 17 lines
01-30 13:53:22.791  1089  1189 I chatty  : uid=1000(system) ActivityManager expire 2 lines
01-30 13:53:23.479  1089  1994 I chatty  : uid=1000(system) Binder:1089_1A expire 1 line
01-30 13:53:23.586  1089  2453 I chatty  : uid=1000(system) Binder:1089_B expire 4 lines
01-30 13:53:24.101  1089  4086 I chatty  : uid=1000(system) Binder:1089_14 expire 4 lines
01-30 13:53:27.197  1089  1188 I chatty  : uid=1000(system) android.bg expire 20 lines
01-30 13:53:27.199  1089  1089 I chatty  : uid=1000(system) Binder:1089_3 expire 16 lines
01-30 13:53:27.538  1089  1641 I chatty  : uid=1000(system) Binder:1089_19 expire 13 lines
01-30 13:53:27.543  1089  2719 I chatty  : uid=1000(system) Binder:1089_1E expire 3 lines
01-30 13:53:29.218  1089  1188 I chatty  : uid=1000(system) android.bg expire 30 lines
01-30 13:53:29.219  1089  1089 I chatty  : uid=1000(system) Binder:1089_3 expire 16 lines
01-30 13:53:29.311  1089  1148 I chatty  : uid=1000(system) Binder:1089_1 expire 13 lines
01-30 13:53:29.346  1089  1190 I chatty  : uid=1000(system) ActivityManager expire 7 lines
01-30 13:53:30.465  1089  1188 I chatty  : uid=1000(system) android.bg expire 24 lines
01-30 13:53:30.480  1089  1089 I chatty  : uid=1000(system) Binder:1089_3 expire 19 lines
01-30 13:53:30.576  1089  2339 I chatty  : uid=1000(system) Binder:1089_1C expire 16 lines
01-30 13:53:30.605  1089  1875 I chatty  : uid=1000(system) Binder:1089_9 expire 12 lines
01-30 13:53:31.804  1089  3501 I chatty  : uid=1000(system) Binder:1089_20 expire 2 lines
01-30 13:53:31.805  1089  1190 I chatty  : uid=1000(system) ActivityManager expire 15 lines
01-30 13:53:32.788  1089  1148 I chatty  : uid=1000(system) Binder:1089_1 expire 12 lines
01-30 13:53:32.789  1089  1188 I chatty  : uid=1000(system) android.bg expire 32 lines
01-30 13:53:32.819  1089  1089 I chatty  : uid=1000(system) Binder:1089_3 expire 9 lines
01-30 13:53:32.863  1089  1677 I chatty  : uid=1000(system) Binder:1089_6 expire 18 lines
01-30 13:53:34.142  1089  1188 I chatty  : uid=1000(system) android.bg expire 12 lines
01-30 13:53:34.151  1089  1089 I chatty  : uid=1000(system) Binder:1089_3 expire 9 lines
01-30 13:53:34.300  1089  2339 I chatty  : uid=1000(system) Binder:1089_1C expire 2 lines
01-30 13:53:34.556  1089  1190 I chatty  : uid=1000(system) ActivityManager expire 21 lines
01-30 13:53:36.540  1089  1311 I chatty  : uid=1000(system) Binder:1089_5 expire 2 lines
01-30 13:53:36.902  1089  1178 I chatty  : uid=1000(system) android.ui expire 1 line
01-30 13:53:37.021  1089  4077 I chatty  : uid=1000(system) Binder:1089_13 expire 1 line
01-30 13:53:37.029  1089  2333 I chatty  : uid=1000(system) Binder:1089_1B expire 2 lines
01-30 13:53:37.599  1089  2340 I chatty  : uid=1000(system) Binder:1089_1D expire 5 lines
01-30 13:53:40.110  1089  1310 I chatty  : uid=1000(system) Binder:1089_4 expire 1 line
01-30 13:53:40.219  1089  2719 I chatty  : uid=1000(system) Binder:1089_1E expire 4 lines
01-30 13:53:40.230  1089  1188 I chatty  : uid=1000(system) android.bg expire 30 lines
01-30 13:53:40.248  1089  1089 I chatty  : uid=1000(system) Binder:1089_3 expire 24 lines
01-30 13:53:40.483  1089  2340 I chatty  : uid=1000(system) Binder:1089_1D expire 12 lines
01-30 13:53:40.584  1089  1310 I chatty  : uid=1000(system) Binder:1089_4 expire 8 lines
01-30 13:53:40.639  1089  2719 I chatty  : uid=1000(system) Binder:1089_1E expire 19 lines
01-30 13:53:41.047  1089  1189 I chatty  : uid=1000(system) ActivityManager expire 1 line
01-30 13:53:41.048  1089  1190 I chatty  : uid=1000(system) ActivityManager expire 4 lines
01-30 13:53:41.436  1089  2340 I chatty  : uid=1000(system) Binder:1089_1D expire 2 lines
01-30 13:53:41.439  1089  1188 I chatty  : uid=1000(system) android.bg expire 25 lines
01-30 13:53:41.451  1089  1089 I chatty  : uid=1000(system) Binder:1089_3 expire 28 lines
01-30 13:53:41.669  1089  1188 I chatty  : uid=1000(system) android.bg expire 29 lines
01-30 13:53:41.699  1089  2719 I chatty  : uid=1000(system) Binder:1089_1E expire 9 lines
01-30 13:53:41.702  1089  1310 I chatty  : uid=1000(system) Binder:1089_4 expire 3 lines
01-30 13:53:42.554  1089  2339 I chatty  : uid=1000(system) Binder:1089_1C expire 1 line
01-30 13:53:43.006  1089  4077 I chatty  : uid=1000(system) Binder:1089_13 expire 2 lines
01-30 13:53:43.282  1089  1148 I chatty  : uid=1000(system) Binder:1089_1 expire 11 lines
01-30 13:53:43.352  1089  1089 I chatty  : uid=1000(system) Binder:1089_3 expire 16 lines
01-30 13:53:43.368  1089  4077 I chatty  : uid=1000(system) Binder:1089_13 expire 14 lines
01-30 13:53:43.970  1089  2339 I chatty  : uid=1000(system) Binder:1089_1C expire 2 lines
01-30 13:53:43.972  1089  1188 I chatty  : uid=1000(system) android.bg expire 20 lines
01-30 13:53:44.044  1089  1189 I chatty  : uid=1000(system) ActivityManager expire 2 lines
01-30 13:53:44.060  1089  1190 I chatty  : uid=1000(system) ActivityManager expire 7 lines
01-30 13:53:44.068  1089  4077 I chatty  : uid=1000(system) Binder:1089_13 expire 1 line
01-30 13:53:44.250  1089  1859 I chatty  : uid=1000(system) Binder:1089_8 expire 2 lines
01-30 13:53:44.252  1089  1188 I chatty  : uid=1000(system) android.bg expire 34 lines
01-30 13:53:44.262  1089  1089 I chatty  : uid=1000(system) Binder:1089_3 expire 12 lines
01-30 13:53:44.302  1089  2339 I chatty  : uid=1000(system) Binder:1089_1C expire 15 lines
01-30 13:53:44.367  1089  3480 I chatty  : uid=1000(system) AsyncTask #29 expire 1 line
01-30 13:53:44.623  1089  1188 I chatty  : uid=1000(system) android.bg expire 19 lines
01-30 13:53:44.634  1089  1089 I chatty  : uid=1000(system) Binder:1089_3 expire 10 lines
01-30 13:53:44.674  1089  2339 I chatty  : uid=1000(system) Binder:1089_1C expire 16 lines
01-30 13:53:44.815  1089  1311 I chatty  : uid=1000(system) Binder:1089_5 expire 1 line
01-30 13:53:44.884  1089  4077 I chatty  : uid=1000(system) Binder:1089_13 expire 1 line
01-30 13:53:44.885  1089  1190 I chatty  : uid=1000(system) ActivityManager expire 14 lines
01-30 13:53:44.983  1089  1188 I chatty  : uid=1000(system) android.bg expire 10 lines
01-30 13:53:45.061  1089  1089 I chatty  : uid=1000(system) Binder:1089_3 expire 17 lines
01-30 13:53:45.122  1089  1859 I chatty  : uid=1000(system) Binder:1089_8 expire 12 lines
01-30 13:53:45.134  1089  1310 I chatty  : uid=1000(system) Binder:1089_4 expire 2 lines
01-30 13:53:45.339  1089  4077 I chatty  : uid=1000(system) Binder:1089_13 expire 3 lines
01-30 13:53:45.356  1089  1189 I chatty  : uid=1000(system) ActivityManager expire 1 line
01-30 13:53:48.583  1089  3390 I chatty  : uid=1000(system) Binder:1089_D expire 11 lines
01-30 13:53:48.620  1089  1188 I chatty  : uid=1000(system) android.bg expire 11 lines
01-30 13:53:48.631  1089  1089 I chatty  : uid=1000(system) Binder:1089_3 expire 9 lines
01-30 13:53:48.753  1089  1859 I chatty  : uid=1000(system) Binder:1089_8 expire 4 lines
01-30 13:53:49.652  1089  1310 I chatty  : uid=1000(system) Binder:1089_4 expire 4 lines
01-30 13:53:49.737  1089  1148 I chatty  : uid=1000(system) Binder:1089_1 expire 1 line
01-30 13:53:49.753  1089  1190 I chatty  : uid=1000(system) ActivityManager expire 46 lines
01-30 13:53:52.422  1089   382 I chatty  : uid=1000(system) Binder:1089_15 expire 2 lines
01-30 13:53:52.549  1089  1310 I chatty  : uid=1000(system) Binder:1089_4 expire 4 lines
01-30 13:53:52.578  1089  1189 I chatty  : uid=1000(system) ActivityManager expire 2 lines
01-30 13:53:54.302  1089  1148 I chatty  : uid=1000(system) Binder:1089_1 expire 3 lines
01-30 13:53:57.074  1089  1677 I chatty  : uid=1000(system) Binder:1089_6 expire 1 line
01-30 13:53:57.544  1089  3501 I chatty  : uid=1000(system) Binder:1089_20 expire 3 lines
01-30 13:53:59.249  1089  1641 I chatty  : uid=1000(system) Binder:1089_19 expire 3 lines
01-30 13:54:00.503  1089  2339 I chatty  : uid=1000(system) Binder:1089_1C expire 1 line
01-30 13:54:00.806  1089  1190 I chatty  : uid=1000(system) ActivityManager expire 28 lines
01-30 13:54:01.004  1089  2719 I chatty  : uid=1000(system) Binder:1089_1E expire 6 lines
01-30 13:54:01.542  1089  3501 I chatty  : uid=1000(system) Binder:1089_20 expire 9 lines
01-30 13:54:02.043  1089  1875 I chatty  : uid=1000(system) Binder:1089_9 expire 1 line
01-30 13:54:02.373  1089  1189 I chatty  : uid=1000(system) ActivityManager expire 3 lines
01-30 13:54:04.720  1089  1677 I chatty  : uid=1000(system) Binder:1089_6 expire 1 line
01-30 13:54:09.952  1089  1404 I chatty  : uid=1000(system) ConnectivitySer expire 2 lines
01-30 13:54:10.074  1089  3501 I chatty  : uid=1000(system) Binder:1089_20 expire 7 lines
01-30 13:54:10.359  1089  1190 I chatty  : uid=1000(system) ActivityManager expire 29 lines
01-30 13:54:10.470  1089  1677 I chatty  : uid=1000(system) Binder:1089_6 expire 2 lines
01-30 13:54:10.865  1089  2719 I chatty  : uid=1000(system) Binder:1089_1E expire 1 line
01-30 13:54:10.908  1089  2339 I chatty  : uid=1000(system) Binder:1089_1C expire 2 lines
01-30 13:54:11.774  1089  1189 I chatty  : uid=1000(system) ActivityManager expire 4 lines
01-30 13:54:11.960  1089  3916 I chatty  : uid=1000(system) Binder:1089_10 expire 4 lines
01-30 13:54:17.062  1089  3501 I chatty  : uid=1000(system) Binder:1089_20 expire 6 lines
01-30 13:54:17.065  1089  1404 I chatty  : uid=1000(system) ConnectivitySer expire 6 lines
01-30 13:54:17.493  1089  1859 I chatty  : uid=1000(system) Binder:1089_8 expire 1 line
01-30 13:54:17.495  1089  1677 I chatty  : uid=1000(system) Binder:1089_6 expire 1 line
01-30 13:54:26.703  1089  1875 I chatty  : uid=1000(system) Binder:1089_9 expire 1 line
01-30 13:54:26.705  1089  4020 I chatty  : uid=1000(system) Binder:1089_11 expire 4 lines
01-30 13:54:26.960  1089  1190 I chatty  : uid=1000(system) ActivityManager expire 21 lines
01-30 13:54:34.133  1089   382 I chatty  : uid=1000(system) Binder:1089_15 expire 4 lines
01-30 13:54:34.353  1089  2719 I chatty  : uid=1000(system) Binder:1089_1E expire 1 line
01-30 13:54:34.781  1089  1189 I chatty  : uid=1000(system) ActivityManager expire 3 lines
01-30 13:54:35.836  1089  1190 I chatty  : uid=1000(system) ActivityManager expire 25 lines
01-30 13:54:37.211  1089   382 I chatty  : uid=1000(system) Binder:1089_15 expire 1 line
01-30 13:54:37.215  1089  1404 I chatty  : uid=1000(system) ConnectivitySer expire 3 lines
01-30 13:54:37.672  1089  4020 I chatty  : uid=1000(system) Binder:1089_11 expire 2 lines
01-30 13:54:38.195  1089  1875 I chatty  : uid=1000(system) Binder:1089_9 expire 2 lines
01-30 13:54:38.201  1089  1089 I chatty  : uid=1000(system) Binder:1089_3 expire 9 lines
01-30 13:54:39.407  1089  2333 I chatty  : uid=1000(system) Binder:1089_1B expire 3 lines
01-30 13:54:43.309  1089  1311 I chatty  : uid=1000(system) Binder:1089_5 expire 1 line
01-30 13:54:43.541  1089  3501 I chatty  : uid=1000(system) Binder:1089_20 expire 1 line
01-30 13:54:47.943  1089  1677 I chatty  : uid=1000(system) Binder:1089_6 expire 1 line
01-30 13:54:47.951  1089  1404 I chatty  : uid=1000(system) ConnectivitySer expire 6 lines
01-30 13:54:48.389  1089  1311 I chatty  : uid=1000(system) Binder:1089_5 expire 2 lines
01-30 13:54:48.390  1089  1190 I chatty  : uid=1000(system) ActivityManager expire 24 lines
01-30 13:54:50.269  1089  3501 I chatty  : uid=1000(system) Binder:1089_20 expire 4 lines
01-30 13:54:52.037  1089  1875 I chatty  : uid=1000(system) Binder:1089_9 expire 3 lines
01-30 13:54:55.626  1089  1189 I chatty  : uid=1000(system) ActivityManager expire 1 line
01-30 13:54:55.781  2670  2716 V PackageManager: [a0ee07a9-4713-45d3-b184-3682d320d029] Phase1 called; posting
01-30 13:54:55.792  2670  2716 V PackageManager: [f7f8ffcb-e55b-4947-b41c-275e3d25fba0] Phase1 called; posting
01-30 13:54:55.800  2670  2670 D PackageManager: [a0ee07a9-4713-45d3-b184-3682d320d029] Phase1 request; prefix: [-2130968576, -2046439424, -1752731648, -1552310272, -1357967360, -1194070016, -1095585792, -985993216, -247500800, 382812160, 739917824, 868229120, 869330944, 1151447040, 1366925312, 1509953536], userId: 0
01-30 13:54:55.854  2670  2670 D PackageManager: [f7f8ffcb-e55b-4947-b41c-275e3d25fba0] Phase1 request; prefix: [-2130968576, -1610805248, -1568849920, -1552310272, -1085292544, -977268736, -805367808, -503705600, -307793920, 275615744, 595730432, 599830528, 609026048, 967843840, 1683939328, 1699078144, 1951031296], userId: 0
01-30 13:54:56.960  1089  4077 I chatty  : uid=1000(system) Binder:1089_13 expire 3 lines
01-30 13:55:01.746  1089  4020 I chatty  : uid=1000(system) Binder:1089_11 expire 2 lines
01-30 13:55:40.058  1089   382 I chatty  : uid=1000(system) Binder:1089_15 expire 2 lines
01-30 13:55:42.861  1089  1089 I chatty  : uid=1000(system) Binder:1089_3 expire 1 line
01-30 13:55:45.610  1089  2453 I chatty  : uid=1000(system) Binder:1089_B expire 2 lines
01-30 13:55:45.681  1089  1190 I chatty  : uid=1000(system) ActivityManager expire 18 lines
01-30 13:55:46.990  1089  1404 I chatty  : uid=1000(system) ConnectivitySer expire 4 lines
01-30 13:55:47.639  1089  4020 I chatty  : uid=1000(system) Binder:1089_11 expire 2 lines
01-30 13:55:49.806  1089  3150 I chatty  : uid=1000(system) Binder:1089_3 expire 6 lines
01-30 13:55:50.125  1089  1189 I chatty  : uid=1000(system) ActivityManager expire 1 line
01-30 13:55:52.456  1089  3501 I chatty  : uid=1000(system) Binder:1089_20 expire 1 line
01-30 13:55:52.458  1089  2340 I chatty  : uid=1000(system) Binder:1089_1D expire 5 lines
01-30 13:55:52.458  1089  4042 I chatty  : uid=1000(system) Binder:1089_12 expire 1 line
01-30 13:55:58.012   395  3149 W SocketClient: write error (Broken pipe)
01-30 13:56:14.410  1089  1089 I chatty  : uid=1000(system) Binder:1089_3 expire 2 lines
01-30 13:56:15.162  1089  1641 I chatty  : uid=1000(system) Binder:1089_19 expire 2 lines
01-30 13:56:15.166  1089  1148 I chatty  : uid=1000(system) Binder:1089_1 expire 1 line
01-30 13:56:18.407  1089  1677 I chatty  : uid=1000(system) Binder:1089_6 expire 5 lines
01-30 13:56:20.747  1089  1190 I chatty  : uid=1000(system) ActivityManager expire 26 lines
01-30 13:56:21.965  1089  1404 I chatty  : uid=1000(system) ConnectivitySer expire 4 lines
01-30 13:56:23.970  1089  1311 I chatty  : uid=1000(system) Binder:1089_5 expire 1 line
01-30 13:56:23.970  1089  2798 I chatty  : uid=1000(system) Binder:1089_1F expire 3 lines
01-30 13:56:24.158  1089  4086 I chatty  : uid=1000(system) Binder:1089_14 expire 1 line
01-30 13:56:25.136  1089  1189 I chatty  : uid=1000(system) ActivityManager expire 2 lines
01-30 13:56:29.359  1089  1859 I chatty  : uid=1000(system) Binder:1089_8 expire 2 lines
01-30 13:57:03.598  1089  1089 I chatty  : uid=1000(system) Binder:1089_3 expire 4 lines
01-30 13:57:05.408  1089  1241 I chatty  : uid=1000(system) Binder:1089_17 expire 1 line
01-30 13:57:05.412  1089  2719 I chatty  : uid=1000(system) Binder:1089_1E expire 3 lines
01-30 13:57:05.412  1089   382 I chatty  : uid=1000(system) Binder:1089_15 expire 3 lines
01-30 13:57:06.140  1089  2719 I chatty  : uid=1000(system) Binder:1089_1E expire 10 lines
01-30 13:57:06.143  1089  1178 I chatty  : uid=1000(system) android.ui expire 3 lines
01-30 13:57:08.027  1089  1190 I chatty  : uid=1000(system) ActivityManager expire 21 lines
01-30 13:57:11.949  1089  2340 I chatty  : uid=1000(system) Binder:1089_1D expire 6 lines
01-30 13:57:13.012  1089  1189 I chatty  : uid=1000(system) ActivityManager expire 1 line
01-30 13:57:15.742  1089  1241 I chatty  : uid=1000(system) Binder:1089_17 expire 1 line
01-30 13:57:16.807  1089   387 I chatty  : uid=1000(system) Binder:1089_16 expire 1 line
01-30 13:57:16.808  1089  1404 I chatty  : uid=1000(system) ConnectivitySer expire 13 lines
01-30 13:57:18.421  1089  3897 I chatty  : uid=1000(system) Binder:1089_21 expire 5 lines
01-30 13:57:18.429  1089  2719 I chatty  : uid=1000(system) Binder:1089_1E expire 2 lines
01-30 13:57:18.430  1089   387 I chatty  : uid=1000(system) Binder:1089_16 expire 4 lines
01-30 13:57:20.887  1089  1190 I chatty  : uid=1000(system) ActivityManager expire 20 lines
01-30 13:57:21.519  1089  1859 I chatty  : uid=1000(system) Binder:1089_8 expire 1 line
01-30 13:57:21.812  1089  4086 I chatty  : uid=1000(system) Binder:1089_14 expire 1 line
01-30 13:57:21.819  1089  1241 I chatty  : uid=1000(system) Binder:1089_17 expire 4 lines
01-30 13:57:22.391  1089  1089 I chatty  : uid=1000(system) Binder:1089_3 expire 1 line
01-30 13:57:23.178  1089  2340 I chatty  : uid=1000(system) Binder:1089_1D expire 1 line
01-30 13:57:24.997  1089  1544 I chatty  : uid=1000(system) Binder:1089_18 expire 4 lines
01-30 13:57:25.044  1089  1190 I chatty  : uid=1000(system) ActivityManager expire 34 lines
01-30 13:57:25.685  1089  3897 I chatty  : uid=1000(system) Binder:1089_21 expire 1 line
01-30 13:57:25.727  4072  4072 D ActivityThread: Loading provider contacts;com.android.contacts: com.android.providers.contacts.ContactsProvider2
01-30 13:57:27.233  1089  1089 I chatty  : uid=1000(system) Binder:1089_3 expire 8 lines
01-30 13:57:27.300  1089   387 I chatty  : uid=1000(system) Binder:1089_16 expire 1 line
01-30 13:57:27.301  1089  1404 I chatty  : uid=1000(system) ConnectivitySer expire 4 lines
01-30 13:57:27.441  1089  1241 I chatty  : uid=1000(system) Binder:1089_17 expire 2 lines
01-30 13:57:27.442  1089  1311 I chatty  : uid=1000(system) Binder:1089_5 expire 1 line
01-30 13:57:28.073  1089  1994 I chatty  : uid=1000(system) Binder:1089_1A expire 1 line
01-30 13:57:28.076  1089  1148 I chatty  : uid=1000(system) Binder:1089_1 expire 5 lines
01-30 13:57:31.033  1089  2333 I chatty  : uid=1000(system) Binder:1089_1B expire 1 line
01-30 13:57:32.178  1089  1816 I chatty  : uid=1000(system) Binder:1089_7 expire 2 lines
01-30 13:57:32.179  1089  1190 I chatty  : uid=1000(system) ActivityManager expire 19 lines
01-30 13:57:32.344  1089  2333 I chatty  : uid=1000(system) Binder:1089_1B expire 3 lines
01-30 13:57:35.325  1089  1404 I chatty  : uid=1000(system) ConnectivitySer expire 5 lines
01-30 13:57:35.326  1089  1241 I chatty  : uid=1000(system) Binder:1089_17 expire 6 lines
01-30 13:57:35.469  1089   387 I chatty  : uid=1000(system) Binder:1089_16 expire 1 line
01-30 13:57:36.550  1089  3897 I chatty  : uid=1000(system) Binder:1089_21 expire 1 line
01-30 13:57:36.566  1089  1994 I chatty  : uid=1000(system) Binder:1089_1A expire 1 line
01-30 13:57:36.724  1089  1189 I chatty  : uid=1000(system) ActivityManager expire 1 line
01-30 13:57:38.544  1089  3390 I chatty  : uid=1000(system) Binder:1089_D expire 1 line
01-30 13:57:38.547  1089  1875 I chatty  : uid=1000(system) Binder:1089_9 expire 1 line
01-30 13:57:38.723  1089  1089 I chatty  : uid=1000(system) Binder:1089_3 expire 2 lines
01-30 13:57:39.327  1089   382 I chatty  : uid=1000(system) Binder:1089_15 expire 1 line
01-30 13:57:39.514  1089  4077 I chatty  : uid=1000(system) Binder:1089_13 expire 3 lines
01-30 13:57:39.532  1615  1615 D ActivityThread: Loading provider contacts;com.android.contacts: com.android.providers.contacts.ContactsProvider2
01-30 13:57:39.834  1089  1190 I chatty  : uid=1000(system) ActivityManager expire 29 lines
01-30 13:57:41.698  1089  1241 I chatty  : uid=1000(system) Binder:1089_17 expire 4 lines
01-30 13:57:42.664  1089   382 I chatty  : uid=1000(system) Binder:1089_15 expire 3 lines
