01-29 14:36:34.156  3295  3295 I chatty  : uid=1000(system) expire 35 lines
01-29 14:36:34.406  3295  3296 I chatty  : uid=1000(system) expire 1 line
01-29 14:36:34.407  3295  3295 E improveTouch: [DSPTouchProcessor:823] deInit: invalid state (current = 0)
01-29 14:36:34.407  3295  3295 D improveTouch: [DSPTouchProcessor:827] deInit: X pa_utf_ret = 1, ret = 1073741835
01-29 14:36:34.407  3295  3295 E improveTouch: [TouchServer:83] delete event injector
01-29 14:36:34.407  3295  3295 E improveTouch: [TouchServer:87] delete config management
01-29 14:36:34.409  3295  3295 E improveTouch: [TouchServer:90] fail to start daemon
01-29 14:36:34.409  3295  3295 E improveTouch: [Main:169] fail to initiate touch server
01-29 14:36:35.873   987  1142 E QMI_FW  : qmi_cci_get_ref: ref count increased 2
01-29 14:36:37.008  1237  1267 I .gms.persisten: Background concurrent copying GC freed 294568(12MB) AllocSpace objects, 6(172KB) LOS objects, 64% free, 9993KB/27MB, paused 218us total 558.551ms
01-29 14:36:37.008  1237  1267 W .gms.persisten: Reducing the number of considered missed Gc histogram windows from 131 to 100
01-29 14:36:39.172  3299  3299 I chatty  : uid=1000(system) expire 35 lines
01-29 14:36:39.430  3299  3300 I chatty  : uid=1000(system) expire 1 line
01-29 14:36:39.431  3299  3299 E improveTouch: [DSPTouchProcessor:823] deInit: invalid state (current = 0)
01-29 14:36:39.431  3299  3299 D improveTouch: [DSPTouchProcessor:827] deInit: X pa_utf_ret = 1, ret = 1073741835
01-29 14:36:39.431  3299  3299 E improveTouch: [TouchServer:83] delete event injector
01-29 14:36:39.432  3299  3299 E improveTouch: [TouchServer:87] delete config management
01-29 14:36:39.433  3299  3299 E improveTouch: [TouchServer:90] fail to start daemon
01-29 14:36:39.433  3299  3299 E improveTouch: [Main:169] fail to initiate touch server
01-29 14:36:39.709   987  1142 E QMI_FW  : qmi_cci_get_ref: ref count increased 2
01-29 14:36:41.658  2212  2233 I FuseDaemon: Background concurrent copying GC freed 400(107KB) AllocSpace objects, 0(0B) LOS objects, 90% free, 2035KB/19MB, paused 133us total 202.068ms
01-29 14:36:41.658  2212  2233 W FuseDaemon: Reducing the number of considered missed Gc histogram windows from 132 to 100
01-29 14:36:43.553   987  1142 E QMI_FW  : qmi_cci_get_ref: ref count increased 2
01-29 14:36:44.181  3301  3301 I chatty  : uid=1000(system) expire 35 lines
01-29 14:36:44.438  3301  3302 I chatty  : uid=1000(system) expire 1 line
01-29 14:36:44.440  3301  3301 E improveTouch: [DSPTouchProcessor:823] deInit: invalid state (current = 0)
01-29 14:36:44.440  3301  3301 D improveTouch: [DSPTouchProcessor:827] deInit: X pa_utf_ret = 1, ret = 1073741835
01-29 14:36:44.440  3301  3301 E improveTouch: [TouchServer:83] delete event injector
01-29 14:36:44.440  3301  3301 E improveTouch: [TouchServer:87] delete config management
01-29 14:36:44.441  3301  3301 E improveTouch: [TouchServer:90] fail to start daemon
01-29 14:36:44.441  3301  3301 E improveTouch: [Main:169] fail to initiate touch server
01-29 14:36:46.927  1577  1604 W putmethod.lati: Reducing the number of considered missed Gc histogram windows from 131 to 100
01-29 14:36:47.392   987  1142 E QMI_FW  : qmi_cci_get_ref: ref count increased 2
01-29 14:36:49.206  3303  3303 I chatty  : uid=1000(system) expire 36 lines
01-29 14:36:49.451  3303  3304 I chatty  : uid=1000(system) expire 1 line
01-29 14:36:49.452  3303  3303 D improveTouch: [DSPTouchProcessor:827] deInit: X pa_utf_ret = 1, ret = 1073741835
01-29 14:36:49.452  3303  3303 E improveTouch: [TouchServer:83] delete event injector
01-29 14:36:49.453  3303  3303 E improveTouch: [TouchServer:87] delete config management
01-29 14:36:49.454  3303  3303 E improveTouch: [TouchServer:90] fail to start daemon
01-29 14:36:49.454  3303  3303 E improveTouch: [Main:169] fail to initiate touch server
01-29 14:36:51.706  2132  2150 I droid.launcher: Background concurrent copying GC freed 339(127KB) AllocSpace objects, 0(0B) LOS objects, 86% free, 2852KB/20MB, paused 209us total 227.858ms
01-29 14:36:51.706  2132  2150 W droid.launcher: Reducing the number of considered missed Gc histogram windows from 130 to 100
01-29 14:36:54.199  3305  3305 I chatty  : uid=1000(system) expire 36 lines
01-29 14:36:54.446  3305  3306 I chatty  : uid=1000(system) expire 1 line
01-29 14:36:54.447  3305  3305 D improveTouch: [DSPTouchProcessor:827] deInit: X pa_utf_ret = 1, ret = 1073741835
01-29 14:36:54.447  3305  3305 E improveTouch: [TouchServer:83] delete event injector
01-29 14:36:54.447  3305  3305 E improveTouch: [TouchServer:87] delete config management
01-29 14:36:54.448  3305  3305 E improveTouch: [TouchServer:90] fail to start daemon
01-29 14:36:54.448  3305  3305 E improveTouch: [Main:169] fail to initiate touch server
01-29 14:36:55.071   987  1142 E QMI_FW  : qmi_cci_get_ref: ref count increased 2
01-29 14:36:56.815  1089  1189 D CompatibilityChangeReporter: Compat change id reported: 135634846; UID 10079; state: DISABLED
01-29 14:36:56.816  1089  1190 D CompatibilityChangeReporter: Compat change id reported: 143937733; UID 10079; state: ENABLED
01-29 14:36:56.845   396   396 D Zygote  : Forked child process 3307
01-29 14:36:56.852  1089  1190 I ActivityManager: Start proc 3307:android.process.media/u0a79 for service {com.android.mtp/com.android.mtp.MtpService}
01-29 14:36:56.915  3307  3307 I Zygote  : seccomp disabled by setenforce 0
01-29 14:36:57.046  2087  2114 I adbd    : jdwp connection from 3307
01-29 14:36:57.086  1089   387 I chatty  : uid=1000(system) Binder:1089_16 expire 15 lines
01-29 14:36:57.096   297   297 I chatty  : uid=1000(system) hwservicemanage expire 14 lines
01-29 14:36:57.228  3307  3307 I Perf    : Connecting to perf service.
01-29 14:36:57.237  3307  3307 I d.process.media: type=1400 audit(0.0:11606): avc: denied { call } for scontext=u:r:mediaprovider:s0:c512,c768 tcontext=u:r:hal_perf_default:s0 tclass=binder permissive=1 app=com.android.providers.media
01-29 14:36:57.260  3307  3307 D NetworkSecurityConfig: No Network Security Config specified, using platform default
01-29 14:36:57.266  3307  3307 D NetworkSecurityConfig: No Network Security Config specified, using platform default
01-29 14:36:57.441   295   295 I lowmemorykiller: Kill 'com.google.android.gms' (3221), uid 10127, oom_adj 905 to free 37288kB
01-29 14:36:57.597  1089  2339 I ActivityManager: Process com.google.android.gms (pid 3221) has died: cch+5 CEM 
01-29 14:36:57.598   396   396 I Zygote  : Process 3221 exited due to signal 9 (Killed)
01-29 14:36:57.607  3307  3307 D MtpService: starting MTP server in MTP mode with storage /storage/emulated/0 unlocked as user 0
01-29 14:36:57.628  3307  3307 I MtpService: Couldn't get control FD!
01-29 14:36:57.644  3307  3307 V MtpService: Adding MTP storage:/storage/emulated/0
01-29 14:36:57.655   776   776 E Parcel  : Reading a NULL string not supported here.
01-29 14:36:59.286  3336  3336 I chatty  : uid=1000(system) expire 36 lines
01-29 14:36:59.547  3336  3337 I chatty  : uid=1000(system) expire 1 line
01-29 14:36:59.548  3336  3336 D improveTouch: [DSPTouchProcessor:827] deInit: X pa_utf_ret = 1, ret = 1073741835
01-29 14:36:59.548  3336  3336 E improveTouch: [TouchServer:83] delete event injector
01-29 14:36:59.548  3336  3336 E improveTouch: [TouchServer:87] delete config management
01-29 14:36:59.549  3336  3336 E improveTouch: [TouchServer:90] fail to start daemon
01-29 14:36:59.549  3336  3336 E improveTouch: [Main:169] fail to initiate touch server
01-29 14:37:02.104  1482  1482 D KeyguardUpdateMonitor: received broadcast android.intent.action.TIME_TICK
01-29 14:37:02.111  1237  1537 W Settings: Setting airplane_mode_on has moved from android.provider.Settings.System to android.provider.Settings.Global, returning read-only value.
01-29 14:37:02.115  1237  1537 W Settings: Setting airplane_mode_on has moved from android.provider.Settings.System to android.provider.Settings.Global, returning read-only value.
01-29 14:37:02.134   987  1059 E QMI_FW  : qmi_cci_get_ref: ref count increased 2
01-29 14:37:02.137  1482  1482 D KeyguardUpdateMonitor: handleTimeUpdate
01-29 14:37:02.138   987  1059 E QMI_FW  : qmi_cci_get_ref: ref count increased 2
01-29 14:37:02.138  1482  1482 D KeyguardClockSwitch: Updating clock: 237
01-29 14:37:02.142   987  1059 E QMI_FW  : qmi_cci_get_ref: ref count increased 2
01-29 14:37:02.143   987  1059 E QMI_FW  : qmi_cci_get_ref: ref count increased 2
01-29 14:37:02.148   987  1059 E QMI_FW  : qmi_cci_get_ref: ref count increased 2
01-29 14:37:02.149   909  3286 D LOWI-9.0.0.79: [LOWI-Scan] wait_event:Wait done with Cmd 33
01-29 14:37:02.150   909  3286 D LOWI-9.0.0.79: [LOWI-Scan] do_listen_events: Rcvd valid Netlink Cmd 0 Err 0
01-29 14:37:02.150   492  1506 V WifiHAL : event received NL80211_CMD_TRIGGER_SCAN
01-29 14:37:02.152   987  1059 E QMI_FW  : qmi_cci_get_ref: ref count increased 2
01-29 14:37:02.162   987  1059 E QMI_FW  : qmi_cci_get_ref: ref count increased 2
01-29 14:37:02.205  1237  1610 I NearbyDiscovery: FastPair: isDestroyable: Scanner is alive. [CONTEXT service_id=265 ]
01-29 14:37:02.206  1237  1610 I NearbyDiscovery: DiscoveryService: Skip stopSelf(), fast pair controller is not destroyable. [CONTEXT service_id=265 ]
01-29 14:37:02.724   909  3286 D LOWI-9.0.0.79: [LOWI-Scan] wait_event:Wait done with Cmd 34
01-29 14:37:02.724   492  1506 V WifiHAL : event received NL80211_CMD_NEW_SCAN_RESULTS
01-29 14:37:02.724   909  3286 D LOWI-9.0.0.79: [LOWI-Scan] do_listen_events: Rcvd valid Netlink Cmd 34 Err 0
01-29 14:37:02.725   909  3286 D LOWI-9.0.0.79: [LOWI-Scan] 
01-29 14:37:02.725   909  3286 D LOWI-9.0.0.79: [LOWI-Scan] print_bss_handler: Report beacon TSF 602445114377 as it greater than probe TSF 602384483609
01-29 14:37:02.725   909  3286 D LOWI-9.0.0.79: [LOWI-Scan] is_qcom_ie, bss_age: 53
01-29 14:37:02.725   909  3286 D LOWI-9.0.0.79: [LOWI-Scan] BSS 00:a0:0a:2c:c1:10 LOWI_PHY_MODE_11NG_HT20(5), Beacon Interval: 100, LOWI_ENCRYPTION_TYPE_OPEN 11mcRanging: No, ANQP: No, LCI: No, Civic: No, capability(0x0421): ESS ShortPreamble ShortSlotTime
01-29 14:37:02.725   909  3286 D LOWI-9.0.0.79: [LOWI-Scan] BSS 00:a0:0a:2c:c1:10 FREQ: 2412, cFreq1[40:80:160] = [0:0:0] cFreq2 = 0 Country Code = IN 
01-29 14:37:02.725   909  3286 D LOWI-9.0.0.79: [LOWI-Scan] BSS 00:a0:0a:2c:c1:10 (wlan0) ASSO: NO AddInfo: 0x1, TSF 6, 23:20:45.114, RSSI: -144, CPL: 127, AGE: 0,  SSID JioNet, TSFDelta: 0x0, TXRate: 0
01-29 14:37:02.726   909  3286 D LOWI-9.0.0.79: [LOWI-Scan] 
01-29 14:37:02.726   909  3286 D LOWI-9.0.0.79: [LOWI-Scan] print_bss_handler: Report Probe TSF 602445114311 as it greater than Beacon TSF 602263010421
01-29 14:37:02.726   909  3286 D LOWI-9.0.0.79: [LOWI-Scan] is_qcom_ie, bss_age: 52
01-29 14:37:02.726   909  3286 D LOWI-9.0.0.79: [LOWI-Scan] BSS 20:db:ab:95:b3:af LOWI_PHY_MODE_11NG_HT20(5), Beacon Interval: 100, LOWI_ENCRYPTION_TYPE_OPEN 11mcRanging: No, ANQP: No, LCI: No, Civic: No, capability(0x1421): ESS ShortPreamble ShortSlotTime
01-29 14:37:02.726   909  3286 D LOWI-9.0.0.79: [LOWI-Scan] BSS 20:db:ab:95:b3:af FREQ: 2412, cFreq1[40:80:160] = [0:0:0] cFreq2 = 0 Country Code = IN 
01-29 14:37:02.726   909  3286 D LOWI-9.0.0.79: [LOWI-Scan] BSS 20:db:ab:95:b3:af (wlan0) ASSO: NO AddInfo: 0x0, TSF 6, 23:20:45.114, RSSI: -106, CPL: 127, AGE: 0,  SSID JioNet, TSFDelta: 0x0, TXRate: 0
01-29 14:37:02.727   909  3286 D LOWI-9.0.0.79: [LOWI-Scan] 
01-29 14:37:02.727   909  3286 D LOWI-9.0.0.79: [LOWI-Scan] print_bss_handler: Report Probe TSF 602445114348 as it greater than Beacon TSF 602263010466
01-29 14:37:02.727   909  3286 I LOWI-9.0.0.79: [LOWI-Scan] RSN_IE
01-29 14:37:02.727   909  3286 D LOWI-9.0.0.79: [LOWI-Scan] decode_rsn_wpa_ie: Entered
01-29 14:37:02.727   909  3286 D LOWI-9.0.0.79: [LOWIUtils] hexDump: msg(30 18 01 00 00 0f ac 04 01 00 00 0f ac 04 02 00 00 0f ac 01 00 0f ac 03 )
01-29 14:37:02.727   909  3286 D LOWI-9.0.0.79: [LOWI-Scan] decode_rsn_wpa_ie: LOWI_ENCRYPTION_TYPE_WPA_EAP
01-29 14:37:02.727   909  3286 D LOWI-9.0.0.79: [LOWI-Scan] is_qcom_ie, bss_age: 52
01-29 14:37:02.727   909  3286 D LOWI-9.0.0.79: [LOWI-Scan] BSS 20:db:ab:95:b3:ae LOWI_PHY_MODE_11NG_HT20(5), Beacon Interval: 100, LOWI_ENCRYPTION_TYPE_WPA_EAP 11mcRanging: No, ANQP: Yes, LCI: No, Civic: No, capability(0x1431): ESS Privacy ShortPreamble ShortSlotTime
01-29 14:37:02.727   909  3286 D LOWI-9.0.0.79: [LOWI-Scan] BSS 20:db:ab:95:b3:ae FREQ: 2412, cFreq1[40:80:160] = [0:0:0] cFreq2 = 0 Country Code = IN 
01-29 14:37:02.728   909  3286 D LOWI-9.0.0.79: [LOWI-Scan] BSS 20:db:ab:95:b3:ae (wlan0) ASSO: NO AddInfo: 0x0, TSF 6, 23:20:45.114, RSSI: -106, CPL: 127, AGE: 0,  SSID JioPrivateNet, TSFDelta: 0x0, TXRate: 0
01-29 14:37:02.728   909  3286 D LOWI-9.0.0.79: [LOWIDiagLog] Log: lowiMeasResult->request: invalid null argument
01-29 14:37:02.728   909  3286 I LOWI-9.0.0.79: [LOWI-Scan] lowi_close_record:Scan done in 602403148ms, 3 APs in scan results
01-29 14:37:02.728   909  3286 D LOWI-9.0.0.79: [LOWI-Scan] WipsScanUsingNL: passive scan cached 0, took 60619 ms, err 0
01-29 14:37:02.728   909  3286 D LOWI-9.0.0.79: [LOWI-Scan] lowi_proc_req_passive_scan_with_live_meas - No WLAN Frames to be parsed
01-29 14:37:02.728   909  3286 D LOWI-9.0.0.79: [LOWIScanResultReceiver] Send scan meas to listener
01-29 14:37:02.729   909  3286 D LOWI-9.0.0.79: [LOWIScanResultReceiver] Enter passive listening mode
01-29 14:37:02.729   909  3286 D LOWI-9.0.0.79: [LOWIWifiDriverInterface] getMeasurements - Passive listening mode
01-29 14:37:02.729   909  3286 D LOWI-9.0.0.79: [LOWI-Scan] WipsScanUsingNL:wait -1 sec for netlink message
01-29 14:37:02.730   909   961 D LOWI-9.0.0.79: [LOWIEventReceiver] handleEvent:FROM:NA, TO:NA, REQ:NA, IREQ:NA, REQ_ID:0, RESP:NA, INFO:NA
01-29 14:37:02.730   909   961 D LOWI-9.0.0.79: [LOWIBackgroundScanMgr] isRspForBgScanMgr: evt(LOWI_NO_EVT) - not handled
01-29 14:37:02.731   909   961 D LOWI-9.0.0.79: [LOWIScheduler] manageMsg: NULL results or NULL request in results
01-29 14:37:02.731   909   961 D LOWI-9.0.0.79: [LOWIController] Measurements received
01-29 14:37:02.731   909   961 D LOWI-9.0.0.79: [LOWICacheManager] putInCache:Num of Meas to add: 3
01-29 14:37:02.732   909   961 D LOWI-9.0.0.79: [LOWIController] processMeasurementResults: No current Request. Cache measurements
01-29 14:37:02.732   909   961 D LOWI-9.0.0.79: [LOWIControllerExtn] sendLOWILpDiscoveryScanResponse: Not a discovery scan response
01-29 14:37:02.739  1089  1189 W BroadcastQueue: Background execution not allowed: receiving Intent { act=android.net.wifi.SCAN_RESULTS flg=0x4000010 (has extras) } to com.jio.myjio/.jionet.receiver.WifiScanReceiver
01-29 14:37:02.746   987  1142 E QMI_FW  : qmi_cci_get_ref: ref count increased 2
01-29 14:37:02.757  1237  1286 I FrewleTileCacheManagerV: Fetched 2 AP models from cache [CONTEXT service_id=6 ]
01-29 14:37:02.780  1089  2339 I chatty  : uid=1000(system) Binder:1089_1C expire 3 lines
01-29 14:37:02.813   483   565 I LocSvc_api_v02: ---> locClientSendReq line 2409 QMI_LOC_INJECT_POSITION_REQ_V02
01-29 14:37:02.813   483   565 E QMI_FW  : qmi_cci_get_ref: ref count increased 2
01-29 14:37:02.816   483   951 E QMI_FW  : qmi_cci_get_ref: ref count increased 2
01-29 14:37:02.816   483   951 I LocSvc_ApiV02: <--- globalRespCb line 221 QMI_LOC_INJECT_POSITION_REQ_V02
01-29 14:37:03.823  1089  4086 D CompatibilityChangeReporter: Compat change id reported: 135634846; UID 10127; state: DISABLED
01-29 14:37:03.824  1089  1190 D CompatibilityChangeReporter: Compat change id reported: 143937733; UID 10127; state: ENABLED
01-29 14:37:03.853   396   396 D Zygote  : Forked child process 3343
01-29 14:37:03.859  1089  1190 I ActivityManager: Start proc 3343:com.google.android.gms/u0a127 for service {com.google.android.gms/com.google.android.gms.ads.identifier.service.AdvertisingIdService}
01-29 14:37:03.877  3343  3343 I Zygote  : seccomp disabled by setenforce 0
01-29 14:37:03.918  2087  2114 I adbd    : jdwp connection from 3343
01-29 14:37:04.063  3343  3343 W gle.android.gm: JIT profile information will not be recorded: profile file does not exist.
01-29 14:37:04.063  3343  3343 W gle.android.gm: JIT profile information will not be recorded: profile file does not exist.
01-29 14:37:04.083  3343  3343 I Perf    : Connecting to perf service.
01-29 14:37:04.111  3343  3343 D NetworkSecurityConfig: Using Network Security Config from resource network_security_config debugBuild: false
01-29 14:37:04.124  3343  3343 D NetworkSecurityConfig: Using Network Security Config from resource network_security_config debugBuild: false
01-29 14:37:04.218  3367  3367 I chatty  : uid=1000(system) expire 36 lines
01-29 14:37:04.479  3367  3371 I chatty  : uid=1000(system) expire 1 line
01-29 14:37:04.481  3367  3367 D improveTouch: [DSPTouchProcessor:827] deInit: X pa_utf_ret = 1, ret = 1073741835
01-29 14:37:04.481  3367  3367 E improveTouch: [TouchServer:83] delete event injector
01-29 14:37:04.481  3367  3367 E improveTouch: [TouchServer:87] delete config management
01-29 14:37:04.482  3367  3367 E improveTouch: [TouchServer:90] fail to start daemon
01-29 14:37:04.482  3367  3367 E improveTouch: [Main:169] fail to initiate touch server
01-29 14:37:04.759  3343  3343 W ProviderHelper: Unknown dynamite feature providerinstaller.dynamite
01-29 14:37:04.760  3343  3343 I DynamiteModule: Considering local module com.google.android.gms.providerinstaller.dynamite:1 and remote module com.google.android.gms.providerinstaller.dynamite:0
01-29 14:37:04.760  3343  3343 I DynamiteModule: Selected local version of com.google.android.gms.providerinstaller.dynamite
01-29 14:37:04.796  3343  3343 V NativeCrypto: Registering com/google/android/gms/org/conscrypt/NativeCrypto's 329 native methods...
01-29 14:37:04.884  3343  3343 I ProviderInstaller: Installed default security provider GmsCore_OpenSSL
01-29 14:37:04.979  3343  3388 I Watchcat: Started
01-29 14:37:04.993  3343  3343 I GmsApplication: [gms_startup_benchmark] Static start time (ms): 602446530, Startup latency (ms): 854, Is system user: true
01-29 14:37:05.026  3343  3388 I GMS_MM_Logger: Start time: 182191
01-29 14:37:05.027  3343  3388 I GMS_MM_Logger: Started.
01-29 14:37:05.164  3343  3364 I DynamiteModule: Considering local module com.google.android.gms.googlecertificates:7 and remote module com.google.android.gms.googlecertificates:0
01-29 14:37:05.164  3343  3364 I DynamiteModule: Selected local version of com.google.android.gms.googlecertificates
01-29 14:37:05.196   295   295 I lowmemorykiller: Kill 'com.qti.diagservices' (3099), uid 1000, oom_adj 800 to free 20512kB
01-29 14:37:05.292  1089  2339 I ActivityManager: Process com.qti.diagservices (pid 3099) has died: svcb SVC 
01-29 14:37:05.300  1089  2339 W ActivityManager: Scheduling restart of crashed service com.qti.diagservices/.QTIDiagServices in 1000ms for start-requested
01-29 14:37:05.301   295   295 I lowmemorykiller: Kill 'com.google.android.gms' (3343), uid 10127, oom_adj 905 to free 50216kB
01-29 14:37:05.323   396   396 I Zygote  : Process 3099 exited due to signal 9 (Killed)
01-29 14:37:05.348  1577  1577 I AppBase : AppBase.onTrimMemory():786 onTrimMemory(): 15
01-29 14:37:05.351  1577  1577 I GoogleInputMethodService: GoogleInputMethodService.onTrimMemory():4569 onTrimMemory(): 15
01-29 14:37:05.437  1089   387 I ActivityManager: Process com.google.android.gms (pid 3343) has died: fg  TRNB
01-29 14:37:05.438   396   396 I Zygote  : Process 3343 exited due to signal 9 (Killed)
01-29 14:37:05.441  1089   387 W ActivityManager: Scheduling restart of crashed service com.google.android.gms/.ads.identifier.service.AdvertisingIdService in 10859ms for connection
01-29 14:37:06.305  1089  1189 D CompatibilityChangeReporter: Compat change id reported: 135634846; UID 1000; state: DISABLED
01-29 14:37:06.335   396   396 D Zygote  : Forked child process 3397
01-29 14:37:06.342  1089  1190 I ActivityManager: Start proc 3397:com.qti.diagservices/1000 for service {com.qti.diagservices/com.qti.diagservices.QTIDiagServices}
01-29 14:37:06.349  3397  3397 I Zygote  : seccomp disabled by setenforce 0
01-29 14:37:06.390  2087  2114 I adbd    : jdwp connection from 3397
01-29 14:37:06.540  3397  3397 I Perf    : Connecting to perf service.
01-29 14:37:06.559  3397  3397 D NetworkSecurityConfig: No Network Security Config specified, using platform default
01-29 14:37:06.560  3397  3397 D NetworkSecurityConfig: No Network Security Config specified, using platform default
01-29 14:37:06.566  3397  3397 E DiagJNIInterface: Trying to load libDiagService
01-29 14:37:06.591   987  1142 E QMI_FW  : qmi_cci_get_ref: ref count increased 2
01-29 14:37:06.661  3397  3397 I Diag_Lib: Diag_LSM_Init call succeeded
01-29 14:37:09.372  3423  3423 I chatty  : uid=1000(system) expire 35 lines
01-29 14:37:09.642  3423  3424 I chatty  : uid=1000(system) expire 1 line
01-29 14:37:09.643  3423  3423 E improveTouch: [DSPTouchProcessor:823] deInit: invalid state (current = 0)
01-29 14:37:09.643  3423  3423 D improveTouch: [DSPTouchProcessor:827] deInit: X pa_utf_ret = 1, ret = 1073741835
01-29 14:37:09.643  3423  3423 E improveTouch: [TouchServer:83] delete event injector
01-29 14:37:09.643  3423  3423 E improveTouch: [TouchServer:87] delete config management
01-29 14:37:09.645  3423  3423 E improveTouch: [TouchServer:90] fail to start daemon
01-29 14:37:09.645  3423  3423 E improveTouch: [Main:169] fail to initiate touch server
01-29 14:37:09.823   297   297 I chatty  : uid=1000(system) hwservicemanage expire 3 lines
01-29 14:37:10.430   987  1142 E QMI_FW  : qmi_cci_get_ref: ref count increased 2
01-29 14:37:14.241  3425  3425 I chatty  : uid=1000(system) android.process.media expire 36 lines
01-29 14:37:14.271   987  1142 E QMI_FW  : qmi_cci_get_ref: ref count increased 2
01-29 14:37:14.492  3425  3426 I chatty  : uid=1000(system) android.process.media expire 1 line
01-29 14:37:14.494  3425  3425 D improveTouch: [DSPTouchProcessor:827] deInit: X pa_utf_ret = 1, ret = 1073741835
01-29 14:37:14.494  3425  3425 E improveTouch: [TouchServer:83] delete event injector
01-29 14:37:14.494  3425  3425 E improveTouch: [TouchServer:87] delete config management
01-29 14:37:14.495  3425  3425 E improveTouch: [TouchServer:90] fail to start daemon
01-29 14:37:14.495  3425  3425 E improveTouch: [Main:169] fail to initiate touch server
01-29 14:37:16.307  1089  1189 D CompatibilityChangeReporter: Compat change id reported: 135634846; UID 10127; state: DISABLED
01-29 14:37:16.308  1089  1190 D CompatibilityChangeReporter: Compat change id reported: 143937733; UID 10127; state: ENABLED
01-29 14:37:16.334   396   396 D Zygote  : Forked child process 3428
01-29 14:37:16.341  1089  1190 I ActivityManager: Start proc 3428:com.google.android.gms/u0a127 for service {com.google.android.gms/com.google.android.gms.ads.identifier.service.AdvertisingIdService}
01-29 14:37:16.352  3428  3428 I Zygote  : seccomp disabled by setenforce 0
01-29 14:37:16.382  2087  2114 I adbd    : jdwp connection from 3428
01-29 14:37:16.405  1089   387 D CompatibilityInfo: mCompatibilityFlags - 0
01-29 14:37:16.405  1089   387 D CompatibilityInfo: applicationDensity - 320
01-29 14:37:16.405  1089   387 D CompatibilityInfo: applicationScale - 1.0
01-29 14:37:16.409  1089   387 D CompatibilityInfo: mCompatibilityFlags - 0
01-29 14:37:16.409  1089   387 D CompatibilityInfo: applicationDensity - 320
01-29 14:37:16.409  1089   387 D CompatibilityInfo: applicationScale - 1.0
01-29 14:37:16.507  3428  3428 W gle.android.gm: JIT profile information will not be recorded: profile file does not exist.
01-29 14:37:16.508  3428  3428 W gle.android.gm: JIT profile information will not be recorded: profile file does not exist.
01-29 14:37:16.524  3428  3428 I Perf    : Connecting to perf service.
01-29 14:37:16.540  3428  3428 D NetworkSecurityConfig: Using Network Security Config from resource network_security_config debugBuild: false
01-29 14:37:16.542  3428  3428 D NetworkSecurityConfig: Using Network Security Config from resource network_security_config debugBuild: false
01-29 14:37:16.789  3428  3428 W ProviderHelper: Unknown dynamite feature providerinstaller.dynamite
01-29 14:37:16.790  3428  3428 I DynamiteModule: Considering local module com.google.android.gms.providerinstaller.dynamite:1 and remote module com.google.android.gms.providerinstaller.dynamite:0
01-29 14:37:16.790  3428  3428 I DynamiteModule: Selected local version of com.google.android.gms.providerinstaller.dynamite
01-29 14:37:16.814  3428  3428 V NativeCrypto: Registering com/google/android/gms/org/conscrypt/NativeCrypto's 329 native methods...
01-29 14:37:16.865  3428  3428 I ProviderInstaller: Installed default security provider GmsCore_OpenSSL
01-29 14:37:16.887  3428  3428 I GmsApplication: [gms_startup_benchmark] Static start time (ms): 602458936, Startup latency (ms): 341, Is system user: true
01-29 14:37:16.913  3428  3462 I GMS_MM_Logger: Start time: 238015
01-29 14:37:16.914  3428  3462 I GMS_MM_Logger: Started.
01-29 14:37:16.933  3428  3462 I Watchcat: Started
01-29 14:37:17.278   297   297 I hwservicemanager: getTransport: Cannot find entry vendor.qti.hardware.servicetracker@1.0::IServicetracker/default in either framework or device manifest.
01-29 14:37:17.480  1482  1497 I ndroid.systemu: Background concurrent copying GC freed 4145(250KB) AllocSpace objects, 0(0B) LOS objects, 75% free, 6053KB/23MB, paused 156us total 317.121ms
01-29 14:37:19.252  3469  3469 I chatty  : uid=1000(system) expire 36 lines
01-29 14:37:19.499  3469  3470 I chatty  : uid=1000(system) expire 1 line
01-29 14:37:19.501  3469  3469 D improveTouch: [DSPTouchProcessor:827] deInit: X pa_utf_ret = 1, ret = 1073741835
01-29 14:37:19.501  3469  3469 E improveTouch: [TouchServer:83] delete event injector
01-29 14:37:19.501  3469  3469 E improveTouch: [TouchServer:87] delete config management
01-29 14:37:19.502  3469  3469 E improveTouch: [TouchServer:90] fail to start daemon
01-29 14:37:19.502  3469  3469 E improveTouch: [Main:169] fail to initiate touch server
01-29 14:37:21.553  3428  3449 I gle.android.gm: Waiting for a blocking GC ProfileSaver
01-29 14:37:24.261  3471  3471 I chatty  : uid=1000(system) expire 35 lines
01-29 14:37:24.513  3471  3472 I chatty  : uid=1000(system) expire 1 line
01-29 14:37:24.515  3471  3471 E improveTouch: [DSPTouchProcessor:823] deInit: invalid state (current = 0)
01-29 14:37:24.515  3471  3471 D improveTouch: [DSPTouchProcessor:827] deInit: X pa_utf_ret = 1, ret = 1073741835
01-29 14:37:24.515  3471  3471 E improveTouch: [TouchServer:83] delete event injector
01-29 14:37:24.515  3471  3471 E improveTouch: [TouchServer:87] delete config management
01-29 14:37:24.516  3471  3471 E improveTouch: [TouchServer:90] fail to start daemon
01-29 14:37:24.516  3471  3471 E improveTouch: [Main:169] fail to initiate touch server
01-29 14:37:25.790   987  1142 E QMI_FW  : qmi_cci_get_ref: ref count increased 2
01-29 14:37:29.275  3473  3473 I chatty  : uid=1000(system) expire 36 lines
01-29 14:37:29.534  3473  3474 I chatty  : uid=1000(system) expire 1 line
01-29 14:37:29.535  3473  3473 D improveTouch: [DSPTouchProcessor:827] deInit: X pa_utf_ret = 1, ret = 1073741835
01-29 14:37:29.535  3473  3473 E improveTouch: [TouchServer:83] delete event injector
01-29 14:37:29.535  3473  3473 E improveTouch: [TouchServer:87] delete config management
01-29 14:37:29.536  3473  3473 E improveTouch: [TouchServer:90] fail to start daemon
01-29 14:37:29.536  3473  3473 E improveTouch: [Main:169] fail to initiate touch server
01-29 14:37:29.634   987  1142 E QMI_FW  : qmi_cci_get_ref: ref count increased 2
01-29 14:37:33.474   987  1142 E QMI_FW  : qmi_cci_get_ref: ref count increased 2
01-29 14:37:34.280  3475  3475 I chatty  : uid=1000(system) expire 35 lines
01-29 14:37:34.535  3475  3476 I chatty  : uid=1000(system) expire 1 line
01-29 14:37:34.537  3475  3475 E improveTouch: [DSPTouchProcessor:823] deInit: invalid state (current = 0)
01-29 14:37:34.537  3475  3475 D improveTouch: [DSPTouchProcessor:827] deInit: X pa_utf_ret = 1, ret = 1073741835
01-29 14:37:34.537  3475  3475 E improveTouch: [TouchServer:83] delete event injector
01-29 14:37:34.537  3475  3475 E improveTouch: [TouchServer:87] delete config management
01-29 14:37:34.538  3475  3475 E improveTouch: [TouchServer:90] fail to start daemon
01-29 14:37:34.538  3475  3475 E improveTouch: [Main:169] fail to initiate touch server
01-29 14:37:39.294  3477  3477 I chatty  : uid=1000(system) expire 27 lines
01-29 14:37:39.557  3477  3478 I chatty  : uid=1000(system) expire 1 line
01-29 14:37:39.558  3477  3477 I chatty  : uid=1000(system) expire 7 lines
01-29 14:37:39.558  3477  3477 D improveTouch: [DSPTouchProcessor:807] deInit: E
01-29 14:37:39.559  3477  3477 E improveTouch: [DSPTouchProcessor:823] deInit: invalid state (current = 0)
01-29 14:37:39.559  3477  3477 D improveTouch: [DSPTouchProcessor:827] deInit: X pa_utf_ret = 1, ret = 1073741835
01-29 14:37:39.559  3477  3477 E improveTouch: [TouchServer:83] delete event injector
01-29 14:37:39.559  3477  3477 E improveTouch: [TouchServer:87] delete config management
01-29 14:37:39.560  3477  3477 E improveTouch: [TouchServer:90] fail to start daemon
01-29 14:37:39.560  3477  3477 E improveTouch: [Main:169] fail to initiate touch server
01-29 14:37:42.355  1748  1765 I m.android.phon: Background concurrent copying GC freed 923(159KB) AllocSpace objects, 0(0B) LOS objects, 87% free, 2696KB/20MB, paused 128us total 163.441ms
01-29 14:37:44.300  3479  3479 I chatty  : uid=1000(system) expire 26 lines
01-29 14:37:44.554  3479  3480 I chatty  : uid=1000(system) expire 1 line
01-29 14:37:44.554  3479  3479 I chatty  : uid=1000(system) expire 10 lines
01-29 14:37:44.555  3479  3479 D improveTouch: [DSPTouchProcessor:827] deInit: X pa_utf_ret = 1, ret = 1073741835
01-29 14:37:44.555  3479  3479 E improveTouch: [TouchServer:83] delete event injector
01-29 14:37:44.555  3479  3479 E improveTouch: [TouchServer:87] delete config management
01-29 14:37:44.556  3479  3479 E improveTouch: [TouchServer:90] fail to start daemon
01-29 14:37:44.556  3479  3479 E improveTouch: [Main:169] fail to initiate touch server
01-29 14:37:44.994   987  1142 E QMI_FW  : qmi_cci_get_ref: ref count increased 2
01-29 14:37:48.832   987  1142 E QMI_FW  : qmi_cci_get_ref: ref count increased 2
01-29 14:37:49.315  3481  3481 I chatty  : uid=1000(system) expire 19 lines
01-29 14:37:49.557  3481  3481 D improveTouch: [TouchController:462] Power Sync Option doesn't exist
01-29 14:37:49.558  3481  3481 D improveTouch: [TouchController:464] PowerManager Option = 0
01-29 14:37:49.558  3481  3481 E improveTouch: [InputDevice:61] InputDevice: pixelX: min = 0, max = 1080 pixelY: min = 0, max = 2160
01-29 14:37:49.558  3481  3481 E improveTouch: [InputDevice:65] Unable to open /dev/hbtp_input
01-29 14:37:49.558  3481  3481 E improveTouch: [TouchController:490] Error initializing input device: Error opening file
01-29 14:37:49.558  3481  3481 D improveTouch: [TouchController:1136] CommandExecutor::exit: thread is running, kill it first
01-29 14:37:49.558  3481  3482 D improveTouch: [TouchController:1186] runLoop exits
01-29 14:37:49.559  3481  3481 D RefBase : RefBase: Explicit destruction, weak count = 0 (in 0xad6ac4d8)
01-29 14:37:49.559  3481  3481 W RefBase : CallStack::getCurrentInternal not linked, returning null
01-29 14:37:49.559  3481  3481 W RefBase : CallStack::logStackInternal not linked
01-29 14:37:49.559  3481  3481 E improveTouch: [TouchController:522] init failed, ret = 1073741825
01-29 14:37:49.559  3481  3481 E improveTouch: [TouchServer:59] fail to init TouchController: Error opening file
01-29 14:37:49.559  3481  3481 E improveTouch: [TouchServer:69] error happened, clean-up resource and exit
01-29 14:37:49.559  3481  3481 E improveTouch: [TouchServer:71] delete event monitor
01-29 14:37:49.559  3481  3481 E improveTouch: [TouchServer:75] delete controller
01-29 14:37:49.559  3481  3481 E improveTouch: [TouchServer:79] delete touch processor
01-29 14:37:49.559  3481  3481 D improveTouch: [DSPTouchProcessor:807] deInit: E
01-29 14:37:49.559  3481  3481 E improveTouch: [DSPTouchProcessor:823] deInit: invalid state (current = 0)
01-29 14:37:49.559  3481  3481 D improveTouch: [DSPTouchProcessor:827] deInit: X pa_utf_ret = 1, ret = 1073741835
01-29 14:37:49.559  3481  3481 E improveTouch: [TouchServer:83] delete event injector
01-29 14:37:49.559  3481  3481 E improveTouch: [TouchServer:87] delete config management
01-29 14:37:49.561  3481  3481 E improveTouch: [TouchServer:90] fail to start daemon
01-29 14:37:49.561  3481  3481 E improveTouch: [Main:169] fail to initiate touch server
01-29 14:37:52.360  2263  2284 I alcomm.locatio: Background concurrent copying GC freed 11(48KB) AllocSpace objects, 0(0B) LOS objects, 91% free, 1781KB/19MB, paused 124us total 154.891ms
01-29 14:37:52.674   987  1142 E QMI_FW  : qmi_cci_get_ref: ref count increased 2
01-29 14:37:54.320  3483  3483 I hbtp_daemon: vendor/qcom/proprietary/adsprpc/src/rpcmem_android.c:159: rpcmem_init_internal: opened ION device fd 3, configured heap IDs: system (0x2000000), contig (0x400000), secure (0x200), secure flags (0x80080000)
01-29 14:37:54.320  3483  3483 I hbtp_daemon: vendor/qcom/proprietary/adsprpc/src/fastrpc_apps_user.c:2961: fastrpc_apps_user_init done with default domain:0 and &fastrpc_trace:0xb0d79f74
01-29 14:37:54.321  3483  3483 D improveTouch: [Main:158] Start touch daemon
01-29 14:37:54.322  3483  3483 E improveTouch: [ConfigManager:234] /sys/devices/soc0/chip_name doesn't exist
01-29 14:37:54.323  3483  3483 D improveTouch: [ConfigManager:501] loader file is available. loading it...
01-29 14:37:54.335  3483  3483 D improveTouch: [ConfigManager:405] no custom ID defined
01-29 14:37:54.336  3483  3483 D improveTouch: [ConfigManager:428] GetPktStatus: E
01-29 14:37:54.336  3483  3483 E improveTouch: [ConfigManager:444] can't open /data/vendor/hbtp/pkt_play
01-29 14:37:54.337  3483  3483 D improveTouch: [ConfigManager:448] GetPktStatus: X
01-29 14:37:54.337  3483  3483 I improveTouch: [ConfigManager:546] Data Dir = /data/vendor/hbtp
01-29 14:37:54.337  3483  3483 I improveTouch: [ConfigManager:547] Main Config Dir = /vendor/etc/hbtp
01-29 14:37:54.337  3483  3483 I improveTouch: [ConfigManager:551] ConfigFile = /vendor/etc/hbtp/hbtpcfg_sdm450_801s_fhdp.dat
01-29 14:37:54.337  3483  3483 I improveTouch: [ConfigManager:554] UTFLib = libFastRPC_UTF_Forward_skel.so
01-29 14:37:54.337  3483  3483 I improveTouch: [ConfigManager:557] AFEFW = /vendor/etc/hbtp/qtc801s_450.bin
01-29 14:37:54.337  3483  3483 I improveTouch: [ConfigManager:560] DSP = adsp
01-29 14:37:54.337  3483  3483 D improveTouch: [TouchController:415] init: E
01-29 14:37:54.338  3483  3483 D improveTouch: [ConfigManager:583] start loading config
01-29 14:37:54.569  3483  3483 D improveTouch: [ConfigManager:675] finished loading config
01-29 14:37:54.575  3483  3483 D improveTouch: [TouchController:454] Power Control Config doesn't exist
01-29 14:37:54.575  3483  3483 D improveTouch: [TouchController:462] Power Sync Option doesn't exist
01-29 14:37:54.575  3483  3483 D improveTouch: [TouchController:464] PowerManager Option = 0
01-29 14:37:54.575  3483  3483 E improveTouch: [InputDevice:61] InputDevice: pixelX: min = 0, max = 1080 pixelY: min = 0, max = 2160
01-29 14:37:54.575  3483  3483 E improveTouch: [InputDevice:65] Unable to open /dev/hbtp_input
01-29 14:37:54.575  3483  3483 E improveTouch: [TouchController:490] Error initializing input device: Error opening file
01-29 14:37:54.575  3483  3483 D improveTouch: [TouchController:1136] CommandExecutor::exit: thread is running, kill it first
01-29 14:37:54.576  3483  3484 D improveTouch: [TouchController:1186] runLoop exits
01-29 14:37:54.576  3483  3483 D RefBase : RefBase: Explicit destruction, weak count = 0 (in 0xb0fb74d8)
01-29 14:37:54.576  3483  3483 W RefBase : CallStack::getCurrentInternal not linked, returning null
01-29 14:37:54.576  3483  3483 W RefBase : CallStack::logStackInternal not linked
01-29 14:37:54.576  3483  3483 E improveTouch: [TouchController:522] init failed, ret = 1073741825
01-29 14:37:54.576  3483  3483 E improveTouch: [TouchServer:59] fail to init TouchController: Error opening file
01-29 14:37:54.576  3483  3483 E improveTouch: [TouchServer:69] error happened, clean-up resource and exit
01-29 14:37:54.577  3483  3483 E improveTouch: [TouchServer:71] delete event monitor
01-29 14:37:54.577  3483  3483 E improveTouch: [TouchServer:75] delete controller
01-29 14:37:54.577  3483  3483 E improveTouch: [TouchServer:79] delete touch processor
01-29 14:37:54.577  3483  3483 D improveTouch: [DSPTouchProcessor:807] deInit: E
01-29 14:37:54.577  3483  3483 E improveTouch: [DSPTouchProcessor:823] deInit: invalid state (current = 0)
01-29 14:37:54.577  3483  3483 D improveTouch: [DSPTouchProcessor:827] deInit: X pa_utf_ret = 1, ret = 1073741835
01-29 14:37:54.577  3483  3483 E improveTouch: [TouchServer:83] delete event injector
01-29 14:37:54.577  3483  3483 E improveTouch: [TouchServer:87] delete config management
01-29 14:37:54.578  3483  3483 E improveTouch: [TouchServer:90] fail to start daemon
01-29 14:37:54.578  3483  3483 E improveTouch: [Main:169] fail to initiate touch server
