01-30 15:44:36.971  1089  1190 I ActivityManager: Start proc 2139:com.google.android.gms/u0a127 for service {com.google.android.gms/com.google.android.gms.ads.identifier.service.AdvertisingIdService}
01-30 15:44:39.151  1089  1641 I ActivityManager: Process com.google.android.gms (pid 2139) has died: cch+5 CEM 
01-30 15:45:29.875  1089  1641 D CompatibilityChangeReporter: Compat change id reported: 135634846; UID 10127; state: DISABLED
01-30 15:45:29.876  1089  1190 D CompatibilityChangeReporter: Compat change id reported: 143937733; UID 10127; state: ENABLED
01-30 15:45:29.908  1089  1190 I ActivityManager: Start proc 2317:com.google.android.gms/u0a127 for service {com.google.android.gms/com.google.android.gms.mdi.download.service.MddGcmTaskService}
01-30 15:45:30.934  1089  1641 D CompatibilityChangeReporter: Compat change id reported: 135634846; UID 10127; state: DISABLED
01-30 15:45:30.935  1089  1190 D CompatibilityChangeReporter: Compat change id reported: 143937733; UID 10127; state: ENABLED
01-30 15:45:30.969  1089  1190 I ActivityManager: Start proc 2387:com.google.process.gservices/u0a127 for content provider {com.google.android.gsf/com.google.android.gsf.gservices.GservicesProvider}
01-30 15:45:33.500  1089  1816 I ActivityManager: Process com.google.process.gservices (pid 2387) has died: prev LAST
01-30 15:45:33.663  1089  1641 I ActivityManager: Process com.qti.diagservices (pid 849) has died: svcb SVC 
01-30 15:45:33.669  1089  1641 W ActivityManager: Scheduling restart of crashed service com.qti.diagservices/.QTIDiagServices in 1000ms for start-requested
01-30 15:45:34.192  1089   382 D CompatibilityChangeReporter: Compat change id reported: 135634846; UID 10077; state: DISABLED
01-30 15:45:34.193  1089  1190 D CompatibilityChangeReporter: Compat change id reported: 143937733; UID 10077; state: ENABLED
01-30 15:45:34.255  1089  1190 W ActivityManager: Slow operation: 64ms so far, now at startProcess: returned from zygote!
01-30 15:45:34.255  1089  1190 W ActivityManager: Slow operation: 64ms so far, now at startProcess: done updating battery stats
01-30 15:45:34.255  1089  1190 W ActivityManager: Slow operation: 65ms so far, now at startProcess: building log message
01-30 15:45:34.255  1089  1190 I ActivityManager: Start proc 2487:android.process.acore/u0a77 for content provider {com.android.providers.contacts/com.android.providers.contacts.ContactsProvider2}
01-30 15:45:34.255  1089  1190 W ActivityManager: Slow operation: 65ms so far, now at startProcess: starting to update pids map
01-30 15:45:34.256  1089  1190 W ActivityManager: Slow operation: 65ms so far, now at startProcess: done updating pids map
01-30 15:45:34.670  1089  1189 D CompatibilityChangeReporter: Compat change id reported: 135634846; UID 1000; state: DISABLED
01-30 15:45:34.700  1089  1190 I ActivityManager: Start proc 2530:com.qti.diagservices/1000 for service {com.qti.diagservices/com.qti.diagservices.QTIDiagServices}
01-30 15:45:34.819  1089  1994 D CountryDetector: The first listener is added
01-30 15:45:34.837  2487  2487 D ActivityThread: Loading provider contacts;com.android.contacts: com.android.providers.contacts.ContactsProvider2
01-30 15:45:36.581  1089  1189 W BroadcastQueue: Background execution not allowed: receiving Intent { act=android.net.wifi.SCAN_RESULTS flg=0x4000010 (has extras) } to com.jio.myjio/.jionet.receiver.WifiScanReceiver
01-30 15:45:36.638  1089  1190 D CompatibilityChangeReporter: Compat change id reported: 143937733; UID 10143; state: ENABLED
01-30 15:45:36.676  1089  1190 I ActivityManager: Start proc 2567:com.google.android.contacts/u0a143 for service {com.google.android.contacts/com.google.android.apps.contacts.shortcut.ShortcutJobService}
01-30 15:45:38.531  1089  3501 I ActivityManager: Process com.google.android.contacts (pid 2567) has died: cch+5 CEM 
01-30 15:45:39.672  1089  3501 I ActivityManager: Process com.google.android.gms (pid 2317) has died: cch+5 CEM 
01-30 15:45:39.826  1089  1641 I ActivityManager: Process android.process.acore (pid 2487) has died: cch+5 CEM 
01-30 15:45:39.832  1089  3390 D CountryDetector: No listener is left
01-30 15:46:37.443  1089  1189 W BroadcastQueue: Background execution not allowed: receiving Intent { act=android.net.wifi.SCAN_RESULTS flg=0x4000010 (has extras) } to com.jio.myjio/.jionet.receiver.WifiScanReceiver
01-30 15:46:38.506  1089  1641 D CompatibilityChangeReporter: Compat change id reported: 135634846; UID 10127; state: DISABLED
01-30 15:46:38.507  1089  1190 D CompatibilityChangeReporter: Compat change id reported: 143937733; UID 10127; state: ENABLED
01-30 15:46:38.549  1089  1190 I ActivityManager: Start proc 2675:com.google.android.gms/u0a127 for service {com.google.android.gms/com.google.android.gms.ads.identifier.service.AdvertisingIdService}
01-30 15:46:40.901  1089   382 I ActivityManager: Process com.google.android.gms (pid 2675) has died: fg  TRNB
01-30 15:46:40.925  1089   382 W ActivityManager: Scheduling restart of crashed service com.google.android.gms/.ads.identifier.service.AdvertisingIdService in 1000ms for connection
01-30 15:46:41.930  1089  1189 D CompatibilityChangeReporter: Compat change id reported: 135634846; UID 10127; state: DISABLED
01-30 15:46:41.931  1089  1190 D CompatibilityChangeReporter: Compat change id reported: 143937733; UID 10127; state: ENABLED
01-30 15:46:41.967  1089  1190 I ActivityManager: Start proc 2753:com.google.android.gms/u0a127 for service {com.google.android.gms/com.google.android.gms.ads.identifier.service.AdvertisingIdService}
01-30 15:46:44.805  1089  1641 I ActivityManager: Process com.google.android.gms (pid 2753) has died: cch+5 CEM 
--------- beginning of main
01-30 15:46:54.524  2816  2816 D improveTouch: [DSPTouchProcessor:827] deInit: X pa_utf_ret = 1, ret = 1073741835
01-30 15:46:54.524  2816  2816 E improveTouch: [TouchServer:83] delete event injector
01-30 15:46:54.524  2816  2816 E improveTouch: [TouchServer:87] delete config management
01-30 15:46:54.526  2816  2816 E improveTouch: [TouchServer:90] fail to start daemon
01-30 15:46:54.526  2816  2816 E improveTouch: [Main:169] fail to initiate touch server
01-30 15:46:55.841   987  1142 E QMI_FW  : qmi_cci_get_ref: ref count increased 2
01-30 15:46:57.013  1482  1497 I ndroid.systemu: Background concurrent copying GC freed 4907(321KB) AllocSpace objects, 0(0B) LOS objects, 74% free, 6310KB/24MB, paused 147us total 332.112ms
01-30 15:46:59.084  1727  1727 D QtiCarrierConfigHelper: WARNING, no carrier configs on phone Id: 0
01-30 15:46:59.105  1482  1482 D KeyguardUpdateMonitor: received broadcast android.intent.action.BATTERY_CHANGED
01-30 15:46:59.134  1482  1482 D KeyguardUpdateMonitor: handleBatteryUpdate
01-30 15:46:59.268  2818  2818 I chatty  : uid=1000(system) expire 35 lines
01-30 15:46:59.520  2818  2819 I chatty  : uid=1000(system) expire 1 line
01-30 15:46:59.521  2818  2818 E improveTouch: [DSPTouchProcessor:823] deInit: invalid state (current = 0)
01-30 15:46:59.521  2818  2818 D improveTouch: [DSPTouchProcessor:827] deInit: X pa_utf_ret = 1, ret = 1073741835
01-30 15:46:59.522  2818  2818 E improveTouch: [TouchServer:83] delete event injector
01-30 15:46:59.522  2818  2818 E improveTouch: [TouchServer:87] delete config management
01-30 15:46:59.523  2818  2818 E improveTouch: [TouchServer:90] fail to start daemon
01-30 15:46:59.523  2818  2818 E improveTouch: [Main:169] fail to initiate touch server
01-30 15:46:59.681   987  1142 E QMI_FW  : qmi_cci_get_ref: ref count increased 2
01-30 15:47:03.521   987  1142 E QMI_FW  : qmi_cci_get_ref: ref count increased 2
01-30 15:47:04.283  2821  2821 I chatty  : uid=1000(system) android.process.media expire 35 lines
01-30 15:47:04.532  2821  2822 I chatty  : uid=1000(system) android.process.media expire 1 line
01-30 15:47:04.533  2821  2821 E improveTouch: [DSPTouchProcessor:823] deInit: invalid state (current = 0)
01-30 15:47:04.533  2821  2821 D improveTouch: [DSPTouchProcessor:827] deInit: X pa_utf_ret = 1, ret = 1073741835
01-30 15:47:04.533  2821  2821 E improveTouch: [TouchServer:83] delete event injector
01-30 15:47:04.533  2821  2821 E improveTouch: [TouchServer:87] delete config management
01-30 15:47:04.534  2821  2821 E improveTouch: [TouchServer:90] fail to start daemon
01-30 15:47:04.535  2821  2821 E improveTouch: [Main:169] fail to initiate touch server
01-30 15:47:07.361   987  1142 E QMI_FW  : qmi_cci_get_ref: ref count increased 2
01-30 15:47:09.296  2823  2823 I chatty  : uid=1000(system) expire 36 lines
01-30 15:47:09.544  2823  2824 I chatty  : uid=1000(system) expire 1 line
01-30 15:47:09.545  2823  2823 D improveTouch: [DSPTouchProcessor:827] deInit: X pa_utf_ret = 1, ret = 1073741835
01-30 15:47:09.546  2823  2823 E improveTouch: [TouchServer:83] delete event injector
01-30 15:47:09.546  2823  2823 E improveTouch: [TouchServer:87] delete config management
01-30 15:47:09.547  2823  2823 E improveTouch: [TouchServer:90] fail to start daemon
01-30 15:47:09.547  2823  2823 E improveTouch: [Main:169] fail to initiate touch server
01-30 15:47:11.201   987  1142 E QMI_FW  : qmi_cci_get_ref: ref count increased 2
01-30 15:47:14.305  2826  2826 I chatty  : uid=1000(system) expire 35 lines
01-30 15:47:14.556  2826  2827 I chatty  : uid=1000(system) expire 1 line
01-30 15:47:14.557  2826  2826 E improveTouch: [DSPTouchProcessor:823] deInit: invalid state (current = 0)
01-30 15:47:14.557  2826  2826 D improveTouch: [DSPTouchProcessor:827] deInit: X pa_utf_ret = 1, ret = 1073741835
01-30 15:47:14.557  2826  2826 E improveTouch: [TouchServer:83] delete event injector
01-30 15:47:14.557  2826  2826 E improveTouch: [TouchServer:87] delete config management
01-30 15:47:14.559  2826  2826 E improveTouch: [TouchServer:90] fail to start daemon
01-30 15:47:14.559  2826  2826 E improveTouch: [Main:169] fail to initiate touch server
01-30 15:47:15.041   987  1142 E QMI_FW  : qmi_cci_get_ref: ref count increased 2
01-30 15:47:19.316  2828  2828 I chatty  : uid=1000(system) expire 35 lines
01-30 15:47:19.570  2828  2829 I chatty  : uid=1000(system) expire 1 line
01-30 15:47:19.571  2828  2828 E improveTouch: [DSPTouchProcessor:823] deInit: invalid state (current = 0)
01-30 15:47:19.571  2828  2828 D improveTouch: [DSPTouchProcessor:827] deInit: X pa_utf_ret = 1, ret = 1073741835
01-30 15:47:19.571  2828  2828 E improveTouch: [TouchServer:83] delete event injector
01-30 15:47:19.571  2828  2828 E improveTouch: [TouchServer:87] delete config management
01-30 15:47:19.572  2828  2828 E improveTouch: [TouchServer:90] fail to start daemon
01-30 15:47:19.573  2828  2828 E improveTouch: [Main:169] fail to initiate touch server
01-30 15:47:19.733  1727  1727 D QtiCarrierConfigHelper: WARNING, no carrier configs on phone Id: 0
01-30 15:47:19.735  1482  1482 D KeyguardUpdateMonitor: received broadcast android.intent.action.BATTERY_CHANGED
01-30 15:47:19.753  1482  1482 D KeyguardUpdateMonitor: handleBatteryUpdate
01-30 15:47:21.211  1727  1727 D QtiCarrierConfigHelper: WARNING, no carrier configs on phone Id: 0
01-30 15:47:21.214  1482  1482 D KeyguardUpdateMonitor: received broadcast android.intent.action.BATTERY_CHANGED
01-30 15:47:21.232  1482  1482 D KeyguardUpdateMonitor: handleBatteryUpdate
01-30 15:47:22.721   987  1142 E QMI_FW  : qmi_cci_get_ref: ref count increased 2
01-30 15:47:24.324  2831  2831 I chatty  : uid=1000(system) expire 35 lines
01-30 15:47:24.572  2831  2832 I chatty  : uid=1000(system) expire 1 line
01-30 15:47:24.574  2831  2831 E improveTouch: [DSPTouchProcessor:823] deInit: invalid state (current = 0)
01-30 15:47:24.574  2831  2831 D improveTouch: [DSPTouchProcessor:827] deInit: X pa_utf_ret = 1, ret = 1073741835
01-30 15:47:24.574  2831  2831 E improveTouch: [TouchServer:83] delete event injector
01-30 15:47:24.574  2831  2831 E improveTouch: [TouchServer:87] delete config management
01-30 15:47:24.575  2831  2831 E improveTouch: [TouchServer:90] fail to start daemon
01-30 15:47:24.575  2831  2831 E improveTouch: [Main:169] fail to initiate touch server
01-30 15:47:29.337  2833  2833 I chatty  : uid=1000(system) expire 35 lines
01-30 15:47:29.591  2833  2834 I chatty  : uid=1000(system) expire 1 line
01-30 15:47:29.592  2833  2833 E improveTouch: [DSPTouchProcessor:823] deInit: invalid state (current = 0)
01-30 15:47:29.592  2833  2833 D improveTouch: [DSPTouchProcessor:827] deInit: X pa_utf_ret = 1, ret = 1073741835
01-30 15:47:29.592  2833  2833 E improveTouch: [TouchServer:83] delete event injector
01-30 15:47:29.592  2833  2833 E improveTouch: [TouchServer:87] delete config management
01-30 15:47:29.594  2833  2833 E improveTouch: [TouchServer:90] fail to start daemon
01-30 15:47:29.594  2833  2833 E improveTouch: [Main:169] fail to initiate touch server
01-30 15:47:30.401   987  1142 E QMI_FW  : qmi_cci_get_ref: ref count increased 2
01-30 15:47:31.353  2255  2306 I .redbend.clien: Background concurrent copying GC freed 305(49KB) AllocSpace objects, 8(416KB) LOS objects, 89% free, 2090KB/20MB, paused 108us total 125.655ms
01-30 15:47:34.241   987  1142 E QMI_FW  : qmi_cci_get_ref: ref count increased 2
01-30 15:47:34.347  2837  2837 I chatty  : uid=1000(system) expire 35 lines
01-30 15:47:34.481  1727  1727 D QtiCarrierConfigHelper: WARNING, no carrier configs on phone Id: 0
01-30 15:47:34.483  1482  1482 D KeyguardUpdateMonitor: received broadcast android.intent.action.BATTERY_CHANGED
01-30 15:47:34.501  1482  1482 D KeyguardUpdateMonitor: handleBatteryUpdate
01-30 15:47:34.603  2837  2838 I chatty  : uid=1000(system) expire 1 line
01-30 15:47:34.605  2837  2837 E improveTouch: [DSPTouchProcessor:823] deInit: invalid state (current = 0)
01-30 15:47:34.605  2837  2837 D improveTouch: [DSPTouchProcessor:827] deInit: X pa_utf_ret = 1, ret = 1073741835
01-30 15:47:34.605  2837  2837 E improveTouch: [TouchServer:83] delete event injector
01-30 15:47:34.605  2837  2837 E improveTouch: [TouchServer:87] delete config management
01-30 15:47:34.606  2837  2837 E improveTouch: [TouchServer:90] fail to start daemon
01-30 15:47:34.606  2837  2837 E improveTouch: [Main:169] fail to initiate touch server
01-30 15:47:35.967  1727  1727 D QtiCarrierConfigHelper: WARNING, no carrier configs on phone Id: 0
01-30 15:47:35.970  1482  1482 D KeyguardUpdateMonitor: received broadcast android.intent.action.BATTERY_CHANGED
01-30 15:47:35.990  1482  1482 D KeyguardUpdateMonitor: handleBatteryUpdate
01-30 15:47:37.444  1482  1482 D KeyguardUpdateMonitor: received broadcast android.intent.action.TIME_TICK
01-30 15:47:37.466  1482  1482 D KeyguardUpdateMonitor: handleTimeUpdate
01-30 15:47:37.467  1482  1482 D KeyguardClockSwitch: Updating clock: 347
01-30 15:47:37.469  2670  2891 W Settings: Setting airplane_mode_on has moved from android.provider.Settings.System to android.provider.Settings.Global, returning read-only value.
01-30 15:47:37.473  2670  2891 W Settings: Setting airplane_mode_on has moved from android.provider.Settings.System to android.provider.Settings.Global, returning read-only value.
01-30 15:47:37.490   987  1059 E QMI_FW  : qmi_cci_get_ref: ref count increased 2
01-30 15:47:37.493   987  1059 E QMI_FW  : qmi_cci_get_ref: ref count increased 2
01-30 15:47:37.494   987  1142 E QMI_FW  : qmi_cci_get_ref: ref count increased 3
01-30 15:47:37.495   987  1059 E QMI_FW  : qmi_cci_get_ref: ref count increased 2
01-30 15:47:37.497   909  3596 I chatty  : uid=1021(gps) lowi-server expire 104 lines
01-30 15:47:37.499   987  1059 E QMI_FW  : qmi_cci_get_ref: ref count increased 2
01-30 15:47:37.499   492  3676 V WifiHAL : event received NL80211_CMD_TRIGGER_SCAN
01-30 15:47:37.501   987  1059 E QMI_FW  : qmi_cci_get_ref: ref count increased 2
01-30 15:47:37.509   987  1059 E QMI_FW  : qmi_cci_get_ref: ref count increased 2
01-30 15:47:37.538   297   297 I chatty  : uid=1000(system) hwservicemanage expire 13 lines
01-30 15:47:37.541  1089  1178 W Looper  : Slow dispatch took 113ms android.ui h=com.android.server.am.ActivityManagerService$UiHandler c=null m=68
01-30 15:47:38.133   492  3676 V WifiHAL : event received NL80211_CMD_NEW_SCAN_RESULTS
01-30 15:47:38.152   909   961 I chatty  : uid=1021(gps) lowi-server expire 7 lines
01-30 15:47:38.156  1089  1189 W BroadcastQueue: Background execution not allowed: receiving Intent { act=android.net.wifi.SCAN_RESULTS flg=0x4000010 (has extras) } to com.jio.myjio/.jionet.receiver.WifiScanReceiver
01-30 15:47:38.174  2670  2349 I FrewleTileCacheManagerV: Fetched 6 AP models from cache [CONTEXT service_id=6 ]
01-30 15:47:38.286   483   565 I chatty  : uid=1021(gps) LocApiMsgTask expire 2 lines
01-30 15:47:38.288   483   951 I chatty  : uid=1021(gps) LocApiMsgTask expire 2 lines
01-30 15:47:39.187  1089  2798 D CompatibilityChangeReporter: Compat change id reported: 135634846; UID 10127; state: DISABLED
01-30 15:47:39.188  1089  1190 D CompatibilityChangeReporter: Compat change id reported: 143937733; UID 10127; state: ENABLED
01-30 15:47:39.215   396   396 D Zygote  : Forked child process 2844
01-30 15:47:39.236  2844  2844 I Zygote  : seccomp disabled by setenforce 0
01-30 15:47:39.242  1089  1190 W ActivityManager: Slow operation: 56ms so far, now at startProcess: returned from zygote!
01-30 15:47:39.242  1089  1190 W ActivityManager: Slow operation: 57ms so far, now at startProcess: done updating battery stats
01-30 15:47:39.243  1089  1190 W ActivityManager: Slow operation: 57ms so far, now at startProcess: building log message
01-30 15:47:39.243  1089  1190 I ActivityManager: Start proc 2844:com.google.android.gms/u0a127 for service {com.google.android.gms/com.google.android.gms.ads.identifier.service.AdvertisingIdService}
01-30 15:47:39.243  1089  1190 W ActivityManager: Slow operation: 57ms so far, now at startProcess: starting to update pids map
01-30 15:47:39.243  1089  1190 W ActivityManager: Slow operation: 58ms so far, now at startProcess: done updating pids map
01-30 15:47:39.263  2087  2114 I adbd    : jdwp connection from 2844
01-30 15:47:39.284  1089  2798 I chatty  : uid=1000(system) Binder:1089_1F expire 9 lines
01-30 15:47:39.359  2869  2869 I chatty  : uid=1000(system) expire 34 lines
01-30 15:47:39.366  2844  2844 W gle.android.gm: JIT profile information will not be recorded: profile file does not exist.
01-30 15:47:39.366  2844  2844 W gle.android.gm: JIT profile information will not be recorded: profile file does not exist.
01-30 15:47:39.383  2844  2844 I Perf    : Connecting to perf service.
01-30 15:47:39.401  2844  2844 D NetworkSecurityConfig: Using Network Security Config from resource network_security_config debugBuild: false
01-30 15:47:39.403  2844  2844 D NetworkSecurityConfig: Using Network Security Config from resource network_security_config debugBuild: false
01-30 15:47:39.620  2844  2844 W ProviderHelper: Unknown dynamite feature providerinstaller.dynamite
01-30 15:47:39.620  2869  2872 I chatty  : uid=1000(system) expire 1 line
01-30 15:47:39.620  2844  2844 I DynamiteModule: Considering local module com.google.android.gms.providerinstaller.dynamite:1 and remote module com.google.android.gms.providerinstaller.dynamite:0
01-30 15:47:39.621  2844  2844 I DynamiteModule: Selected local version of com.google.android.gms.providerinstaller.dynamite
01-30 15:47:39.621  2869  2869 D improveTouch: [DSPTouchProcessor:807] deInit: E
01-30 15:47:39.621  2869  2869 E improveTouch: [DSPTouchProcessor:823] deInit: invalid state (current = 0)
01-30 15:47:39.621  2869  2869 D improveTouch: [DSPTouchProcessor:827] deInit: X pa_utf_ret = 1, ret = 1073741835
01-30 15:47:39.621  2869  2869 E improveTouch: [TouchServer:83] delete event injector
01-30 15:47:39.621  2869  2869 E improveTouch: [TouchServer:87] delete config management
01-30 15:47:39.623  2869  2869 E improveTouch: [TouchServer:90] fail to start daemon
01-30 15:47:39.623  2869  2869 E improveTouch: [Main:169] fail to initiate touch server
01-30 15:47:39.642  2844  2844 V NativeCrypto: Registering com/google/android/gms/org/conscrypt/NativeCrypto's 329 native methods...
01-30 15:47:39.690  2844  2844 I ProviderInstaller: Installed default security provider GmsCore_OpenSSL
01-30 15:47:39.707  2844  2844 I GmsApplication: [gms_startup_benchmark] Static start time (ms): 693081797, Startup latency (ms): 300, Is system user: true
01-30 15:47:39.714  2844  2888 I Watchcat: Started
01-30 15:47:39.727  2844  2888 I GMS_MM_Logger: Start time: 181995
01-30 15:47:39.728  2844  2888 I GMS_MM_Logger: Started.
01-30 15:47:39.774  2844  2870 I DynamiteModule: Considering local module com.google.android.gms.googlecertificates:7 and remote module com.google.android.gms.googlecertificates:0
01-30 15:47:39.774  2844  2870 I DynamiteModule: Selected local version of com.google.android.gms.googlecertificates
01-30 15:47:40.605     0     0 I swapper/0: type=1400 audit(0.0:14208): avc: denied { kill } for capability=5 scontext=u:r:kernel:s0 tcontext=u:r:kernel:s0 tclass=capability permissive=1
01-30 15:47:44.367  2903  2903 I chatty  : uid=1000(system) expire 35 lines
01-30 15:47:44.400  2844  2871 I gle.android.gm: Waiting for a blocking GC ProfileSaver
01-30 15:47:44.619  2844  2871 I gle.android.gm: WaitForGcToComplete blocked ProfileSaver on ClassLinker for 218.282ms
01-30 15:47:44.632  2844  2860 I gle.android.gm: WaitForGcToComplete blocked RunEmptyCheckpoint on ProfileSaver for 13.002ms
01-30 15:47:44.646   295   295 I lowmemorykiller: Kill 'com.google.android.gms' (2844), uid 10127, oom_adj 905 to free 51272kB
01-30 15:47:44.685  2903  2906 I chatty  : uid=1000(system) expire 1 line
01-30 15:47:44.686  2903  2903 E improveTouch: [DSPTouchProcessor:823] deInit: invalid state (current = 0)
01-30 15:47:44.686  2903  2903 D improveTouch: [DSPTouchProcessor:827] deInit: X pa_utf_ret = 1, ret = 1073741835
01-30 15:47:44.686  2903  2903 E improveTouch: [TouchServer:83] delete event injector
01-30 15:47:44.686  2903  2903 E improveTouch: [TouchServer:87] delete config management
01-30 15:47:44.687  2903  2903 E improveTouch: [TouchServer:90] fail to start daemon
01-30 15:47:44.688  2903  2903 E improveTouch: [Main:169] fail to initiate touch server
01-30 15:47:44.795   396   396 I Zygote  : Process 2844 exited due to signal 9 (Killed)
01-30 15:47:44.799  1089  2798 I ActivityManager: Process com.google.android.gms (pid 2844) has died: cch+5 CEM 
01-30 15:47:44.830  1727  1727 D QtiCarrierConfigHelper: WARNING, no carrier configs on phone Id: 0
01-30 15:47:44.834  1482  1482 D KeyguardUpdateMonitor: received broadcast android.intent.action.BATTERY_CHANGED
01-30 15:47:44.840  1577  1577 I AppBase : AppBase.onTrimMemory():786 onTrimMemory(): 15
01-30 15:47:44.841  1577  1577 I GoogleInputMethodService: GoogleInputMethodService.onTrimMemory():4569 onTrimMemory(): 15
01-30 15:47:44.845  1482  1482 D KeyguardUpdateMonitor: handleBatteryUpdate
01-30 15:47:49.246  1727  1727 D QtiCarrierConfigHelper: WARNING, no carrier configs on phone Id: 0
01-30 15:47:49.249  1482  1482 D KeyguardUpdateMonitor: received broadcast android.intent.action.BATTERY_CHANGED
01-30 15:47:49.268  1482  1482 D KeyguardUpdateMonitor: handleBatteryUpdate
01-30 15:47:49.565  2908  2908 I chatty  : uid=1000(system) expire 36 lines
01-30 15:47:49.829  2908  2909 I chatty  : uid=1000(system) expire 1 line
01-30 15:47:49.830  2908  2908 D improveTouch: [DSPTouchProcessor:827] deInit: X pa_utf_ret = 1, ret = 1073741835
01-30 15:47:49.830  2908  2908 E improveTouch: [TouchServer:83] delete event injector
01-30 15:47:49.830  2908  2908 E improveTouch: [TouchServer:87] delete config management
01-30 15:47:49.831  2908  2908 E improveTouch: [TouchServer:90] fail to start daemon
01-30 15:47:49.831  2908  2908 E improveTouch: [Main:169] fail to initiate touch server
01-30 15:47:52.579   297   297 I chatty  : uid=1000(system) hwservicemanage expire 10 lines
01-30 15:47:54.385  2911  2911 I chatty  : uid=1000(system) expire 36 lines
01-30 15:47:54.651  2911  2912 I chatty  : uid=1000(system) expire 1 line
01-30 15:47:54.653  2911  2911 D improveTouch: [DSPTouchProcessor:827] deInit: X pa_utf_ret = 1, ret = 1073741835
01-30 15:47:54.653  2911  2911 E improveTouch: [TouchServer:83] delete event injector
01-30 15:47:54.653  2911  2911 E improveTouch: [TouchServer:87] delete config management
01-30 15:47:54.654  2911  2911 E improveTouch: [TouchServer:90] fail to start daemon
01-30 15:47:54.654  2911  2911 E improveTouch: [Main:169] fail to initiate touch server
01-30 15:47:56.001   987  1142 E QMI_FW  : qmi_cci_get_ref: ref count increased 2
01-30 15:47:59.394  2913  2913 I chatty  : uid=1000(system) expire 35 lines
01-30 15:47:59.453  1482  1497 I ndroid.systemu: Background concurrent copying GC freed 6324(368KB) AllocSpace objects, 0(0B) LOS objects, 74% free, 6313KB/24MB, paused 154us total 192.358ms
01-30 15:47:59.567  1727  1727 D QtiCarrierConfigHelper: WARNING, no carrier configs on phone Id: 0
01-30 15:47:59.568  1482  1482 D KeyguardUpdateMonitor: received broadcast android.intent.action.BATTERY_CHANGED
01-30 15:47:59.589  1482  1482 D KeyguardUpdateMonitor: handleBatteryUpdate
01-30 15:47:59.653  2913  2914 I chatty  : uid=1000(system) expire 1 line
01-30 15:47:59.654  2913  2913 E improveTouch: [DSPTouchProcessor:823] deInit: invalid state (current = 0)
01-30 15:47:59.655  2913  2913 D improveTouch: [DSPTouchProcessor:827] deInit: X pa_utf_ret = 1, ret = 1073741835
01-30 15:47:59.655  2913  2913 E improveTouch: [TouchServer:83] delete event injector
01-30 15:47:59.655  2913  2913 E improveTouch: [TouchServer:87] delete config management
01-30 15:47:59.656  2913  2913 E improveTouch: [TouchServer:90] fail to start daemon
01-30 15:47:59.656  2913  2913 E improveTouch: [Main:169] fail to initiate touch server
01-30 15:48:01.050  1727  1727 D QtiCarrierConfigHelper: WARNING, no carrier configs on phone Id: 0
01-30 15:48:01.052  1482  1482 D KeyguardUpdateMonitor: received broadcast android.intent.action.BATTERY_CHANGED
01-30 15:48:01.071  1482  1482 D KeyguardUpdateMonitor: handleBatteryUpdate
01-30 15:48:03.680   987  1142 E QMI_FW  : qmi_cci_get_ref: ref count increased 2
01-30 15:48:04.413  2917  2917 I chatty  : uid=1000(system) expire 35 lines
01-30 15:48:04.675  2917  2918 I chatty  : uid=1000(system) expire 1 line
01-30 15:48:04.676  2917  2917 E improveTouch: [DSPTouchProcessor:823] deInit: invalid state (current = 0)
01-30 15:48:04.676  2917  2917 D improveTouch: [DSPTouchProcessor:827] deInit: X pa_utf_ret = 1, ret = 1073741835
01-30 15:48:04.676  2917  2917 E improveTouch: [TouchServer:83] delete event injector
01-30 15:48:04.676  2917  2917 E improveTouch: [TouchServer:87] delete config management
01-30 15:48:04.677  2917  2917 E improveTouch: [TouchServer:90] fail to start daemon
01-30 15:48:04.677  2917  2917 E improveTouch: [Main:169] fail to initiate touch server
01-30 15:48:09.426  2919  2919 I chatty  : uid=1000(system) expire 36 lines
01-30 15:48:09.687  2919  2921 I chatty  : uid=1000(system) expire 1 line
01-30 15:48:09.689  2919  2919 D improveTouch: [DSPTouchProcessor:827] deInit: X pa_utf_ret = 1, ret = 1073741835
01-30 15:48:09.689  2919  2919 E improveTouch: [TouchServer:83] delete event injector
01-30 15:48:09.689  2919  2919 E improveTouch: [TouchServer:87] delete config management
01-30 15:48:09.690  2919  2919 E improveTouch: [TouchServer:90] fail to start daemon
01-30 15:48:09.690  2919  2919 E improveTouch: [Main:169] fail to initiate touch server
01-30 15:48:09.898  1727  1727 D QtiCarrierConfigHelper: WARNING, no carrier configs on phone Id: 0
01-30 15:48:09.900  1482  1482 D KeyguardUpdateMonitor: received broadcast android.intent.action.BATTERY_CHANGED
01-30 15:48:09.920  1482  1482 D KeyguardUpdateMonitor: handleBatteryUpdate
01-30 15:48:11.358   987  1142 E QMI_FW  : qmi_cci_get_ref: ref count increased 2
01-30 15:48:11.375  1727  1727 D QtiCarrierConfigHelper: WARNING, no carrier configs on phone Id: 0
01-30 15:48:11.379  1482  1482 D KeyguardUpdateMonitor: received broadcast android.intent.action.BATTERY_CHANGED
01-30 15:48:11.399  1482  1482 D KeyguardUpdateMonitor: handleBatteryUpdate
01-30 15:48:14.433  2926  2926 I chatty  : uid=1000(system) expire 36 lines
01-30 15:48:14.692  2926  2927 I chatty  : uid=1000(system) expire 1 line
01-30 15:48:14.693  2926  2926 D improveTouch: [DSPTouchProcessor:827] deInit: X pa_utf_ret = 1, ret = 1073741835
01-30 15:48:14.693  2926  2926 E improveTouch: [TouchServer:83] delete event injector
01-30 15:48:14.693  2926  2926 E improveTouch: [TouchServer:87] delete config management
01-30 15:48:14.694  2926  2926 E improveTouch: [TouchServer:90] fail to start daemon
01-30 15:48:14.694  2926  2926 E improveTouch: [Main:169] fail to initiate touch server
01-30 15:48:15.201   987  1142 E QMI_FW  : qmi_cci_get_ref: ref count increased 2
01-30 15:48:19.446  2928  2928 I chatty  : uid=1000(system) expire 36 lines
01-30 15:48:19.703  2928  2929 I chatty  : uid=1000(system) expire 1 line
01-30 15:48:19.704  2928  2928 D improveTouch: [DSPTouchProcessor:827] deInit: X pa_utf_ret = 1, ret = 1073741835
01-30 15:48:19.704  2928  2928 E improveTouch: [TouchServer:83] delete event injector
01-30 15:48:19.704  2928  2928 E improveTouch: [TouchServer:87] delete config management
01-30 15:48:19.705  2928  2928 E improveTouch: [TouchServer:90] fail to start daemon
01-30 15:48:19.706  2928  2928 E improveTouch: [Main:169] fail to initiate touch server
01-30 15:48:24.459  2932  2932 I chatty  : uid=1000(system) expire 35 lines
01-30 15:48:24.636  1727  1727 D QtiCarrierConfigHelper: WARNING, no carrier configs on phone Id: 0
01-30 15:48:24.638  1482  1482 D KeyguardUpdateMonitor: received broadcast android.intent.action.BATTERY_CHANGED
01-30 15:48:24.656  1482  1482 D KeyguardUpdateMonitor: handleBatteryUpdate
01-30 15:48:24.713  2932  2933 I chatty  : uid=1000(system) expire 1 line
01-30 15:48:24.715  2932  2932 E improveTouch: [DSPTouchProcessor:823] deInit: invalid state (current = 0)
01-30 15:48:24.715  2932  2932 D improveTouch: [DSPTouchProcessor:827] deInit: X pa_utf_ret = 1, ret = 1073741835
01-30 15:48:24.715  2932  2932 E improveTouch: [TouchServer:83] delete event injector
01-30 15:48:24.715  2932  2932 E improveTouch: [TouchServer:87] delete config management
01-30 15:48:24.716  2932  2932 E improveTouch: [TouchServer:90] fail to start daemon
01-30 15:48:24.716  2932  2932 E improveTouch: [Main:169] fail to initiate touch server
01-30 15:48:26.122  1727  1727 D QtiCarrierConfigHelper: WARNING, no carrier configs on phone Id: 0
01-30 15:48:26.124  1482  1482 D KeyguardUpdateMonitor: received broadcast android.intent.action.BATTERY_CHANGED
01-30 15:48:26.143  1482  1482 D KeyguardUpdateMonitor: handleBatteryUpdate
01-30 15:48:29.470  2934  2934 I chatty  : uid=1000(system) expire 35 lines
01-30 15:48:29.724  2934  2935 I chatty  : uid=1000(system) expire 1 line
01-30 15:48:29.725  2934  2934 E improveTouch: [DSPTouchProcessor:823] deInit: invalid state (current = 0)
01-30 15:48:29.725  2934  2934 D improveTouch: [DSPTouchProcessor:827] deInit: X pa_utf_ret = 1, ret = 1073741835
01-30 15:48:29.725  2934  2934 E improveTouch: [TouchServer:83] delete event injector
01-30 15:48:29.725  2934  2934 E improveTouch: [TouchServer:87] delete config management
01-30 15:48:29.726  2934  2934 E improveTouch: [TouchServer:90] fail to start daemon
01-30 15:48:29.727  2934  2934 E improveTouch: [Main:169] fail to initiate touch server
01-30 15:48:30.561   987  1142 E QMI_FW  : qmi_cci_get_ref: ref count increased 2
01-30 15:48:34.337  1577  2174 W ProcessReaper: Memory state is: 200
01-30 15:48:34.485  2937  2937 I chatty  : uid=1000(system) expire 35 lines
01-30 15:48:34.746  2937  2938 I chatty  : uid=1000(system) expire 1 line
01-30 15:48:34.747  2937  2937 E improveTouch: [DSPTouchProcessor:823] deInit: invalid state (current = 0)
01-30 15:48:34.747  2937  2937 D improveTouch: [DSPTouchProcessor:827] deInit: X pa_utf_ret = 1, ret = 1073741835
01-30 15:48:34.748  2937  2937 E improveTouch: [TouchServer:83] delete event injector
01-30 15:48:34.748  2937  2937 E improveTouch: [TouchServer:87] delete config management
01-30 15:48:34.749  2937  2937 E improveTouch: [TouchServer:90] fail to start daemon
01-30 15:48:34.749  2937  2937 E improveTouch: [Main:169] fail to initiate touch server
01-30 15:48:34.970  1727  1727 D QtiCarrierConfigHelper: WARNING, no carrier configs on phone Id: 0
01-30 15:48:34.972  1482  1482 D KeyguardUpdateMonitor: received broadcast android.intent.action.BATTERY_CHANGED
01-30 15:48:34.991  1482  1482 D KeyguardUpdateMonitor: handleBatteryUpdate
01-30 15:48:36.445  1727  1727 D QtiCarrierConfigHelper: WARNING, no carrier configs on phone Id: 0
01-30 15:48:36.448  1482  1482 D KeyguardUpdateMonitor: received broadcast android.intent.action.BATTERY_CHANGED
01-30 15:48:36.467  1482  1482 D KeyguardUpdateMonitor: handleBatteryUpdate
01-30 15:48:38.140  1482  1482 D KeyguardUpdateMonitor: received broadcast android.intent.action.TIME_TICK
01-30 15:48:38.145  2670  2891 W Settings: Setting airplane_mode_on has moved from android.provider.Settings.System to android.provider.Settings.Global, returning read-only value.
01-30 15:48:38.146  2670  2891 W Settings: Setting airplane_mode_on has moved from android.provider.Settings.System to android.provider.Settings.Global, returning read-only value.
01-30 15:48:38.165  1482  1482 D KeyguardUpdateMonitor: handleTimeUpdate
01-30 15:48:38.167  1482  1482 D KeyguardClockSwitch: Updating clock: 348
01-30 15:48:38.187   987  1059 E QMI_FW  : qmi_cci_get_ref: ref count increased 2
01-30 15:48:38.190   987  1142 E QMI_FW  : qmi_cci_get_ref: ref count increased 2
01-30 15:48:38.191   987  1059 E QMI_FW  : qmi_cci_get_ref: ref count increased 2
01-30 15:48:38.194   987  1059 E QMI_FW  : qmi_cci_get_ref: ref count increased 2
01-30 15:48:38.196   909  3596 I chatty  : uid=1021(gps) lowi-server expire 104 lines
01-30 15:48:38.197   987  1059 E QMI_FW  : qmi_cci_get_ref: ref count increased 2
01-30 15:48:38.197   492  3676 V WifiHAL : event received NL80211_CMD_TRIGGER_SCAN
01-30 15:48:38.199   987  1059 E QMI_FW  : qmi_cci_get_ref: ref count increased 2
01-30 15:48:38.204   987  1059 E QMI_FW  : qmi_cci_get_ref: ref count increased 2
01-30 15:48:38.803   492  3676 V WifiHAL : event received NL80211_CMD_NEW_SCAN_RESULTS
01-30 15:48:38.803  1089  1310 I chatty  : uid=1000(system) Binder:1089_4 expire 8 lines
01-30 15:48:38.825  1089  1189 W BroadcastQueue: Background execution not allowed: receiving Intent { act=android.net.wifi.SCAN_RESULTS flg=0x4000010 (has extras) } to com.jio.myjio/.jionet.receiver.WifiScanReceiver
01-30 15:48:38.828   909   961 I chatty  : uid=1021(gps) lowi-server expire 4 lines
01-30 15:48:38.828   909   961 D LOWI-9.0.0.79: [LOWICacheManager] putInCache:Num of Meas to add: 10
01-30 15:48:38.831   909   961 D LOWI-9.0.0.79: [LOWIController] processMeasurementResults: No current Request. Cache measurements
01-30 15:48:38.831   909   961 D LOWI-9.0.0.79: [LOWIControllerExtn] sendLOWILpDiscoveryScanResponse: Not a discovery scan response
01-30 15:48:38.844  2670  1448 I FrewleTileCacheManagerV: Fetched 7 AP models from cache [CONTEXT service_id=6 ]
01-30 15:48:38.866  1089  3501 I chatty  : uid=1000(system) Binder:1089_20 expire 11 lines
01-30 15:48:38.887   483   565 I LocSvc_api_v02: ---> locClientSendReq line 2409 QMI_LOC_INJECT_POSITION_REQ_V02
01-30 15:48:38.887   483   565 E QMI_FW  : qmi_cci_get_ref: ref count increased 2
01-30 15:48:38.889   483   951 E QMI_FW  : qmi_cci_get_ref: ref count increased 2
01-30 15:48:38.890   483   951 I LocSvc_ApiV02: <--- globalRespCb line 221 QMI_LOC_INJECT_POSITION_REQ_V02
01-30 15:48:39.490  2944  2944 I chatty  : uid=1000(system) expire 35 lines
01-30 15:48:39.744  2944  2945 I chatty  : uid=1000(system) expire 1 line
01-30 15:48:39.745  2944  2944 E improveTouch: [DSPTouchProcessor:823] deInit: invalid state (current = 0)
01-30 15:48:39.745  2944  2944 D improveTouch: [DSPTouchProcessor:827] deInit: X pa_utf_ret = 1, ret = 1073741835
01-30 15:48:39.745  2944  2944 E improveTouch: [TouchServer:83] delete event injector
01-30 15:48:39.745  2944  2944 E improveTouch: [TouchServer:87] delete config management
01-30 15:48:39.746  2944  2944 E improveTouch: [TouchServer:90] fail to start daemon
01-30 15:48:39.746  2944  2944 E improveTouch: [Main:169] fail to initiate touch server
01-30 15:48:39.890  1089   382 D CompatibilityChangeReporter: Compat change id reported: 135634846; UID 10127; state: DISABLED
01-30 15:48:39.891  1089  1190 D CompatibilityChangeReporter: Compat change id reported: 143937733; UID 10127; state: ENABLED
01-30 15:48:39.922   396   396 D Zygote  : Forked child process 2947
01-30 15:48:39.928  1089  1190 I ActivityManager: Start proc 2947:com.google.android.gms/u0a127 for service {com.google.android.gms/com.google.android.gms.ads.identifier.service.AdvertisingIdService}
01-30 15:48:39.944  2947  2947 I Zygote  : seccomp disabled by setenforce 0
01-30 15:48:39.975  2087  2114 I adbd    : jdwp connection from 2947
01-30 15:48:40.003  1089   382 I chatty  : uid=1000(system) Binder:1089_15 expire 3 lines
01-30 15:48:40.102  2947  2947 W gle.android.gm: JIT profile information will not be recorded: profile file does not exist.
01-30 15:48:40.102  2947  2947 W gle.android.gm: JIT profile information will not be recorded: profile file does not exist.
01-30 15:48:40.126  2947  2947 I Perf    : Connecting to perf service.
01-30 15:48:40.146  2947  2947 D NetworkSecurityConfig: Using Network Security Config from resource network_security_config debugBuild: false
01-30 15:48:40.149  2947  2947 D NetworkSecurityConfig: Using Network Security Config from resource network_security_config debugBuild: false
01-30 15:48:40.372  2947  2947 W ProviderHelper: Unknown dynamite feature providerinstaller.dynamite
01-30 15:48:40.373  2947  2947 I DynamiteModule: Considering local module com.google.android.gms.providerinstaller.dynamite:1 and remote module com.google.android.gms.providerinstaller.dynamite:0
01-30 15:48:40.373  2947  2947 I DynamiteModule: Selected local version of com.google.android.gms.providerinstaller.dynamite
01-30 15:48:40.395  2947  2947 V NativeCrypto: Registering com/google/android/gms/org/conscrypt/NativeCrypto's 329 native methods...
01-30 15:48:40.444  2947  2947 I ProviderInstaller: Installed default security provider GmsCore_OpenSSL
01-30 15:48:40.464  2947  2947 I GmsApplication: [gms_startup_benchmark] Static start time (ms): 693142544, Startup latency (ms): 311, Is system user: true
01-30 15:48:40.483  2947  2995 I Watchcat: Started
01-30 15:48:40.494  2947  2995 I GMS_MM_Logger: Start time: 224519
01-30 15:48:40.494  2947  2995 I GMS_MM_Logger: Started.
01-30 15:48:40.531  2947  2976 I DynamiteModule: Considering local module com.google.android.gms.googlecertificates:7 and remote module com.google.android.gms.googlecertificates:0
01-30 15:48:40.531  2947  2976 I DynamiteModule: Selected local version of com.google.android.gms.googlecertificates
01-30 15:48:40.627  1089  3897 I chatty  : uid=1000(system) Binder:1089_21 expire 12 lines
01-30 15:48:40.629   297   297 I chatty  : uid=1000(system) hwservicemanage expire 10 lines
01-30 15:48:40.867  1727  1727 D QtiCarrierConfigHelper: WARNING, no carrier configs on phone Id: 0
01-30 15:48:40.890  1482  1482 D KeyguardUpdateMonitor: received broadcast android.intent.action.BATTERY_CHANGED
01-30 15:48:40.907  1482  1482 D KeyguardUpdateMonitor: handleBatteryUpdate
01-30 15:48:42.343  1727  1727 D QtiCarrierConfigHelper: WARNING, no carrier configs on phone Id: 0
01-30 15:48:42.345  1482  1482 D KeyguardUpdateMonitor: received broadcast android.intent.action.BATTERY_CHANGED
01-30 15:48:42.363  1482  1482 D KeyguardUpdateMonitor: handleBatteryUpdate
01-30 15:48:44.501  3016  3016 I chatty  : uid=1000(system) expire 35 lines
01-30 15:48:44.751  3016  3021 I chatty  : uid=1000(system) expire 1 line
01-30 15:48:44.752  3016  3016 E improveTouch: [DSPTouchProcessor:823] deInit: invalid state (current = 0)
01-30 15:48:44.752  3016  3016 D improveTouch: [DSPTouchProcessor:827] deInit: X pa_utf_ret = 1, ret = 1073741835
01-30 15:48:44.752  3016  3016 E improveTouch: [TouchServer:83] delete event injector
01-30 15:48:44.752  3016  3016 E improveTouch: [TouchServer:87] delete config management
01-30 15:48:44.753  3016  3016 E improveTouch: [TouchServer:90] fail to start daemon
01-30 15:48:44.754  3016  3016 E improveTouch: [Main:169] fail to initiate touch server
01-30 15:48:45.146  2947  2977 I gle.android.gm: Waiting for a blocking GC ProfileSaver
01-30 15:48:45.169  2947  2977 I gle.android.gm: WaitForGcToComplete blocked ProfileSaver on RunEmptyCheckpoint for 23.037ms
01-30 15:48:45.291  1727  1727 D QtiCarrierConfigHelper: WARNING, no carrier configs on phone Id: 0
01-30 15:48:45.293  1482  1482 D KeyguardUpdateMonitor: received broadcast android.intent.action.BATTERY_CHANGED
01-30 15:48:45.312  1482  1482 D KeyguardUpdateMonitor: handleBatteryUpdate
01-30 15:48:46.771  1727  1727 D QtiCarrierConfigHelper: WARNING, no carrier configs on phone Id: 0
01-30 15:48:46.775  1482  1482 D KeyguardUpdateMonitor: received broadcast android.intent.action.BATTERY_CHANGED
01-30 15:48:46.794  1482  1482 D KeyguardUpdateMonitor: handleBatteryUpdate
01-30 15:48:49.512  3022  3022 I chatty  : uid=1000(system) expire 36 lines
01-30 15:48:49.714  1727  1727 D QtiCarrierConfigHelper: WARNING, no carrier configs on phone Id: 0
01-30 15:48:49.716  1482  1482 D KeyguardUpdateMonitor: received broadcast android.intent.action.BATTERY_CHANGED
01-30 15:48:49.734  1482  1482 D KeyguardUpdateMonitor: handleBatteryUpdate
01-30 15:48:49.766  3022  3023 I chatty  : uid=1000(system) expire 1 line
01-30 15:48:49.768  3022  3022 D improveTouch: [DSPTouchProcessor:827] deInit: X pa_utf_ret = 1, ret = 1073741835
01-30 15:48:49.768  3022  3022 E improveTouch: [TouchServer:83] delete event injector
01-30 15:48:49.768  3022  3022 E improveTouch: [TouchServer:87] delete config management
01-30 15:48:49.769  3022  3022 E improveTouch: [TouchServer:90] fail to start daemon
01-30 15:48:49.770  3022  3022 E improveTouch: [Main:169] fail to initiate touch server
01-30 15:48:50.615     0     0 I swapper/0: type=1400 audit(0.0:14209): avc: denied { kill } for capability=5 scontext=u:r:kernel:s0 tcontext=u:r:kernel:s0 tclass=capability permissive=1
01-30 15:48:51.196  1727  1727 D QtiCarrierConfigHelper: WARNING, no carrier configs on phone Id: 0
01-30 15:48:51.199  1482  1482 D KeyguardUpdateMonitor: received broadcast android.intent.action.BATTERY_CHANGED
01-30 15:48:51.218  1482  1482 D KeyguardUpdateMonitor: handleBatteryUpdate
01-30 15:48:54.527  3026  3026 I chatty  : uid=1000(system) expire 36 lines
01-30 15:48:54.785  3026  3027 I chatty  : uid=1000(system) expire 1 line
01-30 15:48:54.786  3026  3026 D improveTouch: [DSPTouchProcessor:827] deInit: X pa_utf_ret = 1, ret = 1073741835
01-30 15:48:54.786  3026  3026 E improveTouch: [TouchServer:83] delete event injector
01-30 15:48:54.786  3026  3026 E improveTouch: [TouchServer:87] delete config management
01-30 15:48:54.788  3026  3026 E improveTouch: [TouchServer:90] fail to start daemon
01-30 15:48:54.788  3026  3026 E improveTouch: [Main:169] fail to initiate touch server
01-30 15:48:57.440   987  1142 E QMI_FW  : qmi_cci_get_ref: ref count increased 2
01-30 15:48:59.543  3028  3028 I chatty  : uid=1000(system) expire 34 lines
01-30 15:48:59.797  3028  3029 I chatty  : uid=1000(system) expire 1 line
01-30 15:48:59.798  3028  3028 D improveTouch: [DSPTouchProcessor:807] deInit: E
01-30 15:48:59.798  3028  3028 E improveTouch: [DSPTouchProcessor:823] deInit: invalid state (current = 0)
01-30 15:48:59.798  3028  3028 D improveTouch: [DSPTouchProcessor:827] deInit: X pa_utf_ret = 1, ret = 1073741835
01-30 15:48:59.798  3028  3028 E improveTouch: [TouchServer:83] delete event injector
01-30 15:48:59.798  3028  3028 E improveTouch: [TouchServer:87] delete config management
01-30 15:48:59.800  3028  3028 E improveTouch: [TouchServer:90] fail to start daemon
01-30 15:48:59.800  3028  3028 E improveTouch: [Main:169] fail to initiate touch server
01-30 15:49:01.280   987  1142 E QMI_FW  : qmi_cci_get_ref: ref count increased 2
01-30 15:49:02.087  1727  1727 D QtiCarrierConfigHelper: WARNING, no carrier configs on phone Id: 0
01-30 15:49:02.089  1482  1482 D KeyguardUpdateMonitor: received broadcast android.intent.action.BATTERY_CHANGED
01-30 15:49:02.109  1482  1482 D KeyguardUpdateMonitor: handleBatteryUpdate
01-30 15:49:04.550  3031  3031 I chatty  : uid=1000(system) expire 35 lines
01-30 15:49:04.804  3031  3032 I chatty  : uid=1000(system) expire 1 line
01-30 15:49:04.805  3031  3031 E improveTouch: [DSPTouchProcessor:823] deInit: invalid state (current = 0)
01-30 15:49:04.805  3031  3031 D improveTouch: [DSPTouchProcessor:827] deInit: X pa_utf_ret = 1, ret = 1073741835
01-30 15:49:04.805  3031  3031 E improveTouch: [TouchServer:83] delete event injector
01-30 15:49:04.805  3031  3031 E improveTouch: [TouchServer:87] delete config management
01-30 15:49:04.806  3031  3031 E improveTouch: [TouchServer:90] fail to start daemon
01-30 15:49:04.806  3031  3031 E improveTouch: [Main:169] fail to initiate touch server
01-30 15:49:05.120   987  1142 E QMI_FW  : qmi_cci_get_ref: ref count increased 2
01-30 15:49:07.256  2263  2284 I alcomm.locatio: Background concurrent copying GC freed 19(48KB) AllocSpace objects, 0(0B) LOS objects, 91% free, 1781KB/19MB, paused 128us total 159.360ms
01-30 15:49:07.419  1727  1727 D QtiCarrierConfigHelper: WARNING, no carrier configs on phone Id: 0
01-30 15:49:07.422  1482  1482 D KeyguardUpdateMonitor: received broadcast android.intent.action.BATTERY_CHANGED
01-30 15:49:07.441  1482  1482 D KeyguardUpdateMonitor: handleBatteryUpdate
01-30 15:49:08.897  1727  1727 D QtiCarrierConfigHelper: WARNING, no carrier configs on phone Id: 0
01-30 15:49:08.901  1482  1482 D KeyguardUpdateMonitor: received broadcast android.intent.action.BATTERY_CHANGED
01-30 15:49:08.921  1482  1482 D KeyguardUpdateMonitor: handleBatteryUpdate
01-30 15:49:09.565  3033  3033 I chatty  : uid=1000(system) expire 35 lines
01-30 15:49:09.823  3033  3034 I chatty  : uid=1000(system) expire 1 line
01-30 15:49:09.824  3033  3033 E improveTouch: [DSPTouchProcessor:823] deInit: invalid state (current = 0)
01-30 15:49:09.824  3033  3033 D improveTouch: [DSPTouchProcessor:827] deInit: X pa_utf_ret = 1, ret = 1073741835
01-30 15:49:09.824  3033  3033 E improveTouch: [TouchServer:83] delete event injector
01-30 15:49:09.824  3033  3033 E improveTouch: [TouchServer:87] delete config management
01-30 15:49:09.825  3033  3033 E improveTouch: [TouchServer:90] fail to start daemon
01-30 15:49:09.826  3033  3033 E improveTouch: [Main:169] fail to initiate touch server
01-30 15:49:14.059  2275  2300 I io.adc.embedde: Background concurrent copying GC freed 19(48KB) AllocSpace objects, 0(0B) LOS objects, 88% free, 2485KB/20MB, paused 135us total 152.760ms
01-30 15:49:14.571  3036  3036 I chatty  : uid=1000(system) expire 35 lines
01-30 15:49:14.789  1727  1727 D QtiCarrierConfigHelper: WARNING, no carrier configs on phone Id: 0
01-30 15:49:14.791  1482  1482 D KeyguardUpdateMonitor: received broadcast android.intent.action.BATTERY_CHANGED
01-30 15:49:14.809  1482  1482 D KeyguardUpdateMonitor: handleBatteryUpdate
01-30 15:49:14.831  3036  3037 I chatty  : uid=1000(system) expire 1 line
01-30 15:49:14.832  3036  3036 E improveTouch: [DSPTouchProcessor:823] deInit: invalid state (current = 0)
01-30 15:49:14.832  3036  3036 D improveTouch: [DSPTouchProcessor:827] deInit: X pa_utf_ret = 1, ret = 1073741835
01-30 15:49:14.832  3036  3036 E improveTouch: [TouchServer:83] delete event injector
01-30 15:49:14.832  3036  3036 E improveTouch: [TouchServer:87] delete config management
01-30 15:49:14.833  3036  3036 E improveTouch: [TouchServer:90] fail to start daemon
01-30 15:49:14.833  3036  3036 E improveTouch: [Main:169] fail to initiate touch server
01-30 15:49:16.272  1727  1727 D QtiCarrierConfigHelper: WARNING, no carrier configs on phone Id: 0
01-30 15:49:16.274  1482  1482 D KeyguardUpdateMonitor: received broadcast android.intent.action.BATTERY_CHANGED
01-30 15:49:16.292  1482  1482 D KeyguardUpdateMonitor: handleBatteryUpdate
01-30 15:49:19.585  3038  3038 I chatty  : uid=1000(system) expire 36 lines
01-30 15:49:19.842  3038  3039 I chatty  : uid=1000(system) expire 1 line
01-30 15:49:19.843  3038  3038 D improveTouch: [DSPTouchProcessor:827] deInit: X pa_utf_ret = 1, ret = 1073741835
01-30 15:49:19.843  3038  3038 E improveTouch: [TouchServer:83] delete event injector
01-30 15:49:19.843  3038  3038 E improveTouch: [TouchServer:87] delete config management
01-30 15:49:19.844  3038  3038 E improveTouch: [TouchServer:90] fail to start daemon
01-30 15:49:19.845  3038  3038 E improveTouch: [Main:169] fail to initiate touch server
01-30 15:49:24.317   987  1142 E QMI_FW  : qmi_cci_get_ref: ref count increased 2
01-30 15:49:24.592  3042  3042 I chatty  : uid=1000(system) com.google.android.gms expire 34 lines
01-30 15:49:24.847  3042  3043 I chatty  : uid=1000(system) com.google.android.gms expire 1 line
01-30 15:49:24.849  3042  3042 D improveTouch: [DSPTouchProcessor:807] deInit: E
01-30 15:49:24.849  3042  3042 E improveTouch: [DSPTouchProcessor:823] deInit: invalid state (current = 0)
01-30 15:49:24.849  3042  3042 D improveTouch: [DSPTouchProcessor:827] deInit: X pa_utf_ret = 1, ret = 1073741835
01-30 15:49:24.849  3042  3042 E improveTouch: [TouchServer:83] delete event injector
01-30 15:49:24.849  3042  3042 E improveTouch: [TouchServer:87] delete config management
01-30 15:49:24.850  3042  3042 E improveTouch: [TouchServer:90] fail to start daemon
01-30 15:49:24.850  3042  3042 E improveTouch: [Main:169] fail to initiate touch server
01-30 15:49:26.529  3492  3510 I emui:screensho: Background concurrent copying GC freed 77(48KB) AllocSpace objects, 0(0B) LOS objects, 90% free, 1953KB/19MB, paused 216us total 238.918ms
