01-30 16:03:50.804   909  3596 I LOWI-9.0.0.79: [LOWI-Scan] RSN_IE
01-30 16:03:50.804   909  3596 D LOWI-9.0.0.79: [LOWI-Scan] decode_rsn_wpa_ie: Entered
01-30 16:03:50.804   909  3596 D LOWI-9.0.0.79: [LOWIUtils] hexDump: msg(30 18 01 00 00 0f ac 04 01 00 00 0f ac 04 02 00 00 0f ac 01 00 0f ac 03 )
01-30 16:03:50.804   909  3596 D LOWI-9.0.0.79: [LOWI-Scan] decode_rsn_wpa_ie: LOWI_ENCRYPTION_TYPE_WPA_EAP
01-30 16:03:50.804   909  3596 D LOWI-9.0.0.79: [LOWI-Scan] is_qcom_ie, bss_age: 10
01-30 16:03:50.804   909  3596 D LOWI-9.0.0.79: [LOWI-Scan] BSS 20:db:ab:95:82:0e LOWI_PHY_MODE_11NG_HT20(5), Beacon Interval: 100, LOWI_ENCRYPTION_TYPE_WPA_EAP 11mcRanging: No, ANQP: Yes, LCI: No, Civic: No, capability(0x1431): ESS Privacy ShortPreamble ShortSlotTime
01-30 16:03:50.804   909  3596 D LOWI-9.0.0.79: [LOWI-Scan] BSS 20:db:ab:95:82:0e FREQ: 2462, cFreq1[40:80:160] = [0:0:0] cFreq2 = 0 Country Code = IN 
01-30 16:03:50.804   909  3596 D LOWI-9.0.0.79: [LOWI-Scan] BSS 20:db:ab:95:82:0e (wlan0) ASSO: NO AddInfo: 0x1, TSF 8, 00:47:33.172, RSSI: -190, CPL: 127, AGE: 0,  SSID JioPrivateNet, TSFDelta: 0x0, TXRate: 0
01-30 16:03:50.805   909  3596 D LOWI-9.0.0.79: [LOWI-Scan] 
01-30 16:03:50.805   909  3596 D LOWI-9.0.0.79: [LOWI-Scan] print_bss_handler: Report beacon TSF 694053172561 as it greater than probe TSF 694053172561
01-30 16:03:50.805   909  3596 I LOWI-9.0.0.79: [LOWI-Scan] RSN_IE
01-30 16:03:50.805   909  3596 D LOWI-9.0.0.79: [LOWI-Scan] decode_rsn_wpa_ie: Entered
01-30 16:03:50.805   909  3596 D LOWI-9.0.0.79: [LOWIUtils] hexDump: msg(30 18 01 00 00 0f ac 04 01 00 00 0f ac 04 02 00 00 0f ac 01 00 0f ac 03 )
01-30 16:03:50.805   909  3596 D LOWI-9.0.0.79: [LOWI-Scan] decode_rsn_wpa_ie: LOWI_ENCRYPTION_TYPE_WPA_EAP
01-30 16:03:50.806   909  3596 D LOWI-9.0.0.79: [LOWI-Scan] is_qcom_ie, bss_age: 13
01-30 16:03:50.806   909  3596 D LOWI-9.0.0.79: [LOWI-Scan] BSS 20:db:ab:95:9f:ae LOWI_PHY_MODE_11NG_HT20(5), Beacon Interval: 100, LOWI_ENCRYPTION_TYPE_WPA_EAP 11mcRanging: No, ANQP: Yes, LCI: No, Civic: No, capability(0x1431): ESS Privacy ShortPreamble ShortSlotTime
01-30 16:03:50.806   909  3596 D LOWI-9.0.0.79: [LOWI-Scan] BSS 20:db:ab:95:9f:ae FREQ: 2462, cFreq1[40:80:160] = [0:0:0] cFreq2 = 0 Country Code = IN 
01-30 16:03:50.806   909  3596 D LOWI-9.0.0.79: [LOWI-Scan] BSS 20:db:ab:95:9f:ae (wlan0) ASSO: NO AddInfo: 0x1, TSF 8, 00:47:33.172, RSSI: -186, CPL: 127, AGE: 0,  SSID JioPrivateNet, TSFDelta: 0x0, TXRate: 0
01-30 16:03:50.806   909  3596 D LOWI-9.0.0.79: [LOWIDiagLog] Log: lowiMeasResult->request: invalid null argument
01-30 16:03:50.806   909  3596 I LOWI-9.0.0.79: [LOWI-Scan] lowi_close_record:Scan done in 694011226ms, 10 APs in scan results
01-30 16:03:50.807   909  3596 D LOWI-9.0.0.79: [LOWI-Scan] WipsScanUsingNL: passive scan cached 0, took 60919 ms, err 0
01-30 16:03:50.807   909  3596 D LOWI-9.0.0.79: [LOWI-Scan] lowi_proc_req_passive_scan_with_live_meas - No WLAN Frames to be parsed
01-30 16:03:50.807   909  3596 D LOWI-9.0.0.79: [LOWIScanResultReceiver] Send scan meas to listener
01-30 16:03:50.807   909  3596 D LOWI-9.0.0.79: [LOWIScanResultReceiver] Enter passive listening mode
01-30 16:03:50.807   909  3596 D LOWI-9.0.0.79: [LOWIWifiDriverInterface] getMeasurements - Passive listening mode
01-30 16:03:50.807   909   961 D LOWI-9.0.0.79: [LOWIEventReceiver] handleEvent:FROM:NA, TO:NA, REQ:NA, IREQ:NA, REQ_ID:0, RESP:NA, INFO:NA
01-30 16:03:50.807   909   961 D LOWI-9.0.0.79: [LOWIBackgroundScanMgr] isRspForBgScanMgr: evt(LOWI_NO_EVT) - not handled
01-30 16:03:50.807   909   961 D LOWI-9.0.0.79: [LOWIScheduler] manageMsg: NULL results or NULL request in results
01-30 16:03:50.807   909   961 D LOWI-9.0.0.79: [LOWIController] Measurements received
01-30 16:03:50.808   909   961 D LOWI-9.0.0.79: [LOWICacheManager] putInCache:Num of Meas to add: 10
01-30 16:03:50.808   909  3596 D LOWI-9.0.0.79: [LOWI-Scan] WipsScanUsingNL:wait -1 sec for netlink message
01-30 16:03:50.810   909   961 D LOWI-9.0.0.79: [LOWIController] processMeasurementResults: No current Request. Cache measurements
01-30 16:03:50.811   909   961 D LOWI-9.0.0.79: [LOWIControllerExtn] sendLOWILpDiscoveryScanResponse: Not a discovery scan response
01-30 16:03:50.828  1089  1189 W BroadcastQueue: Background execution not allowed: receiving Intent { act=android.net.wifi.SCAN_RESULTS flg=0x4000010 (has extras) } to com.jio.myjio/.jionet.receiver.WifiScanReceiver
01-30 16:03:50.869   987  1142 E QMI_FW  : qmi_cci_get_ref: ref count increased 2
01-30 16:03:50.996  2670  2537 I FrewleTileCacheManagerV: Fetched 7 AP models from cache [CONTEXT service_id=6 ]
01-30 16:03:51.236   483   565 I LocSvc_api_v02: ---> locClientSendReq line 2409 QMI_LOC_INJECT_POSITION_REQ_V02
01-30 16:03:51.236   483   565 E QMI_FW  : qmi_cci_get_ref: ref count increased 2
01-30 16:03:51.238   483   951 E QMI_FW  : qmi_cci_get_ref: ref count increased 2
01-30 16:03:51.238   483   951 I LocSvc_ApiV02: <--- globalRespCb line 221 QMI_LOC_INJECT_POSITION_REQ_V02
01-30 16:03:51.611  2855  2855 I chatty  : uid=1000(system) expire 35 lines
01-30 16:03:51.878  2855  2856 I chatty  : uid=1000(system) expire 1 line
01-30 16:03:51.879  2855  2855 E improveTouch: [DSPTouchProcessor:823] deInit: invalid state (current = 0)
01-30 16:03:51.879  2855  2855 D improveTouch: [DSPTouchProcessor:827] deInit: X pa_utf_ret = 1, ret = 1073741835
01-30 16:03:51.880  2855  2855 E improveTouch: [TouchServer:83] delete event injector
01-30 16:03:51.880  2855  2855 E improveTouch: [TouchServer:87] delete config management
01-30 16:03:51.881  2855  2855 E improveTouch: [TouchServer:90] fail to start daemon
01-30 16:03:51.881  2855  2855 E improveTouch: [Main:169] fail to initiate touch server
01-30 16:03:51.974  1089   382 D CompatibilityChangeReporter: Compat change id reported: 135634846; UID 10127; state: DISABLED
01-30 16:03:51.975  1089  1190 D CompatibilityChangeReporter: Compat change id reported: 143937733; UID 10127; state: ENABLED
01-30 16:03:52.029   396   396 D Zygote  : Forked child process 2858
01-30 16:03:52.037  1089  1190 W ActivityManager: Slow operation: 65ms so far, now at startProcess: returned from zygote!
01-30 16:03:52.037  1089  1190 W ActivityManager: Slow operation: 66ms so far, now at startProcess: done updating battery stats
01-30 16:03:52.038  1089  1190 W ActivityManager: Slow operation: 66ms so far, now at startProcess: building log message
01-30 16:03:52.038  1089  1190 I ActivityManager: Start proc 2858:com.google.android.gms/u0a127 for service {com.google.android.gms/com.google.android.gms.ads.identifier.service.AdvertisingIdService}
01-30 16:03:52.038  1089  1190 W ActivityManager: Slow operation: 66ms so far, now at startProcess: starting to update pids map
01-30 16:03:52.039  1089  1190 W ActivityManager: Slow operation: 67ms so far, now at startProcess: done updating pids map
01-30 16:03:52.060  2858  2858 I Zygote  : seccomp disabled by setenforce 0
01-30 16:03:52.169  2087  2114 I adbd    : jdwp connection from 2858
01-30 16:03:52.510  2858  2858 W gle.android.gm: JIT profile information will not be recorded: profile file does not exist.
01-30 16:03:52.511  2858  2858 W gle.android.gm: JIT profile information will not be recorded: profile file does not exist.
01-30 16:03:52.846  2858  2858 I Perf    : Connecting to perf service.
01-30 16:03:52.907  2858  2858 D NetworkSecurityConfig: Using Network Security Config from resource network_security_config debugBuild: false
01-30 16:03:52.937  2858  2858 D NetworkSecurityConfig: Using Network Security Config from resource network_security_config debugBuild: false
01-30 16:03:53.844   297   297 I chatty  : uid=1000(system) hwservicemanage expire 8 lines
01-30 16:03:53.891  2858  2858 W ProviderHelper: Unknown dynamite feature providerinstaller.dynamite
01-30 16:03:53.892  2858  2858 I DynamiteModule: Considering local module com.google.android.gms.providerinstaller.dynamite:1 and remote module com.google.android.gms.providerinstaller.dynamite:0
01-30 16:03:53.892  2858  2858 I DynamiteModule: Selected local version of com.google.android.gms.providerinstaller.dynamite
01-30 16:03:53.972  2858  2858 V NativeCrypto: Registering com/google/android/gms/org/conscrypt/NativeCrypto's 329 native methods...
01-30 16:03:54.154  2858  2858 I ProviderInstaller: Installed default security provider GmsCore_OpenSSL
01-30 16:03:54.224  2858  2906 I Watchcat: Started
01-30 16:03:54.257  2858  2858 I GmsApplication: [gms_startup_benchmark] Static start time (ms): 694055359, Startup latency (ms): 1289, Is system user: true
01-30 16:03:54.274  2858  2906 I GMS_MM_Logger: Start time: 61325
01-30 16:03:54.275  2858  2906 I GMS_MM_Logger: Started.
01-30 16:03:54.429  2858  2883 I DynamiteModule: Considering local module com.google.android.gms.googlecertificates:7 and remote module com.google.android.gms.googlecertificates:0
01-30 16:03:54.429  2858  2883 I DynamiteModule: Selected local version of com.google.android.gms.googlecertificates
01-30 16:03:54.566  1089  1189 I chatty  : uid=1000(system) ActivityManager expire 2 lines
01-30 16:03:54.566  1089  1189 D CompatibilityInfo: applicationScale - 1.0
01-30 16:03:54.616  1089  1148 D CompatibilityInfo: mCompatibilityFlags - 0
01-30 16:03:54.616  1089  1148 D CompatibilityInfo: applicationDensity - 320
01-30 16:03:54.616  1089  1148 D CompatibilityInfo: applicationScale - 1.0
01-30 16:03:56.653  2917  2917 I chatty  : uid=1000(system) expire 36 lines
01-30 16:03:56.919   295   295 I lowmemorykiller: Kill 'com.google.android.gms' (2858), uid 10127, oom_adj 905 to free 46704kB
01-30 16:03:56.933  2917  2918 I chatty  : uid=1000(system) expire 1 line
01-30 16:03:56.938  2917  2917 D improveTouch: [DSPTouchProcessor:827] deInit: X pa_utf_ret = 1, ret = 1073741835
01-30 16:03:56.938  2917  2917 E improveTouch: [TouchServer:83] delete event injector
01-30 16:03:56.938  2917  2917 E improveTouch: [TouchServer:87] delete config management
01-30 16:03:56.939  2917  2917 E improveTouch: [TouchServer:90] fail to start daemon
01-30 16:03:56.939  2917  2917 E improveTouch: [Main:169] fail to initiate touch server
01-30 16:03:57.165  1089  1148 I ActivityManager: Process com.google.android.gms (pid 2858) has died: cch+5 CEM 
01-30 16:03:57.167  1089  1196 I libprocessgroup: Successfully killed process cgroup uid 10127 pid 2858 in 0ms
01-30 16:03:57.173   396   396 I Zygote  : Process 2858 exited due to signal 9 (Killed)
01-30 16:03:57.283  1577  1577 I AppBase : AppBase.onTrimMemory():786 onTrimMemory(): 15
01-30 16:03:57.287  1577  1577 I GoogleInputMethodService: GoogleInputMethodService.onTrimMemory():4569 onTrimMemory(): 15
01-30 16:03:58.559   987  1142 E QMI_FW  : qmi_cci_get_ref: ref count increased 2
01-30 16:04:00.755     0     0 I swapper/0: type=1400 audit(0.0:14281): avc: denied { kill } for capability=5 scontext=u:r:kernel:s0 tcontext=u:r:kernel:s0 tclass=capability permissive=1
01-30 16:04:01.581  2921  2921 I chatty  : uid=1000(system) expire 35 lines
01-30 16:04:01.841  2921  2922 I chatty  : uid=1000(system) expire 1 line
01-30 16:04:01.843  2921  2921 E improveTouch: [DSPTouchProcessor:823] deInit: invalid state (current = 0)
01-30 16:04:01.843  2921  2921 D improveTouch: [DSPTouchProcessor:827] deInit: X pa_utf_ret = 1, ret = 1073741835
01-30 16:04:01.843  2921  2921 E improveTouch: [TouchServer:83] delete event injector
01-30 16:04:01.843  2921  2921 E improveTouch: [TouchServer:87] delete config management
01-30 16:04:01.844  2921  2921 E improveTouch: [TouchServer:90] fail to start daemon
01-30 16:04:01.844  2921  2921 E improveTouch: [Main:169] fail to initiate touch server
01-30 16:04:02.122  1727  1727 D QtiCarrierConfigHelper: WARNING, no carrier configs on phone Id: 0
01-30 16:04:02.204  1482  1482 D KeyguardUpdateMonitor: received broadcast android.intent.action.BATTERY_CHANGED
01-30 16:04:02.271  1482  1482 D KeyguardUpdateMonitor: handleBatteryUpdate
01-30 16:04:06.238   987  1142 E QMI_FW  : qmi_cci_get_ref: ref count increased 2
01-30 16:04:06.545  2924  2924 I chatty  : uid=1000(system) expire 36 lines
01-30 16:04:06.794  2924  2926 I chatty  : uid=1000(system) expire 1 line
01-30 16:04:06.795  2924  2924 D improveTouch: [DSPTouchProcessor:827] deInit: X pa_utf_ret = 1, ret = 1073741835
01-30 16:04:06.795  2924  2924 E improveTouch: [TouchServer:83] delete event injector
01-30 16:04:06.796  2924  2924 E improveTouch: [TouchServer:87] delete config management
01-30 16:04:06.797  2924  2924 E improveTouch: [TouchServer:90] fail to start daemon
01-30 16:04:06.797  2924  2924 E improveTouch: [Main:169] fail to initiate touch server
01-30 16:04:07.085   297   297 I hwservicemanager: getTransport: Cannot find entry vendor.qti.hardware.servicetracker@1.0::IServicetracker/default in either framework or device manifest.
01-30 16:04:08.221  1089  1101 I system_server: Background concurrent copying GC freed 92971(4437KB) AllocSpace objects, 25(628KB) LOS objects, 49% free, 18MB/37MB, paused 249us total 1.002s
01-30 16:04:11.682  2928  2928 I chatty  : uid=1000(system) expire 35 lines
01-30 16:04:11.954  2928  2929 I chatty  : uid=1000(system) expire 1 line
01-30 16:04:11.956  2928  2928 E improveTouch: [DSPTouchProcessor:823] deInit: invalid state (current = 0)
01-30 16:04:11.956  2928  2928 D improveTouch: [DSPTouchProcessor:827] deInit: X pa_utf_ret = 1, ret = 1073741835
01-30 16:04:11.956  2928  2928 E improveTouch: [TouchServer:83] delete event injector
01-30 16:04:11.956  2928  2928 E improveTouch: [TouchServer:87] delete config management
01-30 16:04:11.957  2928  2928 E improveTouch: [TouchServer:90] fail to start daemon
01-30 16:04:11.957  2928  2928 E improveTouch: [Main:169] fail to initiate touch server
01-30 16:04:12.544  1482  1497 I ndroid.systemu: Background concurrent copying GC freed 22315(1555KB) AllocSpace objects, 0(0B) LOS objects, 74% free, 6410KB/24MB, paused 150us total 316.472ms
01-30 16:04:13.919   987  1142 E QMI_FW  : qmi_cci_get_ref: ref count increased 2
01-30 16:04:16.575  2930  2930 I chatty  : uid=1000(system) expire 35 lines
01-30 16:04:16.835  2930  2931 I chatty  : uid=1000(system) expire 1 line
01-30 16:04:16.836  2930  2930 E improveTouch: [DSPTouchProcessor:823] deInit: invalid state (current = 0)
01-30 16:04:16.836  2930  2930 D improveTouch: [DSPTouchProcessor:827] deInit: X pa_utf_ret = 1, ret = 1073741835
01-30 16:04:16.837  2930  2930 E improveTouch: [TouchServer:83] delete event injector
01-30 16:04:16.837  2930  2930 E improveTouch: [TouchServer:87] delete config management
01-30 16:04:16.838  2930  2930 E improveTouch: [TouchServer:90] fail to start daemon
01-30 16:04:16.838  2930  2930 E improveTouch: [Main:169] fail to initiate touch server
01-30 16:04:17.759   987  1142 E QMI_FW  : qmi_cci_get_ref: ref count increased 2
01-30 16:04:21.586  2933  2933 I chatty  : uid=1000(system) expire 34 lines
01-30 16:04:21.589   987  1142 E QMI_FW  : qmi_cci_get_ref: ref count increased 2
01-30 16:04:21.845  2933  2934 I chatty  : uid=1000(system) expire 1 line
01-30 16:04:21.846  2933  2933 D improveTouch: [DSPTouchProcessor:807] deInit: E
01-30 16:04:21.846  2933  2933 E improveTouch: [DSPTouchProcessor:823] deInit: invalid state (current = 0)
01-30 16:04:21.846  2933  2933 D improveTouch: [DSPTouchProcessor:827] deInit: X pa_utf_ret = 1, ret = 1073741835
01-30 16:04:21.846  2933  2933 E improveTouch: [TouchServer:83] delete event injector
01-30 16:04:21.846  2933  2933 E improveTouch: [TouchServer:87] delete config management
01-30 16:04:21.847  2933  2933 E improveTouch: [TouchServer:90] fail to start daemon
01-30 16:04:21.847  2933  2933 E improveTouch: [Main:169] fail to initiate touch server
01-30 16:04:22.356  1680  1697 I qtidataservice: Background concurrent copying GC freed 11(48KB) AllocSpace objects, 0(0B) LOS objects, 91% free, 1770KB/19MB, paused 102us total 115.852ms
01-30 16:04:25.439   987  1142 E QMI_FW  : qmi_cci_get_ref: ref count increased 2
01-30 16:04:26.808  2935  2935 I chatty  : uid=1000(system) expire 34 lines
01-30 16:04:27.068  2935  2936 I chatty  : uid=1000(system) expire 1 line
01-30 16:04:27.069  2935  2935 D improveTouch: [DSPTouchProcessor:807] deInit: E
01-30 16:04:27.069  2935  2935 E improveTouch: [DSPTouchProcessor:823] deInit: invalid state (current = 0)
01-30 16:04:27.069  2935  2935 D improveTouch: [DSPTouchProcessor:827] deInit: X pa_utf_ret = 1, ret = 1073741835
01-30 16:04:27.069  2935  2935 E improveTouch: [TouchServer:83] delete event injector
01-30 16:04:27.069  2935  2935 E improveTouch: [TouchServer:87] delete config management
01-30 16:04:27.071  2935  2935 E improveTouch: [TouchServer:90] fail to start daemon
01-30 16:04:27.071  2935  2935 E improveTouch: [Main:169] fail to initiate touch server
01-30 16:04:31.605  2938  2938 I chatty  : uid=1000(system) expire 36 lines
01-30 16:04:31.862  2938  2940 I chatty  : uid=1000(system) expire 1 line
01-30 16:04:31.863  2938  2938 D improveTouch: [DSPTouchProcessor:827] deInit: X pa_utf_ret = 1, ret = 1073741835
01-30 16:04:31.863  2938  2938 E improveTouch: [TouchServer:83] delete event injector
01-30 16:04:31.863  2938  2938 E improveTouch: [TouchServer:87] delete config management
01-30 16:04:31.864  2938  2938 E improveTouch: [TouchServer:90] fail to start daemon
01-30 16:04:31.865  2938  2938 E improveTouch: [Main:169] fail to initiate touch server
01-30 16:04:32.360  1727  1743 I .codeaurora.im: Background concurrent copying GC freed 67(48KB) AllocSpace objects, 0(0B) LOS objects, 91% free, 1796KB/19MB, paused 111us total 105.994ms
01-30 16:04:33.119   987  1142 E QMI_FW  : qmi_cci_get_ref: ref count increased 2
01-30 16:04:36.615  2943  2943 I chatty  : uid=1000(system) expire 35 lines
01-30 16:04:36.892  2943  2944 I chatty  : uid=1000(system) expire 1 line
01-30 16:04:36.899  2943  2943 E improveTouch: [DSPTouchProcessor:823] deInit: invalid state (current = 0)
01-30 16:04:36.899  2943  2943 D improveTouch: [DSPTouchProcessor:827] deInit: X pa_utf_ret = 1, ret = 1073741835
01-30 16:04:36.899  2943  2943 E improveTouch: [TouchServer:83] delete event injector
01-30 16:04:36.899  2943  2943 E improveTouch: [TouchServer:87] delete config management
01-30 16:04:36.900  2943  2943 E improveTouch: [TouchServer:90] fail to start daemon
01-30 16:04:36.900  2943  2943 E improveTouch: [Main:169] fail to initiate touch server
01-30 16:04:36.949   987  1142 E QMI_FW  : qmi_cci_get_ref: ref count increased 2
01-30 16:04:37.382  1748  1765 I m.android.phon: Background concurrent copying GC freed 1541(173KB) AllocSpace objects, 0(0B) LOS objects, 87% free, 2699KB/20MB, paused 130us total 122.063ms
01-30 16:04:41.838  2946  2946 I chatty  : uid=1000(system) expire 27 lines
01-30 16:04:42.105  2946  2947 I chatty  : uid=1000(system) expire 1 line
01-30 16:04:42.106  2946  2946 I chatty  : uid=1000(system) expire 8 lines
01-30 16:04:42.106  2946  2946 E improveTouch: [DSPTouchProcessor:823] deInit: invalid state (current = 0)
01-30 16:04:42.106  2946  2946 D improveTouch: [DSPTouchProcessor:827] deInit: X pa_utf_ret = 1, ret = 1073741835
01-30 16:04:42.106  2946  2946 E improveTouch: [TouchServer:83] delete event injector
01-30 16:04:42.106  2946  2946 E improveTouch: [TouchServer:87] delete config management
01-30 16:04:42.107  2946  2946 E improveTouch: [TouchServer:90] fail to start daemon
01-30 16:04:42.108  2946  2946 E improveTouch: [Main:169] fail to initiate touch server
01-30 16:04:42.396  2255  2306 I .redbend.clien: Background concurrent copying GC freed 301(65KB) AllocSpace objects, 8(416KB) LOS objects, 89% free, 2090KB/20MB, paused 111us total 129.570ms
01-30 16:04:44.639   987  1142 E QMI_FW  : qmi_cci_get_ref: ref count increased 2
01-30 16:04:46.634  2948  2948 I chatty  : uid=1000(system) expire 27 lines
01-30 16:04:46.893  2948  2949 I chatty  : uid=1000(system) expire 1 line
01-30 16:04:46.894  2948  2948 I chatty  : uid=1000(system) expire 4 lines
01-30 16:04:46.894  2948  2948 E improveTouch: [TouchServer:71] delete event monitor
01-30 16:04:46.894  2948  2948 E improveTouch: [TouchServer:75] delete controller
01-30 16:04:46.894  2948  2948 E improveTouch: [TouchServer:79] delete touch processor
01-30 16:04:46.894  2948  2948 D improveTouch: [DSPTouchProcessor:807] deInit: E
01-30 16:04:46.894  2948  2948 E improveTouch: [DSPTouchProcessor:823] deInit: invalid state (current = 0)
01-30 16:04:46.894  2948  2948 D improveTouch: [DSPTouchProcessor:827] deInit: X pa_utf_ret = 1, ret = 1073741835
01-30 16:04:46.894  2948  2948 E improveTouch: [TouchServer:83] delete event injector
01-30 16:04:46.895  2948  2948 E improveTouch: [TouchServer:87] delete config management
01-30 16:04:46.896  2948  2948 E improveTouch: [TouchServer:90] fail to start daemon
01-30 16:04:46.896  2948  2948 E improveTouch: [Main:169] fail to initiate touch server
01-30 16:04:47.514  2263  2284 I alcomm.locatio: Background concurrent copying GC freed 11(48KB) AllocSpace objects, 0(0B) LOS objects, 91% free, 1781KB/19MB, paused 117us total 241.549ms
01-30 16:04:48.479   987  1142 E QMI_FW  : qmi_cci_get_ref: ref count increased 2
