01-29 14:32:48.583  1089  1177 I DreamController: Stopping dream: name=ComponentInfo{com.android.systemui/com.android.systemui.doze.DozeService}, isTest=false, canDoze=true, userId=0, reason='finished self'(from 'requested stopDream')
01-29 14:32:48.602  1089  1089 W Looper  : Slow dispatch took 234ms main h=android.app.ActivityThread$H c=android.app.-$$Lambda$LoadedApk$ReceiverDispatcher$Args$_BumDX2UKsnxLVrE6UJsJZkotuA@ffe3ef0 m=0
01-29 14:32:48.621  1089  1089 W Looper  : Slow delivery took 200ms main h=android.app.ActivityThread$H c=android.app.-$$Lambda$LoadedApk$ReceiverDispatcher$Args$_BumDX2UKsnxLVrE6UJsJZkotuA@40e1c69 m=0
01-29 14:32:49.125  1089  1089 W Looper  : Slow dispatch took 315ms main h=com.android.server.job.JobSchedulerService$JobHandler c=null m=0
01-29 14:32:49.199  1089  1089 W Looper  : Drained
01-29 14:32:49.776  1089  1310 I ActivityManager: Process com.google.android.gms (pid 321) has died: cch+15 CEM 
01-29 14:32:49.801  1089  1310 W ActivityManager: Scheduling restart of crashed service com.google.android.gms/.ads.identifier.service.AdvertisingIdService in 1000ms for connection
01-29 14:32:50.214  1089  2461 I ActivityManager: Process com.jio.myjio (pid 2926) has died: fg  RCVR
01-29 14:32:50.355  1089  1177 D UsbDeviceManager: Clear notification
01-29 14:32:50.393  1089  1189 D CompatibilityChangeReporter: Compat change id reported: 135634846; UID 10079; state: DISABLED
01-29 14:32:50.395  1089  1190 D CompatibilityChangeReporter: Compat change id reported: 143937733; UID 10079; state: ENABLED
01-29 14:32:50.476  1089  1190 W ActivityManager: Slow operation: 86ms so far, now at startProcess: returned from zygote!
01-29 14:32:50.476  1089  1190 W ActivityManager: Slow operation: 86ms so far, now at startProcess: done updating battery stats
01-29 14:32:50.477  1089  1190 W ActivityManager: Slow operation: 87ms so far, now at startProcess: building log message
01-29 14:32:50.477  1089  1190 I ActivityManager: Start proc 2647:android.process.media/u0a79 for broadcast {com.android.mtp/com.android.mtp.MtpReceiver}
01-29 14:32:50.477  1089  1190 W ActivityManager: Slow operation: 87ms so far, now at startProcess: starting to update pids map
01-29 14:32:50.478  1089  1190 W ActivityManager: Slow operation: 88ms so far, now at startProcess: done updating pids map
01-29 14:32:52.067  1089  2645 I ActivityManager: Low on memory:
01-29 14:32:52.068  1089  2645 I ActivityManager:   ntv   ??   30665: surfaceflinger (   19,096K memtrack) (pid 504) native
01-29 14:32:52.068  1089  2645 I ActivityManager:   ntv   ??   18286: android.hardware.camera.provider@2.4-service (pid 482) native
01-29 14:32:52.068  1089  2645 I ActivityManager:   ntv   ??   14254: zygote (pid 396) native
01-29 14:32:52.068  1089  2645 I ActivityManager:   ntv   ??   11589: android.hardware.audio.service (pid 480) native
01-29 14:32:52.068  1089  2645 I ActivityManager:   ntv   ??    8226: mediaserver (pid 757) native
01-29 14:32:52.068  1089  2645 I ActivityManager:   ntv   ??    7560: webview_zygote (pid 1612) native
01-29 14:32:52.068  1089  2645 I ActivityManager:   ntv   ??    6342: qcrild (pid 987) native
01-29 14:32:52.068  1089  2645 I ActivityManager:   ntv   ??    5429: audioserver (pid 502) native
01-29 14:32:52.068  1089  2645 I ActivityManager:   ntv   ??    5392: media.extractor (pid 744) native
01-29 14:32:52.068  1089  2645 I ActivityManager:   ntv   ??    3574: media.swcodec (pid 882) native
01-29 14:32:52.068  1089  2645 I ActivityManager:   ntv   ??    3534: cameraserver (pid 723) native
01-29 14:32:52.068  1089  2645 I ActivityManager:   ntv   ??    3359: android.hardware.graphics.composer@2.1-service (pid 484) native
01-29 14:32:52.068  1089  2645 I ActivityManager:   ntv   ??    3175: netmgrd (pid 846) native
01-29 14:32:52.068  1089  2645 I ActivityManager:   ntv   ??    2996: init (pid 1) native
01-29 14:32:52.068  1089  2645 I ActivityManager:   ntv   ??    2485: media.codec (pid 787) native
01-29 14:32:52.068  1089  2645 I ActivityManager:   ntv   ??    2470: android.hardware.gnss@2.1-service-qti (pid 483) native
01-29 14:32:52.068  1089  2645 I ActivityManager:   ntv   ??    2454: netd (pid 395) native
01-29 14:32:52.068  1089  2645 I ActivityManager:   ntv   ??    2258: media.metrics (pid 752) native
01-29 14:32:52.068  1089  2645 I ActivityManager:   ntv   ??    2119: cnd (pid 790) native
01-29 14:32:52.068  1089  2645 I ActivityManager:   ntv   ??    1984: vendor.qti.hardware.perf@2.2-service (pid 495) native
01-29 14:32:52.068  1089  2645 I ActivityManager:   ntv   ??    1948: ims_rtp_daemon (pid 1075) native
01-29 14:32:52.068  1089  2645 I ActivityManager:   ntv   ??    1936: android.hardware.sensors@1.0-service (pid 491) native
01-29 14:32:52.068  1089  2645 I ActivityManager:   ntv   ??    1858: imsdatadaemon (pid 939) native
01-29 14:32:52.068  1089  2645 I ActivityManager:   ntv   ??    1732: imsrcsd (pid 1006) native
01-29 14:32:52.068  1089  2645 I ActivityManager:   ntv   ??    1720: ueventd (pid 280) native
01-29 14:32:52.068  1089  2645 I ActivityManager:   ntv   ??    1642: installd (pid 734) native
01-29 14:32:52.068  1089  2645 I ActivityManager:   ntv   ??    1586: statsd (pid 394) native
01-29 14:32:52.068  1089  2645 I ActivityManager:   ntv   ??    1578: android.hardware.bluetooth@1.0-service-qti-lazy (pid 3020) native
01-29 14:32:52.068  1089  2645 I ActivityManager:   ntv   ??    1556: logd (pid 294) native
01-29 14:32:52.068  1089  2645 I ActivityManager:   ntv   ??    1520: lowi-server (pid 909) native
01-29 14:32:52.068  1089  2645 I ActivityManager:   ntv   ??    1487: vold (pid 331) native
01-29 14:32:52.068  1089  2645 I ActivityManager:   ntv   ??    1465: init (pid 277) native
01-29 14:32:52.068  1089  2645 I ActivityManager:   ntv   ??    1395: xtra-daemon (pid 910) native
01-29 14:32:52.068  1089  2645 I ActivityManager:   ntv   ??    1342: thermal-engine (pid 2036) native
01-29 14:32:52.068  1089  2645 I ActivityManager:   ntv   ??    1254: android.hardware.wifi@1.0-service (pid 492) native
01-29 14:32:52.068  1089  2645 I ActivityManager:   ntv   ??    1250: vendor.qti.hardware.display.allocator-service (pid 493) native
01-29 14:32:52.068  1089  2645 I ActivityManager:   ntv   ??    1243: storaged (pid 767) native
01-29 14:32:52.068  1089  2645 I ActivityManager:   ntv   ??    1156: wificond (pid 772) native
01-29 14:32:52.068  1089  2645 I ActivityManager:   ntv   ??    1155: qseecomd (pid 344) native
01-29 14:32:52.068  1089  2645 I ActivityManager:   ntv   ??    1134: sensors.qti (pid 522) native
01-29 14:32:52.068  1089  2645 I ActivityManager:   ntv   ??    1086: gpuservice (pid 503) native
01-29 14:32:52.068  1089  2645 I ActivityManager:   ntv   ??    1083: adbd (pid 2087) native
01-29 14:32:52.068  1089  2645 I ActivityManager:   ntv   ??    1081: qti (pid 1022) native
01-29 14:32:52.068  1089  2645 I ActivityManager:   ntv   ??    1077: perfservice (pid 776) native
01-29 14:32:52.068  1089  2645 I ActivityManager:   ntv   ??    1075: keystore (pid 737) native
01-29 14:32:52.068  1089  2645 I ActivityManager:   ntv   ??    1010: android.hardware.power-service (pid 490) native
01-29 14:32:52.068  1089  2645 I ActivityManager:   ntv   ??     979: hwservicemanager (pid 297) native
01-29 14:32:52.068  1089  2645 I ActivityManager:   ntv   ??     972: gatekeeperd (pid 890) native
01-29 14:32:52.068  1089  2645 I ActivityManager:   ntv   ??     963: drmserver (pid 724) native
01-29 14:32:52.068  1089  2645 I ActivityManager:   ntv   ??     957: servicemanager (pid 296) native
01-29 14:32:52.068  1089  2645 I ActivityManager:   ntv   ??     956: imsqmidaemon (pid 805) native
01-29 14:32:52.068  1089  2645 I ActivityManager:   ntv   ??     901: android.hardware.keymaster@4.1-service-qti (pid 306) native
01-29 14:32:52.068  1089  2645 I ActivityManager:   ntv   ??     894: android.hardware.health@2.1-service (pid 487) native
01-29 14:32:52.068  1089  2645 I ActivityManager:   ntv   ??     871: incidentd (pid 732) native
01-29 14:32:52.068  1089  2645 I ActivityManager:   ntv   ??     870: vendor.qti.hardware.vibrator.service (pid 496) native
01-29 14:32:52.068  1089  2645 I ActivityManager:   ntv   ??     866: pm-service (pid 501) native
01-29 14:32:52.068  1089  2645 I ActivityManager:   ntv   ??     861: android.system.suspend@1.0-service (pid 356) native
01-29 14:32:52.068  1089  2645 I ActivityManager:   ntv   ??     849: android.hardware.lights-service.qti (pid 488) native
01-29 14:32:52.068  1089  2645 I ActivityManager:   ntv   ??     845: android.hardware.gatekeeper@1.0-service-qti (pid 358) native
01-29 14:32:52.068  1089  2645 I ActivityManager:   ntv   ??     843: adsprpcd (pid 869) native
01-29 14:32:52.068  1089  2645 I ActivityManager:   ntv   ??     837: lmkd (pid 295) native
01-29 14:32:52.068  1089  2645 I ActivityManager:   ntv   ??     830: vendor.qti.hardware.qseecom@1.0-service (pid 309) native
01-29 14:32:52.068  1089  2645 I ActivityManager:   ntv   ??     818: port-bridge (pid 848) native
01-29 14:32:52.068  1089  2645 I ActivityManager:   ntv   ??     813: dspservice (pid 494) native
01-29 14:32:52.068  1089  2645 I ActivityManager:   ntv   ??     807: time_daemon (pid 389) native
01-29 14:32:52.068  1089  2645 I ActivityManager:   ntv   ??     789: loc_launcher (pid 886) native
01-29 14:32:52.068  1089  2645 I ActivityManager:   ntv   ??     783: vndservicemanager (pid 298) native
01-29 14:32:52.068  1089  2645 I ActivityManager:   ntv   ??     782: android.hardware.memtrack@1.0-service (pid 489) native
01-29 14:32:52.068  1089  2645 I ActivityManager:   ntv   ??     776: android.hardware.atrace@1.0-service (pid 357) native
01-29 14:32:52.068  1089  2645 I ActivityManager:   ntv   ??     773: pm-proxy (pid 617) native
01-29 14:32:52.068  1089  2645 I ActivityManager:   ntv   ??     768: rmt_storage (pid 506) native
01-29 14:32:52.068  1089  2645 I ActivityManager:   ntv   ??     736: wcnss_service (pid 719) native
01-29 14:32:52.068  1089  2645 I ActivityManager:   ntv   ??     663: tftp_server (pid 507) native
01-29 14:32:52.068  1089  2645 I ActivityManager:   ntv   ??     585: android.hidl.allocator@1.0-service (pid 481) native
01-29 14:32:52.068  1089  2645 I ActivityManager:   ntv   ??     582: qrtr-ns (pid 618) native
01-29 14:32:52.068  1089  2645 I ActivityManager:   ntv   ??     575: traced (pid 626) native
01-29 14:32:52.068  1089  2645 I ActivityManager:   ntv   ??    2704: (Other native)
01-29 14:32:52.068  1089  2645 I ActivityManager:   sys    PER    82626: system (    5,472K memtrack) (pid 1089) fixed
01-29 14:32:52.068  1089  2645 I ActivityManager:   pers   PERU   62929: com.android.systemui (   14,912K memtrack) (pid 1482) pers-top-ui
01-29 14:32:52.068  1089  2645 I ActivityManager:   pers   PER    13696: com.android.phone (pid 1748) fixed
01-29 14:32:52.068  1089  2645 I ActivityManager:   pers   PER    12350: com.redbend.client (pid 2255) fixed
01-29 14:32:52.068  1089  2645 I ActivityManager:   pers   PER    11402: com.jio.adc.embedded (pid 2275) fixed
01-29 14:32:52.068  1089  2645 I ActivityManager:   pers   PER    10373: com.qualcomm.location (pid 2263) fixed
01-29 14:32:52.068  1089  2645 I ActivityManager:   pers   PER     5559: org.codeaurora.ims (pid 1727) fixed
01-29 14:32:52.068  1089  2645 I ActivityManager:   pers   PER     5200: .qtidataservices (pid 1680) fixed
01-29 14:32:52.068  1089  2645 I ActivityManager:   pers   PER     4528: com.qualcomm.qti.telephonyservice (pid 1705) fixed
01-29 14:32:52.068  1089  2645 I ActivityManager:   pers   PER     4393: .dataservices (pid 1632) fixed
01-29 14:32:52.068  1089  2645 I ActivityManager:   psvc   PER     9578: com.android.bluetooth (pid 811) service
01-29 14:32:52.068  1089  2645 I ActivityManager:                        com.android.bluetooth/.gatt.GattService<=Proc{1089:system/1000}
01-29 14:32:52.068  1089  2645 I ActivityManager:   psvc   PER     8426: com.android.providers.media.module (pid 2212) service
01-29 14:32:52.068  1089  2645 I ActivityManager:                        com.android.providers.media.module/com.android.providers.media.fuse.ExternalStorageServiceImpl<=Proc{1089:system/1000}
01-29 14:32:52.068  1089  2645 I ActivityManager:   fg     BFGS   18434: com.android.launcher3 (    1,380K memtrack) (pid 2132) service
01-29 14:32:52.068  1089  2645 I ActivityManager:                        com.android.launcher3/com.android.quickstep.TouchInteractionService<=Proc{1482:com.android.systemui/u0a154}
01-29 14:32:52.068  1089  2645 I ActivityManager:   vis    BFGS   41179: com.google.android.gms.persistent (pid 1237) service
01-29 14:32:52.068  1089  2645 I ActivityManager:                        com.google.android.gms/.chimera.PersistentBoundBrokerService<=Proc{1089:system/1000}
01-29 14:32:52.068  1089  2645 I ActivityManager:   vis    BFGS   21405: com.android.systemui:screenshot (    4,372K memtrack) (pid 3492) service
01-29 14:32:52.068  1089  2645 I ActivityManager:                        com.android.systemui/.screenshot.TakeScreenshotService<=Proc{1089:system/1000}
01-29 14:32:52.068  1089  2645 I ActivityManager:   vis    BFGS    5148: com.google.android.ext.services (pid 1790) service
01-29 14:32:52.068  1089  2645 I ActivityManager:                        com.google.android.ext.services/android.ext.services.notification.Assistant<=Proc{1089:system/1000}
01-29 14:32:52.068  1089  2645 I ActivityManager:   vis    IMPF    4394: com.qualcomm.qcrilmsgtunnel (pid 2499) service
01-29 14:32:52.068  1089  2645 I ActivityManager:                        com.qualcomm.qcrilmsgtunnel/.QcrilMsgTunnelService<=Proc{1748:com.android.phone/1001}
01-29 14:32:52.068  1089  2645 I ActivityManager:   prcp   IMPB   20795: com.google.android.inputmethod.latin (pid 1577) service
01-29 14:32:52.068  1089  2645 I ActivityManager:                        com.google.android.inputmethod.latin/com.android.inputmethod.latin.LatinIME<=Proc{1089:system/1000}
01-29 14:32:52.068  1089  2645 I ActivityManager:   svc    SVC     6484: com.qti.diagservices (pid 1346) started-services
01-29 14:32:52.068  1089  2645 I ActivityManager:             550667: TOTAL (   45,232K memtrack)
01-29 14:32:52.068  1089  2645 I ActivityManager:   MemInfo:   102,772K slab,     6,020K shmem,    16,576K vm alloc,    21,464K page tables    14,016K kernel stack
01-29 14:32:52.068  1089  2645 I ActivityManager:                  448K buffers,   127,136K cached,    81,864K mapped,    58,256K free
01-29 14:32:52.068  1089  2645 I ActivityManager:   ZRAM:    81,452K RAM,   786,428K swap total,   527,644K swap free
01-29 14:32:52.068  1089  2645 I ActivityManager:   Free RAM:   135,860K
01-29 14:32:52.068  1089  2645 I ActivityManager:        ION:    58,932K
01-29 14:32:52.068  1089  2645 I ActivityManager:   Used RAM:   738,563K
01-29 14:32:52.068  1089  2645 I ActivityManager:   Lost RAM:   151,012K
01-29 14:32:52.217  1089  2645 I DropBoxManagerService: add tag=system_server_lowmem isTagEnabled=true flags=0x2
01-29 14:32:52.245  1089  1189 W BroadcastQueue: Background execution not allowed: receiving Intent { act=android.intent.action.DROPBOX_ENTRY_ADDED flg=0x10 (has extras) } to com.google.android.gms/.stats.service.DropBoxEntryAddedReceiver
01-29 14:32:52.662  1089  2461 I ActivityManager: Process android.process.media (pid 2647) has died: cch+5 CEM 
01-29 14:32:58.869  1089  1189 W BroadcastQueue: Background execution not allowed: receiving Intent { act=android.net.wifi.SCAN_RESULTS flg=0x4000010 (has extras) } to com.jio.myjio/.jionet.receiver.WifiScanReceiver
01-29 14:33:12.662  1089  1215 V DisplayPowerController: Brightness [0.05] reason changing to: 'manual [ dim ]', previous reason: 'manual'.
01-29 14:33:14.628  1089  1215 I PowerManagerService: Going to sleep due to timeout (uid 1000)...
01-29 14:33:14.694  1089  1215 I DisplayPowerController: Blocking screen off
01-29 14:33:14.720  1089  1215 I DisplayPowerController: Unblocked screen off after 26 ms
01-29 14:33:14.914  1089  1215 V DisplayPowerController: Brightness [-1.0] reason changing to: 'screen_off', previous reason: 'manual [ dim ]'.
01-29 14:33:14.923  1089  1205 E KernelCpuSpeedReader: Failed to read cpu-freq: /sys/devices/system/cpu/cpu0/cpufreq/stats/time_in_state: open failed: ENOENT (No such file or directory)
01-29 14:33:14.945  1089  1180 I DisplayManagerService: Display device changed state: "Built-in Screen", OFF
01-29 14:33:15.211  1089  1215 I DreamManagerService: Entering dreamland.
01-29 14:33:15.213  1089  1215 I PowerManagerService: Dozing...
01-29 14:33:15.222  1089  1177 I DreamController: Starting dream: name=ComponentInfo{com.android.systemui/com.android.systemui.doze.DozeService}, isTest=false, canDoze=true, userId=0
01-29 14:33:48.710  1089  1215 I PowerManagerService: Waking up from Dozing (uid=1000, reason=WAKE_REASON_PLUGGED_IN, details=android.server.power:PLUGGED:true)...
01-29 14:33:48.718  1089  1179 I EntropyMixer: Writing entropy...
01-29 14:33:48.725  1089  1189 W BroadcastQueue: Background execution not allowed: receiving Intent { act=android.intent.action.ACTION_POWER_CONNECTED flg=0x4000010 (has extras) } to com.google.android.gms/.chimera.GmsIntentOperationService$PersistentTrustedReceiver
01-29 14:33:48.725  1089  1189 W BroadcastQueue: Background execution not allowed: receiving Intent { act=android.intent.action.ACTION_POWER_CONNECTED flg=0x4000010 (has extras) } to com.google.android.gms/.gcm.nts.SchedulerReceiver
01-29 14:33:48.726  1089  1189 W BroadcastQueue: Background execution not allowed: receiving Intent { act=android.intent.action.ACTION_POWER_CONNECTED flg=0x4000010 (has extras) } to com.jio.myjio/com.inn.passivesdk.receiver.ServiceStarterReceiver
01-29 14:33:48.915  1089  1215 I DisplayPowerController: Blocking screen on until initial contents have been drawn.
01-29 14:33:48.927  1089  1089 W Looper  : Slow dispatch took 188ms main h=com.android.server.power.Notifier$NotifierHandler c=com.android.server.power.Notifier$1@dd087e8 m=0
01-29 14:33:48.928  1089  1089 W Looper  : Slow delivery took 214ms main h=android.os.Handler c=null m=3030
01-29 14:33:48.929  1089  1178 W Looper  : Slow dispatch took 177ms android.ui h=com.android.server.am.ActivityManagerService$UiHandler c=null m=31
01-29 14:33:48.929  1089  1215 V DisplayPowerController: Brightness [0.52755904] reason changing to: 'manual', previous reason: 'screen_off'.
01-29 14:33:48.935  1089  1180 I DisplayManagerService: Display device changed state: "Built-in Screen", ON
01-29 14:33:49.132  1089  1215 I DisplayPowerController: Unblocked screen on after 217 ms
01-29 14:33:49.157  1089  1177 D UsbDeviceManager: push notification:USB file transfer turned on
01-29 14:33:49.162  1089  1215 W PowerManagerService: Screen on took 452 ms
01-29 14:33:49.162  1089  1215 I DreamManagerService: Gently waking up from dream.
01-29 14:33:49.179  1089  1177 I DreamManagerService: Performing gentle wake from dream.
01-29 14:33:49.189  1089  2130 D CompatibilityChangeReporter: Compat change id reported: 135634846; UID 10127; state: DISABLED
01-29 14:33:49.190  1089  1190 D CompatibilityChangeReporter: Compat change id reported: 143937733; UID 10127; state: ENABLED
01-29 14:33:49.224  1089  1241 I DreamManagerService: Leaving dreamland.
01-29 14:33:49.225  1089  1177 I DreamManagerService: Performing gentle wake from dream.
01-29 14:33:49.225  1089  1177 I DreamController: Stopping dream: name=ComponentInfo{com.android.systemui/com.android.systemui.doze.DozeService}, isTest=false, canDoze=true, userId=0, reason='finished self'(from 'requested stopDream')
01-29 14:33:49.266  1089  1190 W ActivityManager: Slow operation: 78ms so far, now at startProcess: returned from zygote!
01-29 14:33:49.266  1089  1190 W ActivityManager: Slow operation: 79ms so far, now at startProcess: done updating battery stats
01-29 14:33:49.267  1089  1190 W ActivityManager: Slow operation: 79ms so far, now at startProcess: building log message
01-29 14:33:49.267  1089  1190 I ActivityManager: Start proc 2711:com.google.android.gms/u0a127 for service {com.google.android.gms/com.google.android.gms.chimera.GmsIntentOperationService}
01-29 14:33:49.267  1089  1190 W ActivityManager: Slow operation: 79ms so far, now at startProcess: starting to update pids map
01-29 14:33:49.267  1089  1190 W ActivityManager: Slow operation: 80ms so far, now at startProcess: done updating pids map
01-29 14:33:49.470  1089  1089 W Looper  : Slow dispatch took 446ms main h=com.android.server.power.Notifier$NotifierHandler c=null m=6
01-29 14:33:49.529  1089  1205 E KernelCpuSpeedReader: Failed to read cpu-freq: /sys/devices/system/cpu/cpu0/cpufreq/stats/time_in_state: open failed: ENOENT (No such file or directory)
01-29 14:33:49.767  1089  1089 W Looper  : Slow dispatch took 165ms main h=android.app.ActivityThread$H c=android.app.-$$Lambda$LoadedApk$ReceiverDispatcher$Args$_BumDX2UKsnxLVrE6UJsJZkotuA@41a00ec m=0
01-29 14:33:49.804  1089  1816 W ActivityManager: Slow operation: 80ms so far, now at attachApplicationLocked: after mServices.attachApplicationLocked
01-29 14:33:49.816  1089  1205 E KernelCpuSpeedReader: Failed to read cpu-freq: /sys/devices/system/cpu/cpu0/cpufreq/stats/time_in_state: open failed: ENOENT (No such file or directory)
01-29 14:33:50.113  1089  1089 W Looper  : Slow dispatch took 299ms main h=android.app.ActivityThread$H c=android.app.-$$Lambda$LoadedApk$ReceiverDispatcher$Args$_BumDX2UKsnxLVrE6UJsJZkotuA@309f1ee m=0
01-29 14:33:50.119  1089  1189 D CompatibilityChangeReporter: Compat change id reported: 135634846; UID 10150; state: DISABLED
01-29 14:33:50.120  1089  1190 D CompatibilityChangeReporter: Compat change id reported: 143937733; UID 10150; state: ENABLED
01-29 14:33:50.170  1089  1089 W NotificationHistory: Attempted to add notif for locked/gone/disabled user 0
01-29 14:33:50.178  1089  1190 W ActivityManager: Slow operation: 60ms so far, now at startProcess: returned from zygote!
01-29 14:33:50.178  1089  1190 W ActivityManager: Slow operation: 61ms so far, now at startProcess: done updating battery stats
01-29 14:33:50.180  1089  1190 W ActivityManager: Slow operation: 62ms so far, now at startProcess: building log message
01-29 14:33:50.180  1089  1190 I ActivityManager: Start proc 2743:com.android.cellbroadcastreceiver/u0a150 for broadcast {com.android.cellbroadcastreceiver/com.android.cellbroadcastreceiver.CellBroadcastReceiver}
01-29 14:33:50.180  1089  1190 W ActivityManager: Slow operation: 62ms so far, now at startProcess: starting to update pids map
01-29 14:33:50.181  1089  1190 W ActivityManager: Slow operation: 64ms so far, now at startProcess: done updating pids map
01-29 14:33:50.234  1089  1089 W NotificationHistory: Attempted to add notif for locked/gone/disabled user 0
01-29 14:33:50.524  1089  1089 D CompatibilityChangeReporter: Compat change id reported: 135634846; UID 10087; state: DISABLED
01-29 14:33:50.524  1089  1190 D CompatibilityChangeReporter: Compat change id reported: 143937733; UID 10087; state: DISABLED
01-29 14:33:50.543  1089  1089 W Looper  : Slow dispatch took 168ms main h=com.android.server.job.JobSchedulerService$JobHandler c=null m=0
01-29 14:33:50.567  1089  1089 W Looper  : Drained
01-29 14:33:50.599  1089  1190 W ActivityManager: Slow operation: 77ms so far, now at startProcess: returned from zygote!
01-29 14:33:50.646  1089  1190 W ActivityManager: Slow operation: 124ms so far, now at startProcess: done updating battery stats
01-29 14:33:50.646  1089  1190 W ActivityManager: Slow operation: 124ms so far, now at startProcess: building log message
01-29 14:33:50.646  1089  1190 I ActivityManager: Start proc 2774:com.jio.myjio/u0a87 for service {com.jio.myjio/com.madme.mobile.sdk.service.LSJobService}
01-29 14:33:50.647  1089  1190 W ActivityManager: Slow operation: 124ms so far, now at startProcess: starting to update pids map
01-29 14:33:50.647  1089  1190 W ActivityManager: Slow operation: 125ms so far, now at startProcess: done updating pids map
01-29 14:33:50.994  1089   382 D CompatibilityChangeReporter: Compat change id reported: 135634846; UID 10079; state: DISABLED
01-29 14:33:50.999  1089  1190 D CompatibilityChangeReporter: Compat change id reported: 143937733; UID 10079; state: ENABLED
01-29 14:33:51.097  1089  1190 W ActivityManager: Slow operation: 103ms so far, now at startProcess: returned from zygote!
01-29 14:33:51.098  1089  1190 W ActivityManager: Slow operation: 104ms so far, now at startProcess: done updating battery stats
01-29 14:33:51.098  1089  1190 W ActivityManager: Slow operation: 105ms so far, now at startProcess: building log message
01-29 14:33:51.098  1089  1190 I ActivityManager: Start proc 2805:android.process.media/u0a79 for broadcast {com.android.mtp/com.android.mtp.MtpReceiver}
01-29 14:33:51.099  1089  1190 W ActivityManager: Slow operation: 105ms so far, now at startProcess: starting to update pids map
01-29 14:33:51.099  1089  1190 W ActivityManager: Slow operation: 105ms so far, now at startProcess: done updating pids map
01-29 14:33:51.353  1089  1148 W ActivityManager: Slow operation: 140ms so far, now at attachApplicationLocked: before bindApplication
01-29 14:33:51.355  1089  1148 W ActivityManager: Slow operation: 142ms so far, now at attachApplicationLocked: immediately before bindApplication
01-29 14:33:51.361  1089  1148 W ActivityManager: Slow operation: 148ms so far, now at attachApplicationLocked: immediately after bindApplication
01-29 14:33:51.361  1089  1148 W ActivityManager: Slow operation: 148ms so far, now at attachApplicationLocked: after updateLruProcessLocked
01-29 14:33:51.362  1089  1148 W ActivityManager: Slow operation: 149ms so far, now at attachApplicationLocked: after mServices.attachApplicationLocked
01-29 14:33:51.374  1089  1148 W ActivityManager: Slow operation: 161ms so far, now at attachApplicationLocked: after sendPendingBroadcastsLocked
01-29 14:33:52.532  1089  1148 I ActivityManager: Process com.android.cellbroadcastreceiver (pid 2743) has died: cch+5 CEM 
01-29 14:33:56.782  1089  2130 I ActivityManager: Process com.qti.diagservices (pid 1346) has died: svcb SVC 
01-29 14:33:56.789  1089  2130 W ActivityManager: Scheduling restart of crashed service com.qti.diagservices/.QTIDiagServices in 1000ms for start-requested
01-29 14:33:57.806  1089  1189 D CompatibilityChangeReporter: Compat change id reported: 135634846; UID 1000; state: DISABLED
01-29 14:33:57.879  1089  1190 W ActivityManager: Slow operation: 81ms so far, now at startProcess: returned from zygote!
01-29 14:33:57.880  1089  1190 W ActivityManager: Slow operation: 81ms so far, now at startProcess: done updating battery stats
01-29 14:33:57.880  1089  1190 W ActivityManager: Slow operation: 82ms so far, now at startProcess: building log message
01-29 14:33:57.881  1089  1190 I ActivityManager: Start proc 2944:com.qti.diagservices/1000 for service {com.qti.diagservices/com.qti.diagservices.QTIDiagServices}
01-29 14:33:57.881  1089  1190 W ActivityManager: Slow operation: 82ms so far, now at startProcess: starting to update pids map
01-29 14:33:57.881  1089  1190 W ActivityManager: Slow operation: 83ms so far, now at startProcess: done updating pids map
01-29 14:33:58.673  1089  1148 D CompatibilityChangeReporter: Compat change id reported: 135634846; UID 10127; state: DISABLED
01-29 14:33:58.676  1089  1190 D CompatibilityChangeReporter: Compat change id reported: 143937733; UID 10127; state: ENABLED
01-29 14:33:58.718  1089  1215 V DisplayPowerController: Brightness [0.05] reason changing to: 'manual [ dim ]', previous reason: 'manual'.
01-29 14:33:58.756  1089  1190 W ActivityManager: Slow operation: 86ms so far, now at startProcess: returned from zygote!
01-29 14:33:58.757  1089  1190 W ActivityManager: Slow operation: 86ms so far, now at startProcess: done updating battery stats
01-29 14:33:58.758  1089  1190 W ActivityManager: Slow operation: 87ms so far, now at startProcess: building log message
01-29 14:33:58.758  1089  1190 I ActivityManager: Start proc 2981:com.google.process.gservices/u0a127 for content provider {com.google.android.gsf/com.google.android.gsf.gservices.GservicesProvider}
01-29 14:33:58.758  1089  1190 W ActivityManager: Slow operation: 88ms so far, now at startProcess: starting to update pids map
01-29 14:33:58.760  1089  1190 W ActivityManager: Slow operation: 90ms so far, now at startProcess: done updating pids map
01-29 14:33:58.973  1089  1178 W Looper  : Slow dispatch took 119ms android.ui h=com.android.server.am.ActivityManagerService$UiHandler c=null m=68
01-29 14:34:00.688  1089  1215 I PowerManagerService: Going to sleep due to timeout (uid 1000)...
01-29 14:34:00.712  1089  1189 W BroadcastQueue: Background execution not allowed: receiving Intent { act=android.net.wifi.SCAN_RESULTS flg=0x4000010 (has extras) } to com.jio.myjio/.jionet.receiver.WifiScanReceiver
01-29 14:34:00.733  1089  1215 I DisplayPowerController: Blocking screen off
01-29 14:34:00.778  1089  1215 I DisplayPowerController: Unblocked screen off after 46 ms
01-29 14:34:00.863  1089  1215 V DisplayPowerController: Brightness [-1.0] reason changing to: 'screen_off', previous reason: 'manual [ dim ]'.
01-29 14:34:00.866  1089  1180 I DisplayManagerService: Display device changed state: "Built-in Screen", OFF
01-29 14:34:00.876  1089  1205 E KernelCpuSpeedReader: Failed to read cpu-freq: /sys/devices/system/cpu/cpu0/cpufreq/stats/time_in_state: open failed: ENOENT (No such file or directory)
01-29 14:34:01.161  1089  1215 I DreamManagerService: Entering dreamland.
01-29 14:34:01.165  1089  1215 I PowerManagerService: Dozing...
01-29 14:34:01.189  1089  1148 I ActivityManager: Process android.process.media (pid 2805) has died: svcb SVC 
01-29 14:34:01.197  1089  1148 W ActivityManager: Scheduling restart of crashed service com.android.mtp/.MtpService in 15598ms for start-requested
01-29 14:34:01.226  1089  1177 I DreamController: Starting dream: name=ComponentInfo{com.android.systemui/com.android.systemui.doze.DozeService}, isTest=false, canDoze=true, userId=0
--------- beginning of main
01-29 14:34:01.252   811   835 D BtGatt.GattService: unregisterScanner() - scannerId=4
01-29 14:34:01.276   811   921 D BtGatt.GattService: onScanFilterParamsConfigured() - clientIf=4, status=0, action=1, availableSpace=15
01-29 14:34:01.276   811   921 D BtGatt.ScanManager: callback done for scannerId - 4 status - 0
01-29 14:34:01.287   811   921 D BtGatt.GattService: onScanFilterParamsConfigured() - clientIf=4, status=0, action=1, availableSpace=16
01-29 14:34:01.287   811   921 D BtGatt.ScanManager: callback done for scannerId - 4 status - 0
01-29 14:34:01.287   811   932 D BtGatt.ScanManager: configureRegularScanParams() - queue=0
01-29 14:34:01.287   811   932 D BtGatt.ScanManager: configureRegularScanParams() - ScanSetting LE 1M Scan mode=-2147483648ScanSetting LE Coded Scan mode=-2147483648 mLastConfiguredScanSettingLE1M=1 mLastConfiguredScanSettingLECoded=-2147483648scanPhy=1
01-29 14:34:01.287   811   932 D BtGatt.ScanManager: configureRegularScanParams() - queue emtpy, scan stopped
01-29 14:34:01.287   811   932 D BtGatt.ScanManager: configureRegularScanParams() - queue emtpy, scan stopped
01-29 14:34:01.296   811   950 V bt_stack: [VERBOSE1:gatt_api.cc(993)] GATT_Deregister gatt_if=4
01-29 14:34:01.296   811   950 V bt_stack: [VERBOSE1:connection_manager.cc(161)] on_app_deregistered : app_id 0x04
01-29 14:34:01.345  2711  2711 I gle.android.gm: WaitForGcToComplete blocked ClassLinker on HeapTrim for 102.230ms
01-29 14:34:01.366  1482  1482 V KeyguardUpdateMonitor: *** register callback for com.android.systemui.doze.DozeUi$1@5b46afc
01-29 14:34:01.367  1482  1482 V KeyguardUpdateMonitor: *** unregister callback for null
01-29 14:34:01.409  1482  1482 D StatusBar: updateQsExpansionEnabled - QS Expand enabled: false
01-29 14:34:01.419  1482  1870 D KeyguardViewMediator: updateActivityLockScreenState(true, true)
01-29 14:34:01.436  1482  1482 D StatusBar: updateQsExpansionEnabled - QS Expand enabled: false
01-29 14:34:01.438  1089   382 W ActivityManager: Unable to start service Intent { act=com.google.android.gms.lockbox.service.START pkg=com.google.android.gms } U=0: not found
01-29 14:34:01.439  1089  2130 W ActivityManager: Unbind failed: could not find connection for android.os.BinderProxy@790a3b5
01-29 14:34:01.441  2711  2903 W GmsClient: unable to connect to service: com.google.android.gms.lockbox.service.START on com.google.android.gms
01-29 14:34:01.451  1482  1482 D StatusBar: disable<e i a s b H R c s > disable2<q i n >
01-29 14:34:01.453  1482  1482 D StatusBar: disable<e i a s b H R c s > disable2<q i n >
01-29 14:34:01.454  1482  1482 D KeyguardViewMediator: adjustStatusBarLocked: mShowing=true mOccluded=false isSecure=false force=false --> flags=0x1200000
01-29 14:34:01.478  1482  1482 D KeyguardViewBase: show()
01-29 14:34:01.479  1482  1482 V KeyguardSecurityView: showPrimarySecurityScreen(turningOff=false)
01-29 14:34:01.479  1482  1482 D KeyguardSecurityView: showSecurityScreen(None)
01-29 14:34:01.479  1482  1482 D StatusBar: disable<e i a s b H R c s > disable2<q i n >
01-29 14:34:01.481  1482  1482 D StatusBar: disable<e i a s b H R c s > disable2<q i n >
01-29 14:34:01.499  1482  1482 V KeyguardUpdateMonitor: startListeningForFingerprint()
01-29 14:34:01.501  1482  3252 D KeyguardViewMediator: onFinishedGoingToSleep(3)
01-29 14:34:01.501  1482  3252 D KeyguardViewMediator: notifyFinishedGoingToSleep
01-29 14:34:01.501  1482  3252 E KeyguardViewMediator: resetStateLocked
01-29 14:34:01.519  1089  1384 I chatty  : uid=1000(system) WifiHandlerThre expire 1 line
01-29 14:34:01.563  1482  1482 D KeyguardUpdateMonitor: handleKeyguardReset
01-29 14:34:01.564  1482  1482 V KeyguardUpdateMonitor: startListeningForFingerprint()
01-29 14:34:01.584  1482  1482 D KeyguardViewMediator: handleNotifyFinishedGoingToSleep
01-29 14:34:01.588  2711  2903 W TracingHelper: No RequestContext found in the trace or trace not available. [CONTEXT service_id=259 ratelimit_count=1410065408 ]
01-29 14:34:01.597  1482  1482 D KeyguardViewMediator: handleReset
01-29 14:34:01.604  1482  1482 D StatusBar: disable<e i a s b H R c s > disable2<q i n >
01-29 14:34:01.606  1482  1482 D StatusBar: disable<e i a s b H R c s > disable2<q i n >
01-29 14:34:01.608   480  1041 D audio_hw_primary: adev_set_parameters: enter: screen_state=off
01-29 14:34:01.619  1482  1482 D StatusBar: disable<e i a s b H R c s > disable2<q i n >
01-29 14:34:01.620  1482  1482 D KeyguardViewMediator: adjustStatusBarLocked: mShowing=true mOccluded=false isSecure=false force=false --> flags=0x1200000
01-29 14:34:01.621  1482  1482 D KeyguardViewBase: show()
01-29 14:34:01.624  1482  1482 V KeyguardSecurityView: showPrimarySecurityScreen(turningOff=false)
01-29 14:34:01.625  1482  1482 D KeyguardSecurityView: showSecurityScreen(None)
01-29 14:34:01.629  1482  1482 V KeyguardStatusView: Schedule setEnableMarquee: Disable
01-29 14:34:01.629  1482  1482 V KeyguardStatusView: Disable transport text marquee
01-29 14:34:01.630   480  1041 W sound_trigger_hw: sound_trigger_hw_call_back: Unknown event 17
01-29 14:34:01.632  1482  1482 V KeyguardUpdateMonitor: startListeningForFingerprint()
01-29 14:34:01.650  1089  1089 W Looper  : Slow dispatch took 124ms main h=android.app.ActivityThread$H c=android.app.-$$Lambda$LoadedApk$ReceiverDispatcher$Args$_BumDX2UKsnxLVrE6UJsJZkotuA@e8c99fa m=0
01-29 14:34:01.685   483   565 I chatty  : uid=1021(gps) LocApiMsgTask expire 2 lines
01-29 14:34:01.688   483   951 I chatty  : uid=1021(gps) LocApiMsgTask expire 2 lines
01-29 14:34:01.720  2711  3018 I TetheringManager: registerTetheringEventCallback:com.google.android.gms
01-29 14:34:01.774  1577  1577 I DeviceStatusMonitor: DeviceStatusMonitor$1.onReceive():57 onReceive() : Action = android.intent.action.SCREEN_OFF
01-29 14:34:01.795  2711  3018 W TracingHelper: Mismatched RequestContext found for module MEASUREMENT. Module id from RequestContext is MODULEID_UNKNOWN [CONTEXT service_id=259 ratelimit_count=1410065408 ]
01-29 14:34:01.810  1577  1577 I InputBundle: InputBundle.consumeEvent():961 Skip consuming an event as imeStatus is 0
01-29 14:34:01.839  1577  1577 I DeviceStatusMonitor: DeviceStatusMonitor.updateCountryInfo():117 updateCountryInfo(), notifyAnyway = false
01-29 14:34:01.921  1482  1482 D StatusBar: disable<e i a s b H R c s > disable2<q i n >
01-29 14:34:01.922  1482  1482 D StatusBar: disable<e i a s b H R c s > disable2<q i n >
01-29 14:34:01.939  1482  1482 D KeyguardUpdateMonitor: handleKeyguardReset
01-29 14:34:01.940  1482  1482 V KeyguardUpdateMonitor: startListeningForFingerprint()
01-29 14:34:02.024  1237  1237 D BoundBrokerSvc: onRebind: Intent { act=com.google.android.gms.libs.gmscorelogger.service.START dat=chimera-action: cmp=com.google.android.gms/.chimera.PersistentDirectBootAwareApiService }
01-29 14:34:02.052  1237  1610 I NearbyDiscovery: FastPairHandler: Received action android.intent.action.SCREEN_OFF [CONTEXT service_id=265 ]
01-29 14:34:02.096  1237  1610 I NearbyDiscovery: ApFastPairScanner: isScreenOn=false, isLocationEnabled=true, disableLocationRequirement=false, isDiscoveryScanningEnabled=true, during24GhzWifiWarmingUpPeriod=false [CONTEXT service_id=265 ]
01-29 14:34:02.098  1237  1610 D BluetoothAdapter: isLeEnabled(): BLE_ON
01-29 14:34:02.099  1237  1610 I NearbyDiscovery: ApFastPairScanner: eventType=SCREEN_OFF, intReq=false, scanning=false, scanAllowed=false, bleEnabled=true, lockScanRate=false, startScanningByLowPowerMode=false [CONTEXT service_id=265 ]
01-29 14:34:02.102  1237  1610 I NearbyDiscovery: FastPairController: onSystemStateChanged: skip due to flag disabled [CONTEXT service_id=265 ]
01-29 14:34:02.176  2711  3018 D AdvertisingIdClient: Creating AdvertisingIdClient
01-29 14:34:02.177  2711  3018 D AdvertisingIdClient: AdvertisingIdClient already created.
01-29 14:34:02.178  2711  3018 D AdvertisingIdClient: AdvertisingIdClient is not bounded. Starting to bind it...
01-29 14:34:02.197  1237  1237 D BoundBrokerSvc: onRebind: Intent { act=com.google.android.gms.common.telemetry.service.START dat=chimera-action: cmp=com.google.android.gms/.chimera.PersistentApiService }
01-29 14:34:02.201  2711  3018 D AdvertisingIdClient: AdvertisingIdClient is bounded
01-29 14:34:02.228  2711  3018 I AdvertisingIdClient: shouldSendLog -1
01-29 14:34:02.230  2711  3018 I AdvertisingIdClient: GetInfoInternal elapse 49ms
01-29 14:34:02.245  2711  2711 I AdvertisingIdClient: getting error as 17: API: ClientTelemetry.API is not available on this device. Connection failed with: ConnectionResult{statusCode=API_DISABLED_FOR_CONNECTION, resolution=null, message=null, clientMethodKey=null}
01-29 14:34:02.292   987  1142 E QMI_FW  : qmi_cci_get_ref: ref count increased 2
01-29 14:34:02.335   295   295 I lowmemorykiller: Kill 'com.google.process.gservices' (2981), uid 10127, oom_adj 700 to free 25300kB
01-29 14:34:02.442  1089   382 I ActivityManager: Process com.google.process.gservices (pid 2981) has died: prev LAST
01-29 14:34:02.464   396   396 I Zygote  : Process 2981 exited due to signal 9 (Killed)
01-29 14:34:02.485  1577  1577 I AppBase : AppBase.onTrimMemory():786 onTrimMemory(): 15
01-29 14:34:02.485  1577  1577 I GoogleInputMethodService: GoogleInputMethodService.onTrimMemory():4569 onTrimMemory(): 15
01-29 14:34:03.969  3033  3033 I chatty  : uid=1000(system) expire 34 lines
01-29 14:34:04.242  3033  3034 I chatty  : uid=1000(system) expire 1 line
01-29 14:34:04.244  3033  3033 D improveTouch: [DSPTouchProcessor:807] deInit: E
01-29 14:34:04.244  3033  3033 E improveTouch: [DSPTouchProcessor:823] deInit: invalid state (current = 0)
01-29 14:34:04.244  3033  3033 D improveTouch: [DSPTouchProcessor:827] deInit: X pa_utf_ret = 1, ret = 1073741835
01-29 14:34:04.245  3033  3033 E improveTouch: [TouchServer:83] delete event injector
01-29 14:34:04.245  3033  3033 E improveTouch: [TouchServer:87] delete config management
01-29 14:34:04.246  3033  3033 E improveTouch: [TouchServer:90] fail to start daemon
01-29 14:34:04.247  3033  3033 E improveTouch: [Main:169] fail to initiate touch server
01-29 14:34:06.104   987  1142 E QMI_FW  : qmi_cci_get_ref: ref count increased 2
01-29 14:34:07.253  1237  1237 D BoundBrokerSvc: onUnbind: Intent { act=com.google.android.gms.common.telemetry.service.START dat=chimera-action: cmp=com.google.android.gms/.chimera.PersistentApiService }
01-29 14:34:07.590  1632  1648 W .dataservices: Reducing the number of considered missed Gc histogram windows from 123 to 100
01-29 14:34:08.951  3035  3035 I chatty  : uid=1000(system) expire 34 lines
01-29 14:34:09.212  3035  3036 I chatty  : uid=1000(system) expire 1 line
01-29 14:34:09.213  3035  3035 D improveTouch: [DSPTouchProcessor:807] deInit: E
01-29 14:34:09.213  3035  3035 E improveTouch: [DSPTouchProcessor:823] deInit: invalid state (current = 0)
01-29 14:34:09.213  3035  3035 D improveTouch: [DSPTouchProcessor:827] deInit: X pa_utf_ret = 1, ret = 1073741835
01-29 14:34:09.213  3035  3035 E improveTouch: [TouchServer:83] delete event injector
01-29 14:34:09.213  3035  3035 E improveTouch: [TouchServer:87] delete config management
01-29 14:34:09.214  3035  3035 E improveTouch: [TouchServer:90] fail to start daemon
01-29 14:34:09.215  3035  3035 E improveTouch: [Main:169] fail to initiate touch server
01-29 14:34:09.944   987  1142 E QMI_FW  : qmi_cci_get_ref: ref count increased 2
01-29 14:34:12.037  1237  1382 I NearbyPresence: cqrf verified [==] new request BroadcastEngineRequest:<priority: 400, identityManager: null, broadcastOobContext: BroadcastOobContext:<peerDevice: {}, localUwbCapabilities: {}, peerUwbConnectionInfoMap: {}, tcpServerPort: null, AdvertisementMaps: {}, dedupHint: [-92, -45, 33, 125, -57, 57, -102, 93], isNetworkConnected: false, isBluetoothEnabled false, workSource=WorkSource{}> equals to the old request [CONTEXT service_id=317 ]
01-29 14:34:12.340   297   297 I chatty  : uid=1000(system) hwservicemanage expire 11 lines
01-29 14:34:12.356  2711  2711 D BoundBrokerSvc: onUnbind: Intent { act=com.google.android.gms.measurement.START pkg=com.google.android.gms }
01-29 14:34:13.865  3037  3037 I chatty  : uid=1000(system) expire 34 lines
01-29 14:34:13.985  1680  1697 W qtidataservice: Reducing the number of considered missed Gc histogram windows from 124 to 100
01-29 14:34:14.121  3037  3038 I chatty  : uid=1000(system) expire 1 line
01-29 14:34:14.122  3037  3037 D improveTouch: [DSPTouchProcessor:807] deInit: E
01-29 14:34:14.122  3037  3037 E improveTouch: [DSPTouchProcessor:823] deInit: invalid state (current = 0)
01-29 14:34:14.123  3037  3037 D improveTouch: [DSPTouchProcessor:827] deInit: X pa_utf_ret = 1, ret = 1073741835
01-29 14:34:14.123  3037  3037 E improveTouch: [TouchServer:83] delete event injector
01-29 14:34:14.123  3037  3037 E improveTouch: [TouchServer:87] delete config management
01-29 14:34:14.124  3037  3037 E improveTouch: [TouchServer:90] fail to start daemon
01-29 14:34:14.124  3037  3037 E improveTouch: [Main:169] fail to initiate touch server
01-29 14:34:15.633  2711  2711 D BoundBrokerSvc: onUnbind: Intent { act=com.google.android.gms.checkin.START pkg=com.google.android.gms }
01-29 14:34:16.801  1089  1189 D CompatibilityChangeReporter: Compat change id reported: 135634846; UID 10079; state: DISABLED
01-29 14:34:16.802  1089  1190 D CompatibilityChangeReporter: Compat change id reported: 143937733; UID 10079; state: ENABLED
01-29 14:34:16.840   396   396 D Zygote  : Forked child process 3039
01-29 14:34:16.850  1089  1190 I ActivityManager: Start proc 3039:android.process.media/u0a79 for service {com.android.mtp/com.android.mtp.MtpService}
01-29 14:34:16.851  1089  1190 W ActivityManager: Slow operation: 51ms so far, now at startProcess: done updating pids map
01-29 14:34:17.051   295   295 I lowmemorykiller: Kill 'com.google.android.gms' (2711), uid 10127, oom_adj 905 to free 51660kB
01-29 14:34:17.059  3039  3039 I Zygote  : seccomp disabled by setenforce 0
01-29 14:34:17.169  2087  2114 I adbd    : jdwp connection from 3039
01-29 14:34:17.176   396   396 I Zygote  : Process 2711 exited due to signal 9 (Killed)
01-29 14:34:17.178  1089  4086 I ActivityManager: Process com.google.android.gms (pid 2711) has died: cch+5 CEM 
01-29 14:34:17.184  1237  1237 D BoundBrokerSvc: onUnbind: Intent { act=com.google.android.gms.libs.gmscorelogger.service.START dat=chimera-action: cmp=com.google.android.gms/.chimera.PersistentDirectBootAwareApiService }
01-29 14:34:17.214  1577  1577 I AppBase : AppBase.onTrimMemory():786 onTrimMemory(): 15
01-29 14:34:17.215  1577  1577 I GoogleInputMethodService: GoogleInputMethodService.onTrimMemory():4569 onTrimMemory(): 15
01-29 14:34:17.327  3039  3039 I Perf    : Connecting to perf service.
01-29 14:34:17.337  3039  3039 I d.process.media: type=1400 audit(0.0:11605): avc: denied { call } for scontext=u:r:mediaprovider:s0:c512,c768 tcontext=u:r:hal_perf_default:s0 tclass=binder permissive=1
01-29 14:34:17.361  3039  3039 D NetworkSecurityConfig: No Network Security Config specified, using platform default
01-29 14:34:17.367  3039  3039 D NetworkSecurityConfig: No Network Security Config specified, using platform default
01-29 14:34:17.635  3039  3039 D MtpService: starting MTP server in MTP mode with storage /storage/emulated/0 unlocked as user 0
01-29 14:34:17.658  3039  3039 I MtpService: Couldn't get control FD!
01-29 14:34:17.676  3039  3039 V MtpService: Adding MTP storage:/storage/emulated/0
01-29 14:34:17.683   776   776 E Parcel  : Reading a NULL string not supported here.
01-29 14:34:19.020  3069  3069 I chatty  : uid=1000(system) expire 35 lines
01-29 14:34:19.280  3069  3070 I chatty  : uid=1000(system) expire 1 line
01-29 14:34:19.281  3069  3069 E improveTouch: [DSPTouchProcessor:823] deInit: invalid state (current = 0)
01-29 14:34:19.281  3069  3069 D improveTouch: [DSPTouchProcessor:827] deInit: X pa_utf_ret = 1, ret = 1073741835
01-29 14:34:19.281  3069  3069 E improveTouch: [TouchServer:83] delete event injector
01-29 14:34:19.281  3069  3069 E improveTouch: [TouchServer:87] delete config management
01-29 14:34:19.282  3069  3069 E improveTouch: [TouchServer:90] fail to start daemon
01-29 14:34:19.283  3069  3069 E improveTouch: [Main:169] fail to initiate touch server
01-29 14:34:21.471   987  1142 E QMI_FW  : qmi_cci_get_ref: ref count increased 2
01-29 14:34:22.342  3039  3062 I d.process.medi: Waiting for a blocking GC ProfileSaver
01-29 14:34:22.394  3039  3062 I d.process.medi: WaitForGcToComplete blocked ProfileSaver on RunEmptyCheckpoint for 52.788ms
01-29 14:34:22.776  1705  1721 W elephonyservic: Reducing the number of considered missed Gc histogram windows from 123 to 100
01-29 14:34:23.884  3072  3072 I chatty  : uid=1000(system) expire 34 lines
01-29 14:34:24.136  3072  3073 I chatty  : uid=1000(system) expire 1 line
01-29 14:34:24.137  3072  3072 D improveTouch: [DSPTouchProcessor:807] deInit: E
01-29 14:34:24.137  3072  3072 E improveTouch: [DSPTouchProcessor:823] deInit: invalid state (current = 0)
01-29 14:34:24.138  3072  3072 D improveTouch: [DSPTouchProcessor:827] deInit: X pa_utf_ret = 1, ret = 1073741835
01-29 14:34:24.138  3072  3072 E improveTouch: [TouchServer:83] delete event injector
01-29 14:34:24.138  3072  3072 E improveTouch: [TouchServer:87] delete config management
01-29 14:34:24.139  3072  3072 E improveTouch: [TouchServer:90] fail to start daemon
01-29 14:34:24.139  3072  3072 E improveTouch: [Main:169] fail to initiate touch server
01-29 14:34:25.315   987  1142 E QMI_FW  : qmi_cci_get_ref: ref count increased 2
01-29 14:34:27.858  1727  1743 I .codeaurora.im: Background concurrent copying GC freed 1097(80KB) AllocSpace objects, 0(0B) LOS objects, 91% free, 1796KB/19MB, paused 129us total 165.324ms
01-29 14:34:27.858  1727  1743 W .codeaurora.im: Reducing the number of considered missed Gc histogram windows from 124 to 100
01-29 14:34:28.900  3074  3074 I chatty  : uid=1000(system) expire 35 lines
01-29 14:34:29.151   987  1142 E QMI_FW  : qmi_cci_get_ref: ref count increased 2
01-29 14:34:29.168  3074  3075 I chatty  : uid=1000(system) expire 1 line
01-29 14:34:29.170  3074  3074 E improveTouch: [DSPTouchProcessor:823] deInit: invalid state (current = 0)
01-29 14:34:29.170  3074  3074 D improveTouch: [DSPTouchProcessor:827] deInit: X pa_utf_ret = 1, ret = 1073741835
01-29 14:34:29.170  3074  3074 E improveTouch: [TouchServer:83] delete event injector
01-29 14:34:29.170  3074  3074 E improveTouch: [TouchServer:87] delete config management
01-29 14:34:29.171  3074  3074 E improveTouch: [TouchServer:90] fail to start daemon
01-29 14:34:29.174  3074  3074 E improveTouch: [Main:169] fail to initiate touch server
01-29 14:34:31.582   297   297 I chatty  : uid=1000(system) hwservicemanage expire 10 lines
01-29 14:34:32.927  1748  1765 I m.android.phon: Background concurrent copying GC freed 25521(2645KB) AllocSpace objects, 2(32KB) LOS objects, 87% free, 2733KB/20MB, paused 144us total 231.358ms
01-29 14:34:32.928  1748  1765 W m.android.phon: Reducing the number of considered missed Gc histogram windows from 123 to 100
01-29 14:34:34.036  3076  3076 I chatty  : uid=1000(system) expire 35 lines
01-29 14:34:34.340  3076  3077 I chatty  : uid=1000(system) expire 1 line
01-29 14:34:34.349  3076  3076 E improveTouch: [DSPTouchProcessor:823] deInit: invalid state (current = 0)
01-29 14:34:34.349  3076  3076 D improveTouch: [DSPTouchProcessor:827] deInit: X pa_utf_ret = 1, ret = 1073741835
01-29 14:34:34.349  3076  3076 E improveTouch: [TouchServer:83] delete event injector
01-29 14:34:34.349  3076  3076 E improveTouch: [TouchServer:87] delete config management
01-29 14:34:34.351  3076  3076 E improveTouch: [TouchServer:90] fail to start daemon
01-29 14:34:34.351  3076  3076 E improveTouch: [Main:169] fail to initiate touch server
01-29 14:34:36.827   987  1142 E QMI_FW  : qmi_cci_get_ref: ref count increased 2
