01-30 16:02:29.208  1089  1089 W Looper  : Slow dispatch took 112ms main h=com.android.server.accessibility.AccessibilityManagerService$MainHandler c=<recycled PooledLambda@fc02633> m=0
01-30 16:02:29.208  1089  1089 W Looper  : Slow delivery took 201ms main h=com.android.server.locksettings.LockSettingsStrongAuth$1 c=null m=1
01-30 16:02:29.380  1089  1089 W Looper  : Drained
01-30 16:02:29.634  1089  3501 D CompatibilityChangeReporter: Compat change id reported: 135634846; UID 10127; state: DISABLED
01-30 16:02:29.641  1089  1190 D CompatibilityChangeReporter: Compat change id reported: 143937733; UID 10127; state: ENABLED
01-30 16:02:29.751  1089  1190 W ActivityManager: Slow operation: 120ms so far, now at startProcess: returned from zygote!
01-30 16:02:29.752  1089  1190 W ActivityManager: Slow operation: 121ms so far, now at startProcess: done updating battery stats
01-30 16:02:29.752  1089  1190 W ActivityManager: Slow operation: 122ms so far, now at startProcess: building log message
01-30 16:02:29.752  1089  1190 I ActivityManager: Start proc 2187:com.google.android.gms/u0a127 for service {com.google.android.gms/com.google.android.gms.chimera.GmsIntentOperationService}
01-30 16:02:29.752  1089  1190 W ActivityManager: Slow operation: 122ms so far, now at startProcess: starting to update pids map
01-30 16:02:29.754  1089  1190 W ActivityManager: Slow operation: 124ms so far, now at startProcess: done updating pids map
01-30 16:02:31.775  1089  2340 D CompatibilityChangeReporter: Compat change id reported: 135634846; UID 10127; state: DISABLED
01-30 16:02:31.776  1089  1190 D CompatibilityChangeReporter: Compat change id reported: 143937733; UID 10127; state: ENABLED
01-30 16:02:31.814  1089  1190 I ActivityManager: Start proc 2289:com.google.process.gservices/u0a127 for content provider {com.google.android.gsf/com.google.android.gsf.gservices.GservicesProvider}
01-30 16:02:35.759  1089  3547 I ActivityTaskManager: START u0 {act=android.settings.APPLICATION_DEVELOPMENT_SETTINGS flg=0x10008000 pkg=com.android.settings cmp=com.android.settings/.Settings$DevelopmentSettingsDashboardActivity} from uid 1000
01-30 16:02:35.773  1089  3547 W ActivityTaskManager: servicetracker HIDL not available
01-30 16:02:35.773  1089  3547 E ActivityTaskManager: Unable to get servicetracker HAL instance
01-30 16:02:35.775  1089  3547 W ActivityTaskManager: servicetracker HIDL not available
01-30 16:02:35.775  1089  3547 E ActivityTaskManager: Unable to get servicetracker HAL instance
01-30 16:02:35.877  1089  3547 W ActivityTaskManager: servicetracker HIDL not available
01-30 16:02:35.877  1089  3547 E ActivityTaskManager: Unable to get servicetracker HAL instance
01-30 16:02:35.880  1089  3547 W ActivityTaskManager: servicetracker HIDL not available
01-30 16:02:35.880  1089  3547 E ActivityTaskManager: Unable to get servicetracker HAL instance
01-30 16:02:35.883  1089  3547 W ActivityTaskManager: servicetracker HIDL not available
01-30 16:02:35.883  1089  3547 E ActivityTaskManager: Unable to get servicetracker HAL instance
01-30 16:02:35.908  1089  1180 D CompatibilityChangeReporter: Compat change id reported: 135634846; UID 1000; state: DISABLED
01-30 16:02:35.930  1089  2340 W ActivityTaskManager: servicetracker HIDL not available
01-30 16:02:35.931  1089  2340 E ActivityTaskManager: Unable to get servicetracker HAL instance
01-30 16:02:35.932  1089  2340 W ActivityTaskManager: servicetracker HIDL not available
01-30 16:02:35.932  1089  2340 E ActivityTaskManager: Unable to get servicetracker HAL instance
01-30 16:02:35.934  1089  2340 W ActivityTaskManager: servicetracker HIDL not available
01-30 16:02:35.934  1089  2340 E ActivityTaskManager: Unable to get servicetracker HAL instance
01-30 16:02:35.997  1089  1190 W ActivityManager: Slow operation: 91ms so far, now at startProcess: returned from zygote!
01-30 16:02:35.997  1089  1190 W ActivityManager: Slow operation: 92ms so far, now at startProcess: done updating battery stats
01-30 16:02:35.998  1089  1190 W ActivityManager: Slow operation: 92ms so far, now at startProcess: building log message
01-30 16:02:35.998  1089  1190 I ActivityManager: Start proc 2381:com.android.settings/1000 for pre-top-activity {com.android.settings/com.android.settings.Settings$DevelopmentSettingsDashboardActivity}
01-30 16:02:35.998  1089  1190 W ActivityManager: Slow operation: 93ms so far, now at startProcess: starting to update pids map
01-30 16:02:36.002  1089  1190 W ActivityManager: Slow operation: 96ms so far, now at startProcess: done updating pids map
01-30 16:02:36.194  1089  2340 W ActivityTaskManager: servicetracker HIDL not available
01-30 16:02:36.194  1089  2340 E ActivityTaskManager: Unable to get servicetracker HAL instance
01-30 16:02:36.195  1089  2340 W ActivityTaskManager: servicetracker HIDL not available
01-30 16:02:36.196  1089  2340 E ActivityTaskManager: Unable to get servicetracker HAL instance
01-30 16:02:36.205  1089  2340 W ActivityManager: Slow operation: 72ms so far, now at attachApplicationLocked: after mServices.attachApplicationLocked
01-30 16:02:37.479  2381  2442 E ActivityThread: Failed to find provider info for com.qti.smq.Feedback.provider
01-30 16:02:37.945  1089  4086 E UserRestrictionsUtils: Unknown restriction queried by uid 1000 (com.android.location.fused et al): null
01-30 16:02:37.952  1089  4086 I chatty  : uid=1000(system) Binder:1089_14 identical 1 line
01-30 16:02:37.962  1089  4086 E UserRestrictionsUtils: Unknown restriction queried by uid 1000 (com.android.location.fused et al): null
01-30 16:02:37.966  1089  3547 E UserRestrictionsUtils: Unknown restriction queried by uid 1000 (com.android.location.fused et al): null
01-30 16:02:37.974  1089  3547 E UserRestrictionsUtils: Unknown restriction queried by uid 1000 (com.android.location.fused et al): null
01-30 16:02:38.294  1089  3501 I ActivityManager: Process com.qti.diagservices (pid 3785) has died: svcb SVC 
01-30 16:02:38.299  1089  3501 W ActivityManager: Scheduling restart of crashed service com.qti.diagservices/.QTIDiagServices in 1000ms for start-requested
01-30 16:02:39.300  1089  1189 W ActivityManager: Scheduling restart of crashed service com.qti.diagservices/.QTIDiagServices in 1000ms for start-requested
01-30 16:02:39.483  1089  3916 I ActivityManager: Process com.google.process.gservices (pid 2289) has died: prev LAST
01-30 16:02:39.614  1089  2340 D CompatibilityChangeReporter: Compat change id reported: 135634846; UID 10127; state: DISABLED
01-30 16:02:39.616  1089  1190 D CompatibilityChangeReporter: Compat change id reported: 143937733; UID 10127; state: ENABLED
01-30 16:02:39.694  1089  1190 W ActivityManager: Slow operation: 95ms so far, now at startProcess: returned from zygote!
01-30 16:02:39.695  1089  1190 W ActivityManager: Slow operation: 95ms so far, now at startProcess: done updating battery stats
01-30 16:02:39.695  1089  1190 W ActivityManager: Slow operation: 96ms so far, now at startProcess: building log message
01-30 16:02:39.696  1089  1190 I ActivityManager: Start proc 2475:com.google.process.gservices/u0a127 for content provider {com.google.android.gsf/com.google.android.gsf.gservices.GservicesProvider}
01-30 16:02:39.696  1089  1190 W ActivityManager: Slow operation: 97ms so far, now at startProcess: starting to update pids map
01-30 16:02:39.736  1089  1190 W ActivityManager: Slow operation: 136ms so far, now at startProcess: done updating pids map
01-30 16:02:40.301  1089  1189 W ActivityManager: Scheduling restart of crashed service com.qti.diagservices/.QTIDiagServices in 1000ms for start-requested
01-30 16:02:41.305  1089  1189 D CompatibilityChangeReporter: Compat change id reported: 135634846; UID 1000; state: DISABLED
01-30 16:02:41.364  1089  1190 W ActivityManager: Slow operation: 61ms so far, now at startProcess: returned from zygote!
01-30 16:02:41.365  1089  1190 W ActivityManager: Slow operation: 62ms so far, now at startProcess: done updating battery stats
01-30 16:02:41.375  1089  1190 W ActivityManager: Slow operation: 65ms so far, now at startProcess: building log message
01-30 16:02:41.375  1089  1190 I ActivityManager: Start proc 2529:com.qti.diagservices/1000 for service {com.qti.diagservices/com.qti.diagservices.QTIDiagServices}
01-30 16:02:41.375  1089  1190 W ActivityManager: Slow operation: 73ms so far, now at startProcess: starting to update pids map
01-30 16:02:41.377  1089  1190 W ActivityManager: Slow operation: 74ms so far, now at startProcess: done updating pids map
--------- beginning of main
01-30 16:02:42.035  2528  2528 E improveTouch: [TouchServer:83] delete event injector
01-30 16:02:42.035  2528  2528 E improveTouch: [TouchServer:87] delete config management
01-30 16:02:42.036  2528  2528 E improveTouch: [TouchServer:90] fail to start daemon
01-30 16:02:42.036  2528  2528 E improveTouch: [Main:169] fail to initiate touch server
01-30 16:02:42.082  2529  2529 I Perf    : Connecting to perf service.
01-30 16:02:42.130  2529  2529 D NetworkSecurityConfig: No Network Security Config specified, using platform default
01-30 16:02:42.134  2529  2529 D NetworkSecurityConfig: No Network Security Config specified, using platform default
01-30 16:02:42.144   811   950 I chatty  : uid=1002(bluetooth) btu message loo expire 2 lines
01-30 16:02:42.147  2529  2529 E DiagJNIInterface: Trying to load libDiagService
01-30 16:02:42.216  2381  2400 I chatty  : uid=1000(system) com.android.settings expire 1 line
01-30 16:02:42.267   295   295 I lowmemorykiller: Kill 'com.google.process.gservices' (2475), uid 10127, oom_adj 700 to free 25052kB
01-30 16:02:42.371  2529  2529 I Diag_Lib: Diag_LSM_Init call succeeded
01-30 16:02:42.405  2381  2381 I com.android.settings: type=1400 audit(0.0:14256): avc: denied { call } for comm=4173796E635461736B202332 scontext=u:r:system_app:s0 tcontext=u:r:storaged:s0 tclass=binder permissive=1
01-30 16:02:42.415  1089  3501 I ActivityManager: Process com.google.process.gservices (pid 2475) has died: prev LAST
01-30 16:02:42.416   396   396 I Zygote  : Process 2475 exited due to signal 9 (Killed)
01-30 16:02:42.425  2381  2381 I pool-2-thread-2: type=1400 audit(0.0:14257): avc: denied { search } for name="zram0" dev="sysfs" ino=29498 scontext=u:r:system_app:s0 tcontext=u:object_r:sysfs_zram:s0 tclass=dir permissive=1
01-30 16:02:42.425  2381  2381 I pool-2-thread-2: type=1400 audit(0.0:14258): avc: denied { read } for name="mm_stat" dev="sysfs" ino=29524 scontext=u:r:system_app:s0 tcontext=u:object_r:sysfs_zram:s0 tclass=file permissive=1
01-30 16:02:42.425  2381  2381 I pool-2-thread-2: type=1400 audit(0.0:14259): avc: denied { open } for path="/sys/devices/virtual/block/zram0/mm_stat" dev="sysfs" ino=29524 scontext=u:r:system_app:s0 tcontext=u:object_r:sysfs_zram:s0 tclass=file permissive=1
01-30 16:02:42.425  2381  2381 I pool-2-thread-2: type=1400 audit(0.0:14260): avc: denied { getattr } for path="/sys/devices/virtual/block/zram0/mm_stat" dev="sysfs" ino=29524 scontext=u:r:system_app:s0 tcontext=u:object_r:sysfs_zram:s0 tclass=file permissive=1
01-30 16:02:42.471  1577  1577 I AppBase : AppBase.onTrimMemory():786 onTrimMemory(): 10
01-30 16:02:42.476  1577  1577 I GoogleInputMethodService: GoogleInputMethodService.onTrimMemory():4569 onTrimMemory(): 10
01-30 16:02:42.480  1748  2195 D TelephonyProvider: Using old permission behavior for telephony provider compat
01-30 16:02:42.526  2381  2467 W MobileNetworkUtils: EuiccManager is not enabled.
01-30 16:02:42.528  2381  2381 W ControllerTask: The updateState took 62 ms in Controller Prefer5GNetworkSummaryController
01-30 16:02:42.532  2381  2381 I Choreographer: Skipped 37 frames!  The application may be doing too much work on its main thread.
01-30 16:02:42.631   811   950 V bt_stack: [VERBOSE1:btm_ble_gap.cc(1849)] btm_ble_process_adv_addr: bda=51:1e:c0:11:ca:26
01-30 16:02:42.632   811   950 V bt_stack: [VERBOSE1:btm_ble_gap.cc(2054)]  Waiting for scan response 51:1e:c0:11:ca:26
01-30 16:02:42.632   811   950 V bt_stack: [VERBOSE1:btm_ble_gap.cc(1849)] btm_ble_process_adv_addr: bda=51:1e:c0:11:ca:26
01-30 16:02:42.636   811   950 V bt_stack: [VERBOSE1:btm_inq.cc(1019)] BTM_InqDbRead: bd addr 51:1e:c0:11:ca:26
01-30 16:02:42.674  1089  4086 W ActivityTaskManager: servicetracker HIDL not available
01-30 16:02:42.675  1089  4086 E ActivityTaskManager: Unable to get servicetracker HAL instance
01-30 16:02:42.676  1089  4086 W ActivityTaskManager: servicetracker HIDL not available
01-30 16:02:42.677  1089  4086 E ActivityTaskManager: Unable to get servicetracker HAL instance
01-30 16:02:42.714   811   932 I BtGatt.ScanManager: msg.what = 6
01-30 16:02:42.847  1089  4086 W ActivityTaskManager: servicetracker HIDL not available
01-30 16:02:42.847  1089  4086 E ActivityTaskManager: Unable to get servicetracker HAL instance
01-30 16:02:42.850  1089  4086 W ActivityTaskManager: servicetracker HIDL not available
01-30 16:02:42.850  1089  4086 E ActivityTaskManager: Unable to get servicetracker HAL instance
01-30 16:02:42.978   295   295 I lowmemorykiller: Kill 'com.google.android.apps.searchlite' (2134), uid 10116, oom_adj 905 to free 24504kB
01-30 16:02:43.049  2670  2939 I chatty  : uid=10127(com.google.android.gms) NearbyDiscovery expire 3 lines
01-30 16:02:43.132   396   396 I Zygote  : Process 2134 exited due to signal 9 (Killed)
01-30 16:02:43.134  1089  3547 I ActivityManager: Process com.google.android.apps.searchlite (pid 2134) has died: cch+5 CEM 
01-30 16:02:43.144   811   950 V bt_stack: [VERBOSE1:btm_ble_gap.cc(1849)] btm_ble_process_adv_addr: bda=51:1e:c0:11:ca:26
01-30 16:02:43.144   811   950 V bt_stack: [VERBOSE1:btm_ble_gap.cc(2054)]  Waiting for scan response 51:1e:c0:11:ca:26
01-30 16:02:43.156  1577  1577 I AppBase : AppBase.onTrimMemory():786 onTrimMemory(): 15
01-30 16:02:43.162  1577  1577 I GoogleInputMethodService: GoogleInputMethodService.onTrimMemory():4569 onTrimMemory(): 15
01-30 16:02:43.616   811   950 V bt_stack: [VERBOSE1:btm_ble_gap.cc(1849)] btm_ble_process_adv_addr: bda=51:1e:c0:11:ca:26
01-30 16:02:43.616   811   950 V bt_stack: [VERBOSE1:btm_ble_gap.cc(2054)]  Waiting for scan response 51:1e:c0:11:ca:26
01-30 16:02:43.618   811   950 V bt_stack: [VERBOSE1:btm_ble_gap.cc(1849)] btm_ble_process_adv_addr: bda=51:1e:c0:11:ca:26
01-30 16:02:43.619   811   950 V bt_stack: [VERBOSE1:btm_inq.cc(1019)] BTM_InqDbRead: bd addr 51:1e:c0:11:ca:26
01-30 16:02:44.779   811   950 V bt_stack: [VERBOSE1:btm_ble_gap.cc(1849)] btm_ble_process_adv_addr: bda=51:1e:c0:11:ca:26
01-30 16:02:44.779   811   950 V bt_stack: [VERBOSE1:btm_ble_gap.cc(2054)]  Waiting for scan response 51:1e:c0:11:ca:26
01-30 16:02:45.686   987  1142 E QMI_FW  : qmi_cci_get_ref: ref count increased 2
01-30 16:02:46.498  2568  2568 I chatty  : uid=1000(system) expire 34 lines
01-30 16:02:46.799  2568  2569 I chatty  : uid=1000(system) expire 1 line
01-30 16:02:46.801  2568  2568 I chatty  : uid=1000(system) expire 2 lines
01-30 16:02:46.801  2568  2568 D improveTouch: [DSPTouchProcessor:827] deInit: X pa_utf_ret = 1, ret = 1073741835
01-30 16:02:46.801  2568  2568 E improveTouch: [TouchServer:83] delete event injector
01-30 16:02:46.801  2568  2568 E improveTouch: [TouchServer:87] delete config management
01-30 16:02:46.803  2568  2568 E improveTouch: [TouchServer:90] fail to start daemon
01-30 16:02:46.803  2568  2568 E improveTouch: [Main:169] fail to initiate touch server
01-30 16:02:47.421   811   950 V bt_stack: [VERBOSE1:btm_ble_gap.cc(1849)] btm_ble_process_adv_addr: bda=51:1e:c0:11:ca:26
01-30 16:02:47.421   811   950 V bt_stack: [VERBOSE1:btm_ble_gap.cc(2054)]  Waiting for scan response 51:1e:c0:11:ca:26
01-30 16:02:47.422   811   950 V bt_stack: [VERBOSE1:btm_ble_gap.cc(1849)] btm_ble_process_adv_addr: bda=51:1e:c0:11:ca:26
01-30 16:02:47.422   811   950 V bt_stack: [VERBOSE1:btm_inq.cc(1019)] BTM_InqDbRead: bd addr 51:1e:c0:11:ca:26
01-30 16:02:48.299  1089  1347 I chatty  : uid=1000(system) AlarmManager expire 3 lines
01-30 16:02:48.413   811   950 V bt_stack: [VERBOSE1:btm_ble_gap.cc(1849)] btm_ble_process_adv_addr: bda=51:1e:c0:11:ca:26
01-30 16:02:48.413   811   950 V bt_stack: [VERBOSE1:btm_ble_gap.cc(2054)]  Waiting for scan response 51:1e:c0:11:ca:26
01-30 16:02:48.415   811   950 V bt_stack: [VERBOSE1:btm_ble_gap.cc(1849)] btm_ble_process_adv_addr: bda=51:1e:c0:11:ca:26
01-30 16:02:48.415   811   950 V bt_stack: [VERBOSE1:btm_inq.cc(1019)] BTM_InqDbRead: bd addr 51:1e:c0:11:ca:26
01-30 16:02:48.447  2670  2891 I chatty  : uid=10127(com.google.android.gms) GoogleLocationS expire 2 lines
01-30 16:02:48.492  2670  2939 I chatty  : uid=10127(com.google.android.gms) NearbyDiscovery expire 2 lines
01-30 16:02:48.634  1482  1482 I KeyButtonView: Back button event: ACTION_DOWN
01-30 16:02:48.652   496   496 I chatty  : uid=1000(system) vendor.qti.hard expire 10 lines
01-30 16:02:48.694  1089  3547 I chatty  : uid=1000(system) Binder:1089_E expire 14 lines
01-30 16:02:48.719   296   296 I chatty  : uid=1000(system) /system/bin/servicemanager expire 6 lines
01-30 16:02:48.723  1089  1401 I chatty  : uid=1000(system) WifiScanningSer expire 1 line
01-30 16:02:48.755  1089  1359 I chatty  : uid=1000(system) InputDispatcher expire 3 lines
01-30 16:02:48.759   909  3596 I chatty  : uid=1021(gps) lowi-server expire 182 lines
01-30 16:02:48.771  2187  2571 I chatty  : uid=10127(com.google.android.gms) com.google.android.permissioncontroller expire 1 line
01-30 16:02:48.848   492  3676 V WifiHAL : event received NL80211_CMD_TRIGGER_SCAN
01-30 16:02:48.853  1482  1482 I KeyButtonView: Back button event: ACTION_UP
01-30 16:02:48.950  1089  2340 I chatty  : uid=1000(system) Binder:1089_1D expire 5 lines
01-30 16:02:48.985   480  1576 I chatty  : uid=1041(audioserver) writer expire 10 lines
01-30 16:02:49.001   480  1576 D hardware_info: hw_info_append_hw_type : device_name = speaker
01-30 16:02:49.001   480  1576 D audio_hw_primary: enable_snd_device: snd_device(2: speaker)
01-30 16:02:49.002   480  1576 D msm8974_platform: platform_get_island_cfg_on_device:island cfg status on snd_device = (speaker 0)
01-30 16:02:49.002   480  1576 I soundtrigger: audio_extn_sound_trigger_update_device_status: device 0x2 of type 0 for Event 1, with Raise=0
01-30 16:02:49.003   480  1576 D audio_route: Apply path: speaker
01-30 16:02:49.005   480  1576 D soundtrigger: audio_extn_sound_trigger_update_stream_status: uc_info->id 1 of type 0 for Event 3, with Raise=0
01-30 16:02:49.005   480  1576 D audio_hw_utils: audio_extn_utils_send_app_type_cfg: usecase->out_snd_device speaker
01-30 16:02:49.007   480  1576 I audio_hw_utils: send_app_type_cfg_for_device PLAYBACK app_type 69937, acdb_dev_id 14, sample_rate 48000, snd_device_be_idx 43
01-30 16:02:49.013   480  1576 D ACDB-LOADER: ACDB -> send_audio_cal, acdb_id = 14, path = 0, app id = 0x11131, sample rate = 48000, use_case = 0,buffer_idx_w_path =0, afe_sample_rate = 48000, cal_mode = 1, offset_index = 0
01-30 16:02:49.013   480  1576 D ACDB-LOADER: ACDB -> send_asm_topology
01-30 16:02:49.013   480  1576 D ACDB-LOADER: ACDB -> ACDB_CMD_GET_AUDPROC_STREAM_TOPOLOGY_ID
01-30 16:02:49.019   480  1576 D ACDB-LOADER: ACDB -> send_adm_topology
01-30 16:02:49.019   480  1576 D ACDB-LOADER: ACDB -> ACDB_CMD_GET_AUDPROC_COMMON_TOPOLOGY_ID
01-30 16:02:49.019   480  1576 D ACDB-LOADER: ACDB -> send_audtable
01-30 16:02:49.019   480  1576 D ACDB-LOADER: ACDB -> ACDB_CMD_GET_AUDPROC_COMMON_TABLE_SIZE
01-30 16:02:49.020   480  1576 D ACDB-LOADER: ACDB -> ACDB_CMD_GET_AUDPROC_COMMON_TABLE
01-30 16:02:49.020   480  1576 D ACDB-LOADER: ACDB -> AUDIO_SET_AUDPROC_CAL cal_type[11] acdb_id[14] app_type[69937]
01-30 16:02:49.020   480  1576 D ACDB-LOADER: ACDB -> send_audvoltable
01-30 16:02:49.020   480  1576 D ACDB-LOADER: ACDB -> ACDB_CMD_GET_AUDPROC_GAIN_DEP_STEP_TABLE_SIZE
01-30 16:02:49.020   480  1576 D ACDB-LOADER: ACDB -> ACDB_CMD_GET_AUDPROC_GAIN_DEP_STEP_TABLE, vol index 0
01-30 16:02:49.021   480  1576 D ACDB-LOADER: ACDB -> AUDIO_SET_VOL_CAL cal type = 12
01-30 16:02:49.021   480  1576 D ACDB-LOADER: ACDB -> ACDB_CMD_GET_AUDPROC_STREAM_TABLE_SIZE
01-30 16:02:49.021   480  1576 D ACDB-LOADER: ACDB -> send_audstrmtable
01-30 16:02:49.021   480  1576 D ACDB-LOADER: ACDB -> ACDB_CMD_GET_AUDPROC_STREAM_TABLE_V2
01-30 16:02:49.021   480  1576 D ACDB-LOADER: ACDB -> audstrm_cal->cal_type.cal_data.cal_size = 16
01-30 16:02:49.021   480  1576 D ACDB-LOADER: ACDB -> send_afe_topology
01-30 16:02:49.021   480  1576 D ACDB-LOADER: ACDB -> ACDB_CMD_GET_AFE_TOPOLOGY_ID
01-30 16:02:49.021   480  1576 D ACDB-LOADER: ACDB -> GET_AFE_TOPOLOGY_ID for adcd_id 14, Topology Id 1025e
01-30 16:02:49.021   480  1576 D ACDB-LOADER: ACDB -> send_afe_cal
01-30 16:02:49.021   480  1576 D ACDB-LOADER: ACDB -> ACDB_CMD_GET_AFE_COMMON_TABLE_SIZE
01-30 16:02:49.021   480  1576 D ACDB-LOADER: ACDB -> ACDB_CMD_GET_AFE_COMMON_TABLE
01-30 16:02:49.021   480  1576 D ACDB-LOADER: ACDB -> AUDIO_SET_AFE_CAL cal_type[16] acdb_id[14]
01-30 16:02:49.021   480  1576 D ACDB-LOADER: ACDB -> send_hw_delay : acdb_id = 14 path = 0
01-30 16:02:49.022   480  1576 D ACDB-LOADER: ACDB -> ACDB_AVSYNC_INFO: ACDB_CMD_GET_DEVICE_PROPERTY
01-30 16:02:49.022   480  1576 D audio_hw_primary: enable_audio_route: apply mixer and update path: low-latency-playback
01-30 16:02:49.022   480  1576 D audio_route: Apply path: low-latency-playback
01-30 16:02:49.072   480  1576 D msm8974_platform: platform_set_channel_map mixer_ctl_name:Playback Channel Map12
01-30 16:02:49.073   480  1576 D msm8974_platform: platform_set_channel_map: set mapping(1 2 0 0 0 0 0 0) for channel:2
01-30 16:02:49.075   480  1576 D audio_hw_primary: start_output_stream: exit
01-30 16:02:49.080   811   950 V bt_stack: [VERBOSE1:btm_ble_gap.cc(1849)] btm_ble_process_adv_addr: bda=51:1e:c0:11:ca:26
01-30 16:02:49.080   811   950 V bt_stack: [VERBOSE1:btm_ble_gap.cc(2054)]  Waiting for scan response 51:1e:c0:11:ca:26
01-30 16:02:49.082   811   950 V bt_stack: [VERBOSE1:btm_ble_gap.cc(1849)] btm_ble_process_adv_addr: bda=51:1e:c0:11:ca:26
01-30 16:02:49.082   811   950 V bt_stack: [VERBOSE1:btm_inq.cc(1019)] BTM_InqDbRead: bd addr 51:1e:c0:11:ca:26
01-30 16:02:49.151   987  1059 E QMI_FW  : qmi_cci_get_ref: ref count increased 2
01-30 16:02:49.155   987  1142 E QMI_FW  : qmi_cci_get_ref: ref count increased 2
01-30 16:02:49.173   496   496 D vendor.qti.vibrator: QTI Vibrator off
01-30 16:02:49.194   496   496 D vendor.qti.vibrator: Vibrator on for timeoutMs: 30
01-30 16:02:49.220   987  1059 E QMI_FW  : qmi_cci_get_ref: ref count increased 2
01-30 16:02:49.226   496   496 D vendor.qti.vibrator: QTI Vibrator off
01-30 16:02:49.230   987  1059 E QMI_FW  : qmi_cci_get_ref: ref count increased 2
01-30 16:02:49.240   987  1059 E QMI_FW  : qmi_cci_get_ref: ref count increased 2
01-30 16:02:49.244   987  1059 E QMI_FW  : qmi_cci_get_ref: ref count increased 2
01-30 16:02:49.254   987  1059 E QMI_FW  : qmi_cci_get_ref: ref count increased 2
01-30 16:02:49.312  3492  3492 V GlobalScreenshot: clearing screenshot: close system dialogs
01-30 16:02:49.325  1089  1178 I ActivityTaskManager: START u0 {act=android.intent.action.MAIN cat=[android.intent.category.HOME] flg=0x10000100 cmp=com.android.launcher3/.QuickstepOverlayLauncher (has extras)} from uid 0
01-30 16:02:49.329   502   863 W APM::AudioPolicyEngine: getDevicesForStrategy() unknown strategy: -1
01-30 16:02:49.362  1089  1178 W ActivityTaskManager: servicetracker HIDL not available
01-30 16:02:49.362  1089  1178 E ActivityTaskManager: Unable to get servicetracker HAL instance
01-30 16:02:49.364  1089  1178 W ActivityTaskManager: servicetracker HIDL not available
01-30 16:02:49.365  1089  1178 E ActivityTaskManager: Unable to get servicetracker HAL instance
01-30 16:02:49.761   496   496 D vendor.qti.vibrator: QTI Vibrator reporting capabilities: 3
01-30 16:02:49.765   496   496 D vendor.qti.vibrator: QTI Vibrator off
01-30 16:02:49.768   296   296 I servicemanager: Found android.hardware.vibrator.IVibrator/default in device VINTF manifest.
01-30 16:02:49.776   296   296 I servicemanager: Found android.hardware.vibrator.IVibrator/default in device VINTF manifest.
01-30 16:02:49.785   496   496 D vendor.qti.vibrator: QTI Vibrator reporting capabilities: 3
01-30 16:02:49.786   496   496 D vendor.qti.vibrator: QTI Vibrator off
01-30 16:02:49.790  1089  4020 I chatty  : uid=1000(system) Binder:1089_11 expire 2 lines
01-30 16:02:49.792   296   296 I servicemanager: Found android.hardware.vibrator.IVibrator/default in device VINTF manifest.
01-30 16:02:49.796   296   296 I servicemanager: Found android.hardware.vibrator.IVibrator/default in device VINTF manifest.
01-30 16:02:49.813  1482  1482 V ShadeControllerImpl: NotificationShadeWindow: com.android.systemui.statusbar.phone.NotificationShadeWindowView{e4f3f5c I.E...... ......ID 0,0-720,1520} canPanelBeCollapsed(): false
01-30 16:02:49.823  1089  1178 I chatty  : uid=1000(system) android.ui expire 5 lines
01-30 16:02:49.827  1089  1178 W ActivityTaskManager: servicetracker HIDL not available
01-30 16:02:49.827  1089  1178 E ActivityTaskManager: Unable to get servicetracker HAL instance
01-30 16:02:49.830  1089  1178 W ActivityTaskManager: servicetracker HIDL not available
01-30 16:02:49.830  1089  1178 E ActivityTaskManager: Unable to get servicetracker HAL instance
01-30 16:02:49.833  1089  1178 W ActivityTaskManager: servicetracker HIDL not available
01-30 16:02:49.833  1089  1178 E ActivityTaskManager: Unable to get servicetracker HAL instance
01-30 16:02:49.841  1089  1178 W ActivityTaskManager: servicetracker HIDL not available
01-30 16:02:49.841  1089  1178 E ActivityTaskManager: Unable to get servicetracker HAL instance
01-30 16:02:49.844  1089  1101 I chatty  : uid=1000(system) HeapTaskDaemon expire 1 line
01-30 16:02:49.844  1089  1178 W ActivityTaskManager: servicetracker HIDL not available
01-30 16:02:49.844  1089  1178 E ActivityTaskManager: Unable to get servicetracker HAL instance
01-30 16:02:49.848   492  3676 V WifiHAL : event received NL80211_CMD_NEW_SCAN_RESULTS
01-30 16:02:49.850  1089  1178 W ActivityTaskManager: servicetracker HIDL not available
01-30 16:02:49.850  1089  1178 E ActivityTaskManager: Unable to get servicetracker HAL instance
01-30 16:02:49.885   909   961 I chatty  : uid=1021(gps) lowi-server expire 7 lines
01-30 16:02:49.905  1089  1178 W Looper  : Slow dispatch took 700ms android.ui h=com.android.server.policy.PhoneWindowManager$PolicyHandler c=com.android.server.policy.-$$Lambda$PhoneWindowManager$DisplayHomeButtonHandler$ljCIzo7y96OZCYYMVaAi6LAwRAE@d1ae1aa m=0
01-30 16:02:49.921  1089  1178 W Looper  : Slow delivery took 656ms android.ui h=android.os.Handler c=com.android.server.autofill.ui.-$$Lambda$AutoFillUI$56AC3ykfo4h_e2LSjdkJ3XQn370@8b0119b m=0
01-30 16:02:49.928  1089  1189 W BroadcastQueue: Background execution not allowed: receiving Intent { act=android.net.wifi.SCAN_RESULTS flg=0x4000010 (has extras) } to com.jio.myjio/.jionet.receiver.WifiScanReceiver
01-30 16:02:49.928  1089  3916 W ActivityTaskManager: servicetracker HIDL not available
01-30 16:02:49.929  1089  3916 E ActivityTaskManager: Unable to get servicetracker HAL instance
01-30 16:02:49.930  1089  3916 W ActivityTaskManager: servicetracker HIDL not available
01-30 16:02:49.930  1089  3916 E ActivityTaskManager: Unable to get servicetracker HAL instance
01-30 16:02:49.956   502   863 W APM::AudioPolicyEngine: getDevicesForStrategy() unknown strategy: -1
01-30 16:02:49.970  1089  3916 I chatty  : uid=1000(system) Binder:1089_10 expire 1 line
01-30 16:02:49.995  1089  1178 W Looper  : Drained
01-30 16:02:49.997  3492  3492 V GlobalScreenshot: clearing screenshot: close system dialogs
01-30 16:02:50.014  1089  3547 D CompatibilityChangeReporter: Compat change id reported: 135634846; UID 10116; state: DISABLED
01-30 16:02:50.015  1089  1190 D CompatibilityChangeReporter: Compat change id reported: 143937733; UID 10116; state: DISABLED
01-30 16:02:50.073  3492  3492 V GlobalScreenshot: clearing screenshot: close system dialogs
01-30 16:02:50.083   396   396 D Zygote  : Forked child process 2584
01-30 16:02:50.093  1089  1190 W ActivityManager: Slow operation: 81ms so far, now at startProcess: returned from zygote!
01-30 16:02:50.094  1089  1190 W ActivityManager: Slow operation: 81ms so far, now at startProcess: done updating battery stats
01-30 16:02:50.098  1089  1190 W ActivityManager: Slow operation: 85ms so far, now at startProcess: building log message
01-30 16:02:50.098  1089  1190 I ActivityManager: Start proc 2584:com.google.android.apps.searchlite/u0a116 for service {com.google.android.apps.searchlite/com.google.android.apps.searchlite.minusone.GoogleItMinusOneService}
01-30 16:02:50.099  1089  1190 W ActivityManager: Slow operation: 86ms so far, now at startProcess: starting to update pids map
01-30 16:02:50.111   811   950 V bt_stack: [VERBOSE1:btm_ble_gap.cc(1849)] btm_ble_process_adv_addr: bda=51:1e:c0:11:ca:26
01-30 16:02:50.112   811   950 V bt_stack: [VERBOSE1:btm_ble_gap.cc(2054)]  Waiting for scan response 51:1e:c0:11:ca:26
01-30 16:02:50.113   811   950 V bt_stack: [VERBOSE1:btm_ble_gap.cc(1849)] btm_ble_process_adv_addr: bda=51:1e:c0:11:ca:26
01-30 16:02:50.113   811   950 V bt_stack: [VERBOSE1:btm_inq.cc(1019)] BTM_InqDbRead: bd addr 51:1e:c0:11:ca:26
01-30 16:02:50.134  2584  2584 I Zygote  : seccomp disabled by setenforce 0
01-30 16:02:50.145  2670  2939 I chatty  : uid=10127(com.google.android.gms) NearbyDiscovery expire 1 line
01-30 16:02:50.201  1089  1190 W ActivityManager: Slow operation: 188ms so far, now at startProcess: done updating pids map
01-30 16:02:50.210  1482  1482 V ShadeControllerImpl: NotificationShadeWindow: com.android.systemui.statusbar.phone.NotificationShadeWindowView{e4f3f5c I.E...... ......ID 0,0-720,1520} canPanelBeCollapsed(): false
01-30 16:02:50.211  1482  1482 V ShadeControllerImpl: NotificationShadeWindow: com.android.systemui.statusbar.phone.NotificationShadeWindowView{e4f3f5c I.E...... ......ID 0,0-720,1520} canPanelBeCollapsed(): false
01-30 16:02:50.422  2087  2114 I adbd    : jdwp connection from 2584
01-30 16:02:50.619  1089  3916 I ActivityTaskManager: START u0 {act=android.intent.action.MAIN cat=[android.intent.category.HOME] flg=0x10000000 pkg=com.android.launcher3 cmp=com.android.launcher3/.QuickstepOverlayLauncher (has extras)} from uid 10160
01-30 16:02:50.623  1089  3916 W ActivityTaskManager: servicetracker HIDL not available
01-30 16:02:50.623  1089  3916 E ActivityTaskManager: Unable to get servicetracker HAL instance
01-30 16:02:50.624  1089  3916 W ActivityTaskManager: servicetracker HIDL not available
01-30 16:02:50.625  1089  3916 E ActivityTaskManager: Unable to get servicetracker HAL instance
01-30 16:02:50.650  1089  3547 W ActivityManager: Slow operation: 107ms so far, now at attachApplicationLocked: immediately before bindApplication
01-30 16:02:50.658  1089  3547 W ActivityManager: Slow operation: 114ms so far, now at attachApplicationLocked: immediately after bindApplication
01-30 16:02:50.658  1089  3547 W ActivityManager: Slow operation: 114ms so far, now at attachApplicationLocked: after updateLruProcessLocked
01-30 16:02:50.709  1089  3547 W ActivityManager: Slow operation: 166ms so far, now at attachApplicationLocked: after mServices.attachApplicationLocked
01-30 16:02:50.893  2132  2132 D RecentsOrientedState: current RecentsOrientedState: [this=RecentsOrientedState@7b08759 mOrientationHandler=PortraitPagedViewHandler@73cef1e mDisplayRotation=0 mTouchRotation=0 mRecentsActivityRotation=0 isRecentsActivityRotationAllowed=false mSystemRotation=false mFlags=291]
01-30 16:02:50.894  2132  2132 D RecentsOrientedState: current RecentsOrientedState: [this=RecentsOrientedState@7b08759 mOrientationHandler=PortraitPagedViewHandler@73cef1e mDisplayRotation=0 mTouchRotation=0 mRecentsActivityRotation=0 isRecentsActivityRotationAllowed=false mSystemRotation=false mFlags=291]
01-30 16:02:50.912  2584  2584 D ApplicationLoaders: Returning zygote-cached class loader: /system/framework/android.test.base.jar
01-30 16:02:50.976  1089  1180 W ActivityTaskManager: servicetracker HIDL not available
01-30 16:02:50.977  1089  1180 E ActivityTaskManager: Unable to get servicetracker HAL instance
01-30 16:02:50.980  1089  1180 W ActivityTaskManager: servicetracker HIDL not available
01-30 16:02:50.980  1089  1180 E ActivityTaskManager: Unable to get servicetracker HAL instance
01-30 16:02:50.985  1089  1180 W ActivityTaskManager: servicetracker HIDL not available
01-30 16:02:50.985  1089  1180 E ActivityTaskManager: Unable to get servicetracker HAL instance
01-30 16:02:50.987  1089  1180 W ActivityTaskManager: servicetracker HIDL not available
01-30 16:02:50.987  1089  1180 E ActivityTaskManager: Unable to get servicetracker HAL instance
01-30 16:02:51.113   504   504 E Layer   : [Surface(name=Task=1)/@0x43dd8f1 - animation-leash#0] No local sync point found
01-30 16:02:51.114   504   504 E Layer   : [Surface(name=Task=140)/@0x55b7e40 - animation-leash#0] No local sync point found
01-30 16:02:51.114   504   504 E Layer   : [Surface(name=Task=140)/@0x55b7e40 - animation-leash#0] No local sync point found
01-30 16:02:51.125   811   950 V bt_stack: [VERBOSE1:btm_ble_gap.cc(1849)] btm_ble_process_adv_addr: bda=51:1e:c0:11:ca:26
01-30 16:02:51.126   811   950 V bt_stack: [VERBOSE1:btm_ble_gap.cc(2054)]  Waiting for scan response 51:1e:c0:11:ca:26
01-30 16:02:51.132   295   295 I lowmemorykiller: Kill 'com.android.settings' (2381), uid 1000, oom_adj 900 to free 44464kB
01-30 16:02:51.233  1577  1577 I GoogleInputMethodService: GoogleInputMethodService.onFinishInput():3400 
01-30 16:02:51.286  2584  2584 D nativeloader: classloader namespace configured for unbundled product apk. library_path=/product/priv-app/GoogleGo/lib/arm:/product/priv-app/GoogleGo/GoogleGo.apk!/lib/armeabi-v7a:/product/lib:/system/product/lib
01-30 16:02:51.368  1089  4020 I ActivityManager: Process com.android.settings (pid 2381) has died: cch CRE 
01-30 16:02:51.377  1089  1816 I WindowManager: WIN DEATH: Window{a2c0478 u0 com.android.settings/com.android.settings.Settings$DevelopmentSettingsDashboardActivity}
01-30 16:02:51.380   396   396 I Zygote  : Process 2381 exited due to signal 9 (Killed)
01-30 16:02:51.411  1089  1816 I chatty  : uid=1000(system) Binder:1089_7 expire 8 lines
01-30 16:02:51.420  1577  1577 I GoogleInputMethodService: GoogleInputMethodService.onStartInput():1972 
01-30 16:02:51.486  1089  4020 W ActivityTaskManager: servicetracker HIDL not available
01-30 16:02:51.486  1089  4020 E ActivityTaskManager: Unable to get servicetracker HAL instance
01-30 16:02:51.487  1089  4020 W ActivityTaskManager: servicetracker HIDL not available
01-30 16:02:51.487  1089  4020 E ActivityTaskManager: Unable to get servicetracker HAL instance
01-30 16:02:51.543  1089  4020 W ActivityTaskManager: servicetracker HIDL not available
01-30 16:02:51.544  1089  4020 E ActivityTaskManager: Unable to get servicetracker HAL instance
01-30 16:02:51.544  2584  2584 I Perf    : Connecting to perf service.
01-30 16:02:51.605  1089  1180 W ActivityManager: setHasOverlayUi called on unknown pid: 2381
01-30 16:02:51.612   811   950 V bt_stack: [VERBOSE1:btm_ble_gap.cc(1849)] btm_ble_process_adv_addr: bda=51:1e:c0:11:ca:26
01-30 16:02:51.612   811   950 V bt_stack: [VERBOSE1:btm_ble_gap.cc(2054)]  Waiting for scan response 51:1e:c0:11:ca:26
01-30 16:02:51.615   811   950 V bt_stack: [VERBOSE1:btm_ble_gap.cc(1849)] btm_ble_process_adv_addr: bda=51:1e:c0:11:ca:26
01-30 16:02:51.615   811   950 V bt_stack: [VERBOSE1:btm_inq.cc(1019)] BTM_InqDbRead: bd addr 51:1e:c0:11:ca:26
01-30 16:02:51.640  1577  1577 I AppBase : AppBase.onTrimMemory():786 onTrimMemory(): 15
01-30 16:02:51.642  2584  2584 D NetworkSecurityConfig: Using Network Security Config from resource google_go_network_security_config debugBuild: false
01-30 16:02:51.655  1577  1577 I GoogleInputMethodService: GoogleInputMethodService.onTrimMemory():4569 onTrimMemory(): 15
01-30 16:02:51.662  2670  2336 I chatty  : uid=10127(com.google.android.gms) lowpool[215] expire 1 line
01-30 16:02:51.671  2584  2584 D NetworkSecurityConfig: Using Network Security Config from resource google_go_network_security_config debugBuild: false
01-30 16:02:51.675   297   297 I chatty  : uid=1000(system) hwservicemanage expire 26 lines
01-30 16:02:51.782   811   950 V bt_stack: [VERBOSE1:btm_ble_gap.cc(1849)] btm_ble_process_adv_addr: bda=51:1e:c0:11:ca:26
01-30 16:02:51.782   811   950 V bt_stack: [VERBOSE1:btm_ble_gap.cc(2054)]  Waiting for scan response 51:1e:c0:11:ca:26
01-30 16:02:52.011  2670  2939 I NearbyDiscovery: BloomFilterAdvManager: Detected bloom filter but too far away, ignoring. 11.220184543019636m, mac=XX:XX:XX:XX:CA:26 [CONTEXT service_id=265 group_by="51:1E:C0:11:CA:26" ratelimit_period="30 SECONDS" ]
01-30 16:02:52.028  1089  1544 W ActivityTaskManager: getApplicationThreadForTopActivity failed: Requested activity not found
01-30 16:02:52.039  1089  1544 I chatty  : uid=1000(system) Binder:1089_18 expire 18 lines
01-30 16:02:52.132  1089  1544 W ActivityTaskManager: getApplicationThreadForTopActivity failed: No process for ActivityRecord{88c7ec7 u0 com.google.android.apps.photosgo/.home.HomeActivity t128}
01-30 16:02:52.181  1089  1089 I chatty  : uid=1000(system) Binder:1089_3 expire 1 line
01-30 16:02:52.186  1089  1089 W Looper  : Slow dispatch took 581ms main h=android.app.ActivityThread$H c=<recycled PooledLambda@71e3cba> m=0
01-30 16:02:52.196  1089  1089 W Looper  : Slow delivery took 544ms main h=com.android.server.power.Notifier$NotifierHandler c=null m=1
01-30 16:02:52.227  2620  2620 I chatty  : uid=1000(system) expire 34 lines
01-30 16:02:52.287  1089  1089 W Looper  : Drained
01-30 16:02:52.565  1089  4020 W ActivityTaskManager: servicetracker HIDL not available
01-30 16:02:52.565  1089  4020 E ActivityTaskManager: Unable to get servicetracker HAL instance
01-30 16:02:52.578  1089  4020 W ActivityTaskManager: servicetracker HIDL not available
01-30 16:02:52.579  1089  4020 E ActivityTaskManager: Unable to get servicetracker HAL instance
01-30 16:02:52.580  1089  4020 W ActivityTaskManager: servicetracker HIDL not available
01-30 16:02:52.581  1089  4020 E ActivityTaskManager: Unable to get servicetracker HAL instance
01-30 16:02:52.582  1089  4020 W ActivityTaskManager: servicetracker HIDL not available
01-30 16:02:52.583  1089  4020 E ActivityTaskManager: Unable to get servicetracker HAL instance
01-30 16:02:52.590  1089  4020 W ActivityTaskManager: servicetracker HIDL not available
01-30 16:02:52.590  1089  4020 E ActivityTaskManager: Unable to get servicetracker HAL instance
01-30 16:02:52.753  2620  2625 I chatty  : uid=1000(system) expire 1 line
01-30 16:02:52.754  2620  2620 I chatty  : uid=1000(system) expire 2 lines
01-30 16:02:52.754  2620  2620 D improveTouch: [DSPTouchProcessor:827] deInit: X pa_utf_ret = 1, ret = 1073741835
01-30 16:02:52.754  2620  2620 E improveTouch: [TouchServer:83] delete event injector
01-30 16:02:52.754  2620  2620 E improveTouch: [TouchServer:87] delete config management
01-30 16:02:52.756  2620  2620 E improveTouch: [TouchServer:90] fail to start daemon
01-30 16:02:52.756  2620  2620 E improveTouch: [Main:169] fail to initiate touch server
01-30 16:02:52.844  2132  2132 D RecentsOrientedState: current RecentsOrientedState: [this=RecentsOrientedState@7b08759 mOrientationHandler=PortraitPagedViewHandler@73cef1e mDisplayRotation=0 mTouchRotation=0 mRecentsActivityRotation=0 isRecentsActivityRotationAllowed=false mSystemRotation=false mFlags=291]
01-30 16:02:52.845  2132  2132 I chatty  : uid=10160(com.android.launcher3) identical 2 lines
01-30 16:02:52.845  2132  2132 D RecentsOrientedState: current RecentsOrientedState: [this=RecentsOrientedState@7b08759 mOrientationHandler=PortraitPagedViewHandler@73cef1e mDisplayRotation=0 mTouchRotation=0 mRecentsActivityRotation=0 isRecentsActivityRotationAllowed=false mSystemRotation=false mFlags=291]
01-30 16:02:52.898   480   517 D audio_hw_primary: out_standby: enter: stream (0xafa69800) usecase(1: low-latency-playback)
01-30 16:02:52.971   480   517 D audio_hw_primary: disable_audio_route: reset and update mixer path: low-latency-playback
01-30 16:02:52.974   480   517 D soundtrigger: audio_extn_sound_trigger_update_stream_status: uc_info->id 1 of type 0 for Event 2, with Raise=0
01-30 16:02:52.974   480   517 D hardware_info: hw_info_append_hw_type : device_name = speaker
01-30 16:02:52.974   480   517 D audio_hw_primary: disable_snd_device: snd_device(2: speaker)
01-30 16:02:52.975   480   517 I soundtrigger: audio_extn_sound_trigger_update_device_status: device 0x2 of type 0 for Event 0, with Raise=0
01-30 16:02:52.976   811   932 I BtGatt.ScanManager: msg.what = 6
01-30 16:02:53.012  2584  2584 W GoogleItMinusOneService: TNG flag is disabled
01-30 16:02:53.151  1089  2461 D CompatibilityChangeReporter: Compat change id reported: 135634846; UID 10127; state: DISABLED
01-30 16:02:53.152  1089  1190 D CompatibilityChangeReporter: Compat change id reported: 143937733; UID 10127; state: ENABLED
01-30 16:02:53.196   396   396 D Zygote  : Forked child process 2642
01-30 16:02:53.201  1089  1190 W ActivityManager: Slow operation: 53ms so far, now at startProcess: returned from zygote!
01-30 16:02:53.202  1089  1190 W ActivityManager: Slow operation: 53ms so far, now at startProcess: done updating battery stats
01-30 16:02:53.202  1089  1190 W ActivityManager: Slow operation: 54ms so far, now at startProcess: building log message
01-30 16:02:53.203  1089  1190 I ActivityManager: Start proc 2642:com.google.process.gservices/u0a127 for content provider {com.google.android.gsf/com.google.android.gsf.gservices.GservicesProvider}
01-30 16:02:53.203  1089  1190 W ActivityManager: Slow operation: 54ms so far, now at startProcess: starting to update pids map
01-30 16:02:53.204  1089  1190 W ActivityManager: Slow operation: 55ms so far, now at startProcess: done updating pids map
01-30 16:02:53.286   987  1142 E QMI_FW  : qmi_cci_get_ref: ref count increased 2
01-30 16:02:53.317   811   950 V bt_stack: [VERBOSE1:btm_ble_gap.cc(1849)] btm_ble_process_adv_addr: bda=51:1e:c0:11:ca:26
01-30 16:02:53.317   811   950 V bt_stack: [VERBOSE1:btm_ble_gap.cc(2054)]  Waiting for scan response 51:1e:c0:11:ca:26
01-30 16:02:53.376  1482  1482 D StatusBar: disable<e i a s b h r c s > disable2<q i n >
01-30 16:02:53.438  1482  1482 D StatusBar: disable<e i a s b h r c s > disable2<q i n >
01-30 16:02:53.447  1089  1189 I chatty  : uid=1000(system) ActivityManager expire 3 lines
01-30 16:02:53.467   496   496 D vendor.qti.vibrator: QTI Vibrator off
01-30 16:02:53.587   483   565 I chatty  : uid=1021(gps) LocApiMsgTask expire 2 lines
01-30 16:02:53.592   483   951 I chatty  : uid=1021(gps) LocApiMsgTask expire 2 lines
01-30 16:02:53.661  2642  2642 I Zygote  : seccomp disabled by setenforce 0
01-30 16:02:53.811   811   950 V bt_stack: [VERBOSE1:btm_ble_gap.cc(1849)] btm_ble_process_adv_addr: bda=51:1e:c0:11:ca:26
01-30 16:02:53.811  2087  2114 I adbd    : jdwp connection from 2642
01-30 16:02:53.811   811   950 V bt_stack: [VERBOSE1:btm_ble_gap.cc(2054)]  Waiting for scan response 51:1e:c0:11:ca:26
01-30 16:02:53.933  1089  3390 I chatty  : uid=1000(system) Binder:1089_D expire 3 lines
01-30 16:02:54.420  2642  2642 I Perf    : Connecting to perf service.
01-30 16:02:54.480  2642  2642 D NetworkSecurityConfig: No Network Security Config specified, using platform default
01-30 16:02:54.493  2642  2642 D NetworkSecurityConfig: No Network Security Config specified, using platform default
01-30 16:02:54.523  2642  2642 I GservicesProvider: Gservices pushing to system: true; secure/global: true
01-30 16:02:54.591  2670  2670 D BoundBrokerSvc: onUnbind: Intent { act=com.google.android.gms.libs.gmscorelogger.service.START dat=chimera-action: cmp=com.google.android.gms/.chimera.PersistentDirectBootAwareApiService }
01-30 16:02:54.645  2187  2187 D BoundBrokerSvc: onUnbind: Intent { act=com.google.android.gms.pay.service.BIND dat=chimera-action: cmp=com.google.android.gms/.chimera.GmsApiService }
01-30 16:02:54.648  2670  2670 D BoundBrokerSvc: onUnbind: Intent { act=com.google.android.gms.auth.aang.events.services.START dat=chimera-action: cmp=com.google.android.gms/.chimera.PersistentApiService }
01-30 16:02:54.753   295   295 I lowmemorykiller: Kill 'com.google.android.gms' (2187), uid 10127, oom_adj 800 to free 26876kB
01-30 16:02:54.827   811   950 V bt_stack: [VERBOSE1:btm_ble_gap.cc(1849)] btm_ble_process_adv_addr: bda=51:1e:c0:11:ca:26
01-30 16:02:54.827   811   950 V bt_stack: [VERBOSE1:btm_ble_gap.cc(2054)]  Waiting for scan response 51:1e:c0:11:ca:26
01-30 16:02:54.827   811   950 V bt_stack: [VERBOSE1:btm_ble_gap.cc(1849)] btm_ble_process_adv_addr: bda=51:1e:c0:11:ca:26
01-30 16:02:54.829   811   950 V bt_stack: [VERBOSE1:btm_inq.cc(1019)] BTM_InqDbRead: bd addr 51:1e:c0:11:ca:26
01-30 16:02:54.895   396   396 I Zygote  : Process 2187 exited due to signal 9 (Killed)
01-30 16:02:54.895  1089  1544 I ActivityManager: Process com.google.android.gms (pid 2187) has died: svcb SVC 
01-30 16:02:54.896  1089  1196 I chatty  : uid=1000(system) ActivityManager expire 6 lines
01-30 16:02:54.907  1089  1544 W ActivityManager: Scheduling restart of crashed service com.google.android.gms/.chimera.GmsIntentOperationService in 1000ms for start-requested
01-30 16:02:54.977  2670  2939 I NearbyDiscovery: BloomFilterAdvManager: Detected bloom filter but too far away, ignoring. 8.912509381337454m, mac=XX:XX:XX:XX:CA:26 [CONTEXT service_id=265 group_by="51:1E:C0:11:CA:26" ratelimit_period="30 SECONDS" ]
01-30 16:02:55.911  1089  1189 D CompatibilityChangeReporter: Compat change id reported: 135634846; UID 10127; state: DISABLED
01-30 16:02:55.912  1089  1190 D CompatibilityChangeReporter: Compat change id reported: 143937733; UID 10127; state: ENABLED
01-30 16:02:55.944   396   396 D Zygote  : Forked child process 2673
01-30 16:02:55.951  1089  1190 I ActivityManager: Start proc 2673:com.google.android.gms/u0a127 for service {com.google.android.gms/com.google.android.gms.chimera.GmsIntentOperationService}
01-30 16:02:55.972  2673  2673 I Zygote  : seccomp disabled by setenforce 0
01-30 16:02:56.090  2087  2114 I adbd    : jdwp connection from 2673
01-30 16:02:56.188   295   295 I lowmemorykiller: Kill 'com.google.process.gservices' (2642), uid 10127, oom_adj 700 to free 26244kB
01-30 16:02:56.270  1089  1994 I ActivityManager: Process com.google.process.gservices (pid 2642) has died: prev LAST
01-30 16:02:56.291   396   396 I Zygote  : Process 2642 exited due to signal 9 (Killed)
01-30 16:02:56.399  2673  2673 W gle.android.gm: JIT profile information will not be recorded: profile file does not exist.
01-30 16:02:56.399  2673  2673 W gle.android.gm: JIT profile information will not be recorded: profile file does not exist.
01-30 16:02:56.559  2709  2709 I chatty  : uid=1000(system) expire 35 lines
01-30 16:02:56.767  2673  2673 I Perf    : Connecting to perf service.
01-30 16:02:56.825  2673  2673 D NetworkSecurityConfig: Using Network Security Config from resource network_security_config debugBuild: false
01-30 16:02:56.838  2673  2673 D NetworkSecurityConfig: Using Network Security Config from resource network_security_config debugBuild: false
01-30 16:02:56.848  2709  2711 I chatty  : uid=1000(system) expire 1 line
01-30 16:02:56.850  2709  2709 E improveTouch: [DSPTouchProcessor:823] deInit: invalid state (current = 0)
01-30 16:02:56.850  2709  2709 D improveTouch: [DSPTouchProcessor:827] deInit: X pa_utf_ret = 1, ret = 1073741835
01-30 16:02:56.850  2709  2709 E improveTouch: [TouchServer:83] delete event injector
01-30 16:02:56.850  2709  2709 E improveTouch: [TouchServer:87] delete config management
01-30 16:02:56.851  2709  2709 E improveTouch: [TouchServer:90] fail to start daemon
01-30 16:02:56.851  2709  2709 E improveTouch: [Main:169] fail to initiate touch server
01-30 16:02:57.019   811   950 V bt_stack: [VERBOSE1:btm_ble_gap.cc(1849)] btm_ble_process_adv_addr: bda=51:1e:c0:11:ca:26
01-30 16:02:57.020   811   950 V bt_stack: [VERBOSE1:btm_ble_gap.cc(2054)]  Waiting for scan response 51:1e:c0:11:ca:26
01-30 16:02:57.510   811   950 V bt_stack: [VERBOSE1:btm_ble_gap.cc(1849)] btm_ble_process_adv_addr: bda=51:1e:c0:11:ca:26
01-30 16:02:57.510   811   950 V bt_stack: [VERBOSE1:btm_ble_gap.cc(2054)]  Waiting for scan response 51:1e:c0:11:ca:26
01-30 16:02:57.511   811   950 V bt_stack: [VERBOSE1:btm_ble_gap.cc(1849)] btm_ble_process_adv_addr: bda=51:1e:c0:11:ca:26
01-30 16:02:57.512   811   950 V bt_stack: [VERBOSE1:btm_inq.cc(1019)] BTM_InqDbRead: bd addr 51:1e:c0:11:ca:26
01-30 16:02:57.525  2670  2939 I NearbyDiscovery: BloomFilterAdvManager: Detected bloom filter but too far away, ignoring. 14.12537544622754m, mac=XX:XX:XX:XX:CA:26 [CONTEXT service_id=265 group_by="51:1E:C0:11:CA:26" ratelimit_period="30 SECONDS" ]
01-30 16:02:57.723  1482  1482 D StatusBar: disable<e i a s b h r c s > disable2<q i n >
01-30 16:02:57.803  1482  1482 D StatusBar: disable<e i a s b h r c s > disable2<q i n >
01-30 16:02:57.842  1577  1577 I GoogleInputMethodService: GoogleInputMethodService.onFinishInput():3400 
01-30 16:02:57.870  1577  1577 I GoogleInputMethodService: GoogleInputMethodService.onStartInput():1972 
01-30 16:02:57.923  1482  1482 V KeyguardUpdateMonitor: *** unregister callback for com.android.keyguard.CarrierTextController$2@ec829f4
01-30 16:02:58.034   811   950 V bt_stack: [VERBOSE1:btm_ble_gap.cc(1849)] btm_ble_process_adv_addr: bda=51:1e:c0:11:ca:26
01-30 16:02:58.034   811   950 V bt_stack: [VERBOSE1:btm_ble_gap.cc(2054)]  Waiting for scan response 51:1e:c0:11:ca:26
01-30 16:02:58.350  2673  2673 W ProviderHelper: Unknown dynamite feature providerinstaller.dynamite
