01-30 15:33:31.747  1089  3821 I ActivityManager:   ntv   ??    2388: netd (pid 395) native
01-30 15:33:31.747  1089  3821 I ActivityManager:   ntv   ??    2303: android.hardware.gnss@2.1-service-qti (pid 483) native
01-30 15:33:31.747  1089  3821 I ActivityManager:   ntv   ??    2124: cnd (pid 790) native
01-30 15:33:31.747  1089  3821 I ActivityManager:   ntv   ??    1990: vendor.qti.hardware.perf@2.2-service (pid 495) native
01-30 15:33:31.747  1089  3821 I ActivityManager:   ntv   ??    1944: ims_rtp_daemon (pid 1075) native
01-30 15:33:31.747  1089  3821 I ActivityManager:   ntv   ??    1896: android.hardware.sensors@1.0-service (pid 491) native
01-30 15:33:31.747  1089  3821 I ActivityManager:   ntv   ??    1862: imsdatadaemon (pid 939) native
01-30 15:33:31.747  1089  3821 I ActivityManager:   ntv   ??    1729: imsrcsd (pid 1006) native
01-30 15:33:31.747  1089  3821 I ActivityManager:   ntv   ??    1720: ueventd (pid 280) native
01-30 15:33:31.747  1089  3821 I ActivityManager:   ntv   ??    1666: installd (pid 734) native
01-30 15:33:31.747  1089  3821 I ActivityManager:   ntv   ??    1627: statsd (pid 394) native
01-30 15:33:31.747  1089  3821 I ActivityManager:   ntv   ??    1626: logd (pid 294) native
01-30 15:33:31.747  1089  3821 I ActivityManager:   ntv   ??    1537: android.hardware.bluetooth@1.0-service-qti-lazy (pid 3020) native
01-30 15:33:31.747  1089  3821 I ActivityManager:   ntv   ??    1525: lowi-server (pid 909) native
01-30 15:33:31.747  1089  3821 I ActivityManager:   ntv   ??    1481: vold (pid 331) native
01-30 15:33:31.747  1089  3821 I ActivityManager:   ntv   ??    1405: xtra-daemon (pid 910) native
01-30 15:33:31.747  1089  3821 I ActivityManager:   ntv   ??    1357: init (pid 277) native
01-30 15:33:31.747  1089  3821 I ActivityManager:   ntv   ??    1339: thermal-engine (pid 2036) native
01-30 15:33:31.747  1089  3821 I ActivityManager:   ntv   ??    1268: vendor.qti.hardware.display.allocator-service (pid 493) native
01-30 15:33:31.747  1089  3821 I ActivityManager:   ntv   ??    1213: storaged (pid 767) native
01-30 15:33:31.747  1089  3821 I ActivityManager:   ntv   ??    1161: qseecomd (pid 344) native
01-30 15:33:31.747  1089  3821 I ActivityManager:   ntv   ??    1154: wificond (pid 772) native
01-30 15:33:31.747  1089  3821 I ActivityManager:   ntv   ??    1132: sensors.qti (pid 522) native
01-30 15:33:31.747  1089  3821 I ActivityManager:   ntv   ??    1120: android.hardware.wifi@1.0-service (pid 492) native
01-30 15:33:31.747  1089  3821 I ActivityManager:   ntv   ??    1090: keystore (pid 737) native
01-30 15:33:31.747  1089  3821 I ActivityManager:   ntv   ??    1085: gpuservice (pid 503) native
01-30 15:33:31.747  1089  3821 I ActivityManager:   ntv   ??    1080: perfservice (pid 776) native
01-30 15:33:31.747  1089  3821 I ActivityManager:   ntv   ??    1080: qti (pid 1022) native
01-30 15:33:31.747  1089  3821 I ActivityManager:   ntv   ??    1017: adbd (pid 2087) native
01-30 15:33:31.747  1089  3821 I ActivityManager:   ntv   ??    1013: hwservicemanager (pid 297) native
01-30 15:33:31.747  1089  3821 I ActivityManager:   ntv   ??     971: gatekeeperd (pid 890) native
01-30 15:33:31.747  1089  3821 I ActivityManager:   ntv   ??     969: android.hardware.power-service (pid 490) native
01-30 15:33:31.747  1089  3821 I ActivityManager:   ntv   ??     962: drmserver (pid 724) native
01-30 15:33:31.747  1089  3821 I ActivityManager:   ntv   ??     955: imsqmidaemon (pid 805) native
01-30 15:33:31.747  1089  3821 I ActivityManager:   ntv   ??     926: servicemanager (pid 296) native
01-30 15:33:31.747  1089  3821 I ActivityManager:   ntv   ??     918: android.hardware.keymaster@4.1-service-qti (pid 306) native
01-30 15:33:31.747  1089  3821 I ActivityManager:   ntv   ??     897: android.hardware.health@2.1-service (pid 487) native
01-30 15:33:31.747  1089  3821 I ActivityManager:   ntv   ??     870: incidentd (pid 732) native
01-30 15:33:31.747  1089  3821 I ActivityManager:   ntv   ??     869: vendor.qti.hardware.vibrator.service (pid 496) native
01-30 15:33:31.747  1089  3821 I ActivityManager:   ntv   ??     864: pm-service (pid 501) native
01-30 15:33:31.747  1089  3821 I ActivityManager:   ntv   ??     847: android.hardware.lights-service.qti (pid 488) native
01-30 15:33:31.747  1089  3821 I ActivityManager:   ntv   ??     842: android.hardware.gatekeeper@1.0-service-qti (pid 358) native
01-30 15:33:31.747  1089  3821 I ActivityManager:   ntv   ??     842: adsprpcd (pid 869) native
01-30 15:33:31.747  1089  3821 I ActivityManager:   ntv   ??     836: lmkd (pid 295) native
01-30 15:33:31.747  1089  3821 I ActivityManager:   ntv   ??     836: android.system.suspend@1.0-service (pid 356) native
01-30 15:33:31.747  1089  3821 I ActivityManager:   ntv   ??     826: vendor.qti.hardware.qseecom@1.0-service (pid 309) native
01-30 15:33:31.747  1089  3821 I ActivityManager:   ntv   ??     818: port-bridge (pid 848) native
01-30 15:33:31.747  1089  3821 I ActivityManager:   ntv   ??     811: dspservice (pid 494) native
01-30 15:33:31.747  1089  3821 I ActivityManager:   ntv   ??     802: time_daemon (pid 389) native
01-30 15:33:31.747  1089  3821 I ActivityManager:   ntv   ??     789: loc_launcher (pid 886) native
01-30 15:33:31.747  1089  3821 I ActivityManager:   ntv   ??     784: vndservicemanager (pid 298) native
01-30 15:33:31.747  1089  3821 I ActivityManager:   ntv   ??     776: android.hardware.memtrack@1.0-service (pid 489) native
01-30 15:33:31.747  1089  3821 I ActivityManager:   ntv   ??     773: android.hardware.atrace@1.0-service (pid 357) native
01-30 15:33:31.747  1089  3821 I ActivityManager:   ntv   ??     773: pm-proxy (pid 617) native
01-30 15:33:31.747  1089  3821 I ActivityManager:   ntv   ??     769: rmt_storage (pid 506) native
01-30 15:33:31.747  1089  3821 I ActivityManager:   ntv   ??     736: wcnss_service (pid 719) native
01-30 15:33:31.747  1089  3821 I ActivityManager:   ntv   ??     663: tftp_server (pid 507) native
01-30 15:33:31.747  1089  3821 I ActivityManager:   ntv   ??     584: android.hidl.allocator@1.0-service (pid 481) native
01-30 15:33:31.747  1089  3821 I ActivityManager:   ntv   ??     582: qrtr-ns (pid 618) native
01-30 15:33:31.747  1089  3821 I ActivityManager:   ntv   ??     576: traced (pid 626) native
01-30 15:33:31.747  1089  3821 I ActivityManager:   ntv   ??     513: iptables-restore (pid 433) native
01-30 15:33:31.747  1089  3821 I ActivityManager:   ntv   ??    2274: (Other native)
01-30 15:33:31.747  1089  3821 I ActivityManager:   sys    PER    75459: system (    2,736K memtrack) (pid 1089) fixed
01-30 15:33:31.747  1089  3821 I ActivityManager:   pers   BFGS   54358: com.android.systemui (   14,912K memtrack) (pid 1482) pers-top-ui
01-30 15:33:31.747  1089  3821 I ActivityManager:   pers   PER    13223: com.android.phone (pid 1748) fixed
01-30 15:33:31.747  1089  3821 I ActivityManager:   pers   PER    12454: com.redbend.client (pid 2255) fixed
01-30 15:33:31.747  1089  3821 I ActivityManager:   pers   PER    11759: com.jio.adc.embedded (pid 2275) fixed
01-30 15:33:31.747  1089  3821 I ActivityManager:   pers   PER    10484: com.qualcomm.location (pid 2263) fixed
01-30 15:33:31.747  1089  3821 I ActivityManager:   pers   PER     5654: org.codeaurora.ims (pid 1727) fixed
01-30 15:33:31.747  1089  3821 I ActivityManager:   pers   PER     5362: .qtidataservices (pid 1680) fixed
01-30 15:33:31.747  1089  3821 I ActivityManager:   pers   PER     4618: com.qualcomm.qti.telephonyservice (pid 1705) fixed
01-30 15:33:31.747  1089  3821 I ActivityManager:   pers   PER     4473: .dataservices (pid 1632) fixed
01-30 15:33:31.747  1089  3821 I ActivityManager:   psvc   PER     8239: com.android.providers.media.module (pid 2212) service
01-30 15:33:31.747  1089  3821 I ActivityManager:                        com.android.providers.media.module/com.android.providers.media.fuse.ExternalStorageServiceImpl<=Proc{1089:system/1000}
01-30 15:33:31.747  1089  3821 I ActivityManager:   psvc   PER     8043: com.android.bluetooth (pid 811) service
01-30 15:33:31.747  1089  3821 I ActivityManager:                        com.android.bluetooth/.gatt.GattService<=Proc{1089:system/1000}
01-30 15:33:31.747  1089  3821 I ActivityManager:   fg     BFGS   19622: com.android.launcher3 (    1,320K memtrack) (pid 2132) service
01-30 15:33:31.747  1089  3821 I ActivityManager:                        com.android.launcher3/com.android.quickstep.TouchInteractionService<=Proc{1482:com.android.systemui/u0a154}
01-30 15:33:31.747  1089  3821 I ActivityManager:   vis    BFGS   45986: com.google.android.gms.persistent (pid 2670) service
01-30 15:33:31.747  1089  3821 I ActivityManager:                        com.google.android.gms/.chimera.PersistentBoundBrokerService<=Proc{1089:system/1000}
01-30 15:33:31.747  1089  3821 I ActivityManager:   vis    BFGS   21357: com.android.systemui:screenshot (    4,372K memtrack) (pid 3492) service
01-30 15:33:31.747  1089  3821 I ActivityManager:                        com.android.systemui/.screenshot.TakeScreenshotService<=Proc{1089:system/1000}
01-30 15:33:31.747  1089  3821 I ActivityManager:   vis    BFGS    5089: com.google.android.ext.services (pid 1790) service
01-30 15:33:31.747  1089  3821 I ActivityManager:                        com.google.android.ext.services/android.ext.services.notification.Assistant<=Proc{1089:system/1000}
01-30 15:33:31.747  1089  3821 I ActivityManager:   vis    IMPF    4474: com.qualcomm.qcrilmsgtunnel (pid 2499) service
01-30 15:33:31.747  1089  3821 I ActivityManager:                        com.qualcomm.qcrilmsgtunnel/.QcrilMsgTunnelService<=Proc{1748:com.android.phone/1001}
01-30 15:33:31.747  1089  3821 I ActivityManager:   prcp   IMPB   20265: com.google.android.inputmethod.latin (pid 1577) service
01-30 15:33:31.747  1089  3821 I ActivityManager:                        com.google.android.inputmethod.latin/com.android.inputmethod.latin.LatinIME<=Proc{1089:system/1000}
01-30 15:33:31.747  1089  3821 I ActivityManager:   prcl   TRNB   21782: com.jio.myjio (pid 1754) service
01-30 15:33:31.747  1089  3821 I ActivityManager:                        com.jio.myjio/com.madme.mobile.sdk.service.LSJobService<=Proc{1089:system/1000}
01-30 15:33:31.747  1089  3821 I ActivityManager:   svc    SVC     7762: com.qti.diagservices (pid 2894) started-services
01-30 15:33:31.747  1089  3821 I ActivityManager:             571900: TOTAL (   46,808K memtrack)
01-30 15:33:31.747  1089  3821 I ActivityManager:   MemInfo:   104,360K slab,     6,792K shmem,    16,576K vm alloc,    21,872K page tables    14,952K kernel stack
01-30 15:33:31.747  1089  3821 I ActivityManager:                  432K buffers,   114,340K cached,    79,624K mapped,    45,536K free
01-30 15:33:31.747  1089  3821 I ActivityManager:   ZRAM:    91,728K RAM,   786,428K swap total,   485,604K swap free
01-30 15:33:31.747  1089  3821 I ActivityManager:   Free RAM:   112,084K
01-30 15:33:31.747  1089  3821 I ActivityManager:        ION:    72,868K
01-30 15:33:31.747  1089  3821 I ActivityManager:   Used RAM:   777,924K
01-30 15:33:31.747  1089  3821 I ActivityManager:   Lost RAM:   165,748K
01-30 15:33:31.935  1089  3821 I DropBoxManagerService: add tag=system_server_lowmem isTagEnabled=true flags=0x2
01-30 15:33:31.958  1089  1189 W BroadcastQueue: Background execution not allowed: receiving Intent { act=android.intent.action.DROPBOX_ENTRY_ADDED flg=0x10 (has extras) } to com.google.android.gms/.stats.service.DropBoxEntryAddedReceiver
01-30 15:34:23.914  1089  1188 I UsageStatsService: User[0] Flushing usage stats to disk
01-30 15:34:28.778  1089  1189 W BroadcastQueue: Background execution not allowed: receiving Intent { act=android.net.wifi.SCAN_RESULTS flg=0x4000010 (has extras) } to com.jio.myjio/.jionet.receiver.WifiScanReceiver
01-30 15:34:29.842  1089  3897 D CompatibilityChangeReporter: Compat change id reported: 135634846; UID 10127; state: DISABLED
01-30 15:34:29.842  1089  1190 D CompatibilityChangeReporter: Compat change id reported: 143937733; UID 10127; state: ENABLED
01-30 15:34:29.883  1089  1190 I ActivityManager: Start proc 3861:com.google.android.gms/u0a127 for service {com.google.android.gms/com.google.android.gms.ads.identifier.service.AdvertisingIdService}
01-30 15:34:31.626  1089  3897 I ActivityManager: Process com.google.android.gms (pid 3861) has died: cch+5 CEM 
01-30 15:35:29.524  1089  1189 W BroadcastQueue: Background execution not allowed: receiving Intent { act=android.net.wifi.SCAN_RESULTS flg=0x4000010 (has extras) } to com.jio.myjio/.jionet.receiver.WifiScanReceiver
01-30 15:35:30.592  1089  3897 D CompatibilityChangeReporter: Compat change id reported: 135634846; UID 10127; state: DISABLED
01-30 15:35:30.593  1089  1190 D CompatibilityChangeReporter: Compat change id reported: 143937733; UID 10127; state: ENABLED
01-30 15:35:30.642  1089  1190 W ActivityManager: Slow operation: 51ms so far, now at startProcess: building log message
01-30 15:35:30.642  1089  1190 I ActivityManager: Start proc 3949:com.google.android.gms/u0a127 for service {com.google.android.gms/com.google.android.gms.ads.identifier.service.AdvertisingIdService}
01-30 15:35:30.642  1089  1190 W ActivityManager: Slow operation: 51ms so far, now at startProcess: starting to update pids map
01-30 15:35:30.643  1089  1190 W ActivityManager: Slow operation: 52ms so far, now at startProcess: done updating pids map
01-30 15:35:31.845  1089  3897 I ActivityManager: Process com.google.android.gms (pid 3949) has died: cch+5 CEM 
01-30 15:36:30.181  1089  1189 W BroadcastQueue: Background execution not allowed: receiving Intent { act=android.net.wifi.SCAN_RESULTS flg=0x4000010 (has extras) } to com.jio.myjio/.jionet.receiver.WifiScanReceiver
01-30 15:36:31.233  1089  3501 D CompatibilityChangeReporter: Compat change id reported: 135634846; UID 10127; state: DISABLED
01-30 15:36:31.234  1089  1190 D CompatibilityChangeReporter: Compat change id reported: 143937733; UID 10127; state: ENABLED
01-30 15:36:31.269  1089  1190 I ActivityManager: Start proc 4036:com.google.android.gms/u0a127 for service {com.google.android.gms/com.google.android.gms.ads.identifier.service.AdvertisingIdService}
01-30 15:36:36.841  1089  3897 I ActivityManager: Process com.google.android.gms (pid 4036) has died: cch+5 CEM 
01-30 15:37:01.146  1089  1089 W Looper  : Slow dispatch took 106ms main h=android.app.ActivityThread$H c=android.app.-$$Lambda$LoadedApk$ReceiverDispatcher$Args$_BumDX2UKsnxLVrE6UJsJZkotuA@7f858c4 m=0
01-30 15:37:01.153  1089  1089 W Looper  : Slow delivery took 202ms main h=android.app.ActivityThread$H c=android.app.-$$Lambda$LoadedApk$ReceiverDispatcher$Args$_BumDX2UKsnxLVrE6UJsJZkotuA@b61b3ad m=0
01-30 15:37:01.193  1089  1089 W Looper  : Drained
01-30 15:37:30.452  1089  1178 W Looper  : Slow dispatch took 281ms android.ui h=com.android.server.am.ActivityManagerService$UiHandler c=null m=68
01-30 15:37:30.869  1089  1189 W BroadcastQueue: Background execution not allowed: receiving Intent { act=android.net.wifi.SCAN_RESULTS flg=0x4000010 (has extras) } to com.jio.myjio/.jionet.receiver.WifiScanReceiver
01-30 15:37:31.937  1089  1994 D CompatibilityChangeReporter: Compat change id reported: 135634846; UID 10127; state: DISABLED
01-30 15:37:31.938  1089  1190 D CompatibilityChangeReporter: Compat change id reported: 143937733; UID 10127; state: ENABLED
01-30 15:37:31.974  1089  1190 I ActivityManager: Start proc 385:com.google.android.gms/u0a127 for service {com.google.android.gms/com.google.android.gms.ads.identifier.service.AdvertisingIdService}
01-30 15:37:34.441  1089  1641 I ActivityManager: Process com.google.android.gms (pid 385) has died: fg  TRNB
01-30 15:37:34.444  1089  1641 W ActivityManager: Scheduling restart of crashed service com.google.android.gms/.ads.identifier.service.AdvertisingIdService in 1000ms for connection
01-30 15:37:35.449  1089  1189 D CompatibilityChangeReporter: Compat change id reported: 135634846; UID 10127; state: DISABLED
01-30 15:37:35.450  1089  1190 D CompatibilityChangeReporter: Compat change id reported: 143937733; UID 10127; state: ENABLED
01-30 15:37:35.487  1089  1190 I ActivityManager: Start proc 474:com.google.android.gms/u0a127 for service {com.google.android.gms/com.google.android.gms.ads.identifier.service.AdvertisingIdService}
01-30 15:37:36.564  1089  3547 I ActivityManager: Process com.google.android.gms (pid 474) has died: cch+5 CEM 
01-30 15:38:31.669  1089  1189 W BroadcastQueue: Background execution not allowed: receiving Intent { act=android.net.wifi.SCAN_RESULTS flg=0x4000010 (has extras) } to com.jio.myjio/.jionet.receiver.WifiScanReceiver
01-30 15:38:32.781  1089  2461 D CompatibilityChangeReporter: Compat change id reported: 135634846; UID 10127; state: DISABLED
01-30 15:38:32.782  1089  1190 D CompatibilityChangeReporter: Compat change id reported: 143937733; UID 10127; state: ENABLED
01-30 15:38:32.814  1089  1190 I ActivityManager: Start proc 666:com.google.android.gms/u0a127 for service {com.google.android.gms/com.google.android.gms.ads.identifier.service.AdvertisingIdService}
01-30 15:38:34.234  1089  1816 I ActivityManager: Process com.google.android.gms (pid 666) has died: cch+5 CEM 
01-30 15:38:35.667  1089   774 I ActivityManager: Low on memory:
01-30 15:38:35.668  1089   774 I ActivityManager:   ntv   ??   33729: surfaceflinger (   23,468K memtrack) (pid 504) native
01-30 15:38:35.668  1089   774 I ActivityManager:   ntv   ??   22902: zygote (pid 396) native
01-30 15:38:35.668  1089   774 I ActivityManager:   ntv   ??   18279: android.hardware.camera.provider@2.4-service (pid 482) native
01-30 15:38:35.668  1089   774 I ActivityManager:   ntv   ??   12107: mediaserver (pid 757) native
01-30 15:38:35.668  1089   774 I ActivityManager:   ntv   ??   11272: android.hardware.audio.service (pid 480) native
01-30 15:38:35.668  1089   774 I ActivityManager:   ntv   ??    7292: media.extractor (pid 744) native
01-30 15:38:35.668  1089   774 I ActivityManager:   ntv   ??    6230: qcrild (pid 987) native
01-30 15:38:35.668  1089   774 I ActivityManager:   ntv   ??    5756: audioserver (pid 502) native
01-30 15:38:35.668  1089   774 I ActivityManager:   ntv   ??    4574: media.swcodec (pid 882) native
01-30 15:38:35.668  1089   774 I ActivityManager:   ntv   ??    3533: cameraserver (pid 723) native
01-30 15:38:35.668  1089   774 I ActivityManager:   ntv   ??    3188: netmgrd (pid 846) native
01-30 15:38:35.668  1089   774 I ActivityManager:   ntv   ??    3026: init (pid 1) native
01-30 15:38:35.668  1089   774 I ActivityManager:   ntv   ??    2939: android.hardware.graphics.composer@2.1-service (pid 484) native
01-30 15:38:35.668  1089   774 I ActivityManager:   ntv   ??    2493: media.metrics (pid 752) native
01-30 15:38:35.668  1089   774 I ActivityManager:   ntv   ??    2484: media.codec (pid 787) native
01-30 15:38:35.668  1089   774 I ActivityManager:   ntv   ??    2391: android.hardware.gnss@2.1-service-qti (pid 483) native
01-30 15:38:35.668  1089   774 I ActivityManager:   ntv   ??    2232: netd (pid 395) native
01-30 15:38:35.668  1089   774 I ActivityManager:   ntv   ??    2124: cnd (pid 790) native
01-30 15:38:35.668  1089   774 I ActivityManager:   ntv   ??    1990: vendor.qti.hardware.perf@2.2-service (pid 495) native
01-30 15:38:35.668  1089   774 I ActivityManager:   ntv   ??    1944: ims_rtp_daemon (pid 1075) native
01-30 15:38:35.668  1089   774 I ActivityManager:   ntv   ??    1864: android.hardware.sensors@1.0-service (pid 491) native
01-30 15:38:35.668  1089   774 I ActivityManager:   ntv   ??    1862: imsdatadaemon (pid 939) native
01-30 15:38:35.668  1089   774 I ActivityManager:   ntv   ??    1764: ueventd (pid 280) native
01-30 15:38:35.668  1089   774 I ActivityManager:   ntv   ??    1729: imsrcsd (pid 1006) native
01-30 15:38:35.668  1089   774 I ActivityManager:   ntv   ??    1627: statsd (pid 394) native
01-30 15:38:35.668  1089   774 I ActivityManager:   ntv   ??    1614: logd (pid 294) native
01-30 15:38:35.668  1089   774 I ActivityManager:   ntv   ??    1602: installd (pid 734) native
01-30 15:38:35.668  1089   774 I ActivityManager:   ntv   ??    1547: android.hardware.bluetooth@1.0-service-qti-lazy (pid 3020) native
01-30 15:38:35.668  1089   774 I ActivityManager:   ntv   ??    1525: lowi-server (pid 909) native
01-30 15:38:35.668  1089   774 I ActivityManager:   ntv   ??    1481: vold (pid 331) native
01-30 15:38:35.668  1089   774 I ActivityManager:   ntv   ??    1405: xtra-daemon (pid 910) native
01-30 15:38:35.668  1089   774 I ActivityManager:   ntv   ??    1357: init (pid 277) native
01-30 15:38:35.668  1089   774 I ActivityManager:   ntv   ??    1339: thermal-engine (pid 2036) native
01-30 15:38:35.668  1089   774 I ActivityManager:   ntv   ??    1268: vendor.qti.hardware.display.allocator-service (pid 493) native
01-30 15:38:35.668  1089   774 I ActivityManager:   ntv   ??    1213: storaged (pid 767) native
01-30 15:38:35.668  1089   774 I ActivityManager:   ntv   ??    1161: qseecomd (pid 344) native
01-30 15:38:35.668  1089   774 I ActivityManager:   ntv   ??    1154: wificond (pid 772) native
01-30 15:38:35.668  1089   774 I ActivityManager:   ntv   ??    1132: sensors.qti (pid 522) native
01-30 15:38:35.668  1089   774 I ActivityManager:   ntv   ??    1120: android.hardware.wifi@1.0-service (pid 492) native
01-30 15:38:35.668  1089   774 I ActivityManager:   ntv   ??    1090: keystore (pid 737) native
01-30 15:38:35.668  1089   774 I ActivityManager:   ntv   ??    1085: gpuservice (pid 503) native
01-30 15:38:35.668  1089   774 I ActivityManager:   ntv   ??    1080: perfservice (pid 776) native
01-30 15:38:35.668  1089   774 I ActivityManager:   ntv   ??    1080: qti (pid 1022) native
01-30 15:38:35.668  1089   774 I ActivityManager:   ntv   ??    1017: adbd (pid 2087) native
01-30 15:38:35.668  1089   774 I ActivityManager:   ntv   ??    1013: hwservicemanager (pid 297) native
01-30 15:38:35.668  1089   774 I ActivityManager:   ntv   ??     971: gatekeeperd (pid 890) native
01-30 15:38:35.668  1089   774 I ActivityManager:   ntv   ??     969: android.hardware.power-service (pid 490) native
01-30 15:38:35.668  1089   774 I ActivityManager:   ntv   ??     962: drmserver (pid 724) native
01-30 15:38:35.668  1089   774 I ActivityManager:   ntv   ??     955: imsqmidaemon (pid 805) native
01-30 15:38:35.668  1089   774 I ActivityManager:   ntv   ??     926: servicemanager (pid 296) native
01-30 15:38:35.668  1089   774 I ActivityManager:   ntv   ??     918: android.hardware.keymaster@4.1-service-qti (pid 306) native
01-30 15:38:35.668  1089   774 I ActivityManager:   ntv   ??     897: android.hardware.health@2.1-service (pid 487) native
01-30 15:38:35.668  1089   774 I ActivityManager:   ntv   ??     870: incidentd (pid 732) native
01-30 15:38:35.668  1089   774 I ActivityManager:   ntv   ??     869: vendor.qti.hardware.vibrator.service (pid 496) native
01-30 15:38:35.668  1089   774 I ActivityManager:   ntv   ??     864: pm-service (pid 501) native
01-30 15:38:35.668  1089   774 I ActivityManager:   ntv   ??     847: android.hardware.lights-service.qti (pid 488) native
01-30 15:38:35.668  1089   774 I ActivityManager:   ntv   ??     842: android.hardware.gatekeeper@1.0-service-qti (pid 358) native
01-30 15:38:35.668  1089   774 I ActivityManager:   ntv   ??     842: adsprpcd (pid 869) native
01-30 15:38:35.668  1089   774 I ActivityManager:   ntv   ??     836: lmkd (pid 295) native
01-30 15:38:35.668  1089   774 I ActivityManager:   ntv   ??     836: android.system.suspend@1.0-service (pid 356) native
01-30 15:38:35.668  1089   774 I ActivityManager:   ntv   ??     826: vendor.qti.hardware.qseecom@1.0-service (pid 309) native
01-30 15:38:35.668  1089   774 I ActivityManager:   ntv   ??     818: port-bridge (pid 848) native
01-30 15:38:35.668  1089   774 I ActivityManager:   ntv   ??     811: dspservice (pid 494) native
01-30 15:38:35.668  1089   774 I ActivityManager:   ntv   ??     802: time_daemon (pid 389) native
01-30 15:38:35.668  1089   774 I ActivityManager:   ntv   ??     789: loc_launcher (pid 886) native
01-30 15:38:35.668  1089   774 I ActivityManager:   ntv   ??     784: vndservicemanager (pid 298) native
01-30 15:38:35.668  1089   774 I ActivityManager:   ntv   ??     776: android.hardware.memtrack@1.0-service (pid 489) native
01-30 15:38:35.668  1089   774 I ActivityManager:   ntv   ??     773: android.hardware.atrace@1.0-service (pid 357) native
01-30 15:38:35.668  1089   774 I ActivityManager:   ntv   ??     773: pm-proxy (pid 617) native
01-30 15:38:35.668  1089   774 I ActivityManager:   ntv   ??     769: rmt_storage (pid 506) native
01-30 15:38:35.668  1089   774 I ActivityManager:   ntv   ??     736: wcnss_service (pid 719) native
01-30 15:38:35.668  1089   774 I ActivityManager:   ntv   ??     663: tftp_server (pid 507) native
01-30 15:38:35.668  1089   774 I ActivityManager:   ntv   ??     584: android.hidl.allocator@1.0-service (pid 481) native
01-30 15:38:35.668  1089   774 I ActivityManager:   ntv   ??     582: qrtr-ns (pid 618) native
01-30 15:38:35.668  1089   774 I ActivityManager:   ntv   ??     576: traced (pid 626) native
01-30 15:38:35.668  1089   774 I ActivityManager:   ntv   ??    2659: (Other native)
01-30 15:38:35.668  1089   774 I ActivityManager:   sys    PER    68603: system (    2,736K memtrack) (pid 1089) fixed
01-30 15:38:35.668  1089   774 I ActivityManager:   pers   BFGS   53071: com.android.systemui (   14,912K memtrack) (pid 1482) pers-top-ui
01-30 15:38:35.668  1089   774 I ActivityManager:   pers   PER    12670: com.android.phone (pid 1748) fixed
01-30 15:38:35.668  1089   774 I ActivityManager:   pers   PER    12189: com.redbend.client (pid 2255) fixed
01-30 15:38:35.668  1089   774 I ActivityManager:   pers   PER    10711: com.jio.adc.embedded (pid 2275) fixed
01-30 15:38:35.668  1089   774 I ActivityManager:   pers   PER    10408: com.qualcomm.location (pid 2263) fixed
01-30 15:38:35.668  1089   774 I ActivityManager:   pers   PER     5617: org.codeaurora.ims (pid 1727) fixed
01-30 15:38:35.668  1089   774 I ActivityManager:   pers   PER     5297: .qtidataservices (pid 1680) fixed
01-30 15:38:35.668  1089   774 I ActivityManager:   pers   PER     4581: com.qualcomm.qti.telephonyservice (pid 1705) fixed
01-30 15:38:35.668  1089   774 I ActivityManager:   pers   PER     4436: .dataservices (pid 1632) fixed
01-30 15:38:35.668  1089   774 I ActivityManager:   psvc   PER     8263: com.android.bluetooth (pid 811) service
01-30 15:38:35.668  1089   774 I ActivityManager:                        com.android.bluetooth/.gatt.GattService<=Proc{1089:system/1000}
01-30 15:38:35.668  1089   774 I ActivityManager:   psvc   PER     8216: com.android.providers.media.module (pid 2212) service
01-30 15:38:35.668  1089   774 I ActivityManager:                        com.android.providers.media.module/com.android.providers.media.fuse.ExternalStorageServiceImpl<=Proc{1089:system/1000}
01-30 15:38:35.668  1089   774 I ActivityManager:   fg     BFGS   19545: com.android.launcher3 (    1,320K memtrack) (pid 2132) service
01-30 15:38:35.668  1089   774 I ActivityManager:                        com.android.launcher3/com.android.quickstep.TouchInteractionService<=Proc{1482:com.android.systemui/u0a154}
01-30 15:38:35.668  1089   774 I ActivityManager:   vis    BFGS   46653: com.google.android.gms.persistent (pid 2670) service
01-30 15:38:35.668  1089   774 I ActivityManager:                        com.google.android.gms/.chimera.PersistentBoundBrokerService<=Proc{1089:system/1000}
01-30 15:38:35.668  1089   774 I ActivityManager:   vis    BFGS   21480: com.android.systemui:screenshot (    4,372K memtrack) (pid 3492) service
01-30 15:38:35.668  1089   774 I ActivityManager:                        com.android.systemui/.screenshot.TakeScreenshotService<=Proc{1089:system/1000}
01-30 15:38:35.668  1089   774 I ActivityManager:   vis    BFGS    5160: com.google.android.ext.services (pid 1790) service
01-30 15:38:35.668  1089   774 I ActivityManager:                        com.google.android.ext.services/android.ext.services.notification.Assistant<=Proc{1089:system/1000}
01-30 15:38:35.668  1089   774 I ActivityManager:   vis    IMPF    4440: com.qualcomm.qcrilmsgtunnel (pid 2499) service
01-30 15:38:35.668  1089   774 I ActivityManager:                        com.qualcomm.qcrilmsgtunnel/.QcrilMsgTunnelService<=Proc{1748:com.android.phone/1001}
01-30 15:38:35.668  1089   774 I ActivityManager:   prcp   IMPB   21152: com.google.android.inputmethod.latin (pid 1577) service
01-30 15:38:35.668  1089   774 I ActivityManager:                        com.google.android.inputmethod.latin/com.android.inputmethod.latin.LatinIME<=Proc{1089:system/1000}
01-30 15:38:35.668  1089   774 I ActivityManager:   prcl   TRNB   22038: com.jio.myjio (pid 1754) service
01-30 15:38:35.668  1089   774 I ActivityManager:                        com.jio.myjio/com.madme.mobile.sdk.service.LSJobService2<=Proc{1089:system/1000}
01-30 15:38:35.668  1089   774 I ActivityManager:   svc    SVC     7354: com.qti.diagservices (pid 2894) started-services
01-30 15:38:35.668  1089   774 I ActivityManager:             563623: TOTAL (   46,808K memtrack)
01-30 15:38:35.668  1089   774 I ActivityManager:   MemInfo:   104,168K slab,     6,632K shmem,    16,576K vm alloc,    21,872K page tables    14,936K kernel stack
01-30 15:38:35.668  1089   774 I ActivityManager:                  148K buffers,   115,840K cached,    73,180K mapped,    42,476K free
01-30 15:38:35.668  1089   774 I ActivityManager:   ZRAM:    88,372K RAM,   786,428K swap total,   493,828K swap free
01-30 15:38:35.668  1089   774 I ActivityManager:   Free RAM:   116,460K
01-30 15:38:35.668  1089   774 I ActivityManager:        ION:    72,868K
01-30 15:38:35.668  1089   774 I ActivityManager:   Used RAM:   769,503K
01-30 15:38:35.668  1089   774 I ActivityManager:   Lost RAM:   164,718K
01-30 15:38:35.866  1089   774 I DropBoxManagerService: add tag=system_server_lowmem isTagEnabled=true flags=0x2
01-30 15:38:35.896  1089  1189 W BroadcastQueue: Background execution not allowed: receiving Intent { act=android.intent.action.DROPBOX_ENTRY_ADDED flg=0x10 (has extras) } to com.google.android.gms/.stats.service.DropBoxEntryAddedReceiver
01-30 15:38:39.907  1089  1189 D CompatibilityChangeReporter: Compat change id reported: 135634846; UID 10079; state: DISABLED
01-30 15:38:39.908  1089  1190 D CompatibilityChangeReporter: Compat change id reported: 143937733; UID 10079; state: ENABLED
01-30 15:38:39.945  1089  1190 I ActivityManager: Start proc 780:android.process.media/u0a79 for service {com.android.mtp/com.android.mtp.MtpService}
01-30 15:38:41.143  1089  2461 I ActivityManager: Process com.qti.diagservices (pid 2894) has died: svcb SVC 
01-30 15:38:41.158  1089  2461 W ActivityManager: Scheduling restart of crashed service com.qti.diagservices/.QTIDiagServices in 1000ms for start-requested
01-30 15:38:42.163  1089  1189 D CompatibilityChangeReporter: Compat change id reported: 135634846; UID 1000; state: DISABLED
01-30 15:38:42.202  1089  1190 I ActivityManager: Start proc 849:com.qti.diagservices/1000 for service {com.qti.diagservices/com.qti.diagservices.QTIDiagServices}
01-30 15:39:31.869  1089  1178 W Looper  : Slow dispatch took 259ms android.ui h=com.android.server.am.ActivityManagerService$UiHandler c=null m=68
01-30 15:39:32.110  1089  3897 I ActivityManager: Process android.process.media (pid 780) has died: svcb SVC 
01-30 15:39:32.114  1089  3897 W ActivityManager: Scheduling restart of crashed service com.android.mtp/.MtpService in 3031200ms for start-requested
01-30 15:39:32.353  1089  1189 W BroadcastQueue: Background execution not allowed: receiving Intent { act=android.net.wifi.SCAN_RESULTS flg=0x4000010 (has extras) } to com.jio.myjio/.jionet.receiver.WifiScanReceiver
01-30 15:39:33.409  1089  3501 D CompatibilityChangeReporter: Compat change id reported: 135634846; UID 10127; state: DISABLED
01-30 15:39:33.410  1089  1190 D CompatibilityChangeReporter: Compat change id reported: 143937733; UID 10127; state: ENABLED
01-30 15:39:33.442  1089  1190 I ActivityManager: Start proc 1064:com.google.android.gms/u0a127 for service {com.google.android.gms/com.google.android.gms.ads.identifier.service.AdvertisingIdService}
01-30 15:39:35.242  1089   382 I ActivityManager: Process com.google.android.gms (pid 1064) has died: cch+5 CEM 
01-30 15:40:33.044  1089  1189 W BroadcastQueue: Background execution not allowed: receiving Intent { act=android.net.wifi.SCAN_RESULTS flg=0x4000010 (has extras) } to com.jio.myjio/.jionet.receiver.WifiScanReceiver
01-30 15:40:34.116  1089   382 D CompatibilityChangeReporter: Compat change id reported: 135634846; UID 10127; state: DISABLED
01-30 15:40:34.117  1089  1190 D CompatibilityChangeReporter: Compat change id reported: 143937733; UID 10127; state: ENABLED
01-30 15:40:34.162  1089  1190 I ActivityManager: Start proc 1322:com.google.android.gms/u0a127 for service {com.google.android.gms/com.google.android.gms.ads.identifier.service.AdvertisingIdService}
01-30 15:40:35.454  1089   382 I ActivityManager: Process com.google.android.gms (pid 1322) has died: cch+5 CEM 
01-30 15:41:33.690  1089  1189 W BroadcastQueue: Background execution not allowed: receiving Intent { act=android.net.wifi.SCAN_RESULTS flg=0x4000010 (has extras) } to com.jio.myjio/.jionet.receiver.WifiScanReceiver
01-30 15:41:34.745  1089  3501 D CompatibilityChangeReporter: Compat change id reported: 135634846; UID 10127; state: DISABLED
01-30 15:41:34.746  1089  1190 D CompatibilityChangeReporter: Compat change id reported: 143937733; UID 10127; state: ENABLED
01-30 15:41:34.783  1089  1190 I ActivityManager: Start proc 1539:com.google.android.gms/u0a127 for service {com.google.android.gms/com.google.android.gms.ads.identifier.service.AdvertisingIdService}
01-30 15:41:40.473  1089  3501 I ActivityManager: Process com.google.android.gms (pid 1539) has died: cch+5 CEM 
01-30 15:42:33.788  1089  1178 W Looper  : Slow dispatch took 117ms android.ui h=com.android.server.am.ActivityManagerService$UiHandler c=null m=68
01-30 15:42:34.476  1089  1189 W BroadcastQueue: Background execution not allowed: receiving Intent { act=android.net.wifi.SCAN_RESULTS flg=0x4000010 (has extras) } to com.jio.myjio/.jionet.receiver.WifiScanReceiver
01-30 15:42:35.491  1089  1641 D CompatibilityChangeReporter: Compat change id reported: 135634846; UID 10127; state: DISABLED
01-30 15:42:35.491  1089  1190 D CompatibilityChangeReporter: Compat change id reported: 143937733; UID 10127; state: ENABLED
01-30 15:42:35.526  1089  1190 I ActivityManager: Start proc 1713:com.google.android.gms/u0a127 for service {com.google.android.gms/com.google.android.gms.ads.identifier.service.AdvertisingIdService}
01-30 15:42:49.191  1089   382 I ActivityManager: Process com.google.android.gms (pid 1713) has died: cch+5 CEM 
01-30 15:43:33.757  1089  1205 E KernelCpuSpeedReader: Failed to read cpu-freq: /sys/devices/system/cpu/cpu0/cpufreq/stats/time_in_state: open failed: ENOENT (No such file or directory)
01-30 15:43:34.570  1089  1178 W Looper  : Slow dispatch took 119ms android.ui h=com.android.server.am.ActivityManagerService$UiHandler c=null m=68
01-30 15:43:35.193  1089  1189 W BroadcastQueue: Background execution not allowed: receiving Intent { act=android.net.wifi.SCAN_RESULTS flg=0x4000010 (has extras) } to com.jio.myjio/.jionet.receiver.WifiScanReceiver
01-30 15:43:36.221  1089  1641 D CompatibilityChangeReporter: Compat change id reported: 135634846; UID 10127; state: DISABLED
01-30 15:43:36.222  1089  1190 D CompatibilityChangeReporter: Compat change id reported: 143937733; UID 10127; state: ENABLED
01-30 15:43:36.256  1089  1190 I ActivityManager: Start proc 2002:com.google.android.gms/u0a127 for service {com.google.android.gms/com.google.android.gms.ads.identifier.service.AdvertisingIdService}
01-30 15:43:39.203  1089  3501 I ActivityManager: Process com.google.android.gms (pid 2002) has died: cch+5 CEM 
01-30 15:43:39.276  1089  2066 W ProcessCpuTracker: Failed to stat(/proc/2063): android.system.ErrnoException: stat failed: ENOENT (No such file or directory)
01-30 15:43:39.276  1089  2066 W ProcessCpuTracker: Skipping unknown process pid 2063
01-30 15:43:40.672  1089  2066 I ActivityManager: Low on memory:
01-30 15:43:40.672  1089  2066 I ActivityManager:   ntv   ??   33713: surfaceflinger (   23,468K memtrack) (pid 504) native
01-30 15:43:40.672  1089  2066 I ActivityManager:   ntv   ??   22351: zygote (pid 396) native
01-30 15:43:40.672  1089  2066 I ActivityManager:   ntv   ??   18279: android.hardware.camera.provider@2.4-service (pid 482) native
01-30 15:43:40.672  1089  2066 I ActivityManager:   ntv   ??   12107: mediaserver (pid 757) native
01-30 15:43:40.672  1089  2066 I ActivityManager:   ntv   ??   11272: android.hardware.audio.service (pid 480) native
01-30 15:43:40.672  1089  2066 I ActivityManager:   ntv   ??    7292: media.extractor (pid 744) native
01-30 15:43:40.672  1089  2066 I ActivityManager:   ntv   ??    6526: qcrild (pid 987) native
01-30 15:43:40.672  1089  2066 I ActivityManager:   ntv   ??    5752: audioserver (pid 502) native
01-30 15:43:40.672  1089  2066 I ActivityManager:   ntv   ??    4574: media.swcodec (pid 882) native
01-30 15:43:40.672  1089  2066 I ActivityManager:   ntv   ??    3533: cameraserver (pid 723) native
01-30 15:43:40.672  1089  2066 I ActivityManager:   ntv   ??    3188: netmgrd (pid 846) native
01-30 15:43:40.672  1089  2066 I ActivityManager:   ntv   ??    3028: init (pid 1) native
01-30 15:43:40.672  1089  2066 I ActivityManager:   ntv   ??    2918: android.hardware.graphics.composer@2.1-service (pid 484) native
01-30 15:43:40.672  1089  2066 I ActivityManager:   ntv   ??    2493: media.metrics (pid 752) native
01-30 15:43:40.672  1089  2066 I ActivityManager:   ntv   ??    2484: media.codec (pid 787) native
01-30 15:43:40.672  1089  2066 I ActivityManager:   ntv   ??    2347: android.hardware.gnss@2.1-service-qti (pid 483) native
01-30 15:43:40.672  1089  2066 I ActivityManager:   ntv   ??    2231: netd (pid 395) native
01-30 15:43:40.672  1089  2066 I ActivityManager:   ntv   ??    2124: cnd (pid 790) native
01-30 15:43:40.672  1089  2066 I ActivityManager:   ntv   ??    1990: vendor.qti.hardware.perf@2.2-service (pid 495) native
01-30 15:43:40.672  1089  2066 I ActivityManager:   ntv   ??    1944: ims_rtp_daemon (pid 1075) native
01-30 15:43:40.672  1089  2066 I ActivityManager:   ntv   ??    1864: android.hardware.sensors@1.0-service (pid 491) native
01-30 15:43:40.672  1089  2066 I ActivityManager:   ntv   ??    1862: imsdatadaemon (pid 939) native
01-30 15:43:40.672  1089  2066 I ActivityManager:   ntv   ??    1762: ueventd (pid 280) native
01-30 15:43:40.672  1089  2066 I ActivityManager:   ntv   ??    1729: imsrcsd (pid 1006) native
01-30 15:43:40.672  1089  2066 I ActivityManager:   ntv   ??    1627: statsd (pid 394) native
01-30 15:43:40.672  1089  2066 I ActivityManager:   ntv   ??    1623: logd (pid 294) native
01-30 15:43:40.672  1089  2066 I ActivityManager:   ntv   ??    1602: installd (pid 734) native
01-30 15:43:40.672  1089  2066 I ActivityManager:   ntv   ??    1578: android.hardware.bluetooth@1.0-service-qti-lazy (pid 3020) native
01-30 15:43:40.672  1089  2066 I ActivityManager:   ntv   ??    1525: lowi-server (pid 909) native
01-30 15:43:40.672  1089  2066 I ActivityManager:   ntv   ??    1480: vold (pid 331) native
01-30 15:43:40.672  1089  2066 I ActivityManager:   ntv   ??    1405: xtra-daemon (pid 910) native
01-30 15:43:40.672  1089  2066 I ActivityManager:   ntv   ??    1358: init (pid 277) native
01-30 15:43:40.672  1089  2066 I ActivityManager:   ntv   ??    1339: thermal-engine (pid 2036) native
01-30 15:43:40.672  1089  2066 I ActivityManager:   ntv   ??    1303: android.hardware.wifi@1.0-service (pid 492) native
01-30 15:43:40.672  1089  2066 I ActivityManager:   ntv   ??    1268: vendor.qti.hardware.display.allocator-service (pid 493) native
01-30 15:43:40.672  1089  2066 I ActivityManager:   ntv   ??    1213: storaged (pid 767) native
01-30 15:43:40.672  1089  2066 I ActivityManager:   ntv   ??    1161: qseecomd (pid 344) native
01-30 15:43:40.672  1089  2066 I ActivityManager:   ntv   ??    1154: wificond (pid 772) native
01-30 15:43:40.672  1089  2066 I ActivityManager:   ntv   ??    1133: adbd (pid 2087) native
01-30 15:43:40.672  1089  2066 I ActivityManager:   ntv   ??    1132: sensors.qti (pid 522) native
01-30 15:43:40.672  1089  2066 I ActivityManager:   ntv   ??    1090: keystore (pid 737) native
01-30 15:43:40.672  1089  2066 I ActivityManager:   ntv   ??    1085: gpuservice (pid 503) native
01-30 15:43:40.672  1089  2066 I ActivityManager:   ntv   ??    1080: perfservice (pid 776) native
01-30 15:43:40.672  1089  2066 I ActivityManager:   ntv   ??    1080: qti (pid 1022) native
01-30 15:43:40.672  1089  2066 I ActivityManager:   ntv   ??    1013: hwservicemanager (pid 297) native
01-30 15:43:40.672  1089  2066 I ActivityManager:   ntv   ??     971: gatekeeperd (pid 890) native
01-30 15:43:40.672  1089  2066 I ActivityManager:   ntv   ??     969: android.hardware.power-service (pid 490) native
01-30 15:43:40.672  1089  2066 I ActivityManager:   ntv   ??     962: drmserver (pid 724) native
01-30 15:43:40.672  1089  2066 I ActivityManager:   ntv   ??     955: imsqmidaemon (pid 805) native
01-30 15:43:40.672  1089  2066 I ActivityManager:   ntv   ??     926: servicemanager (pid 296) native
01-30 15:43:40.672  1089  2066 I ActivityManager:   ntv   ??     918: android.hardware.keymaster@4.1-service-qti (pid 306) native
01-30 15:43:40.672  1089  2066 I ActivityManager:   ntv   ??     894: android.hardware.health@2.1-service (pid 487) native
01-30 15:43:40.672  1089  2066 I ActivityManager:   ntv   ??     874: android.system.suspend@1.0-service (pid 356) native
01-30 15:43:40.672  1089  2066 I ActivityManager:   ntv   ??     870: incidentd (pid 732) native
01-30 15:43:40.672  1089  2066 I ActivityManager:   ntv   ??     869: vendor.qti.hardware.vibrator.service (pid 496) native
01-30 15:43:40.672  1089  2066 I ActivityManager:   ntv   ??     864: pm-service (pid 501) native
01-30 15:43:40.672  1089  2066 I ActivityManager:   ntv   ??     847: android.hardware.lights-service.qti (pid 488) native
01-30 15:43:40.672  1089  2066 I ActivityManager:   ntv   ??     842: android.hardware.gatekeeper@1.0-service-qti (pid 358) native
01-30 15:43:40.672  1089  2066 I ActivityManager:   ntv   ??     842: adsprpcd (pid 869) native
01-30 15:43:40.672  1089  2066 I ActivityManager:   ntv   ??     836: lmkd (pid 295) native
01-30 15:43:40.672  1089  2066 I ActivityManager:   ntv   ??     826: vendor.qti.hardware.qseecom@1.0-service (pid 309) native
01-30 15:43:40.672  1089  2066 I ActivityManager:   ntv   ??     818: port-bridge (pid 848) native
01-30 15:43:40.672  1089  2066 I ActivityManager:   ntv   ??     811: dspservice (pid 494) native
01-30 15:43:40.672  1089  2066 I ActivityManager:   ntv   ??     802: time_daemon (pid 389) native
01-30 15:43:40.672  1089  2066 I ActivityManager:   ntv   ??     789: loc_launcher (pid 886) native
01-30 15:43:40.672  1089  2066 I ActivityManager:   ntv   ??     784: vndservicemanager (pid 298) native
01-30 15:43:40.672  1089  2066 I ActivityManager:   ntv   ??     776: android.hardware.memtrack@1.0-service (pid 489) native
01-30 15:43:40.672  1089  2066 I ActivityManager:   ntv   ??     773: android.hardware.atrace@1.0-service (pid 357) native
01-30 15:43:40.672  1089  2066 I ActivityManager:   ntv   ??     773: pm-proxy (pid 617) native
01-30 15:43:40.672  1089  2066 I ActivityManager:   ntv   ??     769: rmt_storage (pid 506) native
01-30 15:43:40.672  1089  2066 I ActivityManager:   ntv   ??     736: wcnss_service (pid 719) native
01-30 15:43:40.672  1089  2066 I ActivityManager:   ntv   ??     663: tftp_server (pid 507) native
01-30 15:43:40.672  1089  2066 I ActivityManager:   ntv   ??     584: android.hidl.allocator@1.0-service (pid 481) native
01-30 15:43:40.672  1089  2066 I ActivityManager:   ntv   ??     582: qrtr-ns (pid 618) native
01-30 15:43:40.672  1089  2066 I ActivityManager:   ntv   ??     576: traced (pid 626) native
01-30 15:43:40.672  1089  2066 I ActivityManager:   ntv   ??    2659: (Other native)
01-30 15:43:40.672  1089  2066 I ActivityManager:   sys    PER    74923: system (    2,736K memtrack) (pid 1089) fixed
01-30 15:43:40.672  1089  2066 I ActivityManager:   pers   BFGS   54720: com.android.systemui (   14,912K memtrack) (pid 1482) pers-top-ui
01-30 15:43:40.672  1089  2066 I ActivityManager:   pers   PER    13309: com.android.phone (pid 1748) fixed
01-30 15:43:40.672  1089  2066 I ActivityManager:   pers   PER    12487: com.redbend.client (pid 2255) fixed
01-30 15:43:40.672  1089  2066 I ActivityManager:   pers   PER    10497: com.qualcomm.location (pid 2263) fixed
01-30 15:43:40.672  1089  2066 I ActivityManager:   pers   PER    10489: com.jio.adc.embedded (pid 2275) fixed
01-30 15:43:40.672  1089  2066 I ActivityManager:   pers   PER     5676: org.codeaurora.ims (pid 1727) fixed
01-30 15:43:40.672  1089  2066 I ActivityManager:   pers   PER     5366: .qtidataservices (pid 1680) fixed
01-30 15:43:40.672  1089  2066 I ActivityManager:   pers   PER     4633: com.qualcomm.qti.telephonyservice (pid 1705) fixed
01-30 15:43:40.672  1089  2066 I ActivityManager:   pers   PER     4489: .dataservices (pid 1632) fixed
01-30 15:43:40.672  1089  2066 I ActivityManager:   psvc   PER     8460: com.android.bluetooth (pid 811) service
01-30 15:43:40.672  1089  2066 I ActivityManager:                        com.android.bluetooth/.gatt.GattService<=Proc{1089:system/1000}
01-30 15:43:40.672  1089  2066 I ActivityManager:   psvc   PER     8011: com.android.providers.media.module (pid 2212) service
01-30 15:43:40.672  1089  2066 I ActivityManager:                        com.android.providers.media.module/com.android.providers.media.fuse.ExternalStorageServiceImpl<=Proc{1089:system/1000}
01-30 15:43:40.672  1089  2066 I ActivityManager:   fg     BFGS   19389: com.android.launcher3 (    1,320K memtrack) (pid 2132) service
01-30 15:43:40.672  1089  2066 I ActivityManager:                        com.android.launcher3/com.android.quickstep.TouchInteractionService<=Proc{1482:com.android.systemui/u0a154}
01-30 15:43:40.672  1089  2066 I ActivityManager:   vis    BFGS   47990: com.google.android.gms.persistent (pid 2670) service
01-30 15:43:40.672  1089  2066 I ActivityManager:                        com.google.android.gms/.chimera.PersistentBoundBrokerService<=Proc{1089:system/1000}
01-30 15:43:40.672  1089  2066 I ActivityManager:   vis    BFGS   21393: com.android.systemui:screenshot (    4,372K memtrack) (pid 3492) service
01-30 15:43:40.672  1089  2066 I ActivityManager:                        com.android.systemui/.screenshot.TakeScreenshotService<=Proc{1089:system/1000}
01-30 15:43:40.672  1089  2066 I ActivityManager:   vis    BFGS    5089: com.google.android.ext.services (pid 1790) service
01-30 15:43:40.672  1089  2066 I ActivityManager:                        com.google.android.ext.services/android.ext.services.notification.Assistant<=Proc{1089:system/1000}
01-30 15:43:40.672  1089  2066 I ActivityManager:   vis    IMPF    4466: com.qualcomm.qcrilmsgtunnel (pid 2499) service
01-30 15:43:40.672  1089  2066 I ActivityManager:                        com.qualcomm.qcrilmsgtunnel/.QcrilMsgTunnelService<=Proc{1748:com.android.phone/1001}
01-30 15:43:40.672  1089  2066 I ActivityManager:   prcp   IMPB   20295: com.google.android.inputmethod.latin (pid 1577) service
01-30 15:43:40.672  1089  2066 I ActivityManager:                        com.google.android.inputmethod.latin/com.android.inputmethod.latin.LatinIME<=Proc{1089:system/1000}
01-30 15:43:40.672  1089  2066 I ActivityManager:   prcl   TRNB   21798: com.jio.myjio (pid 1754) service
01-30 15:43:40.672  1089  2066 I ActivityManager:                        com.jio.myjio/com.madme.mobile.sdk.service.LSJobService<=Proc{1089:system/1000}
01-30 15:43:40.672  1089  2066 I ActivityManager:   svc    SVC    10606: com.qti.diagservices (pid 849) started-services
01-30 15:43:40.672  1089  2066 I ActivityManager:             575858: TOTAL (   46,808K memtrack)
01-30 15:43:40.673  1089  2066 I ActivityManager:   MemInfo:   103,972K slab,     6,524K shmem,    16,576K vm alloc,    21,868K page tables    14,920K kernel stack
01-30 15:43:40.673  1089  2066 I ActivityManager:                  296K buffers,   107,916K cached,    81,104K mapped,    47,636K free
01-30 15:43:40.673  1089  2066 I ActivityManager:   ZRAM:    98,536K RAM,   786,428K swap total,   470,584K swap free
01-30 15:43:40.673  1089  2066 I ActivityManager:   Free RAM:   105,796K
01-30 15:43:40.673  1089  2066 I ActivityManager:        ION:    72,868K
01-30 15:43:40.673  1089  2066 I ActivityManager:   Used RAM:   781,538K
01-30 15:43:40.673  1089  2066 I ActivityManager:   Lost RAM:   176,329K
01-30 15:43:40.932  1089  2066 I DropBoxManagerService: add tag=system_server_lowmem isTagEnabled=true flags=0x2
01-30 15:43:40.958  1089  1189 W BroadcastQueue: Background execution not allowed: receiving Intent { act=android.intent.action.DROPBOX_ENTRY_ADDED flg=0x10 (has extras) } to com.google.android.gms/.stats.service.DropBoxEntryAddedReceiver
01-30 15:44:35.889  1089  1189 W BroadcastQueue: Background execution not allowed: receiving Intent { act=android.net.wifi.SCAN_RESULTS flg=0x4000010 (has extras) } to com.jio.myjio/.jionet.receiver.WifiScanReceiver
01-30 15:44:36.933  1089  3501 D CompatibilityChangeReporter: Compat change id reported: 135634846; UID 10127; state: DISABLED
01-30 15:44:36.933  1089  1190 D CompatibilityChangeReporter: Compat change id reported: 143937733; UID 10127; state: ENABLED
