--------- beginning of system
01-30 17:14:36.418  1562  1620 E ActivityThread: Failed to find provider info for com.qti.smq.Feedback.provider
01-30 17:14:36.701  1089  3916 I chatty  : uid=1000(system) Binder:1089_10 expire 7 lines
01-30 17:14:38.723  1089  1180 I chatty  : uid=1000(system) android.display expire 12 lines
01-30 17:14:39.019  1089  2461 I chatty  : uid=1000(system) Binder:1089_C expire 4 lines
01-30 17:14:39.256  1089  1241 I chatty  : uid=1000(system) Binder:1089_17 expire 2 lines
01-30 17:14:39.260  1089  4042 I chatty  : uid=1000(system) Binder:1089_12 expire 5 lines
01-30 17:14:39.350  1089  1241 I chatty  : uid=1000(system) Binder:1089_17 expire 5 lines
01-30 17:14:39.393  1089  1180 I chatty  : uid=1000(system) android.display expire 1 line
01-30 17:14:44.389  1089  1178 I chatty  : uid=1000(system) android.ui expire 18 lines
01-30 17:14:44.439  1089  1211 I chatty  : uid=1000(system) CpuTracker expire 2 lines
01-30 17:14:44.602  1089  1190 I chatty  : uid=1000(system) ActivityManager expire 10 lines
01-30 17:14:45.680  1089  3547 I chatty  : uid=1000(system) Binder:1089_E expire 5 lines
01-30 17:14:45.893  1089  1180 I chatty  : uid=1000(system) android.display expire 5 lines
01-30 17:14:46.555  1089  2461 I chatty  : uid=1000(system) Binder:1089_C expire 11 lines
01-30 17:14:46.557  1089  2340 I chatty  : uid=1000(system) Binder:1089_1D expire 6 lines
01-30 17:14:47.424  1089  1190 I chatty  : uid=1000(system) ActivityManager expire 4 lines
01-30 17:14:47.425  1089  2461 I chatty  : uid=1000(system) Binder:1089_C expire 25 lines
01-30 17:14:51.078  1089  1360 I chatty  : uid=1000(system) InputReader expire 2 lines
01-30 17:14:51.093  1089  1215 I chatty  : uid=1000(system) PowerManagerSer expire 8 lines
01-30 17:14:51.129  1089  1205 I chatty  : uid=1000(system) batterystats-wo expire 1 line
01-30 17:14:51.349  1089  1180 I chatty  : uid=1000(system) android.display expire 7 lines
01-30 17:14:51.603  1089  2340 I chatty  : uid=1000(system) Binder:1089_1D expire 4 lines
01-30 17:14:51.608  1089  1215 I chatty  : uid=1000(system) PowerManagerSer expire 2 lines
01-30 17:14:51.619  1089  1177 I chatty  : uid=1000(system) android.fg expire 1 line
01-30 17:14:51.986  1482  1482 V KeyguardStatusView: refresh statusview showing:true
01-30 17:14:52.295  1089  4086 I chatty  : uid=1000(system) Binder:1089_14 expire 1 line
01-30 17:15:15.429  1089  1188 I chatty  : uid=1000(system) android.bg expire 1 line
01-30 17:18:01.452  1089  1089 I chatty  : uid=1000(system) Binder:1089_3 expire 2 lines
01-30 17:18:52.334  1089  1189 I chatty  : uid=1000(system) ActivityManager expire 2 lines
01-30 17:18:52.413  1089  1190 I chatty  : uid=1000(system) ActivityManager expire 22 lines
01-30 17:20:25.558  1089  1311 I chatty  : uid=1000(system) Binder:1089_5 expire 1 line
01-30 17:20:27.066  1089  2350 I chatty  : uid=1000(system) Binder:1089_3 expire 6 lines
01-30 17:20:27.362  1089  1189 I chatty  : uid=1000(system) ActivityManager expire 4 lines
01-30 17:33:00.787  1089  1089 I chatty  : uid=1000(system) Binder:1089_3 expire 1 line
01-30 17:33:01.237  1089   382 I chatty  : uid=1000(system) Binder:1089_15 expire 2 lines
01-30 17:33:02.307  1089  1190 I chatty  : uid=1000(system) ActivityManager expire 5 lines
01-30 17:33:02.785  1089  2993 I chatty  : uid=1000(system) lowpool[257] expire 6 lines
01-30 17:33:03.000  1089  1189 I chatty  : uid=1000(system) ActivityManager expire 3 lines
01-30 17:33:11.414  1089  1241 I chatty  : uid=1000(system) Binder:1089_17 expire 2 lines
01-30 17:33:11.563  1089  1178 I chatty  : uid=1000(system) android.ui expire 1 line
01-30 17:33:12.942  1089  1816 I chatty  : uid=1000(system) Binder:1089_7 expire 2 lines
01-30 17:35:15.619  1089  1188 I chatty  : uid=1000(system) android.bg expire 1 line
01-30 17:44:24.332  1089  1205 I chatty  : uid=1000(system) batterystats-wo expire 1 line
01-30 17:44:33.471  1089  1211 I chatty  : uid=1000(system) CpuTracker expire 4 lines
01-30 17:47:00.000  1089  1347 I chatty  : uid=1000(system) AlarmManager expire 2 lines
01-30 17:47:00.100  1089  1089 I chatty  : uid=1000(system) Binder:1089_3 expire 3 lines
01-30 17:47:00.587  1089  4042 I chatty  : uid=1000(system) Binder:1089_12 expire 1 line
01-30 17:47:00.654  1089  1190 I chatty  : uid=1000(system) ActivityManager expire 18 lines
01-30 17:47:02.139  1089  1189 I chatty  : uid=1000(system) ActivityManager expire 4 lines
01-30 17:47:03.366  1089  4020 I chatty  : uid=1000(system) Binder:1089_11 expire 5 lines
01-30 17:47:04.286  1089  1859 I chatty  : uid=1000(system) Binder:1089_8 expire 1 line
01-30 17:47:07.605  1089  3774 I chatty  : uid=1000(system) Binder:1089_3 expire 6 lines
01-30 17:47:08.560  1089  4086 I chatty  : uid=1000(system) Binder:1089_14 expire 3 lines
01-30 17:47:09.574  1089  1190 I chatty  : uid=1000(system) ActivityManager expire 15 lines
01-30 17:47:11.289  1089  2461 I chatty  : uid=1000(system) Binder:1089_C expire 1 line
01-30 17:48:39.108  1089  1310 I chatty  : uid=1000(system) Binder:1089_4 expire 1 line
01-30 17:53:01.894  1089  1089 I chatty  : uid=1000(system) Binder:1089_3 expire 1 line
01-30 17:53:02.250  1089  2719 I chatty  : uid=1000(system) Binder:1089_1E expire 3 lines
01-30 17:53:02.437  1089  1178 I chatty  : uid=1000(system) android.ui expire 1 line
01-30 17:53:02.867  1089  1189 I chatty  : uid=1000(system) ActivityManager expire 5 lines
01-30 17:53:06.413  1089   444 I chatty  : uid=1000(system) Binder:1089_3 expire 6 lines
01-30 17:53:07.955  1089  3501 I chatty  : uid=1000(system) Binder:1089_20 expire 1 line
01-30 17:55:15.946  1089  1188 I chatty  : uid=1000(system) android.bg expire 1 line
01-30 18:08:39.505  1089  1190 I chatty  : uid=1000(system) ActivityManager expire 22 lines
01-30 18:11:22.081  1089  1347 I chatty  : uid=1000(system) AlarmManager expire 1 line
01-30 18:11:22.190  1089  1189 I chatty  : uid=1000(system) ActivityManager expire 4 lines
01-30 18:11:22.226  1089  1089 I chatty  : uid=1000(system) Binder:1089_3 expire 4 lines
01-30 18:11:22.576  1089  4077 I chatty  : uid=1000(system) Binder:1089_13 expire 2 lines
01-30 18:11:23.523  1089  2719 I chatty  : uid=1000(system) Binder:1089_1E expire 1 line
01-30 18:11:24.382  1089  2179 I chatty  : uid=1000(system) Binder:1089_3 expire 6 lines
01-30 18:11:24.548  1089  4020 I chatty  : uid=1000(system) Binder:1089_11 expire 3 lines
01-30 18:11:24.557  2126  2126 I ActivityThread: Removing dead content provider:android.content.ContentProviderProxy@f310aef
01-30 18:11:24.637  1089  2719 I chatty  : uid=1000(system) Binder:1089_1E expire 3 lines
01-30 18:11:24.638  1089  1190 I chatty  : uid=1000(system) ActivityManager expire 25 lines
01-30 18:11:25.723  1089  1189 I chatty  : uid=1000(system) ActivityManager expire 2 lines
01-30 18:11:25.979  1089  1310 I chatty  : uid=1000(system) Binder:1089_4 expire 2 lines
01-30 18:11:25.985  2126  2126 I ActivityThread: Removing dead content provider:android.content.ContentProviderProxy@cbc69e8
01-30 18:11:26.316  1089  4086 I chatty  : uid=1000(system) Binder:1089_14 expire 3 lines
01-30 18:11:26.917  1089  4042 I chatty  : uid=1000(system) Binder:1089_12 expire 2 lines
01-30 18:13:03.310  1089  1178 I chatty  : uid=1000(system) android.ui expire 1 line
01-30 18:14:24.446  1089  1205 I chatty  : uid=1000(system) batterystats-wo expire 2 lines
01-30 18:15:16.179  1089  1188 I chatty  : uid=1000(system) android.bg expire 1 line
01-30 18:25:44.976  1089  1360 I chatty  : uid=1000(system) InputReader expire 1 line
01-30 18:25:44.994  1089  1215 I chatty  : uid=1000(system) PowerManagerSer expire 10 lines
01-30 18:25:45.172  1089  1089 I chatty  : uid=1000(system) Binder:1089_3 expire 4 lines
01-30 18:25:45.172  1089  1178 I chatty  : uid=1000(system) android.ui expire 1 line
01-30 18:25:45.180  1089  1180 I chatty  : uid=1000(system) android.display expire 2 lines
01-30 18:25:45.900  1089  1177 I chatty  : uid=1000(system) android.fg expire 5 lines
01-30 18:25:45.928  1089  4042 I chatty  : uid=1000(system) Binder:1089_12 expire 1 line
01-30 18:25:47.808  1089  1360 I chatty  : uid=1000(system) InputReader expire 2 lines
01-30 18:25:47.913  1089  1205 I chatty  : uid=1000(system) batterystats-wo expire 1 line
01-30 18:25:48.473  1089  2130 I chatty  : uid=1000(system) Binder:1089_A expire 2 lines
01-30 18:25:48.473  1089  1190 I chatty  : uid=1000(system) ActivityManager expire 9 lines
01-30 18:25:51.595  1089  4086 I chatty  : uid=1000(system) Binder:1089_14 expire 1 line
01-30 18:25:54.945  1089  3318 I chatty  : uid=1000(system) Binder:1089_3 expire 6 lines
01-30 18:25:55.205  1089  1189 I chatty  : uid=1000(system) ActivityManager expire 2 lines
01-30 18:26:09.304  1089  2719 I chatty  : uid=1000(system) Binder:1089_1E expire 2 lines
01-30 18:29:47.035  1089  1189 I chatty  : uid=1000(system) ActivityManager expire 2 lines
01-30 18:29:47.037  1089  1215 I chatty  : uid=1000(system) PowerManagerSer expire 13 lines
01-30 18:29:47.203  1089  1180 I chatty  : uid=1000(system) android.display expire 3 lines
01-30 18:29:47.421  1089  1089 I chatty  : uid=1000(system) Binder:1089_3 expire 8 lines
01-30 18:29:47.632  1089  1177 I chatty  : uid=1000(system) android.fg expire 6 lines
01-30 18:29:47.689  1089  1205 I chatty  : uid=1000(system) batterystats-wo expire 5 lines
01-30 18:29:50.042  1089  1190 I chatty  : uid=1000(system) ActivityManager expire 7 lines
01-30 18:29:50.887  1089  1859 I chatty  : uid=1000(system) Binder:1089_8 expire 1 line
01-30 18:29:51.988  1089  1360 I chatty  : uid=1000(system) InputReader expire 3 lines
01-30 18:29:52.330  1089  1994 I chatty  : uid=1000(system) Binder:1089_1A expire 1 line
01-30 18:30:07.361  1089  1178 I chatty  : uid=1000(system) android.ui expire 2 lines
01-30 18:30:07.556  1089  1215 I chatty  : uid=1000(system) PowerManagerSer expire 20 lines
01-30 18:30:07.584  1089  1177 I chatty  : uid=1000(system) android.fg expire 9 lines
01-30 18:30:07.709  1089  1311 I chatty  : uid=1000(system) Binder:1089_5 expire 2 lines
01-30 18:30:07.902  1089  1360 I chatty  : uid=1000(system) InputReader expire 3 lines
01-30 18:30:08.240  1089  1205 I chatty  : uid=1000(system) batterystats-wo expire 5 lines
01-30 18:30:08.240  1089  1180 I chatty  : uid=1000(system) android.display expire 3 lines
01-30 18:30:08.464  1089  1089 I chatty  : uid=1000(system) Binder:1089_3 expire 6 lines
01-30 18:33:05.378  1089  1189 I chatty  : uid=1000(system) ActivityManager expire 5 lines
01-30 19:13:09.739  1089  1205 I chatty  : uid=1000(system) batterystats-wo expire 2 lines
01-30 19:30:23.565  1089  1347 I chatty  : uid=1000(system) AlarmManager expire 2 lines
01-30 19:30:23.649  1089  1379 I chatty  : uid=1000(system) NetworkStats expire 1 line
01-30 19:30:23.650  1089  1190 I chatty  : uid=1000(system) ActivityManager expire 29 lines
01-30 19:30:23.660  1089  1089 I chatty  : uid=1000(system) Binder:1089_3 expire 2 lines
01-30 19:30:25.932  1089  1859 I chatty  : uid=1000(system) Binder:1089_8 expire 2 lines
01-30 19:30:26.012  1089  2461 I chatty  : uid=1000(system) Binder:1089_C expire 2 lines
01-30 19:30:27.671  1089  2719 I chatty  : uid=1000(system) Binder:1089_1E expire 1 line
01-30 19:30:28.423  3667  3714 I ActivityThread: Removing dead content provider:android.content.ContentProviderProxy@8915bce
01-30 19:30:28.437  1089  4042 I chatty  : uid=1000(system) Binder:1089_12 expire 3 lines
01-30 19:33:10.905  1089  1994 I chatty  : uid=1000(system) Binder:1089_1A expire 2 lines
01-30 19:33:10.913  3667  3667 I ActivityThread: Removing dead content provider:android.content.ContentProviderProxy@f6b66da
01-30 19:33:11.020  1089  1178 I chatty  : uid=1000(system) android.ui expire 3 lines
01-30 19:33:11.076  1089  4086 I chatty  : uid=1000(system) Binder:1089_14 expire 9 lines
01-30 19:33:11.629  1089  3501 I chatty  : uid=1000(system) Binder:1089_20 expire 2 lines
01-30 19:33:11.630  1089  1190 I chatty  : uid=1000(system) ActivityManager expire 9 lines
01-30 19:33:11.995  1089  1241 I chatty  : uid=1000(system) Binder:1089_17 expire 1 line
01-30 19:33:12.223  1089  1189 I chatty  : uid=1000(system) ActivityManager expire 5 lines
01-30 19:33:14.321  1089  1205 I chatty  : uid=1000(system) batterystats-wo expire 8 lines
01-30 19:35:02.693  1089  1677 I chatty  : uid=1000(system) Binder:1089_6 expire 3 lines
01-30 19:47:11.936  1089  1089 I chatty  : uid=1000(system) Binder:1089_3 expire 2 lines
01-30 21:17:26.695  1089  1379 I chatty  : uid=1000(system) NetworkStats expire 1 line
01-30 21:49:46.645  1089  3977 I chatty  : uid=1000(system) Binder:1089_3 expire 6 lines
01-30 21:49:46.870  1089  1189 I chatty  : uid=1000(system) ActivityManager expire 5 lines
01-30 22:00:01.728  1089  1089 I chatty  : uid=1000(system) Binder:1089_3 expire 8 lines
01-30 22:00:01.740  1089  1178 I chatty  : uid=1000(system) android.ui expire 1 line
01-30 22:05:41.713  1089  1205 I chatty  : uid=1000(system) batterystats-wo expire 2 lines
01-30 22:35:12.647  1089  1347 I chatty  : uid=1000(system) AlarmManager expire 1 line
01-30 22:35:12.778  1089  1190 I chatty  : uid=1000(system) ActivityManager expire 39 lines
01-30 22:35:13.223  1089  1641 I chatty  : uid=1000(system) Binder:1089_19 expire 3 lines
01-30 22:35:17.673  1089  2339 I chatty  : uid=1000(system) Binder:1089_1C expire 2 lines
01-30 22:35:19.063  1089  1404 I chatty  : uid=1000(system) ConnectivitySer expire 3 lines
01-30 22:35:19.342  1089  1148 I chatty  : uid=1000(system) Binder:1089_1 expire 1 line
01-30 22:35:20.558  1089  1241 I chatty  : uid=1000(system) Binder:1089_17 expire 2 lines
01-30 22:35:20.944  1089  1311 I chatty  : uid=1000(system) Binder:1089_5 expire 1 line
01-30 22:35:20.948  1089   382 I chatty  : uid=1000(system) Binder:1089_15 expire 5 lines
01-30 22:35:22.877   595   595 I ActivityThread: Removing dead content provider:android.content.ContentProviderProxy@8f4f8c9
01-30 22:35:22.937  1089  1190 I chatty  : uid=1000(system) ActivityManager expire 2 lines
01-30 22:35:23.441  1089  2130 I chatty  : uid=1000(system) Binder:1089_A expire 8 lines
01-30 22:35:23.600  1089  1190 I chatty  : uid=1000(system) ActivityManager expire 25 lines
01-30 22:35:24.056  1089  1311 I chatty  : uid=1000(system) Binder:1089_5 expire 4 lines
01-30 22:35:24.057  1089  1404 I chatty  : uid=1000(system) ConnectivitySer expire 3 lines
01-30 22:35:24.408  1089  1189 I chatty  : uid=1000(system) ActivityManager expire 2 lines
01-30 22:35:24.671  1089  1205 I chatty  : uid=1000(system) batterystats-wo expire 1 line
01-30 22:35:24.906  1089  1178 I chatty  : uid=1000(system) android.ui expire 1 line
01-30 22:35:25.027   595   595 I ActivityThread: Removing dead content provider:android.content.ContentProviderProxy@f6b66da
01-30 22:35:25.048  1089  1241 I chatty  : uid=1000(system) Binder:1089_17 expire 1 line
01-30 22:35:26.353  1089  1641 I chatty  : uid=1000(system) Binder:1089_19 expire 1 line
01-30 22:35:26.377  1089  4042 I chatty  : uid=1000(system) Binder:1089_12 expire 1 line
01-30 22:35:26.390  1089  3501 I chatty  : uid=1000(system) Binder:1089_20 expire 1 line
01-30 22:35:26.461  1089  2461 I chatty  : uid=1000(system) Binder:1089_C expire 1 line
01-30 22:35:26.472  1089  1190 D CompatibilityChangeReporter: Compat change id reported: 143937733; UID 10125; state: ENABLED
01-30 22:35:26.476  1089  1189 I DropBoxManagerService: add tag=system_server_wtf isTagEnabled=true flags=0x2
01-30 22:35:26.535  1089  1190 W ActivityManager: Slow operation: 85ms so far, now at startProcess: returned from zygote!
01-30 22:35:26.536  1089  2461 I ActivityManager: Process com.android.chrome (pid 1108) has died: cch+5 CEM 
01-30 22:35:26.544  1089  1190 W ActivityManager: Slow operation: 93ms so far, now at startProcess: done updating battery stats
01-30 22:35:26.544  1089  1190 W ActivityManager: Slow operation: 94ms so far, now at startProcess: building log message
01-30 22:35:26.544  1089  1190 I ActivityManager: Start proc 1394:com.android.vending/u0a125 for broadcast {com.android.vending/com.google.android.finsky.verifier.impl.settings.SingleUserSettingsReceiver}
01-30 22:35:26.544  1089  1190 W ActivityManager: Slow operation: 94ms so far, now at startProcess: starting to update pids map
01-30 22:35:26.545  1089  1190 W ActivityManager: Slow operation: 94ms so far, now at startProcess: done updating pids map
01-30 22:35:26.681  1089  2461 I ActivityManager: Process com.google.process.gapps (pid 1333) has died: cch+5 CEM 
01-30 22:35:26.714  1089  1641 E ActivityManager: Timeout waiting for provider com.google.android.gsf/10127 for provider com.google.settings providerRunning=false caller=unknown/10135
01-30 22:35:26.724  1089  1189 I DropBoxManagerService: add tag=system_server_wtf isTagEnabled=true flags=0x2
01-30 22:35:27.430  1089  2461 D CompatibilityChangeReporter: Compat change id reported: 135634846; UID 10127; state: DISABLED
01-30 22:35:27.431  1089  1190 D CompatibilityChangeReporter: Compat change id reported: 143937733; UID 10127; state: ENABLED
01-30 22:35:27.458  1089  1190 I ActivityManager: Start proc 1503:com.google.process.gservices/u0a127 for content provider {com.google.android.gsf/com.google.android.gsf.gservices.GservicesProvider}
01-30 22:35:28.144  1089  2461 D ConnectivityService: requestNetwork for uid/pid:10125/1394 NetworkRequest [ TRACK_DEFAULT id=678, [ Capabilities: INTERNET&NOT_RESTRICTED&TRUSTED Uid: 10125 AdministratorUids: [] RequestorUid: 10125 RequestorPackageName: com.android.vending] ]
01-30 22:35:28.145  1089  1404 D ConnectivityService: NetReassign [no changes]
01-30 22:35:28.160  1089  1404 D ConnectivityService: NetReassign [no changes]
01-30 22:35:28.554  1089  3501 W BroadcastQueue: Background execution not allowed: receiving Intent { act=android.intent.action.DROPBOX_ENTRY_ADDED flg=0x10 (has extras) } to com.google.android.gms/.stats.service.DropBoxEntryAddedReceiver
01-30 22:35:29.122  1089  1641 D ConnectivityService: ConnectivityService NetworkRequestInfo binderDied(NetworkRequest [ LISTEN id=679, [ Capabilities: INTERNET&NOT_RESTRICTED&TRUSTED Uid: 10125 AdministratorUids: [] RequestorUid: 10125 RequestorPackageName: com.android.vending] ], android.os.BinderProxy@7e81d5b)
01-30 22:35:29.123  1089  3916 I ActivityManager: Process com.android.vending (pid 1394) has died: cch+15 CEM 
01-30 22:35:29.124  1089  1875 D ConnectivityService: ConnectivityService NetworkRequestInfo binderDied(NetworkRequest [ TRACK_DEFAULT id=678, [ Capabilities: INTERNET&NOT_RESTRICTED&TRUSTED Uid: 10125 AdministratorUids: [] RequestorUid: 10125 RequestorPackageName: com.android.vending] ], android.os.BinderProxy@62869f8)
01-30 22:35:29.125  1089  1404 D ConnectivityService: releasing NetworkRequest [ TRACK_DEFAULT id=678, [ Capabilities: INTERNET&NOT_RESTRICTED&TRUSTED Uid: 10125 AdministratorUids: [] RequestorUid: 10125 RequestorPackageName: com.android.vending] ] (release request)
01-30 22:35:29.338  1089  3916 I ActivityManager: Process com.google.android.gms (pid 1167) has died: cch+15 CEM 
01-30 22:35:29.442  1089  3916 I ActivityManager: Process com.google.process.gservices (pid 1503) has died: cch+5 CEM 
01-30 22:35:30.158  1089  1205 E KernelCpuSpeedReader: Failed to read cpu-freq: /sys/devices/system/cpu/cpu0/cpufreq/stats/time_in_state: open failed: ENOENT (No such file or directory)
01-30 22:35:34.595  1089  1089 W Looper  : Slow dispatch took 109ms main h=android.app.ActivityThread$H c=null m=124
01-30 22:35:36.526  1089  1189 W ActivityManager: Ignoring remove of inactive process: ProcessRecord{ee4b6ea 0:com.google.process.gapps/u0a127}
01-30 23:17:26.871  1089  1379 D CompatibilityChangeReporter: Compat change id reported: 135634846; UID 10116; state: DISABLED
01-30 23:17:26.872  1089  1190 D CompatibilityChangeReporter: Compat change id reported: 143937733; UID 10116; state: DISABLED
01-30 23:17:26.912  1089  1190 I ActivityManager: Start proc 1682:com.google.android.apps.searchlite/u0a116 for broadcast {com.google.android.apps.searchlite/com.google.android.apps.searchlite.widget.SearchLiteWidgetProvider}
01-30 23:17:28.155  1089  1205 E KernelCpuSpeedReader: Failed to read cpu-freq: /sys/devices/system/cpu/cpu0/cpufreq/stats/time_in_state: open failed: ENOENT (No such file or directory)
01-30 23:17:28.507  1089  3916 I ActivityManager: Process com.google.android.apps.searchlite (pid 1682) has died: cch+5 CEM 
01-31 00:00:00.721  1089  1347 D CompatibilityChangeReporter: Compat change id reported: 135634846; UID 10127; state: DISABLED
01-31 00:00:00.722  1089  1190 D CompatibilityChangeReporter: Compat change id reported: 143937733; UID 10127; state: ENABLED
01-31 00:00:00.761  1089  1190 I ActivityManager: Start proc 1785:com.google.android.gms/u0a127 for service {com.google.android.gms/com.google.android.gms.chimera.GmsIntentOperationService}
01-31 00:33:49.727  1089  1205 E KernelCpuSpeedReader: Failed to read cpu-freq: /sys/devices/system/cpu/cpu0/cpufreq/stats/time_in_state: open failed: ENOENT (No such file or directory)
01-31 01:46:13.810  1089  1205 E KernelCpuSpeedReader: Failed to read cpu-freq: /sys/devices/system/cpu/cpu0/cpufreq/stats/time_in_state: open failed: ENOENT (No such file or directory)
01-31 01:46:13.825  1089  1089 W Looper  : Slow dispatch took 112ms main h=android.app.ActivityThread$H c=android.app.-$$Lambda$LoadedApk$ReceiverDispatcher$Args$_BumDX2UKsnxLVrE6UJsJZkotuA@a83b0b1 m=0
01-31 01:47:02.688  1089  1189 D CompatibilityChangeReporter: Compat change id reported: 135634846; UID 10116; state: DISABLED
01-31 01:47:02.689  1089  1190 D CompatibilityChangeReporter: Compat change id reported: 143937733; UID 10116; state: DISABLED
01-31 01:47:02.731  1089  1190 I ActivityManager: Start proc 1949:com.google.android.apps.searchlite/u0a116 for broadcast {com.google.android.apps.searchlite/com.google.android.apps.searchlite.widget.SearchLiteWidgetProvider}
01-31 01:47:03.790  1089  1816 I ActivityManager: Process com.google.android.apps.searchlite (pid 1949) has died: cch+5 CEM 
01-31 02:28:47.816  1089  1347 E AlarmManager: Attempt to decrement existing alarm count 0 by 1 for uid 1000
01-31 02:28:47.856  1089  1189 I DropBoxManagerService: add tag=system_server_wtf isTagEnabled=true flags=0x2
01-31 02:28:47.888  1089  1089 W Looper  : Slow dispatch took 182ms main h=com.android.server.AlarmManagerService$AlarmHandler c=com.android.server.-$$Lambda$AlarmManagerService$3$jIkPWjqS66vG6aFVQoHxR2w4HPE@d012c70 m=0
01-31 02:28:47.919  1089  1089 D DevicePolicyManager: updateSystemUpdateFreezePeriodsRecord
01-31 02:28:48.028  1089  1205 E KernelCpuSpeedReader: Failed to read cpu-freq: /sys/devices/system/cpu/cpu0/cpufreq/stats/time_in_state: open failed: ENOENT (No such file or directory)
01-31 02:28:48.354  1089  1177 W Looper  : Slow dispatch took 134ms android.fg h=android.os.Handler c=<recycled PooledLambda@82ad30f> m=0
01-31 02:28:48.393  1089  1816 W BroadcastQueue: Background execution not allowed: receiving Intent { act=android.intent.action.DATE_CHANGED flg=0x20200010 } to com.android.calendar/.widget.CalendarAppWidgetService$CalendarFactory
01-31 02:28:48.413  1089  1189 D CompatibilityChangeReporter: Compat change id reported: 135634846; UID 10129; state: DISABLED
01-31 02:28:48.414  1089  1190 D CompatibilityChangeReporter: Compat change id reported: 143937733; UID 10129; state: DISABLED
01-31 02:28:48.429  1089  3916 I ActivityManager: Process com.qti.diagservices (pid 2251) has died: svcb SVC 
01-31 02:28:48.437  1089  3916 W ActivityManager: Scheduling restart of crashed service com.qti.diagservices/.QTIDiagServices in 1000ms for start-requested
01-31 02:28:48.457  1089  1188 W ProcessCpuTracker: Failed to stat(/proc/2023): android.system.ErrnoException: stat failed: ENOENT (No such file or directory)
01-31 02:28:48.457  1089  1188 W ProcessCpuTracker: Skipping unknown process pid 2023
01-31 02:28:48.484  1089  1190 W ActivityManager: Slow operation: 72ms so far, now at startProcess: returned from zygote!
01-31 02:28:48.484  1089  1190 W ActivityManager: Slow operation: 72ms so far, now at startProcess: done updating battery stats
01-31 02:28:48.486  1089  1190 W ActivityManager: Slow operation: 74ms so far, now at startProcess: building log message
01-31 02:28:48.486  1089  1190 I ActivityManager: Start proc 2033:com.android.deskclock/u0a129 for broadcast {com.android.deskclock/com.android.alarmclock.DigitalAppWidgetProvider}
01-31 02:28:48.486  1089  1190 W ActivityManager: Slow operation: 74ms so far, now at startProcess: starting to update pids map
01-31 02:28:48.487  1089  1190 W ActivityManager: Slow operation: 75ms so far, now at startProcess: done updating pids map
01-31 02:28:48.754  1089  1177 W Looper  : Slow dispatch took 142ms android.fg h=com.android.server.location.gnss.GnssLocationProvider$ProviderHandler c=null m=1
01-31 02:28:49.355  1089  3547 W BroadcastQueue: Background execution not allowed: receiving Intent { act=android.intent.action.DATE_CHANGED flg=0x20200010 } to com.google.android.gms/.chimera.GmsIntentOperationService$PersistentTrustedReceiver
01-31 02:28:49.439  1089  1189 D CompatibilityChangeReporter: Compat change id reported: 135634846; UID 1000; state: DISABLED
01-31 02:28:49.485  1089  1190 I ActivityManager: Start proc 2083:com.qti.diagservices/1000 for service {com.qti.diagservices/com.qti.diagservices.QTIDiagServices}
01-31 02:28:49.698  1089  3547 I ActivityManager: Process com.android.deskclock (pid 2033) has died: cch+5 CEM 
01-31 02:28:49.876  1089  1189 W BroadcastQueue: Background execution not allowed: receiving Intent { act=android.intent.action.DROPBOX_ENTRY_ADDED flg=0x10 (has extras) } to com.google.android.gms/.stats.service.DropBoxEntryAddedReceiver
01-31 02:28:49.974  1089  1189 W BroadcastQueue: Background execution not allowed: receiving Intent { act=android.net.wifi.SCAN_RESULTS flg=0x4000010 (has extras) } to com.jio.myjio/.jionet.receiver.WifiScanReceiver
01-31 02:28:50.588  1089  4042 I ActivityManager: Process com.google.android.gms (pid 1785) has died: cch+5 CEM 
01-31 02:28:51.636  1089  1089 D CompatibilityChangeReporter: Compat change id reported: 135634846; UID 10116; state: DISABLED
01-31 02:28:51.637  1089  1190 D CompatibilityChangeReporter: Compat change id reported: 143937733; UID 10116; state: DISABLED
01-31 02:28:51.649  1089  1089 D CompatibilityChangeReporter: Compat change id reported: 135634846; UID 10113; state: DISABLED
01-31 02:28:51.679  1089  1190 I ActivityManager: Start proc 2141:com.google.android.apps.searchlite/u0a116 for service {com.google.android.apps.searchlite/androidx.work.impl.background.systemjob.SystemJobService}
01-31 02:28:51.680  1089  1190 D CompatibilityChangeReporter: Compat change id reported: 143937733; UID 10113; state: ENABLED
01-31 02:28:51.710  1089  1190 W ActivityManager: Slow operation: 63ms so far, now at startProcess: returned from zygote!
01-31 02:28:51.711  1089  1190 W ActivityManager: Slow operation: 64ms so far, now at startProcess: done updating battery stats
01-31 02:28:51.711  1089  1190 W ActivityManager: Slow operation: 64ms so far, now at startProcess: building log message
01-31 02:28:51.711  1089  1190 I ActivityManager: Start proc 2150:com.google.android.partnersetup/u0a113 for service {com.google.android.partnersetup/com.google.android.partnersetup.InstalledAppJobService}
01-31 02:28:51.711  1089  1190 W ActivityManager: Slow operation: 64ms so far, now at startProcess: starting to update pids map
01-31 02:28:51.712  1089  1190 W ActivityManager: Slow operation: 65ms so far, now at startProcess: done updating pids map
01-31 02:28:52.309  1089  4042 D CompatibilityChangeReporter: Compat change id reported: 135634846; UID 10127; state: DISABLED
01-31 02:28:52.311  1089  1190 D CompatibilityChangeReporter: Compat change id reported: 143937733; UID 10127; state: ENABLED
01-31 02:28:52.348  1089  1190 I ActivityManager: Start proc 2226:com.google.process.gservices/u0a127 for content provider {com.google.android.gsf/com.google.android.gsf.gservices.GservicesProvider}
01-31 02:28:53.214  1089  1311 D CompatibilityChangeReporter: Compat change id reported: 135634846; UID 10127; state: DISABLED
01-31 02:28:53.215  1089  1190 D CompatibilityChangeReporter: Compat change id reported: 143937733; UID 10127; state: ENABLED
01-31 02:28:53.289  1089  1190 W ActivityManager: Slow operation: 76ms so far, now at startProcess: returned from zygote!
01-31 02:28:53.289  1089  1190 W ActivityManager: Slow operation: 77ms so far, now at startProcess: done updating battery stats
01-31 02:28:53.290  1089  1190 W ActivityManager: Slow operation: 77ms so far, now at startProcess: building log message
01-31 02:28:53.290  1089  1190 I ActivityManager: Start proc 2317:com.google.process.gapps/u0a127 for content provider {com.google.android.gsf/com.google.android.gsf.settings.GoogleSettingsProvider}
01-31 02:28:53.290  1089  1190 W ActivityManager: Slow operation: 78ms so far, now at startProcess: starting to update pids map
01-31 02:28:53.291  1089  1190 W ActivityManager: Slow operation: 78ms so far, now at startProcess: done updating pids map
01-31 02:28:53.535  1089  1205 E KernelCpuSpeedReader: Failed to read cpu-freq: /sys/devices/system/cpu/cpu0/cpufreq/stats/time_in_state: open failed: ENOENT (No such file or directory)
01-31 02:28:53.972  1089  4042 I ActivityManager: Process com.google.android.apps.searchlite (pid 2141) has died: cch+5 CEM 
01-31 02:28:54.075  1089  1189 D CompatibilityChangeReporter: Compat change id reported: 135634846; UID 10135; state: DISABLED
01-31 02:28:54.076  1089  1190 D CompatibilityChangeReporter: Compat change id reported: 143937733; UID 10135; state: ENABLED
01-31 02:28:54.112  1089  1190 I ActivityManager: Start proc 2359:com.android.chrome/u0a135 for broadcast {com.android.chrome/com.google.android.apps.chrome.rlz.RevenueStatsConfigurationUpdateReceiver}
01-31 02:28:54.393  1089  4077 I ActivityManager: Process com.google.process.gservices (pid 2226) has died: cch+25 CEM 
01-31 02:28:54.478  1089  4042 I ActivityManager: Process com.google.process.gapps (pid 2317) has died: cch+15 CEM 
01-31 02:28:54.482  2150  2150 I ActivityThread: Removing dead content provider:android.content.ContentProviderProxy@f6b66da
01-31 02:28:54.641  1089  4077 I ActivityManager: Process com.google.android.partnersetup (pid 2150) has died: cch+5 CEM 
01-31 02:28:55.049  1089  4077 D CompatibilityChangeReporter: Compat change id reported: 135634846; UID 10127; state: DISABLED
01-31 02:28:55.049  1089  1190 D CompatibilityChangeReporter: Compat change id reported: 143937733; UID 10127; state: ENABLED
01-31 02:28:55.092  1089  1190 I ActivityManager: Start proc 2400:com.google.process.gapps/u0a127 for content provider {com.google.android.gsf/com.google.android.gsf.settings.GoogleSettingsProvider}
01-31 02:28:55.202  1089  1311 I ActivityManager: Process com.android.chrome (pid 2359) has died: cch+5 CEM 
01-31 02:28:55.346  1089  1311 I ActivityManager: Process com.google.process.gapps (pid 2400) has died: cch+5 CEM 
01-31 02:28:55.353  1089  4077 E ActivityManager: Timeout waiting for provider com.google.android.gsf/10127 for provider com.google.settings providerRunning=false caller=unknown/10135
01-31 02:28:55.370  1089  1189 I DropBoxManagerService: add tag=system_server_wtf isTagEnabled=true flags=0x2
01-31 02:28:56.342  1089  1311 W AppOps  : Noting op not finished: uid 10127 pkg com.google.android.gms code 79 startTime of in progress event=1769751286159
01-31 02:28:56.371  1089  1311 W AppOps  : Noting op not finished: uid 10127 pkg com.google.android.gms code 79 startTime of in progress event=1769751286159
01-31 02:28:57.389  1089  1189 W BroadcastQueue: Background execution not allowed: receiving Intent { act=android.intent.action.DROPBOX_ENTRY_ADDED flg=0x10 (has extras) } to com.google.android.gms/.stats.service.DropBoxEntryAddedReceiver
01-31 02:28:59.162  1089  1205 E KernelCpuSpeedReader: Failed to read cpu-freq: /sys/devices/system/cpu/cpu0/cpufreq/stats/time_in_state: open failed: ENOENT (No such file or directory)
01-31 02:29:04.682  1089  1089 W Looper  : Slow dispatch took 112ms main h=android.app.ActivityThread$H c=null m=124
01-31 02:29:05.215  1089  1189 W ActivityManager: Ignoring remove of inactive process: ProcessRecord{4479824 0:com.google.process.gapps/u0a127}
01-31 03:15:25.922  1089  1205 E KernelCpuSpeedReader: Failed to read cpu-freq: /sys/devices/system/cpu/cpu0/cpufreq/stats/time_in_state: open failed: ENOENT (No such file or directory)
01-31 03:17:26.940  1089  1379 D CompatibilityChangeReporter: Compat change id reported: 135634846; UID 10116; state: DISABLED
01-31 03:17:26.941  1089  1190 D CompatibilityChangeReporter: Compat change id reported: 143937733; UID 10116; state: DISABLED
01-31 03:17:26.984  1089  1190 I ActivityManager: Start proc 2481:com.google.android.apps.searchlite/u0a116 for broadcast {com.google.android.apps.searchlite/com.google.android.apps.searchlite.widget.SearchLiteWidgetProvider}
01-31 03:17:28.299  1089  4077 I ActivityManager: Process com.google.android.apps.searchlite (pid 2481) has died: cch+5 CEM 
01-31 03:17:28.468  1089  1178 W Looper  : Slow dispatch took 160ms android.ui h=com.android.server.am.ActivityManagerService$UiHandler c=null m=53
01-31 04:05:34.824  1089  1205 E KernelCpuSpeedReader: Failed to read cpu-freq: /sys/devices/system/cpu/cpu0/cpufreq/stats/time_in_state: open failed: ENOENT (No such file or directory)
01-31 05:17:26.836  1089  1205 E KernelCpuSpeedReader: Failed to read cpu-freq: /sys/devices/system/cpu/cpu0/cpufreq/stats/time_in_state: open failed: ENOENT (No such file or directory)
01-31 05:17:27.010  1089  1379 D CompatibilityChangeReporter: Compat change id reported: 135634846; UID 10116; state: DISABLED
01-31 05:17:27.011  1089  1190 D CompatibilityChangeReporter: Compat change id reported: 143937733; UID 10116; state: DISABLED
01-31 05:17:27.050  1089  1190 I ActivityManager: Start proc 2554:com.google.android.apps.searchlite/u0a116 for broadcast {com.google.android.apps.searchlite/com.google.android.apps.searchlite.widget.SearchLiteWidgetProvider}
01-31 05:19:18.758  1089  3916 I ActivityManager: Process com.google.android.apps.searchlite (pid 2554) has died: cch+5 CEM 
01-31 06:22:41.002  1089  1205 E KernelCpuSpeedReader: Failed to read cpu-freq: /sys/devices/system/cpu/cpu0/cpufreq/stats/time_in_state: open failed: ENOENT (No such file or directory)
01-31 07:00:00.803  1089  1089 D ConditionProviders.SCP: onReceive ScheduleConditionProvider.EVALUATE
01-31 07:00:00.877  1089  1089 D ConditionProviders.SCP: evaluateSubscriptionLocked cal=ScheduleCalendar[mDays={1, 2, 3, 4, 5, 6, 7}, mSchedule=ScheduleInfo{days=[1, 2, 3, 4, 5, 6, 7], startHour=22, startMinute=0, endHour=7, endMinute=0, exitAtAlarm=true, nextAlarm=Thu Jan 01 05:30:00 GMT+05:30 1970 (0)}], now=Sat Jan 31 07:00:00 GMT+05:30 2026 (1769823000876), nextUserAlarmTime=Thu Jan 01 05:30:00 GMT+05:30 1970 (0)
01-31 07:00:00.877  1089  1089 D ConditionProviders.SCP: notifyCondition condition://android/schedule?days=1.2.3.4.5.6.7&start=22.0&end=7.0&exitAtAlarm=true STATE_FALSE reason=!meetsSchedule
01-31 07:00:00.892  1089  1089 D ConditionProviders.SCP: Scheduling evaluate for Sat Jan 31 22:00:00 GMT+05:30 2026 (1769877000000), in +14h59m59s124ms, now=Sat Jan 31 07:00:00 GMT+05:30 2026 (1769823000876)
01-31 07:04:24.882  1089  1089 W Looper  : Slow dispatch took 248ms main h=com.android.server.notification.ZenModeHelper$H c=null m=4
01-31 07:04:24.882  1089  1089 W Looper  : Slow delivery took 248ms main h=com.android.server.AlarmManagerService$AlarmHandler c=null m=4
01-31 07:04:25.028  1089  1177 W Looper  : Slow dispatch took 163ms android.fg h=android.os.Handler c=com.android.server.Watchdog$HandlerChecker@df06ef8 m=0
01-31 07:04:25.079  1089  1089 W Looper  : Drained
01-31 07:04:25.079  1089  1089 W Looper  : Slow dispatch took 140ms main h=android.os.Handler c=android.database.-$$Lambda$ContentObserver$MgqiYb2qvgLhoXTioYXq9MvvpNk@846dfbb m=0
01-31 07:30:25.900  1089  1379 D CompatibilityChangeReporter: Compat change id reported: 135634846; UID 10116; state: DISABLED
01-31 07:30:25.901  1089  1190 D CompatibilityChangeReporter: Compat change id reported: 143937733; UID 10116; state: DISABLED
01-31 07:30:25.953  1089  1190 W ActivityManager: Slow operation: 55ms so far, now at startProcess: returned from zygote!
01-31 07:30:25.954  1089  1190 W ActivityManager: Slow operation: 55ms so far, now at startProcess: done updating battery stats
01-31 07:30:25.954  1089  1190 W ActivityManager: Slow operation: 55ms so far, now at startProcess: building log message
01-31 07:30:25.954  1089  1190 I ActivityManager: Start proc 2622:com.google.android.apps.searchlite/u0a116 for broadcast {com.google.android.apps.searchlite/com.google.android.apps.searchlite.widget.SearchLiteWidgetProvider}
01-31 07:30:25.954  1089  1190 W ActivityManager: Slow operation: 55ms so far, now at startProcess: starting to update pids map
01-31 07:30:25.955  1089  1190 W ActivityManager: Slow operation: 56ms so far, now at startProcess: done updating pids map
01-31 07:30:26.973  1089  1994 I ActivityManager: Process com.google.android.apps.searchlite (pid 2622) has died: cch+5 CEM 
01-31 07:30:27.645  1089  1205 E KernelCpuSpeedReader: Failed to read cpu-freq: /sys/devices/system/cpu/cpu0/cpufreq/stats/time_in_state: open failed: ENOENT (No such file or directory)
01-31 08:06:46.908  1089  1205 E KernelCpuSpeedReader: Failed to read cpu-freq: /sys/devices/system/cpu/cpu0/cpufreq/stats/time_in_state: open failed: ENOENT (No such file or directory)
01-31 08:09:49.426  1089  1994 W AppOps  : Noting op not finished: uid 10127 pkg com.google.android.gms code 79 startTime of in progress event=1769751286159
01-31 08:09:49.484  1089  1641 W AppOps  : Noting op not finished: uid 10127 pkg com.google.android.gms code 79 startTime of in progress event=1769751286159
01-31 08:22:26.959  1089  1379 D CompatibilityChangeReporter: Compat change id reported: 135634846; UID 10072; state: DISABLED
01-31 08:22:26.960  1089  1190 D CompatibilityChangeReporter: Compat change id reported: 143937733; UID 10072; state: ENABLED
01-31 08:22:27.008  1089  1190 I ActivityManager: Start proc 2674:com.android.providers.calendar/u0a72 for broadcast {com.android.providers.calendar/com.android.providers.calendar.CalendarProviderBroadcastReceiver}
01-31 08:22:27.009  1089  1190 W ActivityManager: Slow operation: 51ms so far, now at startProcess: done updating pids map
01-31 08:22:27.173  1089  1177 W Looper  : Slow dispatch took 110ms android.fg h=com.android.server.location.gnss.GnssLocationProvider$ProviderHandler c=null m=1
01-31 08:22:27.964  1089  3916 I ActivityManager: Process com.android.providers.calendar (pid 2674) has died: cch+5 CEM 
01-31 08:22:28.104  1089  1189 W BroadcastQueue: Background execution not allowed: receiving Intent { act=android.net.wifi.SCAN_RESULTS flg=0x4000010 (has extras) } to com.jio.myjio/.jionet.receiver.WifiScanReceiver
01-31 08:22:30.094  1089  1089 D CompatibilityChangeReporter: Compat change id reported: 135634846; UID 10126; state: DISABLED
01-31 08:22:30.095  1089  1190 D CompatibilityChangeReporter: Compat change id reported: 143937733; UID 10126; state: ENABLED
01-31 08:22:30.140  1089  1190 I ActivityManager: Start proc 2728:com.google.android.apps.wellbeing/u0a126 for service {com.google.android.apps.wellbeing/androidx.work.impl.background.systemjob.SystemJobService}
01-31 08:22:30.293  1089  1205 E KernelCpuSpeedReader: Failed to read cpu-freq: /sys/devices/system/cpu/cpu0/cpufreq/stats/time_in_state: open failed: ENOENT (No such file or directory)
01-31 08:22:31.311  1089  3390 D CompatibilityChangeReporter: Compat change id reported: 135634846; UID 10127; state: DISABLED
01-31 08:22:31.313  1089  1190 D CompatibilityChangeReporter: Compat change id reported: 143937733; UID 10127; state: ENABLED
01-31 08:22:31.349  1089  1190 I ActivityManager: Start proc 2780:com.google.process.gservices/u0a127 for content provider {com.google.android.gsf/com.google.android.gsf.gservices.GservicesProvider}
01-31 08:22:32.013  1089  1363 I WatchlistLoggingHandler: Start aggregating watchlist records.
01-31 08:22:32.101  1089  3547 I ActivityManager: Process com.google.android.apps.wellbeing (pid 2728) has died: cch+5 CEM 
01-31 08:22:32.265  1089   387 I ActivityManager: Process com.google.process.gservices (pid 2780) has died: cch+5 CEM 
01-31 08:22:32.481  1089  1363 I WatchlistLoggingHandler: Milliseconds spent on tryAggregateRecords(): 467
01-31 08:22:35.789  1089  1205 E KernelCpuSpeedReader: Failed to read cpu-freq: /sys/devices/system/cpu/cpu0/cpufreq/stats/time_in_state: open failed: ENOENT (No such file or directory)
01-31 08:22:38.981  1089   382 W AppOps  : Noting op not finished: uid 10127 pkg com.google.android.gms code 79 startTime of in progress event=1769751286159
01-31 08:22:39.039  1089   382 W AppOps  : Noting op not finished: uid 10127 pkg com.google.android.gms code 79 startTime of in progress event=1769751286159
01-31 08:22:43.924  1089  1205 E KernelCpuSpeedReader: Failed to read cpu-freq: /sys/devices/system/cpu/cpu0/cpufreq/stats/time_in_state: open failed: ENOENT (No such file or directory)
01-31 09:17:06.920  1089  1205 E KernelCpuSpeedReader: Failed to read cpu-freq: /sys/devices/system/cpu/cpu0/cpufreq/stats/time_in_state: open failed: ENOENT (No such file or directory)
01-31 09:47:00.929  1089  1189 W ActivityManager: Slow operation: 71ms so far, now at startProcess: done creating new process record
01-31 09:47:00.929  1089  1189 W ActivityManager: Slow operation: 71ms so far, now at startProcess: stepping in to startProcess
01-31 09:47:00.930  1089  1189 D CompatibilityChangeReporter: Compat change id reported: 135634846; UID 10116; state: DISABLED
01-31 09:47:00.931  1089  1190 D CompatibilityChangeReporter: Compat change id reported: 143937733; UID 10116; state: DISABLED
01-31 09:47:00.938  1089  1189 W ActivityManager: Slow operation: 81ms so far, now at startProcess: done starting proc!
01-31 09:47:00.997  1089  1190 W ActivityManager: Slow operation: 67ms so far, now at startProcess: returned from zygote!
01-31 09:47:00.997  1089  1190 W ActivityManager: Slow operation: 68ms so far, now at startProcess: done updating battery stats
01-31 09:47:00.997  1089  1190 W ActivityManager: Slow operation: 68ms so far, now at startProcess: building log message
01-31 09:47:00.997  1089  1190 I ActivityManager: Start proc 2862:com.google.android.apps.searchlite/u0a116 for broadcast {com.google.android.apps.searchlite/com.google.android.apps.searchlite.widget.SearchLiteWidgetProvider}
01-31 09:47:00.997  1089  1190 W ActivityManager: Slow operation: 68ms so far, now at startProcess: starting to update pids map
01-31 09:47:00.999  1089  1190 W ActivityManager: Slow operation: 70ms so far, now at startProcess: done updating pids map
01-31 09:47:02.434  1089  1148 I ActivityManager: Process com.google.android.apps.searchlite (pid 2862) has died: cch+5 CEM 
01-31 10:09:47.869  1089  1205 E KernelCpuSpeedReader: Failed to read cpu-freq: /sys/devices/system/cpu/cpu0/cpufreq/stats/time_in_state: open failed: ENOENT (No such file or directory)
01-31 10:44:35.189  1089  1179 I EntropyMixer: Writing entropy...
01-31 10:44:35.191  1089  1189 W BroadcastQueue: Background execution not allowed: receiving Intent { act=android.intent.action.ACTION_POWER_CONNECTED flg=0x4000010 (has extras) } to com.google.android.gms/.chimera.GmsIntentOperationService$PersistentTrustedReceiver
01-31 10:44:35.191  1089  1189 W BroadcastQueue: Background execution not allowed: receiving Intent { act=android.intent.action.ACTION_POWER_CONNECTED flg=0x4000010 (has extras) } to com.google.android.gms/.gcm.nts.SchedulerReceiver
01-31 10:44:35.192  1089  1189 W BroadcastQueue: Background execution not allowed: receiving Intent { act=android.intent.action.ACTION_POWER_CONNECTED flg=0x4000010 (has extras) } to com.jio.myjio/com.inn.passivesdk.receiver.ServiceStarterReceiver
01-31 10:44:35.199  1089  1215 I PowerManagerService: Waking up from Dozing (uid=1000, reason=WAKE_REASON_PLUGGED_IN, details=android.server.power:PLUGGED:true)...
01-31 10:44:35.443  1089  1215 I DisplayPowerController: Blocking screen on until initial contents have been drawn.
01-31 10:44:35.463  1089  1178 W Looper  : Slow dispatch took 201ms android.ui h=com.android.server.am.ActivityManagerService$UiHandler c=null m=31
01-31 10:44:35.463  1089  1215 V DisplayPowerController: Brightness [0.52755904] reason changing to: 'manual', previous reason: 'screen_off'.
01-31 10:44:35.473  1089  1089 W Looper  : Slow dispatch took 205ms main h=com.android.server.power.Notifier$NotifierHandler c=com.android.server.power.Notifier$1@a6fe1f m=0
01-31 10:44:35.478  1089  1089 W Looper  : Slow delivery took 272ms main h=android.os.Handler c=null m=3030
01-31 10:44:35.539  1089  1180 I DisplayManagerService: Display device changed state: "Built-in Screen", ON
01-31 10:44:35.588  1089  1178 W Looper  : Slow dispatch took 125ms android.ui h=com.android.server.am.ActivityManagerService$UiHandler c=null m=53
01-31 10:44:35.680  1089  1089 W Looper  : Slow dispatch took 201ms main h=com.android.server.power.Notifier$NotifierHandler c=com.android.server.power.Notifier$2@7bf6696 m=0
01-31 10:44:35.833  1089  1178 W Looper  : Slow dispatch took 191ms android.ui h=com.android.server.policy.PhoneWindowManager$PolicyHandler c=null m=5
01-31 10:44:35.833  1089  1089 W Looper  : Slow dispatch took 140ms main h=android.os.Handler c=com.android.server.-$$Lambda$BatteryService$2x73lvpB0jctMSVP4qb9sHAqRPw@8460b2b m=0
01-31 10:44:35.843  1089  1177 D UsbDeviceManager: push notification:USB file transfer turned on
01-31 10:44:36.111  1089  1178 W Looper  : Slow dispatch took 278ms android.ui h=android.hardware.display.DisplayManagerGlobal$DisplayListenerDelegate c=null m=2
01-31 10:44:36.158  1089  1205 E KernelCpuSpeedReader: Failed to read cpu-freq: /sys/devices/system/cpu/cpu0/cpufreq/stats/time_in_state: open failed: ENOENT (No such file or directory)
01-31 10:44:36.442  1089  1379 W ActivityManager: Slow operation: 599ms so far, now at startProcess: done creating new process record
01-31 10:44:36.442  1089  1379 W ActivityManager: Slow operation: 599ms so far, now at startProcess: stepping in to startProcess
01-31 10:44:36.456  1089  1205 E KernelCpuSpeedReader: Failed to read cpu-freq: /sys/devices/system/cpu/cpu0/cpufreq/stats/time_in_state: open failed: ENOENT (No such file or directory)
01-31 10:44:36.484  1089  1215 I DisplayPowerController: Unblocked screen on after 1042 ms
01-31 10:44:36.502  1089  1379 D CompatibilityChangeReporter: Compat change id reported: 135634846; UID 10072; state: DISABLED
01-31 10:44:36.502  1089  1379 W ActivityManager: Slow operation: 659ms so far, now at startProcess: done starting proc!
01-31 10:44:36.502  1089  1190 W ActivityManager: Slow operation: 60ms so far, now at startProcess: asking zygote to start proc
01-31 10:44:36.502  1089  1190 D CompatibilityChangeReporter: Compat change id reported: 143937733; UID 10072; state: ENABLED
01-31 10:44:36.673  1089  2461 W PowerManagerService: Screen on took 1474 ms
01-31 10:44:36.675  1089  1215 I DreamManagerService: Gently waking up from dream.
01-31 10:44:36.693  1089  1190 W ActivityManager: Slow operation: 252ms so far, now at startProcess: returned from zygote!
01-31 10:44:36.713  1089  1190 W ActivityManager: Slow operation: 271ms so far, now at startProcess: done updating battery stats
01-31 10:44:36.713  1089  1190 W ActivityManager: Slow operation: 272ms so far, now at startProcess: building log message
01-31 10:44:36.714  1089  1190 I ActivityManager: Start proc 2955:com.android.providers.calendar/u0a72 for broadcast {com.android.providers.calendar/com.android.providers.calendar.CalendarProviderBroadcastReceiver}
01-31 10:44:36.714  1089  1190 W ActivityManager: Slow operation: 272ms so far, now at startProcess: starting to update pids map
01-31 10:44:36.714  1089  1190 W ActivityManager: Slow operation: 272ms so far, now at startProcess: done updating pids map
01-31 10:44:36.729  1089  1177 W Looper  : Slow dispatch took 1107ms android.fg h=com.android.server.usb.UsbDeviceManager$UsbHandlerLegacy c=null m=0
01-31 10:44:36.731  1089  1089 W Looper  : Slow dispatch took 890ms main h=com.android.server.power.Notifier$NotifierHandler c=null m=6
01-31 10:44:36.929  1089  1089 W Looper  : Slow dispatch took 135ms main h=com.android.server.media.MediaRouter2ServiceImpl$UserHandler c=<recycled PooledLambda@4243b59> m=0
01-31 10:44:36.962  1089  1177 W Looper  : Slow delivery took 551ms android.fg h=android.os.Handler c=<recycled PooledLambda@d58931e> m=0
01-31 10:44:36.991  1089  1177 W Looper  : Slow dispatch took 232ms android.fg h=android.os.Handler c=<recycled PooledLambda@d58931e> m=0
01-31 10:44:36.996  1089  1177 I DreamManagerService: Performing gentle wake from dream.
01-31 10:44:37.151  1089  1089 W Looper  : Slow dispatch took 115ms main h=com.android.server.trust.TrustManagerService$2 c=null m=6
01-31 10:44:37.261  1089  1177 W Looper  : Slow dispatch took 264ms android.fg h=com.android.server.location.gnss.GnssLocationProvider$ProviderHandler c=android.app.-$$Lambda$LoadedApk$ReceiverDispatcher$Args$_BumDX2UKsnxLVrE6UJsJZkotuA@f6c32a m=0
01-31 10:44:37.319  1089  1089 W Looper  : Slow dispatch took 100ms main h=com.android.server.notification.NotificationManagerService$WorkerHandler c=com.android.server.notification.NotificationManagerService$CancelNotificationRunnable@f0d66b8 m=0
01-31 10:44:37.400  1089  2339 I DreamManagerService: Leaving dreamland.
01-31 10:44:37.466  1089  1089 W Looper  : Slow dispatch took 146ms main h=android.app.ActivityThread$H c=android.app.-$$Lambda$LoadedApk$ReceiverDispatcher$Args$_BumDX2UKsnxLVrE6UJsJZkotuA@ac4e7f7 m=0
01-31 10:44:37.621  1089  1177 W Looper  : Drained
