--------- beginning of system
01-29 13:42:14.066  1089  1190 I ActivityManager: Start proc 3282:com.google.process.gservices/u0a127 for content provider {com.google.android.gsf/com.google.android.gsf.gservices.GservicesProvider}
01-29 13:42:14.074  1089  1347 E AlarmManager: Attempt to decrement existing alarm count 0 by 1 for uid 1000
01-29 13:42:14.092  1089  1347 E AlarmManager: Attempt to decrement existing alarm count 0 by 1 for uid 1000
01-29 13:42:14.093  1089  1189 I DropBoxManagerService: add tag=system_server_wtf isTagEnabled=true flags=0x2
01-29 13:42:14.099  1089  1347 E AlarmManager: Attempt to decrement existing alarm count 0 by 1 for uid 1000
01-29 13:42:14.103  1089  1189 I DropBoxManagerService: add tag=system_server_wtf isTagEnabled=true flags=0x2
01-29 13:42:14.107  1089  1189 I DropBoxManagerService: add tag=system_server_wtf isTagEnabled=true flags=0x2
01-29 13:42:14.834  1089  1089 W ActivityManager: Application dead when creating service ServiceRecord{401c2e8 u0 com.google.android.partnersetup/.ClientIdJobService}
01-29 13:42:14.835  1089  1089 I ActivityManager: Process com.google.android.partnersetup (pid 3251) has died: fg  TRNB
01-29 13:42:14.840  1089  1089 W ActivityManager: Scheduling restart of crashed service com.google.android.partnersetup/.ClientIdJobService in 1000ms for connection
01-29 13:42:14.856  1089  1089 W ActivityManager: Scheduling restart of crashed service com.google.android.partnersetup/.ClientIdJobService in 4000ms for always
01-29 13:42:14.883  1089  1089 W ActivityManager: Exception when starting service com.google.android.partnersetup/.ClientIdJobService
01-29 13:42:14.883  1089  1089 W ActivityManager: android.os.DeadObjectException
01-29 13:42:14.883  1089  1089 W ActivityManager: 	at android.os.BinderProxy.transactNative(Native Method)
01-29 13:42:14.883  1089  1089 W ActivityManager: 	at android.os.BinderProxy.transact(BinderProxy.java:550)
01-29 13:42:14.883  1089  1089 W ActivityManager: 	at android.app.IApplicationThread$Stub$Proxy.scheduleCreateService(IApplicationThread.java:1401)
01-29 13:42:14.883  1089  1089 W ActivityManager: 	at com.android.server.am.ActiveServices.realStartServiceLocked(ActiveServices.java:3182)
01-29 13:42:14.883  1089  1089 W ActivityManager: 	at com.android.server.am.ActiveServices.bringUpServiceLocked(ActiveServices.java:3057)
01-29 13:42:14.883  1089  1089 W ActivityManager: 	at com.android.server.am.ActiveServices.bindServiceLocked(ActiveServices.java:2124)
01-29 13:42:14.883  1089  1089 W ActivityManager: 	at com.android.server.am.ActivityManagerService.bindIsolatedService(ActivityManagerService.java:15264)
01-29 13:42:14.883  1089  1089 W ActivityManager: 	at android.app.ContextImpl.bindServiceCommon(ContextImpl.java:1833)
01-29 13:42:14.883  1089  1089 W ActivityManager: 	at android.app.ContextImpl.bindServiceAsUser(ContextImpl.java:1773)
01-29 13:42:14.883  1089  1089 W ActivityManager: 	at com.android.server.job.JobServiceContext.executeRunnableJob(JobServiceContext.java:253)
01-29 13:42:14.883  1089  1089 W ActivityManager: 	at com.android.server.job.JobConcurrencyManager.assignJobsToContextsInternalLocked(JobConcurrencyManager.java:423)
01-29 13:42:14.883  1089  1089 W ActivityManager: 	at com.android.server.job.JobConcurrencyManager.assignJobsToContextsLocked(JobConcurrencyManager.java:267)
01-29 13:42:14.883  1089  1089 W ActivityManager: 	at com.android.server.job.JobSchedulerService.maybeRunPendingJobsLocked(JobSchedulerService.java:2356)
01-29 13:42:14.883  1089  1089 W ActivityManager: 	at com.android.server.job.JobSchedulerService$JobHandler.handleMessage(JobSchedulerService.java:1979)
01-29 13:42:14.883  1089  1089 W ActivityManager: 	at android.os.Handler.dispatchMessage(Handler.java:106)
01-29 13:42:14.883  1089  1089 W ActivityManager: 	at android.os.Looper.loop(Looper.java:223)
01-29 13:42:14.883  1089  1089 W ActivityManager: 	at com.android.server.SystemServer.run(SystemServer.java:632)
01-29 13:42:14.883  1089  1089 W ActivityManager: 	at com.android.server.SystemServer.main(SystemServer.java:418)
01-29 13:42:14.883  1089  1089 W ActivityManager: 	at java.lang.reflect.Method.invoke(Native Method)
01-29 13:42:14.883  1089  1089 W ActivityManager: 	at com.android.internal.os.RuntimeInit$MethodAndArgsCaller.run(RuntimeInit.java:592)
01-29 13:42:14.883  1089  1089 W ActivityManager: 	at com.android.internal.os.ZygoteInit.main(ZygoteInit.java:930)
01-29 13:42:14.884  1089  1089 W Looper  : Slow dispatch took 140ms main h=com.android.server.job.JobSchedulerService$JobHandler c=null m=1
01-29 13:42:14.888  1089  1677 I ActivityManager: Process com.google.process.gservices (pid 3282) has died: cch+5 CEM 
01-29 13:42:14.946  1089  3314 W ProcessCpuTracker: Failed to stat(/proc/3251): android.system.ErrnoException: stat failed: ENOENT (No such file or directory)
01-29 13:42:14.946  1089  3314 W ProcessCpuTracker: Skipping unknown process pid 3251
01-29 13:42:16.105  1089  1189 W BroadcastQueue: Background execution not allowed: receiving Intent { act=android.intent.action.DROPBOX_ENTRY_ADDED flg=0x10 (has extras) } to com.google.android.gms/.stats.service.DropBoxEntryAddedReceiver
01-29 13:42:16.282  1089  3314 I ActivityManager: Low on memory:
01-29 13:42:16.282  1089  3314 I ActivityManager:   ntv   ??   29478: surfaceflinger (   19,096K memtrack) (pid 504) native
01-29 13:42:16.282  1089  3314 I ActivityManager:   ntv   ??   18286: android.hardware.camera.provider@2.4-service (pid 482) native
01-29 13:42:16.282  1089  3314 I ActivityManager:   ntv   ??   14456: zygote (pid 396) native
01-29 13:42:16.282  1089  3314 I ActivityManager:   ntv   ??   11278: android.hardware.audio.service (pid 480) native
01-29 13:42:16.282  1089  3314 I ActivityManager:   ntv   ??    8239: mediaserver (pid 757) native
01-29 13:42:16.282  1089  3314 I ActivityManager:   ntv   ??    8111: webview_zygote (pid 1612) native
01-29 13:42:16.282  1089  3314 I ActivityManager:   ntv   ??    6232: qcrild (pid 987) native
01-29 13:42:16.282  1089  3314 I ActivityManager:   ntv   ??    5392: media.extractor (pid 744) native
01-29 13:42:16.282  1089  3314 I ActivityManager:   ntv   ??    5303: audioserver (pid 502) native
01-29 13:42:16.282  1089  3314 I ActivityManager:   ntv   ??    3617: cameraserver (pid 723) native
01-29 13:42:16.282  1089  3314 I ActivityManager:   ntv   ??    3590: media.swcodec (pid 882) native
01-29 13:42:16.282  1089  3314 I ActivityManager:   ntv   ??    3175: netmgrd (pid 846) native
01-29 13:42:16.282  1089  3314 I ActivityManager:   ntv   ??    2952: init (pid 1) native
01-29 13:42:16.282  1089  3314 I ActivityManager:   ntv   ??    2891: android.hardware.graphics.composer@2.1-service (pid 484) native
01-29 13:42:16.282  1089  3314 I ActivityManager:   ntv   ??    2485: media.codec (pid 787) native
01-29 13:42:16.282  1089  3314 I ActivityManager:   ntv   ??    2288: android.hardware.gnss@2.1-service-qti (pid 483) native
01-29 13:42:16.282  1089  3314 I ActivityManager:   ntv   ??    2286: netd (pid 395) native
01-29 13:42:16.282  1089  3314 I ActivityManager:   ntv   ??    2265: media.metrics (pid 752) native
01-29 13:42:16.282  1089  3314 I ActivityManager:   ntv   ??    2119: cnd (pid 790) native
01-29 13:42:16.282  1089  3314 I ActivityManager:   ntv   ??    1976: vendor.qti.hardware.perf@2.2-service (pid 495) native
01-29 13:42:16.282  1089  3314 I ActivityManager:   ntv   ??    1947: ims_rtp_daemon (pid 1075) native
01-29 13:42:16.282  1089  3314 I ActivityManager:   ntv   ??    1858: imsdatadaemon (pid 939) native
01-29 13:42:16.282  1089  3314 I ActivityManager:   ntv   ??    1813: android.hardware.sensors@1.0-service (pid 491) native
01-29 13:42:16.282  1089  3314 I ActivityManager:   ntv   ??    1732: imsrcsd (pid 1006) native
01-29 13:42:16.282  1089  3314 I ActivityManager:   ntv   ??    1720: ueventd (pid 280) native
01-29 13:42:16.282  1089  3314 I ActivityManager:   ntv   ??    1674: statsd (pid 394) native
01-29 13:42:16.282  1089  3314 I ActivityManager:   ntv   ??    1622: installd (pid 734) native
01-29 13:42:16.282  1089  3314 I ActivityManager:   ntv   ??    1578: android.hardware.bluetooth@1.0-service-qti-lazy (pid 3020) native
01-29 13:42:16.282  1089  3314 I ActivityManager:   ntv   ??    1577: logd (pid 294) native
01-29 13:42:16.282  1089  3314 I ActivityManager:   ntv   ??    1524: lowi-server (pid 909) native
01-29 13:42:16.282  1089  3314 I ActivityManager:   ntv   ??    1489: vold (pid 331) native
01-29 13:42:16.282  1089  3314 I ActivityManager:   ntv   ??    1465: init (pid 277) native
01-29 13:42:16.282  1089  3314 I ActivityManager:   ntv   ??    1394: xtra-daemon (pid 910) native
01-29 13:42:16.282  1089  3314 I ActivityManager:   ntv   ??    1342: thermal-engine (pid 2036) native
01-29 13:42:16.282  1089  3314 I ActivityManager:   ntv   ??    1251: vendor.qti.hardware.display.allocator-service (pid 493) native
01-29 13:42:16.282  1089  3314 I ActivityManager:   ntv   ??    1212: storaged (pid 767) native
01-29 13:42:16.282  1089  3314 I ActivityManager:   ntv   ??    1182: android.hardware.wifi@1.0-service (pid 492) native
01-29 13:42:16.282  1089  3314 I ActivityManager:   ntv   ??    1156: wificond (pid 772) native
01-29 13:42:16.282  1089  3314 I ActivityManager:   ntv   ??    1154: qseecomd (pid 344) native
01-29 13:42:16.282  1089  3314 I ActivityManager:   ntv   ??    1134: sensors.qti (pid 522) native
01-29 13:42:16.282  1089  3314 I ActivityManager:   ntv   ??    1086: gpuservice (pid 503) native
01-29 13:42:16.282  1089  3314 I ActivityManager:   ntv   ??    1081: qti (pid 1022) native
01-29 13:42:16.282  1089  3314 I ActivityManager:   ntv   ??    1076: perfservice (pid 776) native
01-29 13:42:16.282  1089  3314 I ActivityManager:   ntv   ??    1074: adbd (pid 2087) native
01-29 13:42:16.282  1089  3314 I ActivityManager:   ntv   ??    1073: keystore (pid 737) native
01-29 13:42:16.282  1089  3314 I ActivityManager:   ntv   ??     979: hwservicemanager (pid 297) native
01-29 13:42:16.282  1089  3314 I ActivityManager:   ntv   ??     972: gatekeeperd (pid 890) native
01-29 13:42:16.282  1089  3314 I ActivityManager:   ntv   ??     962: drmserver (pid 724) native
01-29 13:42:16.282  1089  3314 I ActivityManager:   ntv   ??     956: servicemanager (pid 296) native
01-29 13:42:16.282  1089  3314 I ActivityManager:   ntv   ??     956: imsqmidaemon (pid 805) native
01-29 13:42:16.282  1089  3314 I ActivityManager:   ntv   ??     946: android.hardware.power-service (pid 490) native
01-29 13:42:16.282  1089  3314 I ActivityManager:   ntv   ??     909: android.hardware.keymaster@4.1-service-qti (pid 306) native
01-29 13:42:16.282  1089  3314 I ActivityManager:   ntv   ??     896: android.hardware.health@2.1-service (pid 487) native
01-29 13:42:16.282  1089  3314 I ActivityManager:   ntv   ??     870: vendor.qti.hardware.vibrator.service (pid 496) native
01-29 13:42:16.282  1089  3314 I ActivityManager:   ntv   ??     870: incidentd (pid 732) native
01-29 13:42:16.282  1089  3314 I ActivityManager:   ntv   ??     866: pm-service (pid 501) native
01-29 13:42:16.282  1089  3314 I ActivityManager:   ntv   ??     855: android.system.suspend@1.0-service (pid 356) native
01-29 13:42:16.282  1089  3314 I ActivityManager:   ntv   ??     848: android.hardware.lights-service.qti (pid 488) native
01-29 13:42:16.282  1089  3314 I ActivityManager:   ntv   ??     845: android.hardware.gatekeeper@1.0-service-qti (pid 358) native
01-29 13:42:16.282  1089  3314 I ActivityManager:   ntv   ??     843: adsprpcd (pid 869) native
01-29 13:42:16.282  1089  3314 I ActivityManager:   ntv   ??     836: lmkd (pid 295) native
01-29 13:42:16.282  1089  3314 I ActivityManager:   ntv   ??     829: vendor.qti.hardware.qseecom@1.0-service (pid 309) native
01-29 13:42:16.282  1089  3314 I ActivityManager:   ntv   ??     818: port-bridge (pid 848) native
01-29 13:42:16.282  1089  3314 I ActivityManager:   ntv   ??     813: dspservice (pid 494) native
01-29 13:42:16.282  1089  3314 I ActivityManager:   ntv   ??     806: time_daemon (pid 389) native
01-29 13:42:16.282  1089  3314 I ActivityManager:   ntv   ??     789: loc_launcher (pid 886) native
01-29 13:42:16.282  1089  3314 I ActivityManager:   ntv   ??     782: vndservicemanager (pid 298) native
01-29 13:42:16.282  1089  3314 I ActivityManager:   ntv   ??     782: android.hardware.memtrack@1.0-service (pid 489) native
01-29 13:42:16.282  1089  3314 I ActivityManager:   ntv   ??     776: android.hardware.atrace@1.0-service (pid 357) native
01-29 13:42:16.282  1089  3314 I ActivityManager:   ntv   ??     773: pm-proxy (pid 617) native
01-29 13:42:16.282  1089  3314 I ActivityManager:   ntv   ??     768: rmt_storage (pid 506) native
01-29 13:42:16.282  1089  3314 I ActivityManager:   ntv   ??     736: wcnss_service (pid 719) native
01-29 13:42:16.282  1089  3314 I ActivityManager:   ntv   ??     663: tftp_server (pid 507) native
01-29 13:42:16.282  1089  3314 I ActivityManager:   ntv   ??     584: android.hidl.allocator@1.0-service (pid 481) native
01-29 13:42:16.282  1089  3314 I ActivityManager:   ntv   ??     582: qrtr-ns (pid 618) native
01-29 13:42:16.282  1089  3314 I ActivityManager:   ntv   ??     575: traced (pid 626) native
01-29 13:42:16.282  1089  3314 I ActivityManager:   ntv   ??    2712: (Other native)
01-29 13:42:16.282  1089  3314 I ActivityManager:   sys    PER    77934: system (    5,472K memtrack) (pid 1089) fixed
01-29 13:42:16.282  1089  3314 I ActivityManager:   pers   BFGS   58157: com.android.systemui (   14,912K memtrack) (pid 1482) pers-top-ui
01-29 13:42:16.282  1089  3314 I ActivityManager:   pers   PER    13365: com.android.phone (pid 1748) fixed
01-29 13:42:16.282  1089  3314 I ActivityManager:   pers   PER    12734: com.jio.adc.embedded (pid 2275) fixed
01-29 13:42:16.282  1089  3314 I ActivityManager:   pers   PER    11944: com.redbend.client (pid 2255) fixed
01-29 13:42:16.282  1089  3314 I ActivityManager:   pers   PER    10404: com.qualcomm.location (pid 2263) fixed
01-29 13:42:16.282  1089  3314 I ActivityManager:   pers   PER     5661: org.codeaurora.ims (pid 1727) fixed
01-29 13:42:16.282  1089  3314 I ActivityManager:   pers   PER     5200: .qtidataservices (pid 1680) fixed
01-29 13:42:16.282  1089  3314 I ActivityManager:   pers   PER     4507: com.qualcomm.qti.telephonyservice (pid 1705) fixed
01-29 13:42:16.282  1089  3314 I ActivityManager:   pers   PER     4366: .dataservices (pid 1632) fixed
01-29 13:42:16.282  1089  3314 I ActivityManager:   psvc   PER     8743: com.android.bluetooth (pid 811) service
01-29 13:42:16.282  1089  3314 I ActivityManager:                        com.android.bluetooth/.gatt.GattService<=Proc{1089:system/1000}
01-29 13:42:16.282  1089  3314 I ActivityManager:   psvc   PER     8675: com.android.providers.media.module (pid 2212) service
01-29 13:42:16.282  1089  3314 I ActivityManager:                        com.android.providers.media.module/com.android.providers.media.fuse.ExternalStorageServiceImpl<=Proc{1089:system/1000}
01-29 13:42:16.282  1089  3314 I ActivityManager:   fg     BFGS   18687: com.android.launcher3 (    1,380K memtrack) (pid 2132) service
01-29 13:42:16.282  1089  3314 I ActivityManager:                        com.android.launcher3/com.android.quickstep.TouchInteractionService<=Proc{1482:com.android.systemui/u0a154}
01-29 13:42:16.282  1089  3314 I ActivityManager:   vis    BFGS   39410: com.google.android.gms.persistent (pid 1237) service
01-29 13:42:16.282  1089  3314 I ActivityManager:                        com.google.android.gms/.chimera.PersistentBoundBrokerService<=Proc{1089:system/1000}
01-29 13:42:16.282  1089  3314 I ActivityManager:   vis    BFGS   21417: com.android.systemui:screenshot (    4,372K memtrack) (pid 3492) service
01-29 13:42:16.282  1089  3314 I ActivityManager:                        com.android.systemui/.screenshot.TakeScreenshotService<=Proc{1089:system/1000}
01-29 13:42:16.282  1089  3314 I ActivityManager:   vis    BFGS    4990: com.google.android.ext.services (pid 1790) service
01-29 13:42:16.282  1089  3314 I ActivityManager:                        com.google.android.ext.services/android.ext.services.notification.Assistant<=Proc{1089:system/1000}
01-29 13:42:16.282  1089  3314 I ActivityManager:   vis    IMPF    4373: com.qualcomm.qcrilmsgtunnel (pid 2499) service
01-29 13:42:16.282  1089  3314 I ActivityManager:                        com.qualcomm.qcrilmsgtunnel/.QcrilMsgTunnelService<=Proc{1748:com.android.phone/1001}
01-29 13:42:16.282  1089  3314 I ActivityManager:   prcp   IMPB   20945: com.google.android.inputmethod.latin (pid 1577) service
01-29 13:42:16.282  1089  3314 I ActivityManager:                        com.google.android.inputmethod.latin/com.android.inputmethod.latin.LatinIME<=Proc{1089:system/1000}
01-29 13:42:16.282  1089  3314 I ActivityManager:   prcl   TRNB   22747: com.jio.myjio (pid 2926) service
01-29 13:42:16.282  1089  3314 I ActivityManager:                        com.jio.myjio/com.madme.mobile.sdk.service.LSJobService2<=Proc{1089:system/1000}
01-29 13:42:16.282  1089  3314 I ActivityManager:   prcl   TRNB   15092: com.google.android.gms (pid 321) service
01-29 13:42:16.282  1089  3314 I ActivityManager:                        com.google.android.gms/.ads.identifier.service.AdvertisingIdService<=Proc{2926:com.jio.myjio/u0a87}
01-29 13:42:16.282  1089  3314 I ActivityManager:   svc    SVC     7272: com.qti.diagservices (pid 2886) started-services
01-29 13:42:16.282  1089  3314 I ActivityManager:             576453: TOTAL (   45,232K memtrack)
01-29 13:42:16.282  1089  3314 I ActivityManager:   MemInfo:   103,060K slab,     5,916K shmem,    16,576K vm alloc,    22,696K page tables    14,384K kernel stack
01-29 13:42:16.282  1089  3314 I ActivityManager:                  228K buffers,   100,828K cached,    85,960K mapped,    78,024K free
01-29 13:42:16.282  1089  3314 I ActivityManager:   ZRAM:    81,192K RAM,   786,428K swap total,   517,124K swap free
01-29 13:42:16.282  1089  3314 I ActivityManager:   Free RAM:   124,728K
01-29 13:42:16.282  1089  3314 I ActivityManager:        ION:    58,932K
01-29 13:42:16.282  1089  3314 I ActivityManager:   Used RAM:   766,409K
01-29 13:42:16.282  1089  3314 I ActivityManager:   Lost RAM:   145,791K
01-29 13:42:16.522  1089  3314 I DropBoxManagerService: add tag=system_server_lowmem isTagEnabled=true flags=0x2
01-29 13:42:16.543  1089  1189 W BroadcastQueue: Background execution not allowed: receiving Intent { act=android.intent.action.DROPBOX_ENTRY_ADDED flg=0x10 (has extras) } to com.google.android.gms/.stats.service.DropBoxEntryAddedReceiver
01-29 13:42:18.861  1089  1189 D CompatibilityChangeReporter: Compat change id reported: 135634846; UID 10113; state: DISABLED
01-29 13:42:18.863  1089  1190 D CompatibilityChangeReporter: Compat change id reported: 143937733; UID 10113; state: ENABLED
01-29 13:42:18.909  1089  1190 I ActivityManager: Start proc 3317:com.google.android.partnersetup/u0a113 for service {com.google.android.partnersetup/com.google.android.partnersetup.ClientIdJobService}
01-29 13:42:19.412  1089  4042 D CompatibilityChangeReporter: Compat change id reported: 135634846; UID 10127; state: DISABLED
01-29 13:42:19.413  1089  1190 D CompatibilityChangeReporter: Compat change id reported: 143937733; UID 10127; state: ENABLED
01-29 13:42:19.444  1089  1190 I ActivityManager: Start proc 3344:com.google.process.gservices/u0a127 for content provider {com.google.android.gsf/com.google.android.gsf.gservices.GservicesProvider}
01-29 13:42:19.860  1089  4042 D CompatibilityChangeReporter: Compat change id reported: 135634846; UID 10127; state: DISABLED
01-29 13:42:19.861  1089  1190 D CompatibilityChangeReporter: Compat change id reported: 143937733; UID 10127; state: ENABLED
01-29 13:42:19.888  1089  1190 I ActivityManager: Start proc 3368:com.google.process.gapps/u0a127 for content provider {com.google.android.gsf/com.google.android.gsf.settings.GoogleSettingsProvider}
01-29 13:42:24.355  1089  1189 W BroadcastQueue: Background execution not allowed: receiving Intent { act=android.net.wifi.SCAN_RESULTS flg=0x4000010 (has extras) } to com.jio.myjio/.jionet.receiver.WifiScanReceiver
01-29 13:42:26.959  1089  2461 I ActivityManager: Process com.google.process.gapps (pid 3368) has died: cch+15 CEM 
01-29 13:42:26.994  1089  1150 I ActivityManager: Process com.google.android.partnersetup (pid 3317) has died: cch+5 CEM 
01-29 13:42:27.023  1089  2461 I ActivityManager: Process com.google.process.gservices (pid 3344) has died: prev LAST
01-29 13:43:25.049  1089  1189 W BroadcastQueue: Background execution not allowed: receiving Intent { act=android.net.wifi.SCAN_RESULTS flg=0x4000010 (has extras) } to com.jio.myjio/.jionet.receiver.WifiScanReceiver
01-29 13:44:25.691  1089  1189 W BroadcastQueue: Background execution not allowed: receiving Intent { act=android.net.wifi.SCAN_RESULTS flg=0x4000010 (has extras) } to com.jio.myjio/.jionet.receiver.WifiScanReceiver
01-29 13:45:26.358  1089  1189 W BroadcastQueue: Background execution not allowed: receiving Intent { act=android.net.wifi.SCAN_RESULTS flg=0x4000010 (has extras) } to com.jio.myjio/.jionet.receiver.WifiScanReceiver
01-29 13:46:27.011  1089  1189 W BroadcastQueue: Background execution not allowed: receiving Intent { act=android.net.wifi.SCAN_RESULTS flg=0x4000010 (has extras) } to com.jio.myjio/.jionet.receiver.WifiScanReceiver
01-29 13:47:27.625  1089  1189 W BroadcastQueue: Background execution not allowed: receiving Intent { act=android.net.wifi.SCAN_RESULTS flg=0x4000010 (has extras) } to com.jio.myjio/.jionet.receiver.WifiScanReceiver
01-29 13:48:28.282  1089  1189 W BroadcastQueue: Background execution not allowed: receiving Intent { act=android.net.wifi.SCAN_RESULTS flg=0x4000010 (has extras) } to com.jio.myjio/.jionet.receiver.WifiScanReceiver
01-29 13:49:15.672  1089  1188 I UsageStatsService: User[0] Flushing usage stats to disk
01-29 13:49:28.979  1089  1189 W BroadcastQueue: Background execution not allowed: receiving Intent { act=android.net.wifi.SCAN_RESULTS flg=0x4000010 (has extras) } to com.jio.myjio/.jionet.receiver.WifiScanReceiver
01-29 13:50:29.610  1089  1189 W BroadcastQueue: Background execution not allowed: receiving Intent { act=android.net.wifi.SCAN_RESULTS flg=0x4000010 (has extras) } to com.jio.myjio/.jionet.receiver.WifiScanReceiver
01-29 13:51:30.246  1089  1189 W BroadcastQueue: Background execution not allowed: receiving Intent { act=android.net.wifi.SCAN_RESULTS flg=0x4000010 (has extras) } to com.jio.myjio/.jionet.receiver.WifiScanReceiver
01-29 13:52:30.914  1089  1189 W BroadcastQueue: Background execution not allowed: receiving Intent { act=android.net.wifi.SCAN_RESULTS flg=0x4000010 (has extras) } to com.jio.myjio/.jionet.receiver.WifiScanReceiver
01-29 13:53:31.603  1089  1189 W BroadcastQueue: Background execution not allowed: receiving Intent { act=android.net.wifi.SCAN_RESULTS flg=0x4000010 (has extras) } to com.jio.myjio/.jionet.receiver.WifiScanReceiver
01-29 13:54:32.168  1089  1189 W BroadcastQueue: Background execution not allowed: receiving Intent { act=android.net.wifi.SCAN_RESULTS flg=0x4000010 (has extras) } to com.jio.myjio/.jionet.receiver.WifiScanReceiver
01-29 13:55:32.954  1089  1189 W BroadcastQueue: Background execution not allowed: receiving Intent { act=android.net.wifi.SCAN_RESULTS flg=0x4000010 (has extras) } to com.jio.myjio/.jionet.receiver.WifiScanReceiver
01-29 13:56:33.592  1089  1189 W BroadcastQueue: Background execution not allowed: receiving Intent { act=android.net.wifi.SCAN_RESULTS flg=0x4000010 (has extras) } to com.jio.myjio/.jionet.receiver.WifiScanReceiver
01-29 13:57:34.225  1089  1189 W BroadcastQueue: Background execution not allowed: receiving Intent { act=android.net.wifi.SCAN_RESULTS flg=0x4000010 (has extras) } to com.jio.myjio/.jionet.receiver.WifiScanReceiver
01-29 13:58:31.431  1089  1205 E KernelCpuSpeedReader: Failed to read cpu-freq: /sys/devices/system/cpu/cpu0/cpufreq/stats/time_in_state: open failed: ENOENT (No such file or directory)
01-29 13:58:35.032  1089  1189 W BroadcastQueue: Background execution not allowed: receiving Intent { act=android.net.wifi.SCAN_RESULTS flg=0x4000010 (has extras) } to com.jio.myjio/.jionet.receiver.WifiScanReceiver
01-29 13:59:35.703  1089  1189 W BroadcastQueue: Background execution not allowed: receiving Intent { act=android.net.wifi.SCAN_RESULTS flg=0x4000010 (has extras) } to com.jio.myjio/.jionet.receiver.WifiScanReceiver
01-29 14:00:36.341  1089  1189 W BroadcastQueue: Background execution not allowed: receiving Intent { act=android.net.wifi.SCAN_RESULTS flg=0x4000010 (has extras) } to com.jio.myjio/.jionet.receiver.WifiScanReceiver
01-29 14:01:37.041  1089  1189 W BroadcastQueue: Background execution not allowed: receiving Intent { act=android.net.wifi.SCAN_RESULTS flg=0x4000010 (has extras) } to com.jio.myjio/.jionet.receiver.WifiScanReceiver
01-29 14:02:37.828  1089  1189 W BroadcastQueue: Background execution not allowed: receiving Intent { act=android.net.wifi.SCAN_RESULTS flg=0x4000010 (has extras) } to com.jio.myjio/.jionet.receiver.WifiScanReceiver
01-29 14:03:38.398  1089  1189 W BroadcastQueue: Background execution not allowed: receiving Intent { act=android.net.wifi.SCAN_RESULTS flg=0x4000010 (has extras) } to com.jio.myjio/.jionet.receiver.WifiScanReceiver
01-29 14:04:39.116  1089  1189 W BroadcastQueue: Background execution not allowed: receiving Intent { act=android.net.wifi.SCAN_RESULTS flg=0x4000010 (has extras) } to com.jio.myjio/.jionet.receiver.WifiScanReceiver
01-29 14:05:39.733  1089  1189 W BroadcastQueue: Background execution not allowed: receiving Intent { act=android.net.wifi.SCAN_RESULTS flg=0x4000010 (has extras) } to com.jio.myjio/.jionet.receiver.WifiScanReceiver
01-29 14:06:40.345  1089  1189 W BroadcastQueue: Background execution not allowed: receiving Intent { act=android.net.wifi.SCAN_RESULTS flg=0x4000010 (has extras) } to com.jio.myjio/.jionet.receiver.WifiScanReceiver
01-29 14:06:57.535  1089  1177 W Looper  : Slow dispatch took 110ms android.fg h=android.os.Handler c=com.android.server.utils.quota.-$$Lambda$QuotaTracker$QGqhRiGVlazdG76r-Ich6VZnho4@a934b76 m=0
01-29 14:07:40.993  1089  1189 W BroadcastQueue: Background execution not allowed: receiving Intent { act=android.net.wifi.SCAN_RESULTS flg=0x4000010 (has extras) } to com.jio.myjio/.jionet.receiver.WifiScanReceiver
01-29 14:08:41.698  1089  1189 W BroadcastQueue: Background execution not allowed: receiving Intent { act=android.net.wifi.SCAN_RESULTS flg=0x4000010 (has extras) } to com.jio.myjio/.jionet.receiver.WifiScanReceiver
01-29 14:09:15.883  1089  1188 I UsageStatsService: User[0] Flushing usage stats to disk
01-29 14:09:42.365  1089  1189 W BroadcastQueue: Background execution not allowed: receiving Intent { act=android.net.wifi.SCAN_RESULTS flg=0x4000010 (has extras) } to com.jio.myjio/.jionet.receiver.WifiScanReceiver
01-29 14:10:43.074  1089  1189 W BroadcastQueue: Background execution not allowed: receiving Intent { act=android.net.wifi.SCAN_RESULTS flg=0x4000010 (has extras) } to com.jio.myjio/.jionet.receiver.WifiScanReceiver
01-29 14:11:43.703  1089  1189 W BroadcastQueue: Background execution not allowed: receiving Intent { act=android.net.wifi.SCAN_RESULTS flg=0x4000010 (has extras) } to com.jio.myjio/.jionet.receiver.WifiScanReceiver
01-29 14:12:44.368  1089  1189 W BroadcastQueue: Background execution not allowed: receiving Intent { act=android.net.wifi.SCAN_RESULTS flg=0x4000010 (has extras) } to com.jio.myjio/.jionet.receiver.WifiScanReceiver
01-29 14:12:45.959  1089  2719 I ActivityManager: Process com.qti.diagservices (pid 2886) has died: cch+5 SVC 
01-29 14:12:45.992  1089  2719 W ActivityManager: Scheduling restart of crashed service com.qti.diagservices/.QTIDiagServices in 1000ms for start-requested
01-29 14:12:47.025  1089  1189 D CompatibilityChangeReporter: Compat change id reported: 135634846; UID 1000; state: DISABLED
01-29 14:12:47.064  1089  1190 W ActivityManager: Slow operation: 70ms so far, now at startProcess: returned from zygote!
01-29 14:12:47.064  1089  1190 W ActivityManager: Slow operation: 71ms so far, now at startProcess: done updating battery stats
01-29 14:12:47.064  1089  1190 W ActivityManager: Slow operation: 71ms so far, now at startProcess: building log message
01-29 14:12:47.064  1089  1190 I ActivityManager: Start proc 1346:com.qti.diagservices/1000 for service {com.qti.diagservices/com.qti.diagservices.QTIDiagServices}
01-29 14:12:47.065  1089  1190 W ActivityManager: Slow operation: 71ms so far, now at startProcess: starting to update pids map
01-29 14:12:47.065  1089  1190 W ActivityManager: Slow operation: 72ms so far, now at startProcess: done updating pids map
01-29 14:12:47.601  1089  1333 I ActivityManager: Low on memory:
01-29 14:12:47.601  1089  1333 I ActivityManager:   ntv   ??   29449: surfaceflinger (   19,096K memtrack) (pid 504) native
01-29 14:12:47.601  1089  1333 I ActivityManager:   ntv   ??   18286: android.hardware.camera.provider@2.4-service (pid 482) native
01-29 14:12:47.601  1089  1333 I ActivityManager:   ntv   ??   14540: zygote (pid 396) native
01-29 14:12:47.601  1089  1333 I ActivityManager:   ntv   ??   11267: android.hardware.audio.service (pid 480) native
01-29 14:12:47.601  1089  1333 I ActivityManager:   ntv   ??    8238: mediaserver (pid 757) native
01-29 14:12:47.601  1089  1333 I ActivityManager:   ntv   ??    8153: webview_zygote (pid 1612) native
01-29 14:12:47.601  1089  1333 I ActivityManager:   ntv   ??    6507: qcrild (pid 987) native
01-29 14:12:47.601  1089  1333 I ActivityManager:   ntv   ??    5392: media.extractor (pid 744) native
01-29 14:12:47.601  1089  1333 I ActivityManager:   ntv   ??    5303: audioserver (pid 502) native
01-29 14:12:47.601  1089  1333 I ActivityManager:   ntv   ??    3605: cameraserver (pid 723) native
01-29 14:12:47.601  1089  1333 I ActivityManager:   ntv   ??    3578: media.swcodec (pid 882) native
01-29 14:12:47.601  1089  1333 I ActivityManager:   ntv   ??    3175: netmgrd (pid 846) native
01-29 14:12:47.601  1089  1333 I ActivityManager:   ntv   ??    2952: init (pid 1) native
01-29 14:12:47.601  1089  1333 I ActivityManager:   ntv   ??    2886: android.hardware.graphics.composer@2.1-service (pid 484) native
01-29 14:12:47.601  1089  1333 I ActivityManager:   ntv   ??    2485: media.codec (pid 787) native
01-29 14:12:47.601  1089  1333 I ActivityManager:   ntv   ??    2402: netd (pid 395) native
01-29 14:12:47.601  1089  1333 I ActivityManager:   ntv   ??    2288: android.hardware.gnss@2.1-service-qti (pid 483) native
01-29 14:12:47.601  1089  1333 I ActivityManager:   ntv   ??    2262: media.metrics (pid 752) native
01-29 14:12:47.601  1089  1333 I ActivityManager:   ntv   ??    2119: cnd (pid 790) native
01-29 14:12:47.601  1089  1333 I ActivityManager:   ntv   ??    1960: vendor.qti.hardware.perf@2.2-service (pid 495) native
01-29 14:12:47.601  1089  1333 I ActivityManager:   ntv   ??    1948: ims_rtp_daemon (pid 1075) native
01-29 14:12:47.601  1089  1333 I ActivityManager:   ntv   ??    1858: imsdatadaemon (pid 939) native
01-29 14:12:47.601  1089  1333 I ActivityManager:   ntv   ??    1812: android.hardware.sensors@1.0-service (pid 491) native
01-29 14:12:47.601  1089  1333 I ActivityManager:   ntv   ??    1732: imsrcsd (pid 1006) native
01-29 14:12:47.601  1089  1333 I ActivityManager:   ntv   ??    1720: ueventd (pid 280) native
01-29 14:12:47.601  1089  1333 I ActivityManager:   ntv   ??    1642: installd (pid 734) native
01-29 14:12:47.601  1089  1333 I ActivityManager:   ntv   ??    1610: statsd (pid 394) native
01-29 14:12:47.601  1089  1333 I ActivityManager:   ntv   ??    1589: logd (pid 294) native
01-29 14:12:47.601  1089  1333 I ActivityManager:   ntv   ??    1578: android.hardware.bluetooth@1.0-service-qti-lazy (pid 3020) native
01-29 14:12:47.601  1089  1333 I ActivityManager:   ntv   ??    1524: lowi-server (pid 909) native
01-29 14:12:47.601  1089  1333 I ActivityManager:   ntv   ??    1493: vold (pid 331) native
01-29 14:12:47.601  1089  1333 I ActivityManager:   ntv   ??    1465: init (pid 277) native
01-29 14:12:47.601  1089  1333 I ActivityManager:   ntv   ??    1395: xtra-daemon (pid 910) native
01-29 14:12:47.601  1089  1333 I ActivityManager:   ntv   ??    1342: thermal-engine (pid 2036) native
01-29 14:12:47.601  1089  1333 I ActivityManager:   ntv   ??    1294: android.hardware.wifi@1.0-service (pid 492) native
01-29 14:12:47.601  1089  1333 I ActivityManager:   ntv   ??    1250: vendor.qti.hardware.display.allocator-service (pid 493) native
01-29 14:12:47.601  1089  1333 I ActivityManager:   ntv   ??    1176: storaged (pid 767) native
01-29 14:12:47.601  1089  1333 I ActivityManager:   ntv   ??    1160: wificond (pid 772) native
01-29 14:12:47.601  1089  1333 I ActivityManager:   ntv   ??    1155: qseecomd (pid 344) native
01-29 14:12:47.601  1089  1333 I ActivityManager:   ntv   ??    1134: sensors.qti (pid 522) native
01-29 14:12:47.601  1089  1333 I ActivityManager:   ntv   ??    1086: gpuservice (pid 503) native
01-29 14:12:47.601  1089  1333 I ActivityManager:   ntv   ??    1081: qti (pid 1022) native
01-29 14:12:47.601  1089  1333 I ActivityManager:   ntv   ??    1076: perfservice (pid 776) native
01-29 14:12:47.601  1089  1333 I ActivityManager:   ntv   ??    1073: keystore (pid 737) native
01-29 14:12:47.601  1089  1333 I ActivityManager:   ntv   ??    1035: adbd (pid 2087) native
01-29 14:12:47.601  1089  1333 I ActivityManager:   ntv   ??     979: hwservicemanager (pid 297) native
01-29 14:12:47.601  1089  1333 I ActivityManager:   ntv   ??     972: gatekeeperd (pid 890) native
01-29 14:12:47.601  1089  1333 I ActivityManager:   ntv   ??     963: drmserver (pid 724) native
01-29 14:12:47.601  1089  1333 I ActivityManager:   ntv   ??     957: servicemanager (pid 296) native
01-29 14:12:47.601  1089  1333 I ActivityManager:   ntv   ??     956: imsqmidaemon (pid 805) native
01-29 14:12:47.601  1089  1333 I ActivityManager:   ntv   ??     946: android.hardware.power-service (pid 490) native
01-29 14:12:47.601  1089  1333 I ActivityManager:   ntv   ??     909: android.hardware.keymaster@4.1-service-qti (pid 306) native
01-29 14:12:47.601  1089  1333 I ActivityManager:   ntv   ??     900: android.hardware.health@2.1-service (pid 487) native
01-29 14:12:47.601  1089  1333 I ActivityManager:   ntv   ??     871: incidentd (pid 732) native
01-29 14:12:47.601  1089  1333 I ActivityManager:   ntv   ??     870: vendor.qti.hardware.vibrator.service (pid 496) native
01-29 14:12:47.601  1089  1333 I ActivityManager:   ntv   ??     866: pm-service (pid 501) native
01-29 14:12:47.601  1089  1333 I ActivityManager:   ntv   ??     859: android.system.suspend@1.0-service (pid 356) native
01-29 14:12:47.601  1089  1333 I ActivityManager:   ntv   ??     848: android.hardware.lights-service.qti (pid 488) native
01-29 14:12:47.601  1089  1333 I ActivityManager:   ntv   ??     845: android.hardware.gatekeeper@1.0-service-qti (pid 358) native
01-29 14:12:47.601  1089  1333 I ActivityManager:   ntv   ??     843: adsprpcd (pid 869) native
01-29 14:12:47.601  1089  1333 I ActivityManager:   ntv   ??     836: lmkd (pid 295) native
01-29 14:12:47.601  1089  1333 I ActivityManager:   ntv   ??     830: vendor.qti.hardware.qseecom@1.0-service (pid 309) native
01-29 14:12:47.601  1089  1333 I ActivityManager:   ntv   ??     818: port-bridge (pid 848) native
01-29 14:12:47.601  1089  1333 I ActivityManager:   ntv   ??     813: dspservice (pid 494) native
01-29 14:12:47.601  1089  1333 I ActivityManager:   ntv   ??     806: time_daemon (pid 389) native
01-29 14:12:47.601  1089  1333 I ActivityManager:   ntv   ??     789: loc_launcher (pid 886) native
01-29 14:12:47.601  1089  1333 I ActivityManager:   ntv   ??     783: vndservicemanager (pid 298) native
01-29 14:12:47.601  1089  1333 I ActivityManager:   ntv   ??     782: android.hardware.memtrack@1.0-service (pid 489) native
01-29 14:12:47.601  1089  1333 I ActivityManager:   ntv   ??     776: android.hardware.atrace@1.0-service (pid 357) native
01-29 14:12:47.601  1089  1333 I ActivityManager:   ntv   ??     773: pm-proxy (pid 617) native
01-29 14:12:47.601  1089  1333 I ActivityManager:   ntv   ??     768: rmt_storage (pid 506) native
01-29 14:12:47.601  1089  1333 I ActivityManager:   ntv   ??     736: wcnss_service (pid 719) native
01-29 14:12:47.602  1089  1333 I ActivityManager:   ntv   ??     663: tftp_server (pid 507) native
01-29 14:12:47.602  1089  1333 I ActivityManager:   ntv   ??     584: android.hidl.allocator@1.0-service (pid 481) native
01-29 14:12:47.602  1089  1333 I ActivityManager:   ntv   ??     582: qrtr-ns (pid 618) native
01-29 14:12:47.602  1089  1333 I ActivityManager:   ntv   ??     575: traced (pid 626) native
01-29 14:12:47.602  1089  1333 I ActivityManager:   ntv   ??     514: iptables-restore (pid 433) native
01-29 14:12:47.602  1089  1333 I ActivityManager:   ntv   ??    2250: (Other native)
01-29 14:12:47.602  1089  1333 I ActivityManager:   sys    PER    86071: system (    5,472K memtrack) (pid 1089) fixed
01-29 14:12:47.602  1089  1333 I ActivityManager:   pers   BFGS   64551: com.android.systemui (   14,912K memtrack) (pid 1482) pers-top-ui
01-29 14:12:47.602  1089  1333 I ActivityManager:   pers   PER    17705: com.jio.adc.embedded (pid 2275) fixed
01-29 14:12:47.602  1089  1333 I ActivityManager:   pers   PER    14441: com.android.phone (pid 1748) fixed
01-29 14:12:47.602  1089  1333 I ActivityManager:   pers   PER    13916: com.redbend.client (pid 2255) fixed
01-29 14:12:47.602  1089  1333 I ActivityManager:   pers   PER    10425: com.qualcomm.location (pid 2263) fixed
01-29 14:12:47.602  1089  1333 I ActivityManager:   pers   PER     6218: org.codeaurora.ims (pid 1727) fixed
01-29 14:12:47.602  1089  1333 I ActivityManager:   pers   PER     5237: .qtidataservices (pid 1680) fixed
01-29 14:12:47.602  1089  1333 I ActivityManager:   pers   PER     4573: com.qualcomm.qti.telephonyservice (pid 1705) fixed
01-29 14:12:47.602  1089  1333 I ActivityManager:   pers   PER     4430: .dataservices (pid 1632) fixed
01-29 14:12:47.602  1089  1333 I ActivityManager:   psvc   PER     8829: com.android.bluetooth (pid 811) service
01-29 14:12:47.602  1089  1333 I ActivityManager:                        com.android.bluetooth/.gatt.GattService<=Proc{1089:system/1000}
01-29 14:12:47.602  1089  1333 I ActivityManager:   psvc   PER     8590: com.android.providers.media.module (pid 2212) service
01-29 14:12:47.602  1089  1333 I ActivityManager:                        com.android.providers.media.module/com.android.providers.media.fuse.ExternalStorageServiceImpl<=Proc{1089:system/1000}
01-29 14:12:47.602  1089  1333 I ActivityManager:   fg     BFGS   18592: com.android.launcher3 (    1,380K memtrack) (pid 2132) service
01-29 14:12:47.602  1089  1333 I ActivityManager:                        com.android.launcher3/com.android.quickstep.TouchInteractionService<=Proc{1482:com.android.systemui/u0a154}
01-29 14:12:47.602  1089  1333 I ActivityManager:   vis    BFGS   46301: com.google.android.gms.persistent (pid 1237) service
01-29 14:12:47.602  1089  1333 I ActivityManager:                        com.google.android.gms/.chimera.PersistentBoundBrokerService<=Proc{1089:system/1000}
01-29 14:12:47.602  1089  1333 I ActivityManager:   vis    BFGS   21477: com.android.systemui:screenshot (    4,372K memtrack) (pid 3492) service
01-29 14:12:47.602  1089  1333 I ActivityManager:                        com.android.systemui/.screenshot.TakeScreenshotService<=Proc{1089:system/1000}
01-29 14:12:47.602  1089  1333 I ActivityManager:   vis    BFGS    5043: com.google.android.ext.services (pid 1790) service
01-29 14:12:47.602  1089  1333 I ActivityManager:                        com.google.android.ext.services/android.ext.services.notification.Assistant<=Proc{1089:system/1000}
01-29 14:12:47.602  1089  1333 I ActivityManager:   vis    IMPF    4440: com.qualcomm.qcrilmsgtunnel (pid 2499) service
01-29 14:12:47.602  1089  1333 I ActivityManager:                        com.qualcomm.qcrilmsgtunnel/.QcrilMsgTunnelService<=Proc{1748:com.android.phone/1001}
01-29 14:12:47.602  1089  1333 I ActivityManager:   prcp   IMPB   21004: com.google.android.inputmethod.latin (pid 1577) service
01-29 14:12:47.602  1089  1333 I ActivityManager:                        com.google.android.inputmethod.latin/com.android.inputmethod.latin.LatinIME<=Proc{1089:system/1000}
01-29 14:12:47.602  1089  1333 I ActivityManager:   prcl   TRNB   28507: com.jio.myjio (pid 2926) service
01-29 14:12:47.602  1089  1333 I ActivityManager:                        com.jio.myjio/com.madme.mobile.sdk.service.LSJobService<=Proc{1089:system/1000}
01-29 14:12:47.602  1089  1333 I ActivityManager:   prcl   TRNB   17476: com.google.android.gms (pid 321) service
01-29 14:12:47.602  1089  1333 I ActivityManager:                        com.google.android.gms/.ads.identifier.service.AdvertisingIdService<=Proc{2926:com.jio.myjio/u0a87}
01-29 14:12:47.602  1089  1333 I ActivityManager:             608163: TOTAL (   45,232K memtrack)
01-29 14:12:47.602  1089  1333 I ActivityManager:   MemInfo:   102,796K slab,     6,032K shmem,    16,576K vm alloc,    22,304K page tables    14,216K kernel stack
01-29 14:12:47.602  1089  1333 I ActivityManager:                1,008K buffers,   108,688K cached,    87,124K mapped,    40,064K free
01-29 14:12:47.602  1089  1333 I ActivityManager:   ZRAM:    81,500K RAM,   786,428K swap total,   516,200K swap free
01-29 14:12:47.602  1089  1333 I ActivityManager:   Free RAM:    94,440K
01-29 14:12:47.602  1089  1333 I ActivityManager:        ION:    58,932K
01-29 14:12:47.602  1089  1333 I ActivityManager:   Used RAM:   797,215K
01-29 14:12:47.602  1089  1333 I ActivityManager:   Lost RAM:   145,901K
01-29 14:12:47.859  1089  1333 I DropBoxManagerService: add tag=system_server_lowmem isTagEnabled=true flags=0x2
01-29 14:12:47.915  1089  1189 W BroadcastQueue: Background execution not allowed: receiving Intent { act=android.intent.action.DROPBOX_ENTRY_ADDED flg=0x10 (has extras) } to com.google.android.gms/.stats.service.DropBoxEntryAddedReceiver
01-29 14:13:44.491  1089  1089 W Looper  : Slow dispatch took 119ms main h=com.android.server.AlarmManagerService$AlarmHandler c=com.android.server.-$$Lambda$AlarmManagerService$3$jIkPWjqS66vG6aFVQoHxR2w4HPE@d6a19c9 m=0
01-29 14:13:45.207  1089  1189 W BroadcastQueue: Background execution not allowed: receiving Intent { act=android.net.wifi.SCAN_RESULTS flg=0x4000010 (has extras) } to com.jio.myjio/.jionet.receiver.WifiScanReceiver
01-29 14:14:45.915  1089  1189 W BroadcastQueue: Background execution not allowed: receiving Intent { act=android.net.wifi.SCAN_RESULTS flg=0x4000010 (has extras) } to com.jio.myjio/.jionet.receiver.WifiScanReceiver
01-29 14:15:46.640  1089  1189 W BroadcastQueue: Background execution not allowed: receiving Intent { act=android.net.wifi.SCAN_RESULTS flg=0x4000010 (has extras) } to com.jio.myjio/.jionet.receiver.WifiScanReceiver
01-29 14:16:47.415  1089  1189 W BroadcastQueue: Background execution not allowed: receiving Intent { act=android.net.wifi.SCAN_RESULTS flg=0x4000010 (has extras) } to com.jio.myjio/.jionet.receiver.WifiScanReceiver
01-29 14:17:48.085  1089  1189 W BroadcastQueue: Background execution not allowed: receiving Intent { act=android.net.wifi.SCAN_RESULTS flg=0x4000010 (has extras) } to com.jio.myjio/.jionet.receiver.WifiScanReceiver
01-29 14:18:48.720  1089  1189 W BroadcastQueue: Background execution not allowed: receiving Intent { act=android.net.wifi.SCAN_RESULTS flg=0x4000010 (has extras) } to com.jio.myjio/.jionet.receiver.WifiScanReceiver
01-29 14:19:49.459  1089  1189 W BroadcastQueue: Background execution not allowed: receiving Intent { act=android.net.wifi.SCAN_RESULTS flg=0x4000010 (has extras) } to com.jio.myjio/.jionet.receiver.WifiScanReceiver
01-29 14:20:50.120  1089  1189 W BroadcastQueue: Background execution not allowed: receiving Intent { act=android.net.wifi.SCAN_RESULTS flg=0x4000010 (has extras) } to com.jio.myjio/.jionet.receiver.WifiScanReceiver
01-29 14:21:50.817  1089  1189 W BroadcastQueue: Background execution not allowed: receiving Intent { act=android.net.wifi.SCAN_RESULTS flg=0x4000010 (has extras) } to com.jio.myjio/.jionet.receiver.WifiScanReceiver
01-29 14:22:51.473  1089  1189 W BroadcastQueue: Background execution not allowed: receiving Intent { act=android.net.wifi.SCAN_RESULTS flg=0x4000010 (has extras) } to com.jio.myjio/.jionet.receiver.WifiScanReceiver
01-29 14:23:52.134  1089  1189 W BroadcastQueue: Background execution not allowed: receiving Intent { act=android.net.wifi.SCAN_RESULTS flg=0x4000010 (has extras) } to com.jio.myjio/.jionet.receiver.WifiScanReceiver
01-29 14:24:52.734  1089  1189 W BroadcastQueue: Background execution not allowed: receiving Intent { act=android.net.wifi.SCAN_RESULTS flg=0x4000010 (has extras) } to com.jio.myjio/.jionet.receiver.WifiScanReceiver
01-29 14:25:53.389  1089  1189 W BroadcastQueue: Background execution not allowed: receiving Intent { act=android.net.wifi.SCAN_RESULTS flg=0x4000010 (has extras) } to com.jio.myjio/.jionet.receiver.WifiScanReceiver
01-29 14:26:54.062  1089  1189 W BroadcastQueue: Background execution not allowed: receiving Intent { act=android.net.wifi.SCAN_RESULTS flg=0x4000010 (has extras) } to com.jio.myjio/.jionet.receiver.WifiScanReceiver
01-29 14:27:54.712  1089  1189 W BroadcastQueue: Background execution not allowed: receiving Intent { act=android.net.wifi.SCAN_RESULTS flg=0x4000010 (has extras) } to com.jio.myjio/.jionet.receiver.WifiScanReceiver
01-29 14:28:31.303  1089  1205 E KernelCpuSpeedReader: Failed to read cpu-freq: /sys/devices/system/cpu/cpu0/cpufreq/stats/time_in_state: open failed: ENOENT (No such file or directory)
01-29 14:28:55.411  1089  1189 W BroadcastQueue: Background execution not allowed: receiving Intent { act=android.net.wifi.SCAN_RESULTS flg=0x4000010 (has extras) } to com.jio.myjio/.jionet.receiver.WifiScanReceiver
01-29 14:29:16.137  1089  1188 I UsageStatsService: User[0] Flushing usage stats to disk
01-29 14:29:56.106  1089  1189 W BroadcastQueue: Background execution not allowed: receiving Intent { act=android.net.wifi.SCAN_RESULTS flg=0x4000010 (has extras) } to com.jio.myjio/.jionet.receiver.WifiScanReceiver
01-29 14:30:56.727  1089  1189 W BroadcastQueue: Background execution not allowed: receiving Intent { act=android.net.wifi.SCAN_RESULTS flg=0x4000010 (has extras) } to com.jio.myjio/.jionet.receiver.WifiScanReceiver
01-29 14:31:57.442  1089  1189 W BroadcastQueue: Background execution not allowed: receiving Intent { act=android.net.wifi.SCAN_RESULTS flg=0x4000010 (has extras) } to com.jio.myjio/.jionet.receiver.WifiScanReceiver
01-29 14:32:47.370  1089  1189 W BroadcastQueue: Background execution not allowed: receiving Intent { act=android.intent.action.ACTION_POWER_DISCONNECTED flg=0x4000010 (has extras) } to com.google.android.gms/.chimera.GmsIntentOperationService$PersistentTrustedReceiver
01-29 14:32:47.371  1089  1189 W BroadcastQueue: Background execution not allowed: receiving Intent { act=android.intent.action.ACTION_POWER_DISCONNECTED flg=0x4000010 (has extras) } to com.jio.myjio/com.inn.passivesdk.receiver.ServiceStarterReceiver
01-29 14:32:47.619  1089  1089 W Looper  : Slow dispatch took 252ms main h=android.os.Handler c=com.android.server.-$$Lambda$BatteryService$D1kwd7L7yyqN5niz3KWkTepVmUk@62fec33 m=0
01-29 14:32:47.620  1089  1089 W Looper  : Slow delivery took 251ms main h=android.app.ActivityThread$H c=android.app.-$$Lambda$LoadedApk$ReceiverDispatcher$Args$_BumDX2UKsnxLVrE6UJsJZkotuA@ed14bf0 m=0
01-29 14:32:47.620  1089  1215 I PowerManagerService: Waking up from Dozing (uid=1000, reason=WAKE_REASON_PLUGGED_IN, details=android.server.power:PLUGGED:false)...
01-29 14:32:47.653  1089  1215 I DisplayPowerController: Blocking screen on until initial contents have been drawn.
01-29 14:32:47.670  1089  1215 V DisplayPowerController: Brightness [0.52755904] reason changing to: 'manual', previous reason: 'screen_off'.
01-29 14:32:47.690  1089  1180 I DisplayManagerService: Display device changed state: "Built-in Screen", ON
01-29 14:32:47.773  1089  1205 E KernelCpuSpeedReader: Failed to read cpu-freq: /sys/devices/system/cpu/cpu0/cpufreq/stats/time_in_state: open failed: ENOENT (No such file or directory)
01-29 14:32:47.868  1089  1089 W Looper  : Slow dispatch took 122ms main h=com.android.server.job.JobSchedulerService$JobHandler c=null m=4
01-29 14:32:48.032  1089  1205 I BatteryStatsImpl: Resetting battery stats: level=100 status=5 dischargeLevel=100 lowAmount=0 highAmount=0
01-29 14:32:48.120  1089  1205 E KernelCpuSpeedReader: Failed to read cpu-freq: /sys/devices/system/cpu/cpu0/cpufreq/stats/time_in_state: open failed: ENOENT (No such file or directory)
01-29 14:32:48.332  1089  1089 W Looper  : Drained
01-29 14:32:48.333  1089  1089 W Looper  : Slow dispatch took 455ms main h=android.app.ActivityThread$H c=android.app.-$$Lambda$LoadedApk$ReceiverDispatcher$Args$_BumDX2UKsnxLVrE6UJsJZkotuA@9acf7d3 m=0
01-29 14:32:48.333  1089  1089 W Looper  : Slow delivery took 459ms main h=android.hardware.display.DisplayManagerGlobal$DisplayListenerDelegate c=null m=2
01-29 14:32:48.335  1089  1089 W Looper  : Drained
01-29 14:32:48.489  1089  1215 I DisplayPowerController: Unblocked screen on after 836 ms
01-29 14:32:48.490  1089  1215 W PowerManagerService: Screen on took 870 ms
01-29 14:32:48.490  1089  1215 I DreamManagerService: Gently waking up from dream.
01-29 14:32:48.491  1089  1177 I DreamManagerService: Performing gentle wake from dream.
01-29 14:32:48.559  1089  2719 I DreamManagerService: Leaving dreamland.
01-29 14:32:48.582  1089  1177 I DreamManagerService: Performing gentle wake from dream.
