01-30 15:53:57.075   987  1142 E QMI_FW  : qmi_cci_get_ref: ref count increased 2
01-30 15:53:57.439  3891  3900 W dex2oat32: Accessing hidden method Landroid/view/View;->setScrollCaptureCallback(Landroid/view/ScrollCaptureCallback;)V (blacklist, linking, denied)
01-30 15:53:58.093  3891  3899 W dex2oat32: Accessing hidden method Landroid/content/Context;->isUiContext()Z (blacklist, linking, denied)
01-30 15:53:59.045  3891  3899 W dex2oat32: Accessing hidden method Landroid/view/ScrollCaptureSession;->getSurface()Landroid/view/Surface; (blacklist, linking, denied)
01-30 15:53:59.046  3891  3899 W dex2oat32: Accessing hidden method Landroid/view/View;->setScrollCaptureHint(I)V (blacklist, linking, denied)
01-30 15:53:59.103  3891  3896 W dex2oat32: Accessing hidden method Landroid/content/Context;->isUiContext()Z (blacklist, linking, denied)
01-30 15:53:59.146  3891  3896 W dex2oat32: Accessing hidden method Landroid/media/MediaRoute2Info;->getType()I (blacklist, linking, denied)
01-30 15:54:00.326  3891  3891 I dex2oat32: dex2oat took 7.316s (15.155s cpu) (threads: 4) arena alloc=4104B (4104B) java alloc=12MB (12998184B) native alloc=10MB (11011384B) free=578KB (592584B)
01-30 15:54:00.370  3901  3901 I chatty  : uid=1000(system) expire 33 lines
01-30 15:54:00.415   734  4009 V installd: DexInv: --- END '/data/app/~~3ccPP38LwqMPrUEi8VZJpg==/com.android.chrome-S-4a8zhJ59nD_aMhl-Psqg==/split_chrome.apk' (success) ---
01-30 15:54:00.489   734  1928 V installd: DexInv: --- BEGIN '/data/app/~~3ccPP38LwqMPrUEi8VZJpg==/com.android.chrome-S-4a8zhJ59nD_aMhl-Psqg==/split_dev_ui.apk' ---
01-30 15:54:00.581  3905  3905 I dex2oat32: /apex/com.android.art/bin/dex2oat32 --input-vdex-fd=-1 --output-vdex-fd=9 --updatable-bcp-packages-file=/system/etc/updatable-bcp-packages.txt --resolve-startup-const-strings=true --max-image-block-size=524288 --compiler-filter=speed-profile --profile-file-fd=11 --classpath-dir=/data/app/~~3ccPP38LwqMPrUEi8VZJpg==/com.android.chrome-S-4a8zhJ59nD_aMhl-Psqg== --class-loader-context=PCL[];PCL[base.apk]{PCL[/data/app/~~tU6tsy2SLRzJLgnPoJKT4Q==/com.google.android.trichromelibrary_755909030-46Gq7xZ5SYgTz-5MXPyppA==/base.apk]} --generate-mini-debug-info --compilation-reason=bg-dexopt
01-30 15:54:00.588  3905  3905 I dex2oat32: setting boot class path to /apex/com.android.art/javalib/core-oj.jar:/apex/com.android.art/javalib/core-libart.jar:/apex/com.android.art/javalib/core-icu4j.jar:/apex/com.android.art/javalib/okhttp.jar:/apex/com.android.art/javalib/bouncycastle.jar:/apex/com.android.art/javalib/apache-xml.jar:/system/framework/framework.jar:/system/framework/ext.jar:/system/framework/telephony-common.jar:/system/framework/voip-common.jar:/system/framework/ims-common.jar:/system/framework/framework-atb-backward-compatibility.jar:/system/framework/tcmiface.jar:/system/framework/telephony-ext.jar:/system/framework/qcom.fmradio.jar:/system/framework/QPerformance.jar:/system/framework/UxPerformance.jar
01-30 15:54:00.592  3905  3905 W dex2oat32: Could not reserve sentinel fault page
01-30 15:54:00.659  3901  3903 I chatty  : uid=1000(system) expire 1 line
01-30 15:54:00.660  3901  3901 E improveTouch: [TouchServer:79] delete touch processor
01-30 15:54:00.660  3901  3901 D improveTouch: [DSPTouchProcessor:807] deInit: E
01-30 15:54:00.660  3901  3901 E improveTouch: [DSPTouchProcessor:823] deInit: invalid state (current = 0)
01-30 15:54:00.660  3901  3901 D improveTouch: [DSPTouchProcessor:827] deInit: X pa_utf_ret = 1, ret = 1073741835
01-30 15:54:00.660  3901  3901 E improveTouch: [TouchServer:83] delete event injector
01-30 15:54:00.661  3901  3901 E improveTouch: [TouchServer:87] delete config management
01-30 15:54:00.662  3901  3901 E improveTouch: [TouchServer:90] fail to start daemon
01-30 15:54:00.662  3901  3901 E improveTouch: [Main:169] fail to initiate touch server
01-30 15:54:00.793   987  1142 E QMI_FW  : qmi_cci_get_ref: ref count increased 2
01-30 15:54:00.825  3905  3905 W dex2oat32: Could not open dex files from location: /data/app/~~tU6tsy2SLRzJLgnPoJKT4Q==/com.google.android.trichromelibrary_755909030-46Gq7xZ5SYgTz-5MXPyppA==/base.apk
01-30 15:54:00.825  3905  3905 W dex2oat32: Failed to open classpath dex files
01-30 15:54:00.870  3905  3905 I dex2oat32: dex2oat took 306.393ms (280.641ms cpu) (threads: 4) arena alloc=904B (904B) java alloc=32KB (32768B) native alloc=903KB (925152B) free=352KB (360992B)
01-30 15:54:00.905   734  1928 V installd: DexInv: --- END '/data/app/~~3ccPP38LwqMPrUEi8VZJpg==/com.android.chrome-S-4a8zhJ59nD_aMhl-Psqg==/split_dev_ui.apk' (success) ---
01-30 15:54:01.003   734  1928 V installd: DexInv: --- BEGIN '/data/app/~~3ccPP38LwqMPrUEi8VZJpg==/com.android.chrome-S-4a8zhJ59nD_aMhl-Psqg==/split_on_demand.apk' ---
01-30 15:54:01.085  3914  3914 I dex2oat32: /apex/com.android.art/bin/dex2oat32 --input-vdex-fd=-1 --output-vdex-fd=9 --updatable-bcp-packages-file=/system/etc/updatable-bcp-packages.txt --resolve-startup-const-strings=true --max-image-block-size=524288 --compiler-filter=speed-profile --profile-file-fd=11 --classpath-dir=/data/app/~~3ccPP38LwqMPrUEi8VZJpg==/com.android.chrome-S-4a8zhJ59nD_aMhl-Psqg== --class-loader-context=PCL[];PCL[split_chrome.apk];PCL[base.apk]{PCL[/data/app/~~tU6tsy2SLRzJLgnPoJKT4Q==/com.google.android.trichromelibrary_755909030-46Gq7xZ5SYgTz-5MXPyppA==/base.apk]} --generate-mini-debug-info --compilation-reason=bg-dexopt
01-30 15:54:01.092  3914  3914 I dex2oat32: setting boot class path to /apex/com.android.art/javalib/core-oj.jar:/apex/com.android.art/javalib/core-libart.jar:/apex/com.android.art/javalib/core-icu4j.jar:/apex/com.android.art/javalib/okhttp.jar:/apex/com.android.art/javalib/bouncycastle.jar:/apex/com.android.art/javalib/apache-xml.jar:/system/framework/framework.jar:/system/framework/ext.jar:/system/framework/telephony-common.jar:/system/framework/voip-common.jar:/system/framework/ims-common.jar:/system/framework/framework-atb-backward-compatibility.jar:/system/framework/tcmiface.jar:/system/framework/telephony-ext.jar:/system/framework/qcom.fmradio.jar:/system/framework/QPerformance.jar:/system/framework/UxPerformance.jar
01-30 15:54:02.160  1727  1727 D QtiCarrierConfigHelper: WARNING, no carrier configs on phone Id: 0
01-30 15:54:02.223  3914  3914 W dex2oat32: Could not reserve sentinel fault page
01-30 15:54:02.280  1482  1482 D KeyguardUpdateMonitor: received broadcast android.intent.action.BATTERY_CHANGED
01-30 15:54:02.370  1482  1482 D KeyguardUpdateMonitor: handleBatteryUpdate
01-30 15:54:02.450  3914  3914 W dex2oat32: Could not open dex files from location: /data/app/~~tU6tsy2SLRzJLgnPoJKT4Q==/com.google.android.trichromelibrary_755909030-46Gq7xZ5SYgTz-5MXPyppA==/base.apk
01-30 15:54:02.450  3914  3914 W dex2oat32: Failed to open classpath dex files
01-30 15:54:03.862  3914  3918 W dex2oat32: Accessing hidden method Landroid/view/ScrollCaptureSession;->getSurface()Landroid/view/Surface; (blacklist, linking, denied)
01-30 15:54:03.864  3914  3918 W dex2oat32: Accessing hidden method Landroid/graphics/Canvas;->drawPatch(Landroid/graphics/NinePatch;Landroid/graphics/Rect;Landroid/graphics/Paint;)V (greylist-max-o, linking, denied)
01-30 15:54:03.864  3914  3918 W dex2oat32: Accessing hidden method Landroid/graphics/Canvas;->drawPatch(Landroid/graphics/NinePatch;Landroid/graphics/RectF;Landroid/graphics/Paint;)V (greylist-max-o, linking, denied)
01-30 15:54:04.362  3914  3919 W dex2oat32: Accessing hidden method Landroid/view/ScrollCaptureTarget;-><init>(Landroid/view/View;Landroid/graphics/Rect;Landroid/graphics/Point;Landroid/view/ScrollCaptureCallback;)V (blacklist, linking, denied)
01-30 15:54:04.362  3914  3919 W dex2oat32: Accessing hidden method Landroid/view/ScrollCaptureTarget;->setScrollBounds(Landroid/graphics/Rect;)V (blacklist, linking, denied)
01-30 15:54:05.368  3920  3920 I chatty  : uid=1000(system) expire 34 lines
01-30 15:54:05.592  3914  3914 I dex2oat32: dex2oat took 4.524s (10.296s cpu) (threads: 4) arena alloc=3800B (3800B) java alloc=6276KB (6427232B) native alloc=8436KB (8638560B) free=499KB (511904B)
01-30 15:54:05.657  3920  3921 I chatty  : uid=1000(system) expire 1 line
01-30 15:54:05.661  3920  3920 D improveTouch: [DSPTouchProcessor:807] deInit: E
01-30 15:54:05.661  3920  3920 E improveTouch: [DSPTouchProcessor:823] deInit: invalid state (current = 0)
01-30 15:54:05.662  3920  3920 D improveTouch: [DSPTouchProcessor:827] deInit: X pa_utf_ret = 1, ret = 1073741835
01-30 15:54:05.662  3920  3920 E improveTouch: [TouchServer:83] delete event injector
01-30 15:54:05.662  3920  3920 E improveTouch: [TouchServer:87] delete config management
01-30 15:54:05.663  3920  3920 E improveTouch: [TouchServer:90] fail to start daemon
01-30 15:54:05.663  3920  3920 E improveTouch: [Main:169] fail to initiate touch server
01-30 15:54:05.665   734  1928 V installd: DexInv: --- END '/data/app/~~3ccPP38LwqMPrUEi8VZJpg==/com.android.chrome-S-4a8zhJ59nD_aMhl-Psqg==/split_on_demand.apk' (success) ---
01-30 15:54:05.740   734  1928 V installd: DexInv: --- BEGIN '/data/app/~~3ccPP38LwqMPrUEi8VZJpg==/com.android.chrome-S-4a8zhJ59nD_aMhl-Psqg==/split_stack_unwinder.apk' ---
01-30 15:54:05.832  3924  3924 I dex2oat32: /apex/com.android.art/bin/dex2oat32 --input-vdex-fd=-1 --output-vdex-fd=9 --updatable-bcp-packages-file=/system/etc/updatable-bcp-packages.txt --resolve-startup-const-strings=true --max-image-block-size=524288 --compiler-filter=speed-profile --profile-file-fd=11 --classpath-dir=/data/app/~~3ccPP38LwqMPrUEi8VZJpg==/com.android.chrome-S-4a8zhJ59nD_aMhl-Psqg== --class-loader-context=PCL[];PCL[base.apk]{PCL[/data/app/~~tU6tsy2SLRzJLgnPoJKT4Q==/com.google.android.trichromelibrary_755909030-46Gq7xZ5SYgTz-5MXPyppA==/base.apk]} --generate-mini-debug-info --compilation-reason=bg-dexopt
01-30 15:54:05.838  3924  3924 I dex2oat32: setting boot class path to /apex/com.android.art/javalib/core-oj.jar:/apex/com.android.art/javalib/core-libart.jar:/apex/com.android.art/javalib/core-icu4j.jar:/apex/com.android.art/javalib/okhttp.jar:/apex/com.android.art/javalib/bouncycastle.jar:/apex/com.android.art/javalib/apache-xml.jar:/system/framework/framework.jar:/system/framework/ext.jar:/system/framework/telephony-common.jar:/system/framework/voip-common.jar:/system/framework/ims-common.jar:/system/framework/framework-atb-backward-compatibility.jar:/system/framework/tcmiface.jar:/system/framework/telephony-ext.jar:/system/framework/qcom.fmradio.jar:/system/framework/QPerformance.jar:/system/framework/UxPerformance.jar
01-30 15:54:05.842  3924  3924 W dex2oat32: Could not reserve sentinel fault page
01-30 15:54:06.086  3924  3924 W dex2oat32: Could not open dex files from location: /data/app/~~tU6tsy2SLRzJLgnPoJKT4Q==/com.google.android.trichromelibrary_755909030-46Gq7xZ5SYgTz-5MXPyppA==/base.apk
01-30 15:54:06.087  3924  3924 W dex2oat32: Failed to open classpath dex files
01-30 15:54:06.112  3924  3924 I dex2oat32: dex2oat took 298.516ms (271.608ms cpu) (threads: 4) arena alloc=840B (840B) java alloc=32KB (32768B) native alloc=903KB (925400B) free=356KB (364840B)
01-30 15:54:06.146   734  1928 V installd: DexInv: --- END '/data/app/~~3ccPP38LwqMPrUEi8VZJpg==/com.android.chrome-S-4a8zhJ59nD_aMhl-Psqg==/split_stack_unwinder.apk' (success) ---
01-30 15:54:06.221   734  1369 V installd: DexInv: --- BEGIN '/data/app/~~3ccPP38LwqMPrUEi8VZJpg==/com.android.chrome-S-4a8zhJ59nD_aMhl-Psqg==/split_test_dummy.apk' ---
01-30 15:54:06.297  3932  3932 I dex2oat32: /apex/com.android.art/bin/dex2oat32 --input-vdex-fd=-1 --output-vdex-fd=9 --updatable-bcp-packages-file=/system/etc/updatable-bcp-packages.txt --resolve-startup-const-strings=true --max-image-block-size=524288 --compiler-filter=speed-profile --profile-file-fd=11 --classpath-dir=/data/app/~~3ccPP38LwqMPrUEi8VZJpg==/com.android.chrome-S-4a8zhJ59nD_aMhl-Psqg== --class-loader-context=PCL[];PCL[base.apk]{PCL[/data/app/~~tU6tsy2SLRzJLgnPoJKT4Q==/com.google.android.trichromelibrary_755909030-46Gq7xZ5SYgTz-5MXPyppA==/base.apk]} --generate-mini-debug-info --compilation-reason=bg-dexopt
01-30 15:54:06.304  3932  3932 I dex2oat32: setting boot class path to /apex/com.android.art/javalib/core-oj.jar:/apex/com.android.art/javalib/core-libart.jar:/apex/com.android.art/javalib/core-icu4j.jar:/apex/com.android.art/javalib/okhttp.jar:/apex/com.android.art/javalib/bouncycastle.jar:/apex/com.android.art/javalib/apache-xml.jar:/system/framework/framework.jar:/system/framework/ext.jar:/system/framework/telephony-common.jar:/system/framework/voip-common.jar:/system/framework/ims-common.jar:/system/framework/framework-atb-backward-compatibility.jar:/system/framework/tcmiface.jar:/system/framework/telephony-ext.jar:/system/framework/qcom.fmradio.jar:/system/framework/QPerformance.jar:/system/framework/UxPerformance.jar
01-30 15:54:06.307  3932  3932 W dex2oat32: Could not reserve sentinel fault page
01-30 15:54:06.520  3932  3932 W dex2oat32: Could not open dex files from location: /data/app/~~tU6tsy2SLRzJLgnPoJKT4Q==/com.google.android.trichromelibrary_755909030-46Gq7xZ5SYgTz-5MXPyppA==/base.apk
01-30 15:54:06.520  3932  3932 W dex2oat32: Failed to open classpath dex files
01-30 15:54:06.568  3932  3932 I dex2oat32: dex2oat took 288.493ms (270.339ms cpu) (threads: 4) arena alloc=1608B (1608B) java alloc=48KB (49560B) native alloc=929KB (951408B) free=350KB (359312B)
01-30 15:54:06.606   734  1369 V installd: DexInv: --- END '/data/app/~~3ccPP38LwqMPrUEi8VZJpg==/com.android.chrome-S-4a8zhJ59nD_aMhl-Psqg==/split_test_dummy.apk' (success) ---
01-30 15:54:10.102  1089  3488 I chatty  : uid=1000(system) BackgroundDexOp expire 1 line
01-30 15:54:10.114   734  1369 V installd: DexInv: --- BEGIN '/system_ext/priv-app/SystemUI/SystemUI.apk' ---
01-30 15:54:10.207  3990  3990 I dex2oat32: /apex/com.android.art/bin/dex2oat32 --input-vdex-fd=9 --output-vdex-fd=10 --updatable-bcp-packages-file=/system/etc/updatable-bcp-packages.txt --resolve-startup-const-strings=true --max-image-block-size=524288 --compiler-filter=speed-profile --profile-file-fd=12 --classpath-dir=/system_ext/priv-app/SystemUI --class-loader-context=PCL[]{} --generate-mini-debug-info --compilation-reason=bg-dexopt
01-30 15:54:10.214  3990  3990 I dex2oat32: setting boot class path to /apex/com.android.art/javalib/core-oj.jar:/apex/com.android.art/javalib/core-libart.jar:/apex/com.android.art/javalib/core-icu4j.jar:/apex/com.android.art/javalib/okhttp.jar:/apex/com.android.art/javalib/bouncycastle.jar:/apex/com.android.art/javalib/apache-xml.jar:/system/framework/framework.jar:/system/framework/ext.jar:/system/framework/telephony-common.jar:/system/framework/voip-common.jar:/system/framework/ims-common.jar:/system/framework/framework-atb-backward-compatibility.jar:/system/framework/tcmiface.jar:/system/framework/telephony-ext.jar:/system/framework/qcom.fmradio.jar:/system/framework/QPerformance.jar:/system/framework/UxPerformance.jar
01-30 15:54:10.221  3990  3990 W dex2oat32: Could not reserve sentinel fault page
01-30 15:54:10.330  3991  3991 I chatty  : uid=1000(system) android.process.media expire 25 lines
01-30 15:54:10.610  3991  3993 I chatty  : uid=1000(system) android.process.media expire 1 line
01-30 15:54:10.611  3991  3991 I chatty  : uid=1000(system) android.process.media expire 8 lines
01-30 15:54:10.612  3991  3991 E improveTouch: [TouchServer:79] delete touch processor
01-30 15:54:10.612  3991  3991 D improveTouch: [DSPTouchProcessor:807] deInit: E
01-30 15:54:10.612  3991  3991 E improveTouch: [DSPTouchProcessor:823] deInit: invalid state (current = 0)
01-30 15:54:10.612  3991  3991 D improveTouch: [DSPTouchProcessor:827] deInit: X pa_utf_ret = 1, ret = 1073741835
01-30 15:54:10.612  3991  3991 E improveTouch: [TouchServer:83] delete event injector
01-30 15:54:10.612  3991  3991 E improveTouch: [TouchServer:87] delete config management
01-30 15:54:10.613  3991  3991 E improveTouch: [TouchServer:90] fail to start daemon
01-30 15:54:10.614  3991  3991 E improveTouch: [Main:169] fail to initiate touch server
01-30 15:54:12.317   987  1142 E QMI_FW  : qmi_cci_get_ref: ref count increased 2
01-30 15:54:15.420  3999  3999 I chatty  : uid=1000(system) expire 21 lines
01-30 15:54:15.737  3999  3999 E improveTouch: [InputDevice:61] InputDevice: pixelX: min = 0, max = 1080 pixelY: min = 0, max = 2160
01-30 15:54:15.737  3999  3999 E improveTouch: [InputDevice:65] Unable to open /dev/hbtp_input
01-30 15:54:15.738  3999  3999 E improveTouch: [TouchController:490] Error initializing input device: Error opening file
01-30 15:54:15.738  3999  3999 D improveTouch: [TouchController:1136] CommandExecutor::exit: thread is running, kill it first
01-30 15:54:15.739  3999  4000 D improveTouch: [TouchController:1186] runLoop exits
01-30 15:54:15.739  3999  3999 D RefBase : RefBase: Explicit destruction, weak count = 0 (in 0xa9e3b4d8)
01-30 15:54:15.739  3999  3999 W RefBase : CallStack::getCurrentInternal not linked, returning null
01-30 15:54:15.739  3999  3999 W RefBase : CallStack::logStackInternal not linked
01-30 15:54:15.739  3999  3999 E improveTouch: [TouchController:522] init failed, ret = 1073741825
01-30 15:54:15.739  3999  3999 E improveTouch: [TouchServer:59] fail to init TouchController: Error opening file
01-30 15:54:15.740  3999  3999 E improveTouch: [TouchServer:69] error happened, clean-up resource and exit
01-30 15:54:15.740  3999  3999 E improveTouch: [TouchServer:71] delete event monitor
01-30 15:54:15.740  3999  3999 E improveTouch: [TouchServer:75] delete controller
01-30 15:54:15.740  3999  3999 E improveTouch: [TouchServer:79] delete touch processor
01-30 15:54:15.745  3999  3999 D improveTouch: [DSPTouchProcessor:807] deInit: E
01-30 15:54:15.745  3999  3999 E improveTouch: [DSPTouchProcessor:823] deInit: invalid state (current = 0)
01-30 15:54:15.745  3999  3999 D improveTouch: [DSPTouchProcessor:827] deInit: X pa_utf_ret = 1, ret = 1073741835
01-30 15:54:15.746  3999  3999 E improveTouch: [TouchServer:83] delete event injector
01-30 15:54:15.746  3999  3999 E improveTouch: [TouchServer:87] delete config management
01-30 15:54:15.747  3999  3999 E improveTouch: [TouchServer:90] fail to start daemon
01-30 15:54:15.748  3999  3999 E improveTouch: [Main:169] fail to initiate touch server
01-30 15:54:16.669  3990  3990 I dex2oat32: Explicit concurrent copying GC freed 50868(8097KB) AllocSpace objects, 0(0B) LOS objects, 52% free, 1410KB/2946KB, paused 112us total 52.711ms
01-30 15:54:17.367  1748  1765 I m.android.phon: Background concurrent copying GC freed 952(159KB) AllocSpace objects, 0(0B) LOS objects, 87% free, 2732KB/20MB, paused 145us total 190.690ms
01-30 15:54:18.214  3990  3990 I dex2oat32: dex2oat took 8.039s (19.116s cpu) (threads: 4) arena alloc=2213KB (2266648B) java alloc=1426KB (1460280B) native alloc=16MB (17364528B) free=618KB (633296B)
01-30 15:54:18.299   734  1369 V installd: DexInv: --- END '/system_ext/priv-app/SystemUI/SystemUI.apk' (success) ---
