01-30 15:41:13.777  1503  1503 D improveTouch: [DSPTouchProcessor:827] deInit: X pa_utf_ret = 1, ret = 1073741835
01-30 15:41:13.777  1503  1503 E improveTouch: [TouchServer:83] delete event injector
01-30 15:41:13.777  1503  1503 E improveTouch: [TouchServer:87] delete config management
01-30 15:41:13.778  1503  1503 E improveTouch: [TouchServer:90] fail to start daemon
01-30 15:41:13.778  1503  1503 E improveTouch: [Main:169] fail to initiate touch server
01-30 15:41:15.194  1727  1727 D QtiCarrierConfigHelper: WARNING, no carrier configs on phone Id: 0
01-30 15:41:15.199  1482  1482 D KeyguardUpdateMonitor: received broadcast android.intent.action.BATTERY_CHANGED
01-30 15:41:15.218  1482  1482 D KeyguardUpdateMonitor: handleBatteryUpdate
01-30 15:41:15.363   987  1142 E QMI_FW  : qmi_cci_get_ref: ref count increased 2
01-30 15:41:16.720   811   950 I bt_stack: [INFO:btm_ble_bgconn.cc(420)] Already connection initiated (or) No Pending connections(or) Resources of lcb are exhausted
01-30 15:41:18.512  1506  1506 I chatty  : uid=1000(system) expire 35 lines
01-30 15:41:18.773  1506  1507 I chatty  : uid=1000(system) expire 1 line
01-30 15:41:18.774  1506  1506 E improveTouch: [DSPTouchProcessor:823] deInit: invalid state (current = 0)
01-30 15:41:18.774  1506  1506 D improveTouch: [DSPTouchProcessor:827] deInit: X pa_utf_ret = 1, ret = 1073741835
01-30 15:41:18.774  1506  1506 E improveTouch: [TouchServer:83] delete event injector
01-30 15:41:18.775  1506  1506 E improveTouch: [TouchServer:87] delete config management
01-30 15:41:18.776  1506  1506 E improveTouch: [TouchServer:90] fail to start daemon
01-30 15:41:18.776  1506  1506 E improveTouch: [Main:169] fail to initiate touch server
01-30 15:41:23.526  1516  1516 I chatty  : uid=1000(system) expire 35 lines
01-30 15:41:23.783  1516  1519 I chatty  : uid=1000(system) expire 1 line
01-30 15:41:23.784  1516  1516 E improveTouch: [DSPTouchProcessor:823] deInit: invalid state (current = 0)
01-30 15:41:23.784  1516  1516 D improveTouch: [DSPTouchProcessor:827] deInit: X pa_utf_ret = 1, ret = 1073741835
01-30 15:41:23.784  1516  1516 E improveTouch: [TouchServer:83] delete event injector
01-30 15:41:23.784  1516  1516 E improveTouch: [TouchServer:87] delete config management
01-30 15:41:23.785  1516  1516 E improveTouch: [TouchServer:90] fail to start daemon
01-30 15:41:23.786  1516  1516 E improveTouch: [Main:169] fail to initiate touch server
01-30 15:41:28.534  1520  1520 I chatty  : uid=1000(system) expire 34 lines
01-30 15:41:28.793  1520  1525 I chatty  : uid=1000(system) expire 1 line
01-30 15:41:28.794  1520  1520 D improveTouch: [DSPTouchProcessor:807] deInit: E
01-30 15:41:28.794  1520  1520 E improveTouch: [DSPTouchProcessor:823] deInit: invalid state (current = 0)
01-30 15:41:28.794  1520  1520 D improveTouch: [DSPTouchProcessor:827] deInit: X pa_utf_ret = 1, ret = 1073741835
01-30 15:41:28.794  1520  1520 E improveTouch: [TouchServer:83] delete event injector
01-30 15:41:28.794  1520  1520 E improveTouch: [TouchServer:87] delete config management
01-30 15:41:28.795  1520  1520 E improveTouch: [TouchServer:90] fail to start daemon
01-30 15:41:28.795  1520  1520 E improveTouch: [Main:169] fail to initiate touch server
01-30 15:41:33.031  1482  1482 D KeyguardUpdateMonitor: received broadcast android.intent.action.TIME_TICK
01-30 15:41:33.036  1482  1482 D KeyguardUpdateMonitor: handleTimeUpdate
01-30 15:41:33.037  1482  1482 D KeyguardClockSwitch: Updating clock: 341
01-30 15:41:33.043  2670  2891 W Settings: Setting airplane_mode_on has moved from android.provider.Settings.System to android.provider.Settings.Global, returning read-only value.
01-30 15:41:33.044  2670  2891 W Settings: Setting airplane_mode_on has moved from android.provider.Settings.System to android.provider.Settings.Global, returning read-only value.
01-30 15:41:33.063   987  1059 E QMI_FW  : qmi_cci_get_ref: ref count increased 2
01-30 15:41:33.065   297   297 I chatty  : uid=1000(system) hwservicemanage expire 7 lines
01-30 15:41:33.066   987  1059 E QMI_FW  : qmi_cci_get_ref: ref count increased 2
01-30 15:41:33.073   987  1059 E QMI_FW  : qmi_cci_get_ref: ref count increased 2
01-30 15:41:33.074  1089  1401 I chatty  : uid=1000(system) WifiScanningSer expire 1 line
01-30 15:41:33.076   909  3596 D LOWI-9.0.0.79: [LOWI-Scan] wait_event:Wait done with Cmd 33
01-30 15:41:33.077   909  3596 D LOWI-9.0.0.79: [LOWI-Scan] do_listen_events: Rcvd valid Netlink Cmd 0 Err 0
01-30 15:41:33.077   492  3676 V WifiHAL : event received NL80211_CMD_TRIGGER_SCAN
01-30 15:41:33.547  1529  1529 I chatty  : uid=1000(system) expire 31 lines
01-30 15:41:33.664   492  3676 V WifiHAL : event received NL80211_CMD_NEW_SCAN_RESULTS
01-30 15:41:33.664   909  3596 D LOWI-9.0.0.79: [LOWI-Scan] wait_event:Wait done with Cmd 34
01-30 15:41:33.664   909  3596 D LOWI-9.0.0.79: [LOWI-Scan] do_listen_events: Rcvd valid Netlink Cmd 34 Err 0
01-30 15:41:33.665   909  3596 D LOWI-9.0.0.79: [LOWI-Scan] 
01-30 15:41:33.665   909  3596 D LOWI-9.0.0.79: [LOWI-Scan] print_bss_handler: Report Probe TSF 692716055063 as it greater than Beacon TSF 691987332920
01-30 15:41:33.665   909  3596 I LOWI-9.0.0.79: [LOWI-Scan] RSN_IE
01-30 15:41:33.665   909  3596 D LOWI-9.0.0.79: [LOWI-Scan] decode_rsn_wpa_ie: Entered
01-30 15:41:33.666   909  3596 D LOWI-9.0.0.79: [LOWIUtils] hexDump: msg(30 14 01 00 00 0f ac 04 01 00 00 0f ac 04 01 00 00 0f ac 02 )
01-30 15:41:33.666   909  3596 D LOWI-9.0.0.79: [LOWI-Scan] decode_rsn_wpa_ie: LOWI_ENCRYPTION_TYPE_WPA_PSK
01-30 15:41:33.666   909  3596 D LOWI-9.0.0.79: [LOWI-Scan] is_qcom_ie, bss_age: 52
01-30 15:41:33.666   909  3596 D LOWI-9.0.0.79: [LOWI-Scan] BSS ee:db:70:4f:8b:76 LOWI_PHY_MODE_11AC_VHT20_2G(11), Beacon Interval: 100, LOWI_ENCRYPTION_TYPE_WPA_PSK 11mcRanging: No, ANQP: No, LCI: No, Civic: No, capability(0x0411): ESS Privacy ShortSlotTime
01-30 15:41:33.666   909  3596 D LOWI-9.0.0.79: [LOWI-Scan] BSS ee:db:70:4f:8b:76 FREQ: 2412, cFreq1[40:80:160] = [0:0:0] cFreq2 = 0 Country Code =    
01-30 15:41:33.666   909  3596 D LOWI-9.0.0.79: [LOWI-Scan] BSS ee:db:70:4f:8b:76 (wlan0) ASSO: NO AddInfo: 0x0, TSF 8, 00:25:16.055, RSSI: -68, CPL: 127, AGE: 0,  SSID POCO C65, TSFDelta: 0x0, TXRate: 0
01-30 15:41:33.666   909  3596 D LOWI-9.0.0.79: [LOWI-Scan] 
01-30 15:41:33.666   909  3596 D LOWI-9.0.0.79: [LOWI-Scan] print_bss_handler: Report beacon TSF 692716055149 as it greater than probe TSF 692655418897
01-30 15:41:33.666   909  3596 I LOWI-9.0.0.79: [LOWI-Scan] RSN_IE
01-30 15:41:33.666   909  3596 D LOWI-9.0.0.79: [LOWI-Scan] decode_rsn_wpa_ie: Entered
01-30 15:41:33.666   909  3596 D LOWI-9.0.0.79: [LOWIUtils] hexDump: msg(30 18 01 00 00 0f ac 04 01 00 00 0f ac 04 02 00 00 0f ac 02 00 0f ac 04 )
01-30 15:41:33.667   909  3596 D LOWI-9.0.0.79: [LOWI-Scan] decode_rsn_wpa_ie: LOWI_ENCRYPTION_TYPE_WPA_PSK
01-30 15:41:33.667   909  3596 D LOWI-9.0.0.79: [LOWI-Scan] is_qcom_ie, bss_age: 27
01-30 15:41:33.667   909  3596 D LOWI-9.0.0.79: [LOWI-Scan] BSS 3e:24:cf:3b:e2:ba LOWI_PHY_MODE_11AC_VHT40_2G(12), Beacon Interval: 100, LOWI_ENCRYPTION_TYPE_WPA_PSK 11mcRanging: No, ANQP: Yes, LCI: No, Civic: No, capability(0x1411): ESS Privacy ShortSlotTime
01-30 15:41:33.667   909  3596 D LOWI-9.0.0.79: [LOWI-Scan] BSS 3e:24:cf:3b:e2:ba FREQ: 2442, cFreq1[40:80:160] = [2432:0:0] cFreq2 = 0 Country Code = US 
01-30 15:41:33.667   909  3596 D LOWI-9.0.0.79: [LOWI-Scan] BSS 3e:24:cf:3b:e2:ba (wlan0) ASSO: NO AddInfo: 0x1, TSF 8, 00:25:16.055, RSSI: -142, CPL: 127, AGE: 0,  SSID VT-HQ-HYD, TSFDelta: 0x0, TXRate: 0
01-30 15:41:33.667   909  3596 D LOWI-9.0.0.79: [LOWI-Scan] 
01-30 15:41:33.667   909  3596 D LOWI-9.0.0.79: [LOWI-Scan] print_bss_handler: Report beacon TSF 692716055094 as it greater than probe TSF 692655418872
01-30 15:41:33.667   909  3596 I LOWI-9.0.0.79: [LOWI-Scan] RSN_IE
01-30 15:41:33.667   909  3596 D LOWI-9.0.0.79: [LOWI-Scan] decode_rsn_wpa_ie: Entered
01-30 15:41:33.667   909  3596 D LOWI-9.0.0.79: [LOWIUtils] hexDump: msg(30 18 01 00 00 0f ac 04 01 00 00 0f ac 04 02 00 00 0f ac 01 00 0f ac 03 )
01-30 15:41:33.667   909  3596 D LOWI-9.0.0.79: [LOWI-Scan] decode_rsn_wpa_ie: LOWI_ENCRYPTION_TYPE_WPA_EAP
01-30 15:41:33.667   909  3596 D LOWI-9.0.0.79: [LOWI-Scan] is_qcom_ie, bss_age: 9
01-30 15:41:33.668   909  3596 D LOWI-9.0.0.79: [LOWI-Scan] BSS 20:db:ab:95:b3:ae LOWI_PHY_MODE_11NG_HT20(5), Beacon Interval: 100, LOWI_ENCRYPTION_TYPE_WPA_EAP 11mcRanging: No, ANQP: Yes, LCI: No, Civic: No, capability(0x1431): ESS Privacy ShortPreamble ShortSlotTime
01-30 15:41:33.668   909  3596 D LOWI-9.0.0.79: [LOWI-Scan] BSS 20:db:ab:95:b3:ae FREQ: 2462, cFreq1[40:80:160] = [0:0:0] cFreq2 = 0 Country Code = IN 
01-30 15:41:33.668   909  3596 D LOWI-9.0.0.79: [LOWI-Scan] BSS 20:db:ab:95:b3:ae (wlan0) ASSO: NO AddInfo: 0x1, TSF 8, 00:25:16.055, RSSI: -106, CPL: 127, AGE: 0,  SSID JioPrivateNet, TSFDelta: 0x0, TXRate: 0
01-30 15:41:33.668   909  3596 D LOWI-9.0.0.79: [LOWI-Scan] 
01-30 15:41:33.668   909  3596 D LOWI-9.0.0.79: [LOWI-Scan] print_bss_handler: Report beacon TSF 692716055114 as it greater than probe TSF 692716055114
01-30 15:41:33.669  1089  1994 I chatty  : uid=1000(system) Binder:1089_1A expire 5 lines
01-30 15:41:33.670   909  3596 I LOWI-9.0.0.79: [LOWI-Scan] RSN_IE
01-30 15:41:33.670   909  3596 D LOWI-9.0.0.79: [LOWI-Scan] decode_rsn_wpa_ie: Entered
01-30 15:41:33.670   909  3596 D LOWI-9.0.0.79: [LOWIUtils] hexDump: msg(30 18 01 00 00 0f ac 04 01 00 00 0f ac 04 02 00 00 0f ac 02 00 0f ac 04 )
01-30 15:41:33.670   909  3596 D LOWI-9.0.0.79: [LOWI-Scan] decode_rsn_wpa_ie: LOWI_ENCRYPTION_TYPE_WPA_PSK
01-30 15:41:33.670   909  3596 D LOWI-9.0.0.79: [LOWI-Scan] is_qcom_ie, bss_age: 26
01-30 15:41:33.670   909  3596 D LOWI-9.0.0.79: [LOWI-Scan] BSS 3e:44:cf:3b:e2:ba LOWI_PHY_MODE_11AC_VHT40_2G(12), Beacon Interval: 100, LOWI_ENCRYPTION_TYPE_WPA_PSK 11mcRanging: No, ANQP: Yes, LCI: No, Civic: No, capability(0x1411): ESS Privacy ShortSlotTime
01-30 15:41:33.670   909  3596 D LOWI-9.0.0.79: [LOWI-Scan] BSS 3e:44:cf:3b:e2:ba FREQ: 2442, cFreq1[40:80:160] = [2432:0:0] cFreq2 = 0 Country Code = US 
01-30 15:41:33.670   909  3596 D LOWI-9.0.0.79: [LOWI-Scan] BSS 3e:44:cf:3b:e2:ba (wlan0) ASSO: NO AddInfo: 0x1, TSF 8, 00:25:16.055, RSSI: -138, CPL: 127, AGE: 0,  SSID VT-HQ-HYD_Guest, TSFDelta: 0x0, TXRate: 0
01-30 15:41:33.674   909  3596 D LOWI-9.0.0.79: [LOWI-Scan] 
01-30 15:41:33.674   909  3596 D LOWI-9.0.0.79: [LOWI-Scan] print_bss_handler: Report beacon TSF 692716055132 as it greater than probe TSF 692716055132
01-30 15:41:33.674   909  3596 I LOWI-9.0.0.79: [LOWI-Scan] RSN_IE
01-30 15:41:33.674   909  3596 D LOWI-9.0.0.79: [LOWI-Scan] decode_rsn_wpa_ie: Entered
01-30 15:41:33.674   909  3596 D LOWI-9.0.0.79: [LOWIUtils] hexDump: msg(30 14 01 00 00 0f ac 04 01 00 00 0f ac 04 01 00 00 0f ac 02 )
01-30 15:41:33.675   909  3596 D LOWI-9.0.0.79: [LOWI-Scan] decode_rsn_wpa_ie: LOWI_ENCRYPTION_TYPE_WPA_PSK
01-30 15:41:33.675   909  3596 D LOWI-9.0.0.79: [LOWI-Scan] is_qcom_ie, bss_age: 27
01-30 15:41:33.675   909  3596 D LOWI-9.0.0.79: [LOWI-Scan] BSS 3c:64:cf:3b:e2:ba LOWI_PHY_MODE_11AC_VHT40_2G(12), Beacon Interval: 100, LOWI_ENCRYPTION_TYPE_WPA_PSK 11mcRanging: No, ANQP: Yes, LCI: No, Civic: No, capability(0x0411): ESS Privacy ShortSlotTime
01-30 15:41:33.675   909  3596 D LOWI-9.0.0.79: [LOWI-Scan] BSS 3c:64:cf:3b:e2:ba FREQ: 2442, cFreq1[40:80:160] = [2432:0:0] cFreq2 = 0 Country Code = US 
01-30 15:41:33.675   909  3596 D LOWI-9.0.0.79: [LOWI-Scan] BSS 3c:64:cf:3b:e2:ba (wlan0) ASSO: NO AddInfo: 0x1, TSF 8, 00:25:16.055, RSSI: -142, CPL: 127, AGE: 0,  SSID , TSFDelta: 0x0, TXRate: 0
01-30 15:41:33.676   909  3596 D LOWI-9.0.0.79: [LOWI-Scan] 
01-30 15:41:33.677   909  3596 D LOWI-9.0.0.79: [LOWI-Scan] print_bss_handler: Report beacon TSF 692716055166 as it greater than probe TSF 692716055166
01-30 15:41:33.677   909  3596 D LOWI-9.0.0.79: [LOWI-Scan] is_qcom_ie, bss_age: 9
01-30 15:41:33.677   909  3596 D LOWI-9.0.0.79: [LOWI-Scan] BSS 20:db:ab:94:c1:ef LOWI_PHY_MODE_11NG_HT20(5), Beacon Interval: 100, LOWI_ENCRYPTION_TYPE_OPEN 11mcRanging: No, ANQP: No, LCI: No, Civic: No, capability(0x1421): ESS ShortPreamble ShortSlotTime
01-30 15:41:33.678   909  3596 D LOWI-9.0.0.79: [LOWI-Scan] BSS 20:db:ab:94:c1:ef FREQ: 2462, cFreq1[40:80:160] = [0:0:0] cFreq2 = 0 Country Code = IN 
01-30 15:41:33.678   909  3596 D LOWI-9.0.0.79: [LOWI-Scan] BSS 20:db:ab:94:c1:ef (wlan0) ASSO: NO AddInfo: 0x1, TSF 8, 00:25:16.055, RSSI: -168, CPL: 127, AGE: 0,  SSID JioNet, TSFDelta: 0x0, TXRate: 0
01-30 15:41:33.679   909  3596 D LOWI-9.0.0.79: [LOWI-Scan] 
01-30 15:41:33.680   909  3596 D LOWI-9.0.0.79: [LOWI-Scan] print_bss_handler: Report beacon TSF 692716055182 as it greater than probe TSF 692716055182
01-30 15:41:33.680   909  3596 I LOWI-9.0.0.79: [LOWI-Scan] RSN_IE
01-30 15:41:33.680   909  3596 D LOWI-9.0.0.79: [LOWI-Scan] decode_rsn_wpa_ie: Entered
01-30 15:41:33.680   909  3596 D LOWI-9.0.0.79: [LOWIUtils] hexDump: msg(30 18 01 00 00 0f ac 04 01 00 00 0f ac 04 02 00 00 0f ac 02 00 0f ac 04 )
01-30 15:41:33.680   909  3596 D LOWI-9.0.0.79: [LOWI-Scan] decode_rsn_wpa_ie: LOWI_ENCRYPTION_TYPE_WPA_PSK
01-30 15:41:33.680   909  3596 D LOWI-9.0.0.79: [LOWI-Scan] is_qcom_ie, bss_age: 28
01-30 15:41:33.680   909  3596 D LOWI-9.0.0.79: [LOWI-Scan] BSS 3e:44:cf:3b:d1:52 LOWI_PHY_MODE_11AC_VHT40_2G(12), Beacon Interval: 100, LOWI_ENCRYPTION_TYPE_WPA_PSK 11mcRanging: No, ANQP: Yes, LCI: No, Civic: No, capability(0x1411): ESS Privacy ShortSlotTime
01-30 15:41:33.680   909  3596 D LOWI-9.0.0.79: [LOWI-Scan] BSS 3e:44:cf:3b:d1:52 FREQ: 2442, cFreq1[40:80:160] = [2432:0:0] cFreq2 = 0 Country Code = US 
01-30 15:41:33.680   909  3596 D LOWI-9.0.0.79: [LOWI-Scan] BSS 3e:44:cf:3b:d1:52 (wlan0) ASSO: NO AddInfo: 0x1, TSF 8, 00:25:16.055, RSSI: -180, CPL: 127, AGE: 0,  SSID VT-HQ-HYD_Guest, TSFDelta: 0x0, TXRate: 0
01-30 15:41:33.681   909  3596 D LOWI-9.0.0.79: [LOWI-Scan] 
01-30 15:41:33.681   909  3596 D LOWI-9.0.0.79: [LOWI-Scan] print_bss_handler: Report beacon TSF 692716055198 as it greater than probe TSF 692716055198
01-30 15:41:33.681   909  3596 I LOWI-9.0.0.79: [LOWI-Scan] RSN_IE
01-30 15:41:33.681   909  3596 D LOWI-9.0.0.79: [LOWI-Scan] decode_rsn_wpa_ie: Entered
01-30 15:41:33.681   909  3596 D LOWI-9.0.0.79: [LOWIUtils] hexDump: msg(30 18 01 00 00 0f ac 04 01 00 00 0f ac 04 02 00 00 0f ac 02 00 0f ac 04 )
01-30 15:41:33.681   909  3596 D LOWI-9.0.0.79: [LOWI-Scan] decode_rsn_wpa_ie: LOWI_ENCRYPTION_TYPE_WPA_PSK
01-30 15:41:33.681   909  3596 D LOWI-9.0.0.79: [LOWI-Scan] is_qcom_ie, bss_age: 28
01-30 15:41:33.681   909  3596 D LOWI-9.0.0.79: [LOWI-Scan] BSS 3e:24:cf:3b:d1:52 LOWI_PHY_MODE_11AC_VHT40_2G(12), Beacon Interval: 100, LOWI_ENCRYPTION_TYPE_WPA_PSK 11mcRanging: No, ANQP: Yes, LCI: No, Civic: No, capability(0x1411): ESS Privacy ShortSlotTime
01-30 15:41:33.682   909  3596 D LOWI-9.0.0.79: [LOWI-Scan] BSS 3e:24:cf:3b:d1:52 FREQ: 2442, cFreq1[40:80:160] = [2432:0:0] cFreq2 = 0 Country Code = US 
01-30 15:41:33.682   909  3596 D LOWI-9.0.0.79: [LOWI-Scan] BSS 3e:24:cf:3b:d1:52 (wlan0) ASSO: NO AddInfo: 0x1, TSF 8, 00:25:16.055, RSSI: -182, CPL: 127, AGE: 0,  SSID VT-HQ-HYD, TSFDelta: 0x0, TXRate: 0
01-30 15:41:33.682   909  3596 D LOWI-9.0.0.79: [LOWIDiagLog] Log: lowiMeasResult->request: invalid null argument
01-30 15:41:33.682   909  3596 I LOWI-9.0.0.79: [LOWI-Scan] lowi_close_record:Scan done in 692674101ms, 8 APs in scan results
01-30 15:41:33.682   909  3596 D LOWI-9.0.0.79: [LOWI-Scan] WipsScanUsingNL: passive scan cached 0, took 60634 ms, err 0
01-30 15:41:33.682   909  3596 D LOWI-9.0.0.79: [LOWI-Scan] lowi_proc_req_passive_scan_with_live_meas - No WLAN Frames to be parsed
01-30 15:41:33.682   909  3596 D LOWI-9.0.0.79: [LOWIScanResultReceiver] Send scan meas to listener
01-30 15:41:33.682   909  3596 D LOWI-9.0.0.79: [LOWIScanResultReceiver] Enter passive listening mode
01-30 15:41:33.682   909  3596 D LOWI-9.0.0.79: [LOWIWifiDriverInterface] getMeasurements - Passive listening mode
01-30 15:41:33.683   909  3596 D LOWI-9.0.0.79: [LOWI-Scan] WipsScanUsingNL:wait -1 sec for netlink message
01-30 15:41:33.684   909   961 D LOWI-9.0.0.79: [LOWIEventReceiver] handleEvent:FROM:NA, TO:NA, REQ:NA, IREQ:NA, REQ_ID:0, RESP:NA, INFO:NA
01-30 15:41:33.684   909   961 D LOWI-9.0.0.79: [LOWIBackgroundScanMgr] isRspForBgScanMgr: evt(LOWI_NO_EVT) - not handled
01-30 15:41:33.684   909   961 D LOWI-9.0.0.79: [LOWIScheduler] manageMsg: NULL results or NULL request in results
01-30 15:41:33.684   909   961 D LOWI-9.0.0.79: [LOWIController] Measurements received
01-30 15:41:33.684   909   961 D LOWI-9.0.0.79: [LOWICacheManager] putInCache:Num of Meas to add: 8
01-30 15:41:33.686   909   961 D LOWI-9.0.0.79: [LOWIController] processMeasurementResults: No current Request. Cache measurements
01-30 15:41:33.686   909   961 D LOWI-9.0.0.79: [LOWIControllerExtn] sendLOWILpDiscoveryScanResponse: Not a discovery scan response
01-30 15:41:33.690  1089  1189 W BroadcastQueue: Background execution not allowed: receiving Intent { act=android.net.wifi.SCAN_RESULTS flg=0x4000010 (has extras) } to com.jio.myjio/.jionet.receiver.WifiScanReceiver
01-30 15:41:33.696  2670  3932 I FrewleTileCacheManagerV: Fetched 7 AP models from cache [CONTEXT service_id=6 ]
01-30 15:41:33.735   483   565 I LocSvc_api_v02: ---> locClientSendReq line 2409 QMI_LOC_INJECT_POSITION_REQ_V02
01-30 15:41:33.735   483   565 E QMI_FW  : qmi_cci_get_ref: ref count increased 2
01-30 15:41:33.737   483   951 E QMI_FW  : qmi_cci_get_ref: ref count increased 3
01-30 15:41:33.737   483   951 I LocSvc_ApiV02: <--- globalRespCb line 221 QMI_LOC_INJECT_POSITION_REQ_V02
01-30 15:41:33.740   987  1142 E QMI_FW  : qmi_cci_get_ref: ref count increased 2
01-30 15:41:33.817  1529  1532 I chatty  : uid=1000(system) expire 1 line
01-30 15:41:33.818  1529  1529 I chatty  : uid=1000(system) expire 3 lines
01-30 15:41:33.819  1529  1529 D improveTouch: [DSPTouchProcessor:807] deInit: E
01-30 15:41:33.819  1529  1529 E improveTouch: [DSPTouchProcessor:823] deInit: invalid state (current = 0)
01-30 15:41:33.819  1529  1529 D improveTouch: [DSPTouchProcessor:827] deInit: X pa_utf_ret = 1, ret = 1073741835
01-30 15:41:33.819  1529  1529 E improveTouch: [TouchServer:83] delete event injector
01-30 15:41:33.819  1529  1529 E improveTouch: [TouchServer:87] delete config management
01-30 15:41:33.820  1529  1529 E improveTouch: [TouchServer:90] fail to start daemon
01-30 15:41:33.820  1529  1529 E improveTouch: [Main:169] fail to initiate touch server
01-30 15:41:34.745  1089  3501 D CompatibilityChangeReporter: Compat change id reported: 135634846; UID 10127; state: DISABLED
01-30 15:41:34.746  1089  1190 D CompatibilityChangeReporter: Compat change id reported: 143937733; UID 10127; state: ENABLED
01-30 15:41:34.775   396   396 D Zygote  : Forked child process 1539
01-30 15:41:34.783  1089  1190 I ActivityManager: Start proc 1539:com.google.android.gms/u0a127 for service {com.google.android.gms/com.google.android.gms.ads.identifier.service.AdvertisingIdService}
01-30 15:41:34.799  1539  1539 I Zygote  : seccomp disabled by setenforce 0
01-30 15:41:34.827  2087  2114 I adbd    : jdwp connection from 1539
01-30 15:41:34.851  1089  3501 D CompatibilityInfo: mCompatibilityFlags - 0
01-30 15:41:34.851  1089  3501 D CompatibilityInfo: applicationDensity - 320
01-30 15:41:34.851  1089  3501 D CompatibilityInfo: applicationScale - 1.0
01-30 15:41:34.856  1089  3501 D CompatibilityInfo: mCompatibilityFlags - 0
01-30 15:41:34.856  1089  3501 D CompatibilityInfo: applicationDensity - 320
01-30 15:41:34.857  1089  3501 D CompatibilityInfo: applicationScale - 1.0
01-30 15:41:34.956  1539  1539 W gle.android.gm: JIT profile information will not be recorded: profile file does not exist.
01-30 15:41:34.957  1539  1539 W gle.android.gm: JIT profile information will not be recorded: profile file does not exist.
01-30 15:41:34.974  1539  1539 I Perf    : Connecting to perf service.
01-30 15:41:34.991  1539  1539 D NetworkSecurityConfig: Using Network Security Config from resource network_security_config debugBuild: false
01-30 15:41:34.994  1539  1539 D NetworkSecurityConfig: Using Network Security Config from resource network_security_config debugBuild: false
01-30 15:41:35.268  1539  1539 W ProviderHelper: Unknown dynamite feature providerinstaller.dynamite
01-30 15:41:35.268  1539  1539 I DynamiteModule: Considering local module com.google.android.gms.providerinstaller.dynamite:1 and remote module com.google.android.gms.providerinstaller.dynamite:0
01-30 15:41:35.269  1539  1539 I DynamiteModule: Selected local version of com.google.android.gms.providerinstaller.dynamite
01-30 15:41:35.312  1539  1539 V NativeCrypto: Registering com/google/android/gms/org/conscrypt/NativeCrypto's 329 native methods...
01-30 15:41:35.368  1539  1539 I ProviderInstaller: Installed default security provider GmsCore_OpenSSL
01-30 15:41:35.396  1539  1539 I GmsApplication: [gms_startup_benchmark] Static start time (ms): 692717388, Startup latency (ms): 398, Is system user: true
01-30 15:41:35.416  1539  1591 I Watchcat: Started
01-30 15:41:35.428  1539  1591 I GMS_MM_Logger: Start time: 254427
01-30 15:41:35.429  1539  1591 I GMS_MM_Logger: Started.
01-30 15:41:35.465  1539  1565 I DynamiteModule: Considering local module com.google.android.gms.googlecertificates:7 and remote module com.google.android.gms.googlecertificates:0
01-30 15:41:35.465  1539  1565 I DynamiteModule: Selected local version of com.google.android.gms.googlecertificates
01-30 15:41:35.513  1089  1189 D CompatibilityInfo: mCompatibilityFlags - 0
01-30 15:41:35.513  1089  1189 D CompatibilityInfo: applicationDensity - 320
01-30 15:41:35.513  1089  1189 D CompatibilityInfo: applicationScale - 1.0
01-30 15:41:35.545   297   297 I hwservicemanager: getTransport: Cannot find entry vendor.qti.hardware.servicetracker@1.0::IServicetracker/default in either framework or device manifest.
01-30 15:41:35.547  1089  3501 D CompatibilityInfo: mCompatibilityFlags - 0
01-30 15:41:35.548  1089  3501 D CompatibilityInfo: applicationDensity - 320
01-30 15:41:35.548  1089  3501 D CompatibilityInfo: applicationScale - 1.0
01-30 15:41:35.549   297   297 I hwservicemanager: getTransport: Cannot find entry vendor.qti.hardware.servicetracker@1.0::IServicetracker/default in either framework or device manifest.
01-30 15:41:35.557   297   297 I chatty  : uid=1000(system) hwservicemanage identical 1 line
01-30 15:41:35.560   297   297 I hwservicemanager: getTransport: Cannot find entry vendor.qti.hardware.servicetracker@1.0::IServicetracker/default in either framework or device manifest.
01-30 15:41:35.848  1727  1727 D QtiCarrierConfigHelper: WARNING, no carrier configs on phone Id: 0
01-30 15:41:35.850  1482  1482 D KeyguardUpdateMonitor: received broadcast android.intent.action.BATTERY_CHANGED
01-30 15:41:35.872  1482  1482 D KeyguardUpdateMonitor: handleBatteryUpdate
01-30 15:41:37.122   987  1142 E QMI_FW  : qmi_cci_get_ref: ref count increased 2
01-30 15:41:37.324  1727  1727 D QtiCarrierConfigHelper: WARNING, no carrier configs on phone Id: 0
01-30 15:41:37.327  1482  1482 D KeyguardUpdateMonitor: received broadcast android.intent.action.BATTERY_CHANGED
01-30 15:41:37.345  1482  1482 D KeyguardUpdateMonitor: handleBatteryUpdate
01-30 15:41:38.550  1619  1619 I chatty  : uid=1000(system) expire 25 lines
01-30 15:41:38.793  1727  1727 D QtiCarrierConfigHelper: WARNING, no carrier configs on phone Id: 0
01-30 15:41:38.795  1482  1482 D KeyguardUpdateMonitor: received broadcast android.intent.action.BATTERY_CHANGED
01-30 15:41:38.810  1619  1620 I chatty  : uid=1000(system) expire 1 line
01-30 15:41:38.811  1619  1619 I chatty  : uid=1000(system) expire 9 lines
01-30 15:41:38.811  1619  1619 D improveTouch: [DSPTouchProcessor:807] deInit: E
01-30 15:41:38.811  1619  1619 E improveTouch: [DSPTouchProcessor:823] deInit: invalid state (current = 0)
01-30 15:41:38.811  1619  1619 D improveTouch: [DSPTouchProcessor:827] deInit: X pa_utf_ret = 1, ret = 1073741835
01-30 15:41:38.812  1619  1619 E improveTouch: [TouchServer:83] delete event injector
01-30 15:41:38.812  1619  1619 E improveTouch: [TouchServer:87] delete config management
01-30 15:41:38.813  1619  1619 E improveTouch: [TouchServer:90] fail to start daemon
01-30 15:41:38.813  1619  1619 E improveTouch: [Main:169] fail to initiate touch server
01-30 15:41:38.815  1482  1482 D KeyguardUpdateMonitor: handleBatteryUpdate
01-30 15:41:40.001  1539  1567 I gle.android.gm: Waiting for a blocking GC ProfileSaver
01-30 15:41:40.195  1539  1567 I gle.android.gm: WaitForGcToComplete blocked ProfileSaver on ClassLinker for 193.395ms
01-30 15:41:40.208  1539  1558 I gle.android.gm: WaitForGcToComplete blocked RunEmptyCheckpoint on ProfileSaver for 13.030ms
01-30 15:41:40.304   295   295 E libprocessgroup: set_timerslack_ns write failed: No such process
01-30 15:41:40.307   295   295 E libprocessgroup: set_timerslack_ns write failed: No such process
01-30 15:41:40.310   295   295 I lowmemorykiller: Kill 'com.google.android.gms' (1539), uid 10127, oom_adj 905 to free 45832kB
01-30 15:41:40.473  1089  3501 I ActivityManager: Process com.google.android.gms (pid 1539) has died: cch+5 CEM 
01-30 15:41:40.474  1089  1196 I libprocessgroup: Successfully killed process cgroup uid 10127 pid 1539 in 0ms
01-30 15:41:40.474   396   396 I Zygote  : Process 1539 exited due to signal 9 (Killed)
01-30 15:41:40.477   297   297 I hwservicemanager: getTransport: Cannot find entry vendor.qti.hardware.servicetracker@1.0::IServicetracker/default in either framework or device manifest.
01-30 15:41:40.520  1577  1577 I AppBase : AppBase.onTrimMemory():786 onTrimMemory(): 15
01-30 15:41:40.521  1577  1577 I GoogleInputMethodService: GoogleInputMethodService.onTrimMemory():4569 onTrimMemory(): 15
01-30 15:41:40.736   297   297 I hwservicemanager: getTransport: Cannot find entry vendor.qti.hardware.servicetracker@1.0::IServicetracker/default in either framework or device manifest.
