01-30 15:46:38.506  1089  1641 D CompatibilityChangeReporter: Compat change id reported: 135634846; UID 10127; state: DISABLED
01-30 15:46:38.507  1089  1190 D CompatibilityChangeReporter: Compat change id reported: 143937733; UID 10127; state: ENABLED
01-30 15:46:38.549  1089  1190 I ActivityManager: Start proc 2675:com.google.android.gms/u0a127 for service {com.google.android.gms/com.google.android.gms.ads.identifier.service.AdvertisingIdService}
01-30 15:46:40.901  1089   382 I ActivityManager: Process com.google.android.gms (pid 2675) has died: fg  TRNB
01-30 15:46:40.925  1089   382 W ActivityManager: Scheduling restart of crashed service com.google.android.gms/.ads.identifier.service.AdvertisingIdService in 1000ms for connection
01-30 15:46:41.930  1089  1189 D CompatibilityChangeReporter: Compat change id reported: 135634846; UID 10127; state: DISABLED
01-30 15:46:41.931  1089  1190 D CompatibilityChangeReporter: Compat change id reported: 143937733; UID 10127; state: ENABLED
01-30 15:46:41.967  1089  1190 I ActivityManager: Start proc 2753:com.google.android.gms/u0a127 for service {com.google.android.gms/com.google.android.gms.ads.identifier.service.AdvertisingIdService}
01-30 15:46:44.805  1089  1641 I ActivityManager: Process com.google.android.gms (pid 2753) has died: cch+5 CEM 
01-30 15:47:37.541  1089  1178 W Looper  : Slow dispatch took 113ms android.ui h=com.android.server.am.ActivityManagerService$UiHandler c=null m=68
01-30 15:47:38.156  1089  1189 W BroadcastQueue: Background execution not allowed: receiving Intent { act=android.net.wifi.SCAN_RESULTS flg=0x4000010 (has extras) } to com.jio.myjio/.jionet.receiver.WifiScanReceiver
01-30 15:47:39.187  1089  2798 D CompatibilityChangeReporter: Compat change id reported: 135634846; UID 10127; state: DISABLED
01-30 15:47:39.188  1089  1190 D CompatibilityChangeReporter: Compat change id reported: 143937733; UID 10127; state: ENABLED
01-30 15:47:39.242  1089  1190 W ActivityManager: Slow operation: 56ms so far, now at startProcess: returned from zygote!
01-30 15:47:39.242  1089  1190 W ActivityManager: Slow operation: 57ms so far, now at startProcess: done updating battery stats
01-30 15:47:39.243  1089  1190 W ActivityManager: Slow operation: 57ms so far, now at startProcess: building log message
01-30 15:47:39.243  1089  1190 I ActivityManager: Start proc 2844:com.google.android.gms/u0a127 for service {com.google.android.gms/com.google.android.gms.ads.identifier.service.AdvertisingIdService}
01-30 15:47:39.243  1089  1190 W ActivityManager: Slow operation: 57ms so far, now at startProcess: starting to update pids map
01-30 15:47:39.243  1089  1190 W ActivityManager: Slow operation: 58ms so far, now at startProcess: done updating pids map
01-30 15:47:44.799  1089  2798 I ActivityManager: Process com.google.android.gms (pid 2844) has died: cch+5 CEM 
01-30 15:48:38.825  1089  1189 W BroadcastQueue: Background execution not allowed: receiving Intent { act=android.net.wifi.SCAN_RESULTS flg=0x4000010 (has extras) } to com.jio.myjio/.jionet.receiver.WifiScanReceiver
01-30 15:48:39.890  1089   382 D CompatibilityChangeReporter: Compat change id reported: 135634846; UID 10127; state: DISABLED
01-30 15:48:39.891  1089  1190 D CompatibilityChangeReporter: Compat change id reported: 143937733; UID 10127; state: ENABLED
01-30 15:48:39.928  1089  1190 I ActivityManager: Start proc 2947:com.google.android.gms/u0a127 for service {com.google.android.gms/com.google.android.gms.ads.identifier.service.AdvertisingIdService}
01-30 15:49:39.519  1089  1189 W BroadcastQueue: Background execution not allowed: receiving Intent { act=android.net.wifi.SCAN_RESULTS flg=0x4000010 (has extras) } to com.jio.myjio/.jionet.receiver.WifiScanReceiver
01-30 15:49:45.144  1089  1310 I ActivityManager: Process com.google.android.gms (pid 2947) has died: cch+5 CEM 
01-30 15:49:46.671  1089  3065 I ActivityManager: Low on memory:
01-30 15:49:46.671  1089  3065 I ActivityManager:   ntv   ??   33713: surfaceflinger (   23,468K memtrack) (pid 504) native
01-30 15:49:46.671  1089  3065 I ActivityManager:   ntv   ??   22349: zygote (pid 396) native
01-30 15:49:46.671  1089  3065 I ActivityManager:   ntv   ??   18279: android.hardware.camera.provider@2.4-service (pid 482) native
01-30 15:49:46.671  1089  3065 I ActivityManager:   ntv   ??   12103: mediaserver (pid 757) native
01-30 15:49:46.671  1089  3065 I ActivityManager:   ntv   ??   11268: android.hardware.audio.service (pid 480) native
01-30 15:49:46.671  1089  3065 I ActivityManager:   ntv   ??    7288: media.extractor (pid 744) native
01-30 15:49:46.671  1089  3065 I ActivityManager:   ntv   ??    6233: qcrild (pid 987) native
01-30 15:49:46.671  1089  3065 I ActivityManager:   ntv   ??    5755: audioserver (pid 502) native
01-30 15:49:46.671  1089  3065 I ActivityManager:   ntv   ??    4574: media.swcodec (pid 882) native
01-30 15:49:46.671  1089  3065 I ActivityManager:   ntv   ??    3533: cameraserver (pid 723) native
01-30 15:49:46.671  1089  3065 I ActivityManager:   ntv   ??    3188: netmgrd (pid 846) native
01-30 15:49:46.671  1089  3065 I ActivityManager:   ntv   ??    3028: init (pid 1) native
01-30 15:49:46.671  1089  3065 I ActivityManager:   ntv   ??    2914: android.hardware.graphics.composer@2.1-service (pid 484) native
01-30 15:49:46.671  1089  3065 I ActivityManager:   ntv   ??    2489: media.metrics (pid 752) native
01-30 15:49:46.671  1089  3065 I ActivityManager:   ntv   ??    2484: media.codec (pid 787) native
01-30 15:49:46.671  1089  3065 I ActivityManager:   ntv   ??    2303: android.hardware.gnss@2.1-service-qti (pid 483) native
01-30 15:49:46.671  1089  3065 I ActivityManager:   ntv   ??    2224: netd (pid 395) native
01-30 15:49:46.671  1089  3065 I ActivityManager:   ntv   ??    2124: cnd (pid 790) native
01-30 15:49:46.671  1089  3065 I ActivityManager:   ntv   ??    1986: vendor.qti.hardware.perf@2.2-service (pid 495) native
01-30 15:49:46.671  1089  3065 I ActivityManager:   ntv   ??    1944: ims_rtp_daemon (pid 1075) native
01-30 15:49:46.671  1089  3065 I ActivityManager:   ntv   ??    1862: imsdatadaemon (pid 939) native
01-30 15:49:46.671  1089  3065 I ActivityManager:   ntv   ??    1856: android.hardware.sensors@1.0-service (pid 491) native
01-30 15:49:46.671  1089  3065 I ActivityManager:   ntv   ??    1762: ueventd (pid 280) native
01-30 15:49:46.671  1089  3065 I ActivityManager:   ntv   ??    1729: imsrcsd (pid 1006) native
01-30 15:49:46.671  1089  3065 I ActivityManager:   ntv   ??    1627: logd (pid 294) native
01-30 15:49:46.671  1089  3065 I ActivityManager:   ntv   ??    1627: statsd (pid 394) native
01-30 15:49:46.671  1089  3065 I ActivityManager:   ntv   ??    1602: installd (pid 734) native
01-30 15:49:46.671  1089  3065 I ActivityManager:   ntv   ??    1540: android.hardware.bluetooth@1.0-service-qti-lazy (pid 3020) native
01-30 15:49:46.671  1089  3065 I ActivityManager:   ntv   ??    1525: lowi-server (pid 909) native
01-30 15:49:46.671  1089  3065 I ActivityManager:   ntv   ??    1484: vold (pid 331) native
01-30 15:49:46.671  1089  3065 I ActivityManager:   ntv   ??    1405: xtra-daemon (pid 910) native
01-30 15:49:46.671  1089  3065 I ActivityManager:   ntv   ??    1358: init (pid 277) native
01-30 15:49:46.671  1089  3065 I ActivityManager:   ntv   ??    1339: thermal-engine (pid 2036) native
01-30 15:49:46.671  1089  3065 I ActivityManager:   ntv   ??    1268: vendor.qti.hardware.display.allocator-service (pid 493) native
01-30 15:49:46.671  1089  3065 I ActivityManager:   ntv   ??    1213: storaged (pid 767) native
01-30 15:49:46.671  1089  3065 I ActivityManager:   ntv   ??    1161: qseecomd (pid 344) native
01-30 15:49:46.671  1089  3065 I ActivityManager:   ntv   ??    1158: wificond (pid 772) native
01-30 15:49:46.671  1089  3065 I ActivityManager:   ntv   ??    1132: sensors.qti (pid 522) native
01-30 15:49:46.671  1089  3065 I ActivityManager:   ntv   ??    1121: android.hardware.wifi@1.0-service (pid 492) native
01-30 15:49:46.671  1089  3065 I ActivityManager:   ntv   ??    1090: keystore (pid 737) native
01-30 15:49:46.671  1089  3065 I ActivityManager:   ntv   ??    1085: gpuservice (pid 503) native
01-30 15:49:46.671  1089  3065 I ActivityManager:   ntv   ??    1080: perfservice (pid 776) native
01-30 15:49:46.671  1089  3065 I ActivityManager:   ntv   ??    1080: qti (pid 1022) native
01-30 15:49:46.671  1089  3065 I ActivityManager:   ntv   ??    1039: adbd (pid 2087) native
01-30 15:49:46.671  1089  3065 I ActivityManager:   ntv   ??    1013: hwservicemanager (pid 297) native
01-30 15:49:46.671  1089  3065 I ActivityManager:   ntv   ??     971: gatekeeperd (pid 890) native
01-30 15:49:46.671  1089  3065 I ActivityManager:   ntv   ??     969: android.hardware.power-service (pid 490) native
01-30 15:49:46.671  1089  3065 I ActivityManager:   ntv   ??     962: drmserver (pid 724) native
01-30 15:49:46.671  1089  3065 I ActivityManager:   ntv   ??     955: imsqmidaemon (pid 805) native
01-30 15:49:46.671  1089  3065 I ActivityManager:   ntv   ??     930: servicemanager (pid 296) native
01-30 15:49:46.671  1089  3065 I ActivityManager:   ntv   ??     918: android.hardware.keymaster@4.1-service-qti (pid 306) native
01-30 15:49:46.671  1089  3065 I ActivityManager:   ntv   ??     904: android.hardware.health@2.1-service (pid 487) native
01-30 15:49:46.671  1089  3065 I ActivityManager:   ntv   ??     870: incidentd (pid 732) native
01-30 15:49:46.671  1089  3065 I ActivityManager:   ntv   ??     869: vendor.qti.hardware.vibrator.service (pid 496) native
01-30 15:49:46.671  1089  3065 I ActivityManager:   ntv   ??     864: pm-service (pid 501) native
01-30 15:49:46.671  1089  3065 I ActivityManager:   ntv   ??     847: android.hardware.lights-service.qti (pid 488) native
01-30 15:49:46.671  1089  3065 I ActivityManager:   ntv   ??     842: android.hardware.gatekeeper@1.0-service-qti (pid 358) native
01-30 15:49:46.671  1089  3065 I ActivityManager:   ntv   ??     842: adsprpcd (pid 869) native
01-30 15:49:46.671  1089  3065 I ActivityManager:   ntv   ??     838: android.system.suspend@1.0-service (pid 356) native
01-30 15:49:46.671  1089  3065 I ActivityManager:   ntv   ??     836: lmkd (pid 295) native
01-30 15:49:46.671  1089  3065 I ActivityManager:   ntv   ??     826: vendor.qti.hardware.qseecom@1.0-service (pid 309) native
01-30 15:49:46.671  1089  3065 I ActivityManager:   ntv   ??     818: port-bridge (pid 848) native
01-30 15:49:46.671  1089  3065 I ActivityManager:   ntv   ??     811: dspservice (pid 494) native
01-30 15:49:46.671  1089  3065 I ActivityManager:   ntv   ??     802: time_daemon (pid 389) native
01-30 15:49:46.671  1089  3065 I ActivityManager:   ntv   ??     789: loc_launcher (pid 886) native
01-30 15:49:46.671  1089  3065 I ActivityManager:   ntv   ??     784: vndservicemanager (pid 298) native
01-30 15:49:46.671  1089  3065 I ActivityManager:   ntv   ??     776: android.hardware.memtrack@1.0-service (pid 489) native
01-30 15:49:46.671  1089  3065 I ActivityManager:   ntv   ??     773: android.hardware.atrace@1.0-service (pid 357) native
01-30 15:49:46.671  1089  3065 I ActivityManager:   ntv   ??     773: pm-proxy (pid 617) native
01-30 15:49:46.671  1089  3065 I ActivityManager:   ntv   ??     769: rmt_storage (pid 506) native
01-30 15:49:46.671  1089  3065 I ActivityManager:   ntv   ??     736: wcnss_service (pid 719) native
01-30 15:49:46.671  1089  3065 I ActivityManager:   ntv   ??     663: tftp_server (pid 507) native
01-30 15:49:46.671  1089  3065 I ActivityManager:   ntv   ??     584: android.hidl.allocator@1.0-service (pid 481) native
01-30 15:49:46.671  1089  3065 I ActivityManager:   ntv   ??     582: qrtr-ns (pid 618) native
01-30 15:49:46.671  1089  3065 I ActivityManager:   ntv   ??     576: traced (pid 626) native
01-30 15:49:46.671  1089  3065 I ActivityManager:   ntv   ??    2659: (Other native)
01-30 15:49:46.671  1089  3065 I ActivityManager:   sys    PER    77249: system (    2,736K memtrack) (pid 1089) fixed
01-30 15:49:46.671  1089  3065 I ActivityManager:   pers   BFGS   55027: com.android.systemui (   14,912K memtrack) (pid 1482) pers-top-ui
01-30 15:49:46.671  1089  3065 I ActivityManager:   pers   PER    13081: com.android.phone (pid 1748) fixed
01-30 15:49:46.671  1089  3065 I ActivityManager:   pers   PER    12418: com.redbend.client (pid 2255) fixed
01-30 15:49:46.671  1089  3065 I ActivityManager:   pers   PER    10491: com.jio.adc.embedded (pid 2275) fixed
01-30 15:49:46.671  1089  3065 I ActivityManager:   pers   PER    10457: com.qualcomm.location (pid 2263) fixed
01-30 15:49:46.671  1089  3065 I ActivityManager:   pers   PER     5693: org.codeaurora.ims (pid 1727) fixed
01-30 15:49:46.671  1089  3065 I ActivityManager:   pers   PER     5335: .qtidataservices (pid 1680) fixed
01-30 15:49:46.671  1089  3065 I ActivityManager:   pers   PER     4587: com.qualcomm.qti.telephonyservice (pid 1705) fixed
01-30 15:49:46.671  1089  3065 I ActivityManager:   pers   PER     4452: .dataservices (pid 1632) fixed
01-30 15:49:46.671  1089  3065 I ActivityManager:   psvc   PER     8281: com.android.bluetooth (pid 811) service
01-30 15:49:46.671  1089  3065 I ActivityManager:                        com.android.bluetooth/.gatt.GattService<=Proc{1089:system/1000}
01-30 15:49:46.671  1089  3065 I ActivityManager:   psvc   PER     7981: com.android.providers.media.module (pid 2212) service
01-30 15:49:46.671  1089  3065 I ActivityManager:                        com.android.providers.media.module/com.android.providers.media.fuse.ExternalStorageServiceImpl<=Proc{1089:system/1000}
01-30 15:49:46.671  1089  3065 I ActivityManager:   fg     BFGS   19452: com.android.launcher3 (    1,320K memtrack) (pid 2132) service
01-30 15:49:46.671  1089  3065 I ActivityManager:                        com.android.launcher3/com.android.quickstep.TouchInteractionService<=Proc{1482:com.android.systemui/u0a154}
01-30 15:49:46.671  1089  3065 I ActivityManager:   vis    BFGS   53384: com.google.android.gms.persistent (pid 2670) service
01-30 15:49:46.671  1089  3065 I ActivityManager:                        com.google.android.gms/.chimera.PersistentBoundBrokerService<=Proc{1089:system/1000}
01-30 15:49:46.671  1089  3065 I ActivityManager:   vis    BFGS   21498: com.android.systemui:screenshot (    4,372K memtrack) (pid 3492) service
01-30 15:49:46.671  1089  3065 I ActivityManager:                        com.android.systemui/.screenshot.TakeScreenshotService<=Proc{1089:system/1000}
01-30 15:49:46.671  1089  3065 I ActivityManager:   vis    BFGS    5170: com.google.android.ext.services (pid 1790) service
01-30 15:49:46.671  1089  3065 I ActivityManager:                        com.google.android.ext.services/android.ext.services.notification.Assistant<=Proc{1089:system/1000}
01-30 15:49:46.671  1089  3065 I ActivityManager:   vis    IMPF    4454: com.qualcomm.qcrilmsgtunnel (pid 2499) service
01-30 15:49:46.671  1089  3065 I ActivityManager:                        com.qualcomm.qcrilmsgtunnel/.QcrilMsgTunnelService<=Proc{1748:com.android.phone/1001}
01-30 15:49:46.671  1089  3065 I ActivityManager:   prcp   IMPB   20178: com.google.android.inputmethod.latin (pid 1577) service
01-30 15:49:46.671  1089  3065 I ActivityManager:                        com.google.android.inputmethod.latin/com.android.inputmethod.latin.LatinIME<=Proc{1089:system/1000}
01-30 15:49:46.671  1089  3065 I ActivityManager:   prcl   TRNB   23005: com.jio.myjio (pid 1754) service
01-30 15:49:46.671  1089  3065 I ActivityManager:                        com.jio.myjio/com.madme.mobile.sdk.service.LSJobService2<=Proc{1089:system/1000}
01-30 15:49:46.671  1089  3065 I ActivityManager:   svc    SVC     9486: com.qti.diagservices (pid 2530) started-services
01-30 15:49:46.671  1089  3065 I ActivityManager:             582752: TOTAL (   46,808K memtrack)
01-30 15:49:46.671  1089  3065 I ActivityManager:   MemInfo:   104,088K slab,     6,568K shmem,    16,576K vm alloc,    21,864K page tables    14,920K kernel stack
01-30 15:49:46.671  1089  3065 I ActivityManager:                  816K buffers,   107,464K cached,    79,228K mapped,    39,568K free
01-30 15:49:46.671  1089  3065 I ActivityManager:   ZRAM:   100,536K RAM,   786,428K swap total,   464,652K swap free
01-30 15:49:46.671  1089  3065 I ActivityManager:   Free RAM:    99,784K
01-30 15:49:46.671  1089  3065 I ActivityManager:        ION:    72,868K
01-30 15:49:46.671  1089  3065 I ActivityManager:   Used RAM:   788,476K
01-30 15:49:46.671  1089  3065 I ActivityManager:   Lost RAM:   179,234K
01-30 15:49:46.853  1089  3065 I DropBoxManagerService: add tag=system_server_lowmem isTagEnabled=true flags=0x2
01-30 15:49:46.881  1089  1189 W BroadcastQueue: Background execution not allowed: receiving Intent { act=android.intent.action.DROPBOX_ENTRY_ADDED flg=0x10 (has extras) } to com.google.android.gms/.stats.service.DropBoxEntryAddedReceiver
01-30 15:50:40.117  1089  1189 W BroadcastQueue: Background execution not allowed: receiving Intent { act=android.net.wifi.SCAN_RESULTS flg=0x4000010 (has extras) } to com.jio.myjio/.jionet.receiver.WifiScanReceiver
01-30 15:50:41.172  1089  3897 D CompatibilityChangeReporter: Compat change id reported: 135634846; UID 10127; state: DISABLED
01-30 15:50:41.173  1089  1190 D CompatibilityChangeReporter: Compat change id reported: 143937733; UID 10127; state: ENABLED
01-30 15:50:41.220  1089  1190 I ActivityManager: Start proc 3119:com.google.android.gms/u0a127 for service {com.google.android.gms/com.google.android.gms.ads.identifier.service.AdvertisingIdService}
01-30 15:50:42.631  1089  3897 I ActivityManager: Process com.google.android.gms (pid 3119) has died: fg  TRNB
01-30 15:50:42.635  1089  3897 W ActivityManager: Scheduling restart of crashed service com.google.android.gms/.ads.identifier.service.AdvertisingIdService in 1000ms for connection
01-30 15:50:43.645  1089  1189 D CompatibilityChangeReporter: Compat change id reported: 135634846; UID 10127; state: DISABLED
01-30 15:50:43.645  1089  1190 D CompatibilityChangeReporter: Compat change id reported: 143937733; UID 10127; state: ENABLED
01-30 15:50:43.682  1089  1190 I ActivityManager: Start proc 3180:com.google.android.gms/u0a127 for service {com.google.android.gms/com.google.android.gms.ads.identifier.service.AdvertisingIdService}
01-30 15:50:45.272  1089   382 I ActivityManager: Process com.google.android.gms (pid 3180) has died: cch+5 CEM 
01-30 15:51:40.286  1089  1178 W Looper  : Slow dispatch took 177ms android.ui h=com.android.server.am.ActivityManagerService$UiHandler c=null m=68
01-30 15:51:40.871  1089  1189 W BroadcastQueue: Background execution not allowed: receiving Intent { act=android.net.wifi.SCAN_RESULTS flg=0x4000010 (has extras) } to com.jio.myjio/.jionet.receiver.WifiScanReceiver
01-30 15:51:41.927  1089  3501 D CompatibilityChangeReporter: Compat change id reported: 135634846; UID 10127; state: DISABLED
01-30 15:51:41.927  1089  1190 D CompatibilityChangeReporter: Compat change id reported: 143937733; UID 10127; state: ENABLED
01-30 15:51:41.961  1089  1190 I ActivityManager: Start proc 3301:com.google.android.gms/u0a127 for service {com.google.android.gms/com.google.android.gms.ads.identifier.service.AdvertisingIdService}
01-30 15:51:45.317  1089  3501 I ActivityManager: Process com.google.android.gms (pid 3301) has died: cch+5 CEM 
--------- beginning of main
01-30 15:52:03.774  1482  1497 I ndroid.systemu: Background concurrent copying GC freed 5703(341KB) AllocSpace objects, 0(0B) LOS objects, 74% free, 6318KB/24MB, paused 166us total 191.975ms
01-30 15:52:04.965  3364  3364 I chatty  : uid=1000(system) expire 35 lines
01-30 15:52:05.217  3364  3365 I chatty  : uid=1000(system) expire 1 line
01-30 15:52:05.219  3364  3364 E improveTouch: [DSPTouchProcessor:823] deInit: invalid state (current = 0)
01-30 15:52:05.219  3364  3364 D improveTouch: [DSPTouchProcessor:827] deInit: X pa_utf_ret = 1, ret = 1073741835
01-30 15:52:05.219  3364  3364 E improveTouch: [TouchServer:83] delete event injector
01-30 15:52:05.219  3364  3364 E improveTouch: [TouchServer:87] delete config management
01-30 15:52:05.220  3364  3364 E improveTouch: [TouchServer:90] fail to start daemon
01-30 15:52:05.220  3364  3364 E improveTouch: [Main:169] fail to initiate touch server
01-30 15:52:05.597   987  1142 E QMI_FW  : qmi_cci_get_ref: ref count increased 2
01-30 15:52:09.439   987  1142 E QMI_FW  : qmi_cci_get_ref: ref count increased 2
01-30 15:52:09.971  3369  3369 I chatty  : uid=1000(system) expire 35 lines
01-30 15:52:10.229  3369  3370 I chatty  : uid=1000(system) expire 1 line
01-30 15:52:10.230  3369  3369 E improveTouch: [DSPTouchProcessor:823] deInit: invalid state (current = 0)
01-30 15:52:10.230  3369  3369 D improveTouch: [DSPTouchProcessor:827] deInit: X pa_utf_ret = 1, ret = 1073741835
01-30 15:52:10.230  3369  3369 E improveTouch: [TouchServer:83] delete event injector
01-30 15:52:10.231  3369  3369 E improveTouch: [TouchServer:87] delete config management
01-30 15:52:10.232  3369  3369 E improveTouch: [TouchServer:90] fail to start daemon
01-30 15:52:10.232  3369  3369 E improveTouch: [Main:169] fail to initiate touch server
01-30 15:52:10.369  1727  1727 D QtiCarrierConfigHelper: WARNING, no carrier configs on phone Id: 0
01-30 15:52:10.372  1482  1482 D KeyguardUpdateMonitor: received broadcast android.intent.action.BATTERY_CHANGED
01-30 15:52:10.392  1482  1482 D KeyguardUpdateMonitor: handleBatteryUpdate
01-30 15:52:11.849  1727  1727 D QtiCarrierConfigHelper: WARNING, no carrier configs on phone Id: 0
01-30 15:52:11.852  1482  1482 D KeyguardUpdateMonitor: received broadcast android.intent.action.BATTERY_CHANGED
01-30 15:52:11.871  1482  1482 D KeyguardUpdateMonitor: handleBatteryUpdate
01-30 15:52:13.275   987  1142 E QMI_FW  : qmi_cci_get_ref: ref count increased 2
01-30 15:52:14.985  3375  3375 I chatty  : uid=1000(system) expire 35 lines
01-30 15:52:15.248  3375  3377 I chatty  : uid=1000(system) expire 1 line
01-30 15:52:15.249  3375  3375 E improveTouch: [DSPTouchProcessor:823] deInit: invalid state (current = 0)
01-30 15:52:15.249  3375  3375 D improveTouch: [DSPTouchProcessor:827] deInit: X pa_utf_ret = 1, ret = 1073741835
01-30 15:52:15.250  3375  3375 E improveTouch: [TouchServer:83] delete event injector
01-30 15:52:15.250  3375  3375 E improveTouch: [TouchServer:87] delete config management
01-30 15:52:15.251  3375  3375 E improveTouch: [TouchServer:90] fail to start daemon
01-30 15:52:15.251  3375  3375 E improveTouch: [Main:169] fail to initiate touch server
01-30 15:52:17.119   987  1142 E QMI_FW  : qmi_cci_get_ref: ref count increased 2
01-30 15:52:19.993  3378  3378 I chatty  : uid=1000(system) /vendor/bin/hw/wpa_supplicant expire 35 lines
01-30 15:52:20.247  3378  3383 I chatty  : uid=1000(system) /vendor/bin/hw/wpa_supplicant expire 1 line
01-30 15:52:20.248  3378  3378 E improveTouch: [DSPTouchProcessor:823] deInit: invalid state (current = 0)
01-30 15:52:20.248  3378  3378 D improveTouch: [DSPTouchProcessor:827] deInit: X pa_utf_ret = 1, ret = 1073741835
01-30 15:52:20.249  3378  3378 E improveTouch: [TouchServer:83] delete event injector
01-30 15:52:20.249  3378  3378 E improveTouch: [TouchServer:87] delete config management
01-30 15:52:20.250  3378  3378 E improveTouch: [TouchServer:90] fail to start daemon
01-30 15:52:20.250  3378  3378 E improveTouch: [Main:169] fail to initiate touch server
01-30 15:52:25.008  3385  3385 I chatty  : uid=1000(system) android.process.media expire 35 lines
01-30 15:52:25.264  3385  3386 I chatty  : uid=1000(system) android.process.media expire 1 line
01-30 15:52:25.266  3385  3385 E improveTouch: [DSPTouchProcessor:823] deInit: invalid state (current = 0)
01-30 15:52:25.266  3385  3385 D improveTouch: [DSPTouchProcessor:827] deInit: X pa_utf_ret = 1, ret = 1073741835
01-30 15:52:25.266  3385  3385 E improveTouch: [TouchServer:83] delete event injector
01-30 15:52:25.266  3385  3385 E improveTouch: [TouchServer:87] delete config management
01-30 15:52:25.267  3385  3385 E improveTouch: [TouchServer:90] fail to start daemon
01-30 15:52:25.267  3385  3385 E improveTouch: [Main:169] fail to initiate touch server
01-30 15:52:29.435  1754  1754 W JobInfo : Requested backoff +5s0ms for job 1001 is too small; raising to +10s0ms
01-30 15:52:29.442  1089  3501 I chatty  : uid=1000(system) Binder:1089_20 expire 8 lines
01-30 15:52:30.022  3387  3387 I chatty  : uid=1000(system) expire 35 lines
01-30 15:52:30.282  3387  3388 I chatty  : uid=1000(system) expire 1 line
01-30 15:52:30.283  3387  3387 E improveTouch: [DSPTouchProcessor:823] deInit: invalid state (current = 0)
01-30 15:52:30.284  3387  3387 D improveTouch: [DSPTouchProcessor:827] deInit: X pa_utf_ret = 1, ret = 1073741835
01-30 15:52:30.284  3387  3387 E improveTouch: [TouchServer:83] delete event injector
01-30 15:52:30.284  3387  3387 E improveTouch: [TouchServer:87] delete config management
01-30 15:52:30.285  3387  3387 E improveTouch: [TouchServer:90] fail to start daemon
01-30 15:52:30.285  3387  3387 E improveTouch: [Main:169] fail to initiate touch server
01-30 15:52:32.480   987  1142 E QMI_FW  : qmi_cci_get_ref: ref count increased 2
01-30 15:52:35.030  3391  3391 I chatty  : uid=1000(system) expire 35 lines
01-30 15:52:35.283  3391  3392 I chatty  : uid=1000(system) expire 1 line
01-30 15:52:35.284  3391  3391 E improveTouch: [DSPTouchProcessor:823] deInit: invalid state (current = 0)
01-30 15:52:35.284  3391  3391 D improveTouch: [DSPTouchProcessor:827] deInit: X pa_utf_ret = 1, ret = 1073741835
01-30 15:52:35.284  3391  3391 E improveTouch: [TouchServer:83] delete event injector
01-30 15:52:35.284  3391  3391 E improveTouch: [TouchServer:87] delete config management
01-30 15:52:35.285  3391  3391 E improveTouch: [TouchServer:90] fail to start daemon
01-30 15:52:35.285  3391  3391 E improveTouch: [Main:169] fail to initiate touch server
01-30 15:52:35.447  1727  1727 D QtiCarrierConfigHelper: WARNING, no carrier configs on phone Id: 0
01-30 15:52:35.469  1482  1482 D KeyguardUpdateMonitor: received broadcast android.intent.action.BATTERY_CHANGED
01-30 15:52:35.486  1482  1482 D KeyguardUpdateMonitor: handleBatteryUpdate
01-30 15:52:36.922  1727  1727 D QtiCarrierConfigHelper: WARNING, no carrier configs on phone Id: 0
01-30 15:52:36.925  1482  1482 D KeyguardUpdateMonitor: received broadcast android.intent.action.BATTERY_CHANGED
01-30 15:52:36.943  1482  1482 D KeyguardUpdateMonitor: handleBatteryUpdate
01-30 15:52:40.044  3393  3393 I chatty  : uid=1000(system) expire 35 lines
01-30 15:52:40.302  3393  3394 I chatty  : uid=1000(system) expire 1 line
01-30 15:52:40.304  3393  3393 E improveTouch: [DSPTouchProcessor:823] deInit: invalid state (current = 0)
01-30 15:52:40.304  3393  3393 D improveTouch: [DSPTouchProcessor:827] deInit: X pa_utf_ret = 1, ret = 1073741835
01-30 15:52:40.304  3393  3393 E improveTouch: [TouchServer:83] delete event injector
01-30 15:52:40.304  3393  3393 E improveTouch: [TouchServer:87] delete config management
01-30 15:52:40.305  3393  3393 E improveTouch: [TouchServer:90] fail to start daemon
01-30 15:52:40.305  3393  3393 E improveTouch: [Main:169] fail to initiate touch server
01-30 15:52:40.836  1482  1482 D KeyguardUpdateMonitor: received broadcast android.intent.action.TIME_TICK
01-30 15:52:40.840  1482  1482 D KeyguardUpdateMonitor: handleTimeUpdate
01-30 15:52:40.842  1482  1482 D KeyguardClockSwitch: Updating clock: 352
01-30 15:52:40.853  2670  2891 W Settings: Setting airplane_mode_on has moved from android.provider.Settings.System to android.provider.Settings.Global, returning read-only value.
01-30 15:52:40.855  2670  2891 W Settings: Setting airplane_mode_on has moved from android.provider.Settings.System to android.provider.Settings.Global, returning read-only value.
01-30 15:52:40.875   987  1059 E QMI_FW  : qmi_cci_get_ref: ref count increased 2
01-30 15:52:40.878   987  1059 I chatty  : uid=1001(radio) DispatcherModul identical 6 lines
01-30 15:52:40.879   987  1059 E QMI_FW  : qmi_cci_get_ref: ref count increased 2
01-30 15:52:40.879  1089  1401 I chatty  : uid=1000(system) WifiScanningSer expire 2 lines
01-30 15:52:40.881   909  3596 I chatty  : uid=1021(gps) lowi-server expire 63 lines
01-30 15:52:40.882   492  3676 V WifiHAL : event received NL80211_CMD_TRIGGER_SCAN
01-30 15:52:40.883   987  1059 E QMI_FW  : qmi_cci_get_ref: ref count increased 2
01-30 15:52:40.894   987  1059 E QMI_FW  : qmi_cci_get_ref: ref count increased 2
01-30 15:52:41.344  1727  1727 D QtiCarrierConfigHelper: WARNING, no carrier configs on phone Id: 0
01-30 15:52:41.346  1482  1482 D KeyguardUpdateMonitor: received broadcast android.intent.action.BATTERY_CHANGED
01-30 15:52:41.365  1482  1482 D KeyguardUpdateMonitor: handleBatteryUpdate
01-30 15:52:41.511   492  3676 V WifiHAL : event received NL80211_CMD_NEW_SCAN_RESULTS
01-30 15:52:41.522   909   961 I chatty  : uid=1021(gps) lowi-server expire 1 line
01-30 15:52:41.522   909   961 D LOWI-9.0.0.79: [LOWIBackgroundScanMgr] isRspForBgScanMgr: evt(LOWI_NO_EVT) - not handled
01-30 15:52:41.522   909   961 D LOWI-9.0.0.79: [LOWIScheduler] manageMsg: NULL results or NULL request in results
01-30 15:52:41.522   909   961 D LOWI-9.0.0.79: [LOWIController] Measurements received
01-30 15:52:41.522   909   961 D LOWI-9.0.0.79: [LOWICacheManager] putInCache:Num of Meas to add: 6
01-30 15:52:41.522   909  3596 D LOWI-9.0.0.79: [LOWI-Scan] WipsScanUsingNL:wait -1 sec for netlink message
01-30 15:52:41.524   909   961 D LOWI-9.0.0.79: [LOWIController] processMeasurementResults: No current Request. Cache measurements
01-30 15:52:41.524   909   961 D LOWI-9.0.0.79: [LOWIControllerExtn] sendLOWILpDiscoveryScanResponse: Not a discovery scan response
01-30 15:52:41.535  1089  1189 W BroadcastQueue: Background execution not allowed: receiving Intent { act=android.net.wifi.SCAN_RESULTS flg=0x4000010 (has extras) } to com.jio.myjio/.jionet.receiver.WifiScanReceiver
01-30 15:52:41.545  2670  2349 I FrewleTileCacheManagerV: Fetched 4 AP models from cache [CONTEXT service_id=6 ]
01-30 15:52:41.600   483   565 I LocSvc_api_v02: ---> locClientSendReq line 2409 QMI_LOC_INJECT_POSITION_REQ_V02
01-30 15:52:41.600   483   565 E QMI_FW  : qmi_cci_get_ref: ref count increased 2
01-30 15:52:41.603   483   951 E QMI_FW  : qmi_cci_get_ref: ref count increased 3
01-30 15:52:41.603   483   951 I LocSvc_ApiV02: <--- globalRespCb line 221 QMI_LOC_INJECT_POSITION_REQ_V02
01-30 15:52:42.587  1089  1641 D CompatibilityChangeReporter: Compat change id reported: 135634846; UID 10127; state: DISABLED
01-30 15:52:42.588  1089  1190 D CompatibilityChangeReporter: Compat change id reported: 143937733; UID 10127; state: ENABLED
01-30 15:52:42.618   396   396 D Zygote  : Forked child process 3399
01-30 15:52:42.626  1089  1190 I ActivityManager: Start proc 3399:com.google.android.gms/u0a127 for service {com.google.android.gms/com.google.android.gms.ads.identifier.service.AdvertisingIdService}
01-30 15:52:42.637  3399  3399 I Zygote  : seccomp disabled by setenforce 0
01-30 15:52:42.667  2087  2114 I adbd    : jdwp connection from 3399
01-30 15:52:42.687  1089  1641 I chatty  : uid=1000(system) Binder:1089_19 expire 12 lines
01-30 15:52:42.772  3399  3399 W gle.android.gm: JIT profile information will not be recorded: profile file does not exist.
01-30 15:52:42.772  3399  3399 W gle.android.gm: JIT profile information will not be recorded: profile file does not exist.
01-30 15:52:42.789  3399  3399 I Perf    : Connecting to perf service.
01-30 15:52:42.806  3399  3399 D NetworkSecurityConfig: Using Network Security Config from resource network_security_config debugBuild: false
01-30 15:52:42.810  3399  3399 D NetworkSecurityConfig: Using Network Security Config from resource network_security_config debugBuild: false
01-30 15:52:43.040  3399  3399 W ProviderHelper: Unknown dynamite feature providerinstaller.dynamite
01-30 15:52:43.041  3399  3399 I DynamiteModule: Considering local module com.google.android.gms.providerinstaller.dynamite:1 and remote module com.google.android.gms.providerinstaller.dynamite:0
01-30 15:52:43.041  3399  3399 I DynamiteModule: Selected local version of com.google.android.gms.providerinstaller.dynamite
01-30 15:52:43.065  3399  3399 V NativeCrypto: Registering com/google/android/gms/org/conscrypt/NativeCrypto's 329 native methods...
01-30 15:52:43.115  3399  3399 I ProviderInstaller: Installed default security provider GmsCore_OpenSSL
01-30 15:52:43.137  3399  3399 I GmsApplication: [gms_startup_benchmark] Static start time (ms): 693385205, Startup latency (ms): 323, Is system user: true
01-30 15:52:43.153  3399  3434 I Watchcat: Started
01-30 15:52:43.164  3399  3434 I GMS_MM_Logger: Start time: 88021
01-30 15:52:43.165  3399  3434 I GMS_MM_Logger: Started.
01-30 15:52:43.204  3399  3420 I DynamiteModule: Considering local module com.google.android.gms.googlecertificates:7 and remote module com.google.android.gms.googlecertificates:0
01-30 15:52:43.204  3399  3420 I DynamiteModule: Selected local version of com.google.android.gms.googlecertificates
01-30 15:52:43.242   297   297 I chatty  : uid=1000(system) hwservicemanage expire 10 lines
01-30 15:52:43.995   987  1142 E QMI_FW  : qmi_cci_get_ref: ref count increased 2
01-30 15:52:44.297  1727  1727 D QtiCarrierConfigHelper: WARNING, no carrier configs on phone Id: 0
01-30 15:52:44.299  1482  1482 D KeyguardUpdateMonitor: received broadcast android.intent.action.BATTERY_CHANGED
01-30 15:52:44.318  1482  1482 D KeyguardUpdateMonitor: handleBatteryUpdate
01-30 15:52:45.054  3445  3445 I chatty  : uid=1000(system) expire 35 lines
01-30 15:52:45.309  3445  3446 I chatty  : uid=1000(system) expire 1 line
01-30 15:52:45.310  3445  3445 E improveTouch: [DSPTouchProcessor:823] deInit: invalid state (current = 0)
01-30 15:52:45.310  3445  3445 D improveTouch: [DSPTouchProcessor:827] deInit: X pa_utf_ret = 1, ret = 1073741835
01-30 15:52:45.310  3445  3445 E improveTouch: [TouchServer:83] delete event injector
01-30 15:52:45.310  3445  3445 E improveTouch: [TouchServer:87] delete config management
01-30 15:52:45.311  3445  3445 E improveTouch: [TouchServer:90] fail to start daemon
01-30 15:52:45.311  3445  3445 E improveTouch: [Main:169] fail to initiate touch server
01-30 15:52:47.791  3399  3421 I gle.android.gm: Waiting for a blocking GC ProfileSaver
01-30 15:52:47.837   987  1142 E QMI_FW  : qmi_cci_get_ref: ref count increased 2
01-30 15:52:48.004  3399  3421 I gle.android.gm: WaitForGcToComplete blocked ProfileSaver on RunEmptyCheckpoint for 212.173ms
01-30 15:52:50.066  3447  3447 I chatty  : uid=1000(system) expire 34 lines
01-30 15:52:50.330  3447  3448 I chatty  : uid=1000(system) expire 1 line
01-30 15:52:50.331  3447  3447 D improveTouch: [DSPTouchProcessor:807] deInit: E
01-30 15:52:50.331  3447  3447 E improveTouch: [DSPTouchProcessor:823] deInit: invalid state (current = 0)
01-30 15:52:50.331  3447  3447 D improveTouch: [DSPTouchProcessor:827] deInit: X pa_utf_ret = 1, ret = 1073741835
01-30 15:52:50.331  3447  3447 E improveTouch: [TouchServer:83] delete event injector
01-30 15:52:50.331  3447  3447 E improveTouch: [TouchServer:87] delete config management
01-30 15:52:50.332  3447  3447 E improveTouch: [TouchServer:90] fail to start daemon
01-30 15:52:50.333  3447  3447 E improveTouch: [Main:169] fail to initiate touch server
01-30 15:52:50.665     0     0 I swapper/0: type=1400 audit(0.0:14212): avc: denied { kill } for capability=5 scontext=u:r:kernel:s0 tcontext=u:r:kernel:s0 tclass=capability permissive=1
01-30 15:52:55.073  3450  3450 I chatty  : uid=1000(system) android.process.media expire 36 lines
01-30 15:52:55.333  3450  3451 I chatty  : uid=1000(system) android.process.media expire 1 line
01-30 15:52:55.335  3450  3450 D improveTouch: [DSPTouchProcessor:827] deInit: X pa_utf_ret = 1, ret = 1073741835
01-30 15:52:55.335  3450  3450 E improveTouch: [TouchServer:83] delete event injector
01-30 15:52:55.335  3450  3450 E improveTouch: [TouchServer:87] delete config management
01-30 15:52:55.336  3450  3450 E improveTouch: [TouchServer:90] fail to start daemon
01-30 15:52:55.336  3450  3450 E improveTouch: [Main:169] fail to initiate touch server
01-30 15:52:55.519   987  1142 E QMI_FW  : qmi_cci_get_ref: ref count increased 2
01-30 15:52:56.136  2263  2284 I alcomm.locatio: Background concurrent copying GC freed 23(48KB) AllocSpace objects, 0(0B) LOS objects, 91% free, 1781KB/19MB, paused 117us total 234.692ms
01-30 15:53:00.085  3452  3452 I chatty  : uid=1000(system) expire 35 lines
01-30 15:53:00.343  3452  3453 I chatty  : uid=1000(system) expire 1 line
01-30 15:53:00.344  3452  3452 E improveTouch: [DSPTouchProcessor:823] deInit: invalid state (current = 0)
01-30 15:53:00.344  3452  3452 D improveTouch: [DSPTouchProcessor:827] deInit: X pa_utf_ret = 1, ret = 1073741835
01-30 15:53:00.345  3452  3452 E improveTouch: [TouchServer:83] delete event injector
01-30 15:53:00.345  3452  3452 E improveTouch: [TouchServer:87] delete config management
01-30 15:53:00.346  3452  3452 E improveTouch: [TouchServer:90] fail to start daemon
01-30 15:53:00.346  3452  3452 E improveTouch: [Main:169] fail to initiate touch server
01-30 15:53:00.514  1727  1727 D QtiCarrierConfigHelper: WARNING, no carrier configs on phone Id: 0
01-30 15:53:00.516  1482  1482 D KeyguardUpdateMonitor: received broadcast android.intent.action.BATTERY_CHANGED
01-30 15:53:00.536  1482  1482 D KeyguardUpdateMonitor: handleBatteryUpdate
01-30 15:53:01.987  1727  1727 D QtiCarrierConfigHelper: WARNING, no carrier configs on phone Id: 0
01-30 15:53:01.989  1482  1482 D KeyguardUpdateMonitor: received broadcast android.intent.action.BATTERY_CHANGED
01-30 15:53:02.008  1482  1482 D KeyguardUpdateMonitor: handleBatteryUpdate
01-30 15:53:03.199   987  1142 E QMI_FW  : qmi_cci_get_ref: ref count increased 2
01-30 15:53:05.093  3455  3455 I chatty  : uid=1000(system) expire 36 lines
01-30 15:53:05.352  3455  3456 I chatty  : uid=1000(system) expire 1 line
01-30 15:53:05.354  3455  3455 D improveTouch: [DSPTouchProcessor:827] deInit: X pa_utf_ret = 1, ret = 1073741835
01-30 15:53:05.354  3455  3455 E improveTouch: [TouchServer:83] delete event injector
01-30 15:53:05.354  3455  3455 E improveTouch: [TouchServer:87] delete config management
01-30 15:53:05.355  3455  3455 E improveTouch: [TouchServer:90] fail to start daemon
01-30 15:53:05.355  3455  3455 E improveTouch: [Main:169] fail to initiate touch server
01-30 15:53:07.032   987  1142 E QMI_FW  : qmi_cci_get_ref: ref count increased 2
01-30 15:53:07.159  2275  2300 I io.adc.embedde: Background concurrent copying GC freed 41(64KB) AllocSpace objects, 0(0B) LOS objects, 88% free, 2485KB/20MB, paused 135us total 162.874ms
01-30 15:53:07.211   295   295 I lowmemorykiller: Kill 'com.google.android.gms' (3399), uid 10127, oom_adj 905 to free 50876kB
01-30 15:53:07.362   396   396 I Zygote  : Process 3399 exited due to signal 9 (Killed)
01-30 15:53:07.362  1089  1310 I ActivityManager: Process com.google.android.gms (pid 3399) has died: cch+5 CEM 
01-30 15:53:07.391  1577  1577 I AppBase : AppBase.onTrimMemory():786 onTrimMemory(): 15
01-30 15:53:07.391  1577  1577 I GoogleInputMethodService: GoogleInputMethodService.onTrimMemory():4569 onTrimMemory(): 15
01-30 15:53:10.109  3457  3457 I chatty  : uid=1000(system) expire 34 lines
01-30 15:53:10.369  3457  3458 I chatty  : uid=1000(system) expire 1 line
01-30 15:53:10.370  3457  3457 D improveTouch: [DSPTouchProcessor:807] deInit: E
01-30 15:53:10.370  3457  3457 E improveTouch: [DSPTouchProcessor:823] deInit: invalid state (current = 0)
01-30 15:53:10.370  3457  3457 D improveTouch: [DSPTouchProcessor:827] deInit: X pa_utf_ret = 1, ret = 1073741835
01-30 15:53:10.370  3457  3457 E improveTouch: [TouchServer:83] delete event injector
01-30 15:53:10.371  3457  3457 E improveTouch: [TouchServer:87] delete config management
01-30 15:53:10.372  3457  3457 E improveTouch: [TouchServer:90] fail to start daemon
01-30 15:53:10.372  3457  3457 E improveTouch: [Main:169] fail to initiate touch server
01-30 15:53:10.879   987  1142 E QMI_FW  : qmi_cci_get_ref: ref count increased 2
01-30 15:53:14.715   987  1142 E QMI_FW  : qmi_cci_get_ref: ref count increased 2
01-30 15:53:15.122  3460  3460 I chatty  : uid=1000(system) expire 34 lines
01-30 15:53:15.252  1727  1727 D QtiCarrierConfigHelper: WARNING, no carrier configs on phone Id: 0
01-30 15:53:15.254  1482  1482 D KeyguardUpdateMonitor: received broadcast android.intent.action.BATTERY_CHANGED
01-30 15:53:15.272  1482  1482 D KeyguardUpdateMonitor: handleBatteryUpdate
01-30 15:53:15.378  3460  3461 I chatty  : uid=1000(system) expire 1 line
01-30 15:53:15.379  3460  3460 D improveTouch: [DSPTouchProcessor:807] deInit: E
01-30 15:53:15.379  3460  3460 E improveTouch: [DSPTouchProcessor:823] deInit: invalid state (current = 0)
01-30 15:53:15.379  3460  3460 D improveTouch: [DSPTouchProcessor:827] deInit: X pa_utf_ret = 1, ret = 1073741835
01-30 15:53:15.379  3460  3460 E improveTouch: [TouchServer:83] delete event injector
01-30 15:53:15.379  3460  3460 E improveTouch: [TouchServer:87] delete config management
01-30 15:53:15.380  3460  3460 E improveTouch: [TouchServer:90] fail to start daemon
01-30 15:53:15.380  3460  3460 E improveTouch: [Main:169] fail to initiate touch server
01-30 15:53:16.735  1727  1727 D QtiCarrierConfigHelper: WARNING, no carrier configs on phone Id: 0
01-30 15:53:16.737  1482  1482 D KeyguardUpdateMonitor: received broadcast android.intent.action.BATTERY_CHANGED
01-30 15:53:16.756  1482  1482 D KeyguardUpdateMonitor: handleBatteryUpdate
01-30 15:53:18.560   987  1142 E QMI_FW  : qmi_cci_get_ref: ref count increased 2
01-30 15:53:20.131  3462  3462 I chatty  : uid=1000(system) expire 34 lines
01-30 15:53:20.391  3462  3464 I chatty  : uid=1000(system) expire 1 line
01-30 15:53:20.392  3462  3462 D improveTouch: [DSPTouchProcessor:807] deInit: E
01-30 15:53:20.392  3462  3462 E improveTouch: [DSPTouchProcessor:823] deInit: invalid state (current = 0)
01-30 15:53:20.392  3462  3462 D improveTouch: [DSPTouchProcessor:827] deInit: X pa_utf_ret = 1, ret = 1073741835
01-30 15:53:20.392  3462  3462 E improveTouch: [TouchServer:83] delete event injector
01-30 15:53:20.392  3462  3462 E improveTouch: [TouchServer:87] delete config management
01-30 15:53:20.393  3462  3462 E improveTouch: [TouchServer:90] fail to start daemon
01-30 15:53:20.393  3462  3462 E improveTouch: [Main:169] fail to initiate touch server
01-30 15:53:21.933  1482  1497 I ndroid.systemu: Background concurrent copying GC freed 8584(435KB) AllocSpace objects, 0(0B) LOS objects, 74% free, 6318KB/24MB, paused 127us total 190.026ms
01-30 15:53:22.292  1089  1089 W Looper  : Slow dispatch took 169ms main h=android.os.Handler c=android.app.AlarmManager$ListenerWrapper@3ad1612 m=0
01-30 15:53:22.295  1482  1482 D KeyguardUpdateMonitor: received broadcast android.intent.action.TIME_TICK
01-30 15:53:22.295  1482  1482 D KeyguardUpdateMonitor: handleTimeUpdate
01-30 15:53:22.297  1482  1482 D KeyguardClockSwitch: Updating clock: 353
01-30 15:53:22.391   987  1142 E QMI_FW  : qmi_cci_get_ref: ref count increased 2
01-30 15:53:22.445   395   395 I Binder:395_6: type=1400 audit(0.0:14213): avc: denied { associate } for name="globalAlert" scontext=u:object_r:proc_net:s0 tcontext=u:object_r:proc:s0 tclass=filesystem permissive=1
01-30 15:53:22.631  1727  1727 D QtiCarrierConfigHelper: WARNING, no carrier configs on phone Id: 0
01-30 15:53:22.633  1482  1482 D KeyguardUpdateMonitor: received broadcast android.intent.action.BATTERY_CHANGED
01-30 15:53:22.653  1482  1482 D KeyguardUpdateMonitor: handleBatteryUpdate
01-30 15:53:24.109  1727  1727 D QtiCarrierConfigHelper: WARNING, no carrier configs on phone Id: 0
01-30 15:53:24.111  1482  1482 D KeyguardUpdateMonitor: received broadcast android.intent.action.BATTERY_CHANGED
01-30 15:53:24.131  1482  1482 D KeyguardUpdateMonitor: handleBatteryUpdate
01-30 15:53:25.144  3467  3467 I chatty  : uid=1000(system) expire 35 lines
01-30 15:53:25.396  3467  3468 I chatty  : uid=1000(system) expire 1 line
01-30 15:53:25.398  3467  3467 E improveTouch: [DSPTouchProcessor:823] deInit: invalid state (current = 0)
01-30 15:53:25.398  3467  3467 D improveTouch: [DSPTouchProcessor:827] deInit: X pa_utf_ret = 1, ret = 1073741835
01-30 15:53:25.398  3467  3467 E improveTouch: [TouchServer:83] delete event injector
01-30 15:53:25.398  3467  3467 E improveTouch: [TouchServer:87] delete config management
01-30 15:53:25.400  3467  3467 E improveTouch: [TouchServer:90] fail to start daemon
01-30 15:53:25.404  3467  3467 E improveTouch: [Main:169] fail to initiate touch server
01-30 15:53:25.580  1727  1727 D QtiCarrierConfigHelper: WARNING, no carrier configs on phone Id: 0
01-30 15:53:25.581  1482  1482 D KeyguardUpdateMonitor: received broadcast android.intent.action.BATTERY_CHANGED
01-30 15:53:25.601  1482  1482 D KeyguardUpdateMonitor: handleBatteryUpdate
01-30 15:53:26.240   987  1142 E QMI_FW  : qmi_cci_get_ref: ref count increased 2
01-30 15:53:27.051  1727  1727 D QtiCarrierConfigHelper: WARNING, no carrier configs on phone Id: 0
01-30 15:53:27.056  1482  1482 D KeyguardUpdateMonitor: received broadcast android.intent.action.BATTERY_CHANGED
01-30 15:53:27.075  1482  1482 D KeyguardUpdateMonitor: handleBatteryUpdate
01-30 15:53:30.219  3471  3471 I chatty  : uid=1000(system) expire 36 lines
01-30 15:53:30.485  3471  3472 I chatty  : uid=1000(system) expire 1 line
01-30 15:53:30.488  3471  3471 D improveTouch: [DSPTouchProcessor:827] deInit: X pa_utf_ret = 1, ret = 1073741835
01-30 15:53:30.488  3471  3471 E improveTouch: [TouchServer:83] delete event injector
01-30 15:53:30.488  3471  3471 E improveTouch: [TouchServer:87] delete config management
01-30 15:53:30.489  3471  3471 E improveTouch: [TouchServer:90] fail to start daemon
01-30 15:53:30.489  3471  3471 E improveTouch: [Main:169] fail to initiate touch server
01-30 15:53:35.382  3474  3474 I chatty  : uid=1000(system) app_process expire 35 lines
01-30 15:53:35.645  3474  3475 I chatty  : uid=1000(system) app_process expire 1 line
01-30 15:53:35.647  3474  3474 E improveTouch: [DSPTouchProcessor:823] deInit: invalid state (current = 0)
01-30 15:53:35.647  3474  3474 D improveTouch: [DSPTouchProcessor:827] deInit: X pa_utf_ret = 1, ret = 1073741835
01-30 15:53:35.647  3474  3474 E improveTouch: [TouchServer:83] delete event injector
01-30 15:53:35.647  3474  3474 E improveTouch: [TouchServer:87] delete config management
01-30 15:53:35.648  3474  3474 E improveTouch: [TouchServer:90] fail to start daemon
01-30 15:53:35.648  3474  3474 E improveTouch: [Main:169] fail to initiate touch server
01-30 15:53:35.903  1727  1727 D QtiCarrierConfigHelper: WARNING, no carrier configs on phone Id: 0
01-30 15:53:35.907  1482  1482 D KeyguardUpdateMonitor: received broadcast android.intent.action.BATTERY_CHANGED
01-30 15:53:35.925  1482  1482 D KeyguardUpdateMonitor: handleBatteryUpdate
01-30 15:53:37.377  1727  1727 D QtiCarrierConfigHelper: WARNING, no carrier configs on phone Id: 0
01-30 15:53:37.382  1482  1482 D KeyguardUpdateMonitor: received broadcast android.intent.action.BATTERY_CHANGED
01-30 15:53:37.401  1482  1482 D KeyguardUpdateMonitor: handleBatteryUpdate
01-30 15:53:37.760   987  1142 E QMI_FW  : qmi_cci_get_ref: ref count increased 2
01-30 15:53:40.180  3476  3476 I chatty  : uid=1000(system) expire 32 lines
01-30 15:53:40.326  1727  1727 D QtiCarrierConfigHelper: WARNING, no carrier configs on phone Id: 0
01-30 15:53:40.328  1482  1482 D KeyguardUpdateMonitor: received broadcast android.intent.action.BATTERY_CHANGED
01-30 15:53:40.346  1482  1482 D KeyguardUpdateMonitor: handleBatteryUpdate
01-30 15:53:40.446  3476  3477 I chatty  : uid=1000(system) expire 1 line
01-30 15:53:40.447  3476  3476 E improveTouch: [TouchServer:75] delete controller
01-30 15:53:40.447  3476  3476 E improveTouch: [TouchServer:79] delete touch processor
01-30 15:53:40.447  3476  3476 D improveTouch: [DSPTouchProcessor:807] deInit: E
01-30 15:53:40.447  3476  3476 E improveTouch: [DSPTouchProcessor:823] deInit: invalid state (current = 0)
01-30 15:53:40.447  3476  3476 D improveTouch: [DSPTouchProcessor:827] deInit: X pa_utf_ret = 1, ret = 1073741835
01-30 15:53:40.447  3476  3476 E improveTouch: [TouchServer:83] delete event injector
01-30 15:53:40.447  3476  3476 E improveTouch: [TouchServer:87] delete config management
01-30 15:53:40.448  3476  3476 E improveTouch: [TouchServer:90] fail to start daemon
01-30 15:53:40.449  3476  3476 E improveTouch: [Main:169] fail to initiate touch server
01-30 15:53:41.522  1089  1089 I chatty  : uid=1000(system) Binder:1089_3 expire 30 lines
01-30 15:53:41.523   297   297 I chatty  : uid=1000(system) hwservicemanage expire 69 lines
01-30 15:53:41.540  2670  2891 W Settings: Setting airplane_mode_on has moved from android.provider.Settings.System to android.provider.Settings.Global, returning read-only value.
01-30 15:53:41.541  2670  2891 W Settings: Setting airplane_mode_on has moved from android.provider.Settings.System to android.provider.Settings.Global, returning read-only value.
01-30 15:53:41.554   987  1059 E QMI_FW  : qmi_cci_get_ref: ref count increased 2
01-30 15:53:41.557   987  1059 E QMI_FW  : qmi_cci_get_ref: ref count increased 2
01-30 15:53:41.558   987  1142 E QMI_FW  : qmi_cci_get_ref: ref count increased 3
01-30 15:53:41.559   987  1059 E QMI_FW  : qmi_cci_get_ref: ref count increased 2
01-30 15:53:41.562   987  1059 E QMI_FW  : qmi_cci_get_ref: ref count increased 2
01-30 15:53:41.564   987  1059 E QMI_FW  : qmi_cci_get_ref: ref count increased 2
01-30 15:53:41.568   987  1059 E QMI_FW  : qmi_cci_get_ref: ref count increased 2
01-30 15:53:41.573   909  3596 D LOWI-9.0.0.79: [LOWI-Scan] wait_event:Wait done with Cmd 33
01-30 15:53:41.573   909  3596 D LOWI-9.0.0.79: [LOWI-Scan] do_listen_events: Rcvd valid Netlink Cmd 0 Err 0
