01-29 14:33:55.934  2711  2711 I DynamiteModule: Considering local module com.google.android.gms.providerinstaller.dynamite:1 and remote module com.google.android.gms.providerinstaller.dynamite:0
01-29 14:33:55.934  2711  2711 I DynamiteModule: Selected local version of com.google.android.gms.providerinstaller.dynamite
01-29 14:33:55.969  2711  2803 I gle.android.gm: Waiting for a blocking GC ProfileSaver
01-29 14:33:55.993  2711  2803 I gle.android.gm: WaitForGcToComplete blocked ProfileSaver on RunEmptyCheckpoint for 21.324ms
01-29 14:33:56.098  1089  2461 I chatty  : uid=1000(system) Binder:1089_C expire 3 lines
01-29 14:33:56.210  2711  2711 V NativeCrypto: Registering com/google/android/gms/org/conscrypt/NativeCrypto's 329 native methods...
01-29 14:33:56.581  2774  2827 I com.jio.myjio: Waiting for a blocking GC ProfileSaver
01-29 14:33:56.597  2774  2827 I com.jio.myjio: WaitForGcToComplete blocked ProfileSaver on RunEmptyCheckpoint for 15.338ms
01-29 14:33:56.636   295   295 I lowmemorykiller: Kill 'com.qti.diagservices' (1346), uid 1000, oom_adj 800 to free 14520kB
01-29 14:33:56.656   757  3727 D BufferPoolAccessor2.0: bufferpool2 0xb3e3d1d8 : 4(261228 size) total buffers - 4(261228 size) used buffers - 67/75 (recycle/alloc) - 8/144 (fetch/transfer)
01-29 14:33:56.656   757  3727 D BufferPoolAccessor2.0: evictor expired: 1, evicted: 1
01-29 14:33:56.680  2805  2828 I d.process.medi: Waiting for a blocking GC ProfileSaver
01-29 14:33:56.755  2805  2828 I d.process.medi: WaitForGcToComplete blocked ProfileSaver on ClassLinker for 75.038ms
01-29 14:33:56.764  2805  2819 I d.process.medi: WaitForGcToComplete blocked RunEmptyCheckpoint on ProfileSaver for 7.326ms
01-29 14:33:56.781   396   396 I Zygote  : Process 1346 exited due to signal 9 (Killed)
01-29 14:33:56.782  1089  2130 I ActivityManager: Process com.qti.diagservices (pid 1346) has died: svcb SVC 
01-29 14:33:56.789  1089  2130 W ActivityManager: Scheduling restart of crashed service com.qti.diagservices/.QTIDiagServices in 1000ms for start-requested
01-29 14:33:57.136  2711  2711 I ProviderInstaller: Installed default security provider GmsCore_OpenSSL
01-29 14:33:57.295  2774  2916 E com.jio.myjio: No package ID 74 found for ID 0x740b0013.
01-29 14:33:57.311  2774  2916 I FA      : App measurement initialized, version: 148008
01-29 14:33:57.311  2774  2916 I FA      : To enable debug logging run: adb shell setprop log.tag.FA VERBOSE
01-29 14:33:57.312  2774  2916 I FA      : To enable faster debug mode event logging run:
01-29 14:33:57.312  2774  2916 I FA      :   adb shell setprop debug.firebase.analytics.app com.jio.myjio
01-29 14:33:57.394  2711  2711 I GmsApplication: [gms_startup_benchmark] Static start time (ms): 602254740, Startup latency (ms): 5044, Is system user: true
01-29 14:33:57.481  2711  2931 I Watchcat: Started
01-29 14:33:57.656   757  3727 D BufferPoolAccessor2.0: bufferpool2 0xb3e3df98 : 8(522456 size) total buffers - 4(261228 size) used buffers - 67/75 (recycle/alloc) - 8/144 (fetch/transfer)
01-29 14:33:57.662   757  3727 D BufferPoolAccessor2.0: evictor expired: 1, evicted: 1
01-29 14:33:57.671   882  1679 D BufferPoolAccessor2.0: bufferpool2 0xb517a0d8 : 4(65536 size) total buffers - 0(0 size) used buffers - 66/70 (recycle/alloc) - 4/69 (fetch/transfer)
01-29 14:33:57.673   882  1679 D BufferPoolAccessor2.0: evictor expired: 1, evicted: 1
01-29 14:33:57.706  2774  2933 I com.jio.myjio: Waiting for a blocking GC ClassLinker
01-29 14:33:57.739  2711  2931 I GMS_MM_Logger: Start time: 240356
01-29 14:33:57.741  2711  2931 I GMS_MM_Logger: Started.
01-29 14:33:57.759  2774  2933 I com.jio.myjio: WaitForGcToComplete blocked ClassLinker on ProfileSaver for 52.972ms
01-29 14:33:57.806  1089  1189 D CompatibilityChangeReporter: Compat change id reported: 135634846; UID 1000; state: DISABLED
01-29 14:33:57.839  2711  2711 D BoundBrokerSvc: onBind: Intent { act=com.google.android.gms.measurement.START pkg=com.google.android.gms }
01-29 14:33:57.840  2711  2711 D BoundBrokerSvc: Loading bound service for intent: Intent { act=com.google.android.gms.measurement.START pkg=com.google.android.gms }
01-29 14:33:57.874   396   396 D Zygote  : Forked child process 2944
01-29 14:33:57.879  1089  1190 W ActivityManager: Slow operation: 81ms so far, now at startProcess: returned from zygote!
01-29 14:33:57.880  1089  1190 W ActivityManager: Slow operation: 81ms so far, now at startProcess: done updating battery stats
01-29 14:33:57.880  1089  1190 W ActivityManager: Slow operation: 82ms so far, now at startProcess: building log message
01-29 14:33:57.881  1089  1190 I ActivityManager: Start proc 2944:com.qti.diagservices/1000 for service {com.qti.diagservices/com.qti.diagservices.QTIDiagServices}
01-29 14:33:57.881  1089  1190 W ActivityManager: Slow operation: 82ms so far, now at startProcess: starting to update pids map
01-29 14:33:57.881  1089  1190 W ActivityManager: Slow operation: 83ms so far, now at startProcess: done updating pids map
01-29 14:33:57.910  2711  2739 I DynamiteModule: Considering local module com.google.android.gms.googlecertificates:7 and remote module com.google.android.gms.googlecertificates:0
01-29 14:33:57.910  2711  2739 I DynamiteModule: Selected local version of com.google.android.gms.googlecertificates
01-29 14:33:57.914  2944  2944 I Zygote  : seccomp disabled by setenforce 0
01-29 14:33:58.003  2087  2114 I adbd    : jdwp connection from 2944
01-29 14:33:58.111  2711  2739 W GoogleCertificates: GoogleCertificates has been initialized already
01-29 14:33:58.673  1089  1148 D CompatibilityChangeReporter: Compat change id reported: 135634846; UID 10127; state: DISABLED
01-29 14:33:58.676  1089  1190 D CompatibilityChangeReporter: Compat change id reported: 143937733; UID 10127; state: ENABLED
01-29 14:33:58.718  1089  1215 V DisplayPowerController: Brightness [0.05] reason changing to: 'manual [ dim ]', previous reason: 'manual'.
01-29 14:33:58.735   811   950 V bt_stack: [VERBOSE1:btm_ble_gap.cc(1849)] btm_ble_process_adv_addr: bda=43:6e:3a:eb:6c:c4
01-29 14:33:58.735   811   950 V bt_stack: [VERBOSE1:btm_ble_gap.cc(2054)]  Waiting for scan response 43:6e:3a:eb:6c:c4
01-29 14:33:58.736   811   950 V bt_stack: [VERBOSE1:btm_ble_gap.cc(1849)] btm_ble_process_adv_addr: bda=43:6e:3a:eb:6c:c4
01-29 14:33:58.736   811   950 V bt_stack: [VERBOSE1:btm_inq.cc(1019)] BTM_InqDbRead: bd addr 43:6e:3a:eb:6c:c4
01-29 14:33:58.752   396   396 D Zygote  : Forked child process 2981
01-29 14:33:58.756  1089  1190 W ActivityManager: Slow operation: 86ms so far, now at startProcess: returned from zygote!
01-29 14:33:58.757  1089  1190 W ActivityManager: Slow operation: 86ms so far, now at startProcess: done updating battery stats
01-29 14:33:58.758  1089  1190 W ActivityManager: Slow operation: 87ms so far, now at startProcess: building log message
01-29 14:33:58.758  1089  1190 I ActivityManager: Start proc 2981:com.google.process.gservices/u0a127 for content provider {com.google.android.gsf/com.google.android.gsf.gservices.GservicesProvider}
01-29 14:33:58.758  1089  1190 W ActivityManager: Slow operation: 88ms so far, now at startProcess: starting to update pids map
01-29 14:33:58.760  1089  1190 W ActivityManager: Slow operation: 90ms so far, now at startProcess: done updating pids map
01-29 14:33:58.791  2981  2981 I Zygote  : seccomp disabled by setenforce 0
01-29 14:33:58.848  2944  2944 I Perf    : Connecting to perf service.
01-29 14:33:58.875  2087  2114 I adbd    : jdwp connection from 2981
01-29 14:33:58.936  1089   382 I chatty  : uid=1000(system) Binder:1089_15 expire 8 lines
01-29 14:33:58.973  1089  1178 W Looper  : Slow dispatch took 119ms android.ui h=com.android.server.am.ActivityManagerService$UiHandler c=null m=68
01-29 14:33:59.005  2711  2711 D BoundBrokerSvc: onBind: Intent { act=com.google.android.gms.common.BIND_SHARED_PREFS pkg=com.google.android.gms }
01-29 14:33:59.005  2711  2711 D BoundBrokerSvc: Loading bound service for intent: Intent { act=com.google.android.gms.common.BIND_SHARED_PREFS pkg=com.google.android.gms }
01-29 14:33:59.017  2944  2944 D NetworkSecurityConfig: No Network Security Config specified, using platform default
01-29 14:33:59.055  2944  2944 D NetworkSecurityConfig: No Network Security Config specified, using platform default
01-29 14:33:59.084  2944  2944 E DiagJNIInterface: Trying to load libDiagService
01-29 14:33:59.102  1237  1371 I PhenotypeResourceReader: unable to find any Phenotype resource metadata for com.jio.myjio
01-29 14:33:59.143  1237  1610 I NearbyDiscovery: BloomFilterAdvManager: Detected bloom filter but too far away, ignoring. 70.79457843841381m, mac=XX:XX:XX:XX:6C:C4 [CONTEXT service_id=265 group_by="43:6E:3A:EB:6C:C4" ratelimit_period="30 SECONDS" ]
01-29 14:33:59.189  1237  1537 W Settings: Setting airplane_mode_on has moved from android.provider.Settings.System to android.provider.Settings.Global, returning read-only value.
01-29 14:33:59.232   811   950 V bt_stack: [VERBOSE1:btm_ble_gap.cc(1849)] btm_ble_process_adv_addr: bda=52:73:66:19:17:ca
01-29 14:33:59.233   811   950 V bt_stack: [VERBOSE1:btm_ble_gap.cc(2054)]  Waiting for scan response 52:73:66:19:17:ca
01-29 14:33:59.250  2981  2981 I Perf    : Connecting to perf service.
01-29 14:33:59.269  1237  1537 W Settings: Setting airplane_mode_on has moved from android.provider.Settings.System to android.provider.Settings.Global, returning read-only value.
01-29 14:33:59.281  2981  2981 D NetworkSecurityConfig: No Network Security Config specified, using platform default
01-29 14:33:59.283  2981  2981 D NetworkSecurityConfig: No Network Security Config specified, using platform default
01-29 14:33:59.300  2944  2944 I Diag_Lib: Diag_LSM_Init call succeeded
01-29 14:33:59.384  2981  2981 I GservicesProvider: Gservices pushing to system: true; secure/global: true
01-29 14:33:59.443  2986  2986 I chatty  : uid=1000(system) expire 26 lines
01-29 14:33:59.452  1089  1401 I chatty  : uid=1000(system) WifiScanningSer expire 1 line
01-29 14:33:59.464   909  3286 I chatty  : uid=1021(gps) lowi-server expire 112 lines
01-29 14:33:59.471   492  1506 V WifiHAL : event received NL80211_CMD_TRIGGER_SCAN
01-29 14:33:59.824   987  1059 E QMI_FW  : qmi_cci_get_ref: ref count increased 2
01-29 14:33:59.869   811   950 V bt_stack: [VERBOSE1:btm_ble_gap.cc(1849)] btm_ble_process_adv_addr: bda=70:2b:96:1e:25:82
01-29 14:33:59.869   811   950 V bt_stack: [VERBOSE1:btm_ble_gap.cc(2054)]  Waiting for scan response 70:2b:96:1e:25:82
01-29 14:33:59.889   987  1059 E QMI_FW  : qmi_cci_get_ref: ref count increased 2
01-29 14:33:59.924   987  1059 E QMI_FW  : qmi_cci_get_ref: ref count increased 2
01-29 14:33:59.960   297   297 I chatty  : uid=1000(system) hwservicemanage expire 23 lines
01-29 14:33:59.975  2711  2711 D BoundBrokerSvc: onBind: Intent { act=com.google.android.gms.checkin.START pkg=com.google.android.gms }
01-29 14:33:59.975  2711  2711 D BoundBrokerSvc: Loading bound service for intent: Intent { act=com.google.android.gms.checkin.START pkg=com.google.android.gms }
01-29 14:34:00.047  2986  3015 I chatty  : uid=1000(system) expire 1 line
01-29 14:34:00.048  2986  2986 I chatty  : uid=1000(system) expire 8 lines
01-29 14:34:00.050  2986  2986 D improveTouch: [DSPTouchProcessor:807] deInit: E
01-29 14:34:00.050  2986  2986 E improveTouch: [DSPTouchProcessor:823] deInit: invalid state (current = 0)
01-29 14:34:00.050  2986  2986 D improveTouch: [DSPTouchProcessor:827] deInit: X pa_utf_ret = 1, ret = 1073741835
01-29 14:34:00.050  2986  2986 E improveTouch: [TouchServer:83] delete event injector
01-29 14:34:00.050  2986  2986 E improveTouch: [TouchServer:87] delete config management
01-29 14:34:00.051  2986  2986 E improveTouch: [TouchServer:90] fail to start daemon
01-29 14:34:00.051  2986  2986 E improveTouch: [Main:169] fail to initiate touch server
01-29 14:34:00.184  1482  1482 D KeyguardUpdateMonitor: received broadcast android.intent.action.TIME_TICK
01-29 14:34:00.233  2711  2903 I Checkin : [CheckinApiChimeraService] onGetService
01-29 14:34:00.243  1482  1482 D KeyguardUpdateMonitor: handleTimeUpdate
01-29 14:34:00.247  2711  2731 W gle.android.gm: Suspending all threads took: 5.059ms
01-29 14:34:00.263  1482  1482 D KeyguardClockSwitch: Updating clock: 234
01-29 14:34:00.586  1089  1189 I chatty  : uid=1000(system) ActivityManager expire 3 lines
01-29 14:34:00.623   492  1506 V WifiHAL : event received NL80211_CMD_NEW_SCAN_RESULTS
01-29 14:34:00.662   909  3286 D LOWI-9.0.0.79: [LOWI-Scan] 
01-29 14:34:00.662   909  3286 D LOWI-9.0.0.79: [LOWI-Scan] print_bss_handler: Report beacon TSF 602263010747 as it greater than probe TSF 602263010747
01-29 14:34:00.662   909  3286 I LOWI-9.0.0.79: [LOWI-Scan] RSN_IE
01-29 14:34:00.662   909  3286 D LOWI-9.0.0.79: [LOWI-Scan] decode_rsn_wpa_ie: Entered
01-29 14:34:00.662   909  3286 D LOWI-9.0.0.79: [LOWIUtils] hexDump: msg(30 18 01 00 00 0f ac 04 01 00 00 0f ac 04 02 00 00 0f ac 01 00 0f ac 03 )
01-29 14:34:00.662   909  3286 D LOWI-9.0.0.79: [LOWI-Scan] decode_rsn_wpa_ie: LOWI_ENCRYPTION_TYPE_WPA_EAP
01-29 14:34:00.662   909  3286 D LOWI-9.0.0.79: [LOWI-Scan] is_qcom_ie, bss_age: 18
01-29 14:34:00.662   909  3286 D LOWI-9.0.0.79: [LOWI-Scan] BSS 20:db:ab:95:9f:ae LOWI_PHY_MODE_11NG_HT20(5), Beacon Interval: 100, LOWI_ENCRYPTION_TYPE_WPA_EAP 11mcRanging: No, ANQP: Yes, LCI: No, Civic: No, capability(0x1431): ESS Privacy ShortPreamble ShortSlotTime
01-29 14:34:00.662   909  3286 D LOWI-9.0.0.79: [LOWI-Scan] BSS 20:db:ab:95:9f:ae FREQ: 2462, cFreq1[40:80:160] = [0:0:0] cFreq2 = 0 Country Code = IN 
01-29 14:34:00.662   909  3286 D LOWI-9.0.0.79: [LOWI-Scan] BSS 20:db:ab:95:9f:ae (wlan0) ASSO: NO AddInfo: 0x1, TSF 6, 23:17:43.010, RSSI: -198, CPL: 127, AGE: 20,  SSID JioPrivateNet, TSFDelta: 0x0, TXRate: 0
01-29 14:34:00.663   909  3286 D LOWI-9.0.0.79: [LOWIDiagLog] Log: lowiMeasResult->request: invalid null argument
01-29 14:34:00.663   909  3286 I LOWI-9.0.0.79: [LOWI-Scan] lowi_close_record:Scan done in 602221082ms, 13 APs in scan results
01-29 14:34:00.663   909  3286 D LOWI-9.0.0.79: [LOWI-Scan] WipsScanUsingNL: passive scan cached 0, took 61814 ms, err 0
01-29 14:34:00.663   909  3286 D LOWI-9.0.0.79: [LOWI-Scan] lowi_proc_req_passive_scan_with_live_meas - No WLAN Frames to be parsed
01-29 14:34:00.663   909  3286 D LOWI-9.0.0.79: [LOWIScanResultReceiver] Send scan meas to listener
01-29 14:34:00.664   909  3286 D LOWI-9.0.0.79: [LOWIScanResultReceiver] Enter passive listening mode
01-29 14:34:00.664   909   961 D LOWI-9.0.0.79: [LOWIEventReceiver] handleEvent:FROM:NA, TO:NA, REQ:NA, IREQ:NA, REQ_ID:0, RESP:NA, INFO:NA
01-29 14:34:00.665   909  3286 D LOWI-9.0.0.79: [LOWIWifiDriverInterface] getMeasurements - Passive listening mode
01-29 14:34:00.665   909   961 D LOWI-9.0.0.79: [LOWIBackgroundScanMgr] isRspForBgScanMgr: evt(LOWI_NO_EVT) - not handled
01-29 14:34:00.665   909   961 D LOWI-9.0.0.79: [LOWIScheduler] manageMsg: NULL results or NULL request in results
01-29 14:34:00.665   909   961 D LOWI-9.0.0.79: [LOWIController] Measurements received
01-29 14:34:00.665   909  3286 D LOWI-9.0.0.79: [LOWI-Scan] WipsScanUsingNL:wait -1 sec for netlink message
01-29 14:34:00.666   909   961 D LOWI-9.0.0.79: [LOWICacheManager] putInCache:Num of Meas to add: 13
01-29 14:34:00.671   909   961 D LOWI-9.0.0.79: [LOWIController] processMeasurementResults: No current Request. Cache measurements
01-29 14:34:00.671   909   961 D LOWI-9.0.0.79: [LOWIControllerExtn] sendLOWILpDiscoveryScanResponse: Not a discovery scan response
01-29 14:34:00.688  1089  1215 I PowerManagerService: Going to sleep due to timeout (uid 1000)...
01-29 14:34:00.712  1089  1189 W BroadcastQueue: Background execution not allowed: receiving Intent { act=android.net.wifi.SCAN_RESULTS flg=0x4000010 (has extras) } to com.jio.myjio/.jionet.receiver.WifiScanReceiver
01-29 14:34:00.733  1089  1215 I DisplayPowerController: Blocking screen off
01-29 14:34:00.778  1089  1215 I DisplayPowerController: Unblocked screen off after 46 ms
01-29 14:34:00.795   295   295 I lowmemorykiller: Kill 'android.process.media' (2805), uid 10079, oom_adj 800 to free 22868kB
01-29 14:34:00.844   811   950 V bt_stack: [VERBOSE1:btm_ble_gap.cc(1849)] btm_ble_process_adv_addr: bda=70:2b:96:1e:25:82
01-29 14:34:00.844   811   950 V bt_stack: [VERBOSE1:btm_ble_gap.cc(2054)]  Waiting for scan response 70:2b:96:1e:25:82
01-29 14:34:00.845   811   950 V bt_stack: [VERBOSE1:btm_ble_gap.cc(1849)] btm_ble_process_adv_addr: bda=70:2b:96:1e:25:82
01-29 14:34:00.845   811   950 V bt_stack: [VERBOSE1:btm_inq.cc(1019)] BTM_InqDbRead: bd addr 70:2b:96:1e:25:82
01-29 14:34:00.863  1237  1610 I NearbyDiscovery: BloomFilterAdvManager: Detected bloom filter but too far away, ignoring. 10.0m, mac=XX:XX:XX:XX:25:82 [CONTEXT service_id=265 group_by="70:2B:96:1E:25:82" ratelimit_period="30 SECONDS" ]
01-29 14:34:00.863  1089  1215 V DisplayPowerController: Brightness [-1.0] reason changing to: 'screen_off', previous reason: 'manual [ dim ]'.
01-29 14:34:00.866  1089  1180 I DisplayManagerService: Display device changed state: "Built-in Screen", OFF
01-29 14:34:00.875  1482  1224 D KeyguardViewMediator: onStartedGoingToSleep(3)
01-29 14:34:00.876  1089  1205 E KernelCpuSpeedReader: Failed to read cpu-freq: /sys/devices/system/cpu/cpu0/cpufreq/stats/time_in_state: open failed: ENOENT (No such file or directory)
01-29 14:34:00.883  2711  3018 I FA-SVC  : App measurement initialized, version: 255034
01-29 14:34:00.911  1089  1180 I chatty  : uid=1000(system) android.display expire 1 line
01-29 14:34:00.913  1482  1482 V KeyguardUpdateMonitor: startListeningForFingerprint()
01-29 14:34:00.915   504   504 D SurfaceFlinger: Setting power mode 0 on display 0
01-29 14:34:00.917   484   484 I SDM     : DisplayBase::SetDisplayState: Set state = 0, display 0
01-29 14:34:00.929   811   932 I BtGatt.ScanManager: msg.what = 8
01-29 14:34:00.937   811   932 I BtGatt.ScanManager: msg.what = 4
01-29 14:34:00.940  1089  1360 I chatty  : uid=1000(system) InputReader expire 2 lines
01-29 14:34:00.945   396   396 I Zygote  : Process 2805 exited due to signal 9 (Killed)
01-29 14:34:00.947  1482  1224 D KeyguardViewMediator: notifyStartedGoingToSleep
01-29 14:34:00.948  1482  3252 D KeyguardViewMediator: notifyScreenTurnedOff
01-29 14:34:00.988  1482  1482 V KeyguardUpdateMonitor: startListeningForFingerprint()
01-29 14:34:00.989  1482  1482 D KeyguardViewMediator: handleNotifyStartedGoingToSleep
01-29 14:34:01.005  1237  1371 I NearbyPresence: cqrf verified [==] new request BroadcastEngineRequest:<priority: 400, identityManager: null, broadcastOobContext: BroadcastOobContext:<peerDevice: {}, localUwbCapabilities: {}, peerUwbConnectionInfoMap: {}, tcpServerPort: null, AdvertisementMaps: {}, dedupHint: [-92, -45, 33, 125, -57, 57, -102, 93], isNetworkConnected: false, isBluetoothEnabled false, workSource=WorkSource{}> equals to the old request [CONTEXT service_id=317 ]
01-29 14:34:01.027   356   356 I Binder:356_1: type=1400 audit(0.0:11597): avc: denied { read } for name="expire_count" dev="sysfs" ino=31250 scontext=u:r:system_suspend:s0 tcontext=u:object_r:sysfs_battery_supply:s0 tclass=file permissive=1
01-29 14:34:01.027   356   356 I Binder:356_1: type=1400 audit(0.0:11598): avc: denied { open } for path="/sys/devices/platform/soc/78b6000.i2c/i2c-2/2-0014/power_supply/battery/wakeup18/expire_count" dev="sysfs" ino=31250 scontext=u:r:system_suspend:s0 tcontext=u:object_r:sysfs_battery_supply:s0 tclass=file permissive=1
01-29 14:34:01.040  1482  1482 D KeyguardViewMediator: handleNotifyScreenTurnedOff
01-29 14:34:01.047  1482  1482 D StatusBar: disable<e i a s b H R c s > disable2<q i n >
01-29 14:34:01.048  1482  1482 D StatusBar: disable<e i a s b H R c s > disable2<q i n >
01-29 14:34:01.087   491   491 E QMI_FW  : qmi_cci_get_ref: ref count increased 2
01-29 14:34:01.091   491   491 E QMI_FW  : qmi_cci_get_ref: ref count increased 2
01-29 14:34:01.095  1237  1237 I NearbyDiscovery: FastPairDisplayObserver: STATE_ON -> STATE_OFF [CONTEXT service_id=265 ]
01-29 14:34:01.117  1237  1610 I NearbyDiscovery: ApFastPairScanner: isScreenOn=false, isLocationEnabled=true, disableLocationRequirement=false, isDiscoveryScanningEnabled=true, during24GhzWifiWarmingUpPeriod=false [CONTEXT service_id=265 ]
01-29 14:34:01.121  1237  1610 D BluetoothAdapter: isLeEnabled(): BLE_ON
01-29 14:34:01.122  1237  1610 I NearbyDiscovery: ApFastPairScanner: eventType=SCREEN_OFF_FROM_DISPLAY_OBSERVER, intReq=false, scanning=true, scanAllowed=false, bleEnabled=true, lockScanRate=false, startScanningByLowPowerMode=false [CONTEXT service_id=265 ]
01-29 14:34:01.134  1237  1610 I NearbyDiscovery: ApFastPairScanner: Stopping scan, scan-mode=balanced [CONTEXT service_id=265 ]
01-29 14:34:01.137  1237  1610 D BluetoothAdapter: isLeEnabled(): BLE_ON
01-29 14:34:01.148   811   834 D BtGatt.GattService: stopScan() - queue size =1
01-29 14:34:01.150   504   504 D SurfaceFlinger: Finished setting power mode 0 on display 0
01-29 14:34:01.152  1089  1468 I chatty  : uid=1000(system) PhotonicModulat expire 1 line
01-29 14:34:01.161  1089  1215 I DreamManagerService: Entering dreamland.
01-29 14:34:01.165  1089  1215 I PowerManagerService: Dozing...
01-29 14:34:01.167   490   490 I QTI PowerHAL: Power setMode: 7 to: 0
01-29 14:34:01.171  1089   382 I chatty  : uid=1000(system) Binder:1089_15 expire 3 lines
01-29 14:34:01.177   490   490 I QTI PowerHAL: Got set_interactive hint
01-29 14:34:01.177   490   490 I QTI PowerHAL: Got set_interactive hint on= 0, count= 146
01-29 14:34:01.177   490   490 E QTI PowerHAL: Error opening /sys/kernel/hbtp/display_pwr: No such file or directory
01-29 14:34:01.186  1089  1148 I chatty  : uid=1000(system) Binder:1089_1 expire 1 line
01-29 14:34:01.189  1089  1148 I ActivityManager: Process android.process.media (pid 2805) has died: svcb SVC 
01-29 14:34:01.192  1089  1196 I chatty  : uid=1000(system) ActivityManager expire 1 line
01-29 14:34:01.197  1089  1148 W ActivityManager: Scheduling restart of crashed service com.android.mtp/.MtpService in 15598ms for start-requested
01-29 14:34:01.226  1089  1177 I DreamController: Starting dream: name=ComponentInfo{com.android.systemui/com.android.systemui.doze.DozeService}, isTest=false, canDoze=true, userId=0
01-29 14:34:01.231  3492  3492 V GlobalScreenshot: clearing screenshot: close system dialogs
01-29 14:34:01.234  1089  1177 I chatty  : uid=1000(system) android.fg expire 3 lines
01-29 14:34:01.236  1577  1577 I AppBase : AppBase.onTrimMemory():786 onTrimMemory(): 10
01-29 14:34:01.237  1577  1577 I GoogleInputMethodService: GoogleInputMethodService.onTrimMemory():4569 onTrimMemory(): 10
01-29 14:34:01.241  1237  2375 I FrewleTileCacheManagerV: Fetched 11 AP models from cache [CONTEXT service_id=6 ]
01-29 14:34:01.242  2711  2711 I gle.android.gm: Waiting for a blocking GC ClassLinker
01-29 14:34:01.249   811   932 I BtGatt.ScanManager: msg.what = 1
01-29 14:34:01.250   811   932 D BtGatt.ScanManager: stop scan
01-29 14:34:01.252   811   835 D BtGatt.GattService: unregisterScanner() - scannerId=4
01-29 14:34:01.276   811   921 D BtGatt.GattService: onScanFilterParamsConfigured() - clientIf=4, status=0, action=1, availableSpace=15
01-29 14:34:01.276   811   921 D BtGatt.ScanManager: callback done for scannerId - 4 status - 0
01-29 14:34:01.287   811   921 D BtGatt.GattService: onScanFilterParamsConfigured() - clientIf=4, status=0, action=1, availableSpace=16
01-29 14:34:01.287   811   921 D BtGatt.ScanManager: callback done for scannerId - 4 status - 0
01-29 14:34:01.287   811   932 D BtGatt.ScanManager: configureRegularScanParams() - queue=0
01-29 14:34:01.287   811   932 D BtGatt.ScanManager: configureRegularScanParams() - ScanSetting LE 1M Scan mode=-2147483648ScanSetting LE Coded Scan mode=-2147483648 mLastConfiguredScanSettingLE1M=1 mLastConfiguredScanSettingLECoded=-2147483648scanPhy=1
01-29 14:34:01.287   811   932 D BtGatt.ScanManager: configureRegularScanParams() - queue emtpy, scan stopped
01-29 14:34:01.287   811   932 D BtGatt.ScanManager: configureRegularScanParams() - queue emtpy, scan stopped
01-29 14:34:01.296   811   950 V bt_stack: [VERBOSE1:gatt_api.cc(993)] GATT_Deregister gatt_if=4
01-29 14:34:01.296   811   950 V bt_stack: [VERBOSE1:connection_manager.cc(161)] on_app_deregistered : app_id 0x04
01-29 14:34:01.345  2711  2711 I gle.android.gm: WaitForGcToComplete blocked ClassLinker on HeapTrim for 102.230ms
01-29 14:34:01.366  1482  1482 V KeyguardUpdateMonitor: *** register callback for com.android.systemui.doze.DozeUi$1@5b46afc
01-29 14:34:01.367  1482  1482 V KeyguardUpdateMonitor: *** unregister callback for null
01-29 14:34:01.409  1482  1482 D StatusBar: updateQsExpansionEnabled - QS Expand enabled: false
01-29 14:34:01.419  1482  1870 D KeyguardViewMediator: updateActivityLockScreenState(true, true)
01-29 14:34:01.436  1482  1482 D StatusBar: updateQsExpansionEnabled - QS Expand enabled: false
01-29 14:34:01.438  1089   382 W ActivityManager: Unable to start service Intent { act=com.google.android.gms.lockbox.service.START pkg=com.google.android.gms } U=0: not found
01-29 14:34:01.439  1089  2130 W ActivityManager: Unbind failed: could not find connection for android.os.BinderProxy@790a3b5
01-29 14:34:01.441  2711  2903 W GmsClient: unable to connect to service: com.google.android.gms.lockbox.service.START on com.google.android.gms
01-29 14:34:01.451  1482  1482 D StatusBar: disable<e i a s b H R c s > disable2<q i n >
01-29 14:34:01.453  1482  1482 D StatusBar: disable<e i a s b H R c s > disable2<q i n >
01-29 14:34:01.454  1482  1482 D KeyguardViewMediator: adjustStatusBarLocked: mShowing=true mOccluded=false isSecure=false force=false --> flags=0x1200000
01-29 14:34:01.478  1482  1482 D KeyguardViewBase: show()
01-29 14:34:01.479  1482  1482 V KeyguardSecurityView: showPrimarySecurityScreen(turningOff=false)
01-29 14:34:01.479  1482  1482 D KeyguardSecurityView: showSecurityScreen(None)
01-29 14:34:01.479  1482  1482 D StatusBar: disable<e i a s b H R c s > disable2<q i n >
01-29 14:34:01.481  1482  1482 D StatusBar: disable<e i a s b H R c s > disable2<q i n >
01-29 14:34:01.495  1089   382 I chatty  : uid=1000(system) Binder:1089_15 expire 3 lines
01-29 14:34:01.499  1482  1482 V KeyguardUpdateMonitor: startListeningForFingerprint()
01-29 14:34:01.501  1482  3252 D KeyguardViewMediator: onFinishedGoingToSleep(3)
01-29 14:34:01.501  1482  3252 D KeyguardViewMediator: notifyFinishedGoingToSleep
01-29 14:34:01.501  1482  3252 E KeyguardViewMediator: resetStateLocked
01-29 14:34:01.519  1089  1384 I chatty  : uid=1000(system) WifiHandlerThre expire 1 line
01-29 14:34:01.563  1482  1482 D KeyguardUpdateMonitor: handleKeyguardReset
01-29 14:34:01.564  1482  1482 V KeyguardUpdateMonitor: startListeningForFingerprint()
01-29 14:34:01.584  1482  1482 D KeyguardViewMediator: handleNotifyFinishedGoingToSleep
01-29 14:34:01.588  2711  2903 W TracingHelper: No RequestContext found in the trace or trace not available. [CONTEXT service_id=259 ratelimit_count=1410065408 ]
01-29 14:34:01.597  1482  1482 D KeyguardViewMediator: handleReset
01-29 14:34:01.604  1482  1482 D StatusBar: disable<e i a s b H R c s > disable2<q i n >
01-29 14:34:01.606  1482  1482 D StatusBar: disable<e i a s b H R c s > disable2<q i n >
01-29 14:34:01.608   480  1041 D audio_hw_primary: adev_set_parameters: enter: screen_state=off
01-29 14:34:01.619  1482  1482 D StatusBar: disable<e i a s b H R c s > disable2<q i n >
01-29 14:34:01.620  1482  1482 D KeyguardViewMediator: adjustStatusBarLocked: mShowing=true mOccluded=false isSecure=false force=false --> flags=0x1200000
01-29 14:34:01.621  1482  1482 D KeyguardViewBase: show()
01-29 14:34:01.624  1482  1482 V KeyguardSecurityView: showPrimarySecurityScreen(turningOff=false)
01-29 14:34:01.625  1482  1482 D KeyguardSecurityView: showSecurityScreen(None)
01-29 14:34:01.629  1482  1482 V KeyguardStatusView: Schedule setEnableMarquee: Disable
01-29 14:34:01.629  1482  1482 V KeyguardStatusView: Disable transport text marquee
01-29 14:34:01.630   480  1041 W sound_trigger_hw: sound_trigger_hw_call_back: Unknown event 17
01-29 14:34:01.632  1482  1482 V KeyguardUpdateMonitor: startListeningForFingerprint()
01-29 14:34:01.650  1089  1089 W Looper  : Slow dispatch took 124ms main h=android.app.ActivityThread$H c=android.app.-$$Lambda$LoadedApk$ReceiverDispatcher$Args$_BumDX2UKsnxLVrE6UJsJZkotuA@e8c99fa m=0
01-29 14:34:01.685   483   565 I LocSvc_api_v02: ---> locClientSendReq line 2409 QMI_LOC_INJECT_POSITION_REQ_V02
01-29 14:34:01.686   483   565 E QMI_FW  : qmi_cci_get_ref: ref count increased 2
01-29 14:34:01.688   483   951 E QMI_FW  : qmi_cci_get_ref: ref count increased 3
01-29 14:34:01.688   483   951 I LocSvc_ApiV02: <--- globalRespCb line 221 QMI_LOC_INJECT_POSITION_REQ_V02
01-29 14:34:01.720  2711  3018 I TetheringManager: registerTetheringEventCallback:com.google.android.gms
01-29 14:34:01.774  1577  1577 I DeviceStatusMonitor: DeviceStatusMonitor$1.onReceive():57 onReceive() : Action = android.intent.action.SCREEN_OFF
01-29 14:34:01.795  2711  3018 W TracingHelper: Mismatched RequestContext found for module MEASUREMENT. Module id from RequestContext is MODULEID_UNKNOWN [CONTEXT service_id=259 ratelimit_count=1410065408 ]
01-29 14:34:01.810  1577  1577 I InputBundle: InputBundle.consumeEvent():961 Skip consuming an event as imeStatus is 0
01-29 14:34:01.839  1577  1577 I DeviceStatusMonitor: DeviceStatusMonitor.updateCountryInfo():117 updateCountryInfo(), notifyAnyway = false
01-29 14:34:01.921  1482  1482 D StatusBar: disable<e i a s b H R c s > disable2<q i n >
01-29 14:34:01.922  1482  1482 D StatusBar: disable<e i a s b H R c s > disable2<q i n >
01-29 14:34:01.939  1482  1482 D KeyguardUpdateMonitor: handleKeyguardReset
01-29 14:34:01.940  1482  1482 V KeyguardUpdateMonitor: startListeningForFingerprint()
01-29 14:34:02.024  1237  1237 D BoundBrokerSvc: onRebind: Intent { act=com.google.android.gms.libs.gmscorelogger.service.START dat=chimera-action: cmp=com.google.android.gms/.chimera.PersistentDirectBootAwareApiService }
01-29 14:34:02.052  1237  1610 I NearbyDiscovery: FastPairHandler: Received action android.intent.action.SCREEN_OFF [CONTEXT service_id=265 ]
01-29 14:34:02.096  1237  1610 I NearbyDiscovery: ApFastPairScanner: isScreenOn=false, isLocationEnabled=true, disableLocationRequirement=false, isDiscoveryScanningEnabled=true, during24GhzWifiWarmingUpPeriod=false [CONTEXT service_id=265 ]
01-29 14:34:02.098  1237  1610 D BluetoothAdapter: isLeEnabled(): BLE_ON
01-29 14:34:02.099  1237  1610 I NearbyDiscovery: ApFastPairScanner: eventType=SCREEN_OFF, intReq=false, scanning=false, scanAllowed=false, bleEnabled=true, lockScanRate=false, startScanningByLowPowerMode=false [CONTEXT service_id=265 ]
01-29 14:34:02.102  1237  1610 I NearbyDiscovery: FastPairController: onSystemStateChanged: skip due to flag disabled [CONTEXT service_id=265 ]
01-29 14:34:02.176  2711  3018 D AdvertisingIdClient: Creating AdvertisingIdClient
01-29 14:34:02.177  2711  3018 D AdvertisingIdClient: AdvertisingIdClient already created.
01-29 14:34:02.178  2711  3018 D AdvertisingIdClient: AdvertisingIdClient is not bounded. Starting to bind it...
01-29 14:34:02.188  1089   382 I chatty  : uid=1000(system) Binder:1089_15 expire 3 lines
01-29 14:34:02.197  1237  1237 D BoundBrokerSvc: onRebind: Intent { act=com.google.android.gms.common.telemetry.service.START dat=chimera-action: cmp=com.google.android.gms/.chimera.PersistentApiService }
01-29 14:34:02.201  2711  3018 D AdvertisingIdClient: AdvertisingIdClient is bounded
01-29 14:34:02.228  2711  3018 I AdvertisingIdClient: shouldSendLog -1
01-29 14:34:02.230  2711  3018 I AdvertisingIdClient: GetInfoInternal elapse 49ms
01-29 14:34:02.245  2711  2711 I AdvertisingIdClient: getting error as 17: API: ClientTelemetry.API is not available on this device. Connection failed with: ConnectionResult{statusCode=API_DISABLED_FOR_CONNECTION, resolution=null, message=null, clientMethodKey=null}
01-29 14:34:02.292   987  1142 E QMI_FW  : qmi_cci_get_ref: ref count increased 2
01-29 14:34:02.335   295   295 I lowmemorykiller: Kill 'com.google.process.gservices' (2981), uid 10127, oom_adj 700 to free 25300kB
01-29 14:34:02.442  1089   382 I ActivityManager: Process com.google.process.gservices (pid 2981) has died: prev LAST
01-29 14:34:02.464   396   396 I Zygote  : Process 2981 exited due to signal 9 (Killed)
01-29 14:34:02.482  1089  1196 I chatty  : uid=1000(system) ActivityManager expire 2 lines
01-29 14:34:02.485  1577  1577 I AppBase : AppBase.onTrimMemory():786 onTrimMemory(): 15
01-29 14:34:02.485  1577  1577 I GoogleInputMethodService: GoogleInputMethodService.onTrimMemory():4569 onTrimMemory(): 15
01-29 14:34:03.969  3033  3033 I chatty  : uid=1000(system) expire 34 lines
01-29 14:34:04.242  3033  3034 I chatty  : uid=1000(system) expire 1 line
01-29 14:34:04.244  3033  3033 D improveTouch: [DSPTouchProcessor:807] deInit: E
01-29 14:34:04.244  3033  3033 E improveTouch: [DSPTouchProcessor:823] deInit: invalid state (current = 0)
01-29 14:34:04.244  3033  3033 D improveTouch: [DSPTouchProcessor:827] deInit: X pa_utf_ret = 1, ret = 1073741835
01-29 14:34:04.245  3033  3033 E improveTouch: [TouchServer:83] delete event injector
01-29 14:34:04.245  3033  3033 E improveTouch: [TouchServer:87] delete config management
01-29 14:34:04.246  3033  3033 E improveTouch: [TouchServer:90] fail to start daemon
01-29 14:34:04.247  3033  3033 E improveTouch: [Main:169] fail to initiate touch server
01-29 14:34:06.104   987  1142 E QMI_FW  : qmi_cci_get_ref: ref count increased 2
01-29 14:34:07.253  1237  1237 D BoundBrokerSvc: onUnbind: Intent { act=com.google.android.gms.common.telemetry.service.START dat=chimera-action: cmp=com.google.android.gms/.chimera.PersistentApiService }
01-29 14:34:07.590  1632  1648 W .dataservices: Reducing the number of considered missed Gc histogram windows from 123 to 100
01-29 14:34:08.951  3035  3035 I chatty  : uid=1000(system) expire 34 lines
01-29 14:34:09.212  3035  3036 I chatty  : uid=1000(system) expire 1 line
01-29 14:34:09.213  3035  3035 D improveTouch: [DSPTouchProcessor:807] deInit: E
01-29 14:34:09.213  3035  3035 E improveTouch: [DSPTouchProcessor:823] deInit: invalid state (current = 0)
01-29 14:34:09.213  3035  3035 D improveTouch: [DSPTouchProcessor:827] deInit: X pa_utf_ret = 1, ret = 1073741835
01-29 14:34:09.213  3035  3035 E improveTouch: [TouchServer:83] delete event injector
01-29 14:34:09.213  3035  3035 E improveTouch: [TouchServer:87] delete config management
01-29 14:34:09.214  3035  3035 E improveTouch: [TouchServer:90] fail to start daemon
01-29 14:34:09.215  3035  3035 E improveTouch: [Main:169] fail to initiate touch server
01-29 14:34:09.944   987  1142 E QMI_FW  : qmi_cci_get_ref: ref count increased 2
01-29 14:34:12.037  1237  1382 I NearbyPresence: cqrf verified [==] new request BroadcastEngineRequest:<priority: 400, identityManager: null, broadcastOobContext: BroadcastOobContext:<peerDevice: {}, localUwbCapabilities: {}, peerUwbConnectionInfoMap: {}, tcpServerPort: null, AdvertisementMaps: {}, dedupHint: [-92, -45, 33, 125, -57, 57, -102, 93], isNetworkConnected: false, isBluetoothEnabled false, workSource=WorkSource{}> equals to the old request [CONTEXT service_id=317 ]
01-29 14:34:12.340   297   297 I chatty  : uid=1000(system) hwservicemanage expire 11 lines
01-29 14:34:12.356  2711  2711 D BoundBrokerSvc: onUnbind: Intent { act=com.google.android.gms.measurement.START pkg=com.google.android.gms }
01-29 14:34:13.865  3037  3037 I chatty  : uid=1000(system) expire 34 lines
01-29 14:34:13.985  1680  1697 W qtidataservice: Reducing the number of considered missed Gc histogram windows from 124 to 100
01-29 14:34:14.121  3037  3038 I chatty  : uid=1000(system) expire 1 line
01-29 14:34:14.122  3037  3037 D improveTouch: [DSPTouchProcessor:807] deInit: E
01-29 14:34:14.122  3037  3037 E improveTouch: [DSPTouchProcessor:823] deInit: invalid state (current = 0)
01-29 14:34:14.123  3037  3037 D improveTouch: [DSPTouchProcessor:827] deInit: X pa_utf_ret = 1, ret = 1073741835
01-29 14:34:14.123  3037  3037 E improveTouch: [TouchServer:83] delete event injector
01-29 14:34:14.123  3037  3037 E improveTouch: [TouchServer:87] delete config management
01-29 14:34:14.124  3037  3037 E improveTouch: [TouchServer:90] fail to start daemon
01-29 14:34:14.124  3037  3037 E improveTouch: [Main:169] fail to initiate touch server
01-29 14:34:15.633  2711  2711 D BoundBrokerSvc: onUnbind: Intent { act=com.google.android.gms.checkin.START pkg=com.google.android.gms }
01-29 14:34:16.801  1089  1189 D CompatibilityChangeReporter: Compat change id reported: 135634846; UID 10079; state: DISABLED
01-29 14:34:16.802  1089  1190 D CompatibilityChangeReporter: Compat change id reported: 143937733; UID 10079; state: ENABLED
01-29 14:34:16.840   396   396 D Zygote  : Forked child process 3039
01-29 14:34:16.850  1089  1190 I ActivityManager: Start proc 3039:android.process.media/u0a79 for service {com.android.mtp/com.android.mtp.MtpService}
01-29 14:34:16.851  1089  1190 W ActivityManager: Slow operation: 51ms so far, now at startProcess: done updating pids map
01-29 14:34:17.051   295   295 I lowmemorykiller: Kill 'com.google.android.gms' (2711), uid 10127, oom_adj 905 to free 51660kB
01-29 14:34:17.059  3039  3039 I Zygote  : seccomp disabled by setenforce 0
01-29 14:34:17.169  2087  2114 I adbd    : jdwp connection from 3039
01-29 14:34:17.176   396   396 I Zygote  : Process 2711 exited due to signal 9 (Killed)
01-29 14:34:17.178  1089  4086 I ActivityManager: Process com.google.android.gms (pid 2711) has died: cch+5 CEM 
01-29 14:34:17.184  1237  1237 D BoundBrokerSvc: onUnbind: Intent { act=com.google.android.gms.libs.gmscorelogger.service.START dat=chimera-action: cmp=com.google.android.gms/.chimera.PersistentDirectBootAwareApiService }
01-29 14:34:17.210  1089  1148 I chatty  : uid=1000(system) Binder:1089_1 expire 10 lines
01-29 14:34:17.214  1577  1577 I AppBase : AppBase.onTrimMemory():786 onTrimMemory(): 15
01-29 14:34:17.215  1577  1577 I GoogleInputMethodService: GoogleInputMethodService.onTrimMemory():4569 onTrimMemory(): 15
01-29 14:34:17.327  3039  3039 I Perf    : Connecting to perf service.
01-29 14:34:17.337  3039  3039 I d.process.media: type=1400 audit(0.0:11605): avc: denied { call } for scontext=u:r:mediaprovider:s0:c512,c768 tcontext=u:r:hal_perf_default:s0 tclass=binder permissive=1
01-29 14:34:17.361  3039  3039 D NetworkSecurityConfig: No Network Security Config specified, using platform default
01-29 14:34:17.367  3039  3039 D NetworkSecurityConfig: No Network Security Config specified, using platform default
01-29 14:34:17.635  3039  3039 D MtpService: starting MTP server in MTP mode with storage /storage/emulated/0 unlocked as user 0
01-29 14:34:17.658  3039  3039 I MtpService: Couldn't get control FD!
01-29 14:34:17.676  3039  3039 V MtpService: Adding MTP storage:/storage/emulated/0
01-29 14:34:17.683   776   776 E Parcel  : Reading a NULL string not supported here.
01-29 14:34:19.020  3069  3069 I chatty  : uid=1000(system) expire 33 lines
01-29 14:34:19.280  3069  3070 I chatty  : uid=1000(system) expire 1 line
01-29 14:34:19.281  3069  3069 E improveTouch: [TouchServer:79] delete touch processor
01-29 14:34:19.281  3069  3069 D improveTouch: [DSPTouchProcessor:807] deInit: E
01-29 14:34:19.281  3069  3069 E improveTouch: [DSPTouchProcessor:823] deInit: invalid state (current = 0)
01-29 14:34:19.281  3069  3069 D improveTouch: [DSPTouchProcessor:827] deInit: X pa_utf_ret = 1, ret = 1073741835
01-29 14:34:19.281  3069  3069 E improveTouch: [TouchServer:83] delete event injector
01-29 14:34:19.281  3069  3069 E improveTouch: [TouchServer:87] delete config management
01-29 14:34:19.282  3069  3069 E improveTouch: [TouchServer:90] fail to start daemon
01-29 14:34:19.283  3069  3069 E improveTouch: [Main:169] fail to initiate touch server
01-29 14:34:21.471   987  1142 E QMI_FW  : qmi_cci_get_ref: ref count increased 2
01-29 14:34:22.342  3039  3062 I d.process.medi: Waiting for a blocking GC ProfileSaver
01-29 14:34:22.394  3039  3062 I d.process.medi: WaitForGcToComplete blocked ProfileSaver on RunEmptyCheckpoint for 52.788ms
01-29 14:34:22.776  1705  1721 W elephonyservic: Reducing the number of considered missed Gc histogram windows from 123 to 100
01-29 14:34:23.884  3072  3072 I chatty  : uid=1000(system) expire 34 lines
01-29 14:34:24.136  3072  3073 I chatty  : uid=1000(system) expire 1 line
01-29 14:34:24.137  3072  3072 D improveTouch: [DSPTouchProcessor:807] deInit: E
01-29 14:34:24.137  3072  3072 E improveTouch: [DSPTouchProcessor:823] deInit: invalid state (current = 0)
01-29 14:34:24.138  3072  3072 D improveTouch: [DSPTouchProcessor:827] deInit: X pa_utf_ret = 1, ret = 1073741835
01-29 14:34:24.138  3072  3072 E improveTouch: [TouchServer:83] delete event injector
01-29 14:34:24.138  3072  3072 E improveTouch: [TouchServer:87] delete config management
01-29 14:34:24.139  3072  3072 E improveTouch: [TouchServer:90] fail to start daemon
01-29 14:34:24.139  3072  3072 E improveTouch: [Main:169] fail to initiate touch server
01-29 14:34:25.315   987  1142 E QMI_FW  : qmi_cci_get_ref: ref count increased 2
01-29 14:34:27.858  1727  1743 I .codeaurora.im: Background concurrent copying GC freed 1097(80KB) AllocSpace objects, 0(0B) LOS objects, 91% free, 1796KB/19MB, paused 129us total 165.324ms
01-29 14:34:27.858  1727  1743 W .codeaurora.im: Reducing the number of considered missed Gc histogram windows from 124 to 100
01-29 14:34:28.900  3074  3074 I chatty  : uid=1000(system) expire 33 lines
01-29 14:34:29.151   987  1142 E QMI_FW  : qmi_cci_get_ref: ref count increased 2
01-29 14:34:29.168  3074  3075 I chatty  : uid=1000(system) expire 1 line
01-29 14:34:29.169  3074  3074 E improveTouch: [TouchServer:79] delete touch processor
01-29 14:34:29.170  3074  3074 D improveTouch: [DSPTouchProcessor:807] deInit: E
01-29 14:34:29.170  3074  3074 E improveTouch: [DSPTouchProcessor:823] deInit: invalid state (current = 0)
01-29 14:34:29.170  3074  3074 D improveTouch: [DSPTouchProcessor:827] deInit: X pa_utf_ret = 1, ret = 1073741835
01-29 14:34:29.170  3074  3074 E improveTouch: [TouchServer:83] delete event injector
01-29 14:34:29.170  3074  3074 E improveTouch: [TouchServer:87] delete config management
01-29 14:34:29.171  3074  3074 E improveTouch: [TouchServer:90] fail to start daemon
01-29 14:34:29.174  3074  3074 E improveTouch: [Main:169] fail to initiate touch server
01-29 14:34:31.582   297   297 I chatty  : uid=1000(system) hwservicemanage expire 10 lines
01-29 14:34:32.927  1748  1765 I m.android.phon: Background concurrent copying GC freed 25521(2645KB) AllocSpace objects, 2(32KB) LOS objects, 87% free, 2733KB/20MB, paused 144us total 231.358ms
01-29 14:34:32.928  1748  1765 W m.android.phon: Reducing the number of considered missed Gc histogram windows from 123 to 100
01-29 14:34:34.036  3076  3076 I chatty  : uid=1000(system) expire 33 lines
01-29 14:34:34.340  3076  3077 I chatty  : uid=1000(system) expire 1 line
01-29 14:34:34.346  3076  3076 E improveTouch: [TouchServer:79] delete touch processor
01-29 14:34:34.349  3076  3076 D improveTouch: [DSPTouchProcessor:807] deInit: E
01-29 14:34:34.349  3076  3076 E improveTouch: [DSPTouchProcessor:823] deInit: invalid state (current = 0)
01-29 14:34:34.349  3076  3076 D improveTouch: [DSPTouchProcessor:827] deInit: X pa_utf_ret = 1, ret = 1073741835
01-29 14:34:34.349  3076  3076 E improveTouch: [TouchServer:83] delete event injector
01-29 14:34:34.349  3076  3076 E improveTouch: [TouchServer:87] delete config management
01-29 14:34:34.351  3076  3076 E improveTouch: [TouchServer:90] fail to start daemon
01-29 14:34:34.351  3076  3076 E improveTouch: [Main:169] fail to initiate touch server
01-29 14:34:36.827   987  1142 E QMI_FW  : qmi_cci_get_ref: ref count increased 2
01-29 14:34:37.863  2255  2306 I .redbend.clien: Background concurrent copying GC freed 5603(299KB) AllocSpace objects, 168(8736KB) LOS objects, 89% free, 2054KB/20MB, paused 205us total 136.994ms
01-29 14:34:37.864  2255  2306 W .redbend.clien: Reducing the number of considered missed Gc histogram windows from 124 to 100
01-29 14:34:39.023  3079  3079 I chatty  : uid=1000(system) expire 33 lines
01-29 14:34:39.302  3079  3080 I chatty  : uid=1000(system) expire 1 line
01-29 14:34:39.306  3079  3079 E improveTouch: [TouchServer:79] delete touch processor
01-29 14:34:39.309  3079  3079 D improveTouch: [DSPTouchProcessor:807] deInit: E
01-29 14:34:39.309  3079  3079 E improveTouch: [DSPTouchProcessor:823] deInit: invalid state (current = 0)
01-29 14:34:39.309  3079  3079 D improveTouch: [DSPTouchProcessor:827] deInit: X pa_utf_ret = 1, ret = 1073741835
01-29 14:34:39.309  3079  3079 E improveTouch: [TouchServer:83] delete event injector
01-29 14:34:39.309  3079  3079 E improveTouch: [TouchServer:87] delete config management
01-29 14:34:39.311  3079  3079 E improveTouch: [TouchServer:90] fail to start daemon
01-29 14:34:39.311  3079  3079 E improveTouch: [Main:169] fail to initiate touch server
01-29 14:34:40.675   987  1142 E QMI_FW  : qmi_cci_get_ref: ref count increased 2
01-29 14:34:43.052  2263  2284 I alcomm.locatio: Background concurrent copying GC freed 31(48KB) AllocSpace objects, 0(0B) LOS objects, 91% free, 1781KB/19MB, paused 142us total 339.206ms
01-29 14:34:43.052  2263  2284 W alcomm.locatio: Reducing the number of considered missed Gc histogram windows from 123 to 100
01-29 14:34:44.029  3081  3081 I chatty  : uid=1000(system) expire 33 lines
01-29 14:34:44.311  3081  3082 I chatty  : uid=1000(system) expire 1 line
01-29 14:34:44.314  3081  3081 E improveTouch: [TouchServer:79] delete touch processor
01-29 14:34:44.317  3081  3081 D improveTouch: [DSPTouchProcessor:807] deInit: E
01-29 14:34:44.317  3081  3081 E improveTouch: [DSPTouchProcessor:823] deInit: invalid state (current = 0)
01-29 14:34:44.317  3081  3081 D improveTouch: [DSPTouchProcessor:827] deInit: X pa_utf_ret = 1, ret = 1073741835
01-29 14:34:44.317  3081  3081 E improveTouch: [TouchServer:83] delete event injector
01-29 14:34:44.317  3081  3081 E improveTouch: [TouchServer:87] delete config management
01-29 14:34:44.319  3081  3081 E improveTouch: [TouchServer:90] fail to start daemon
01-29 14:34:44.319  3081  3081 E improveTouch: [Main:169] fail to initiate touch server
01-29 14:34:44.515   987  1142 E QMI_FW  : qmi_cci_get_ref: ref count increased 2
01-29 14:34:47.859  2275  2300 I io.adc.embedde: Background concurrent copying GC freed 19667(1043KB) AllocSpace objects, 1(16KB) LOS objects, 88% free, 2373KB/20MB, paused 173us total 142.585ms
01-29 14:34:47.860  2275  2300 W io.adc.embedde: Reducing the number of considered missed Gc histogram windows from 124 to 100
01-29 14:34:48.767  1727  1727 D QtiCarrierConfigHelper: WARNING, no carrier configs on phone Id: 0
01-29 14:34:48.814  1482  1482 D KeyguardUpdateMonitor: received broadcast android.intent.action.BATTERY_CHANGED
01-29 14:34:48.820  1482  1482 D KeyguardUpdateMonitor: handleBatteryUpdate
01-29 14:34:48.998  3083  3083 I chatty  : uid=1000(system) expire 33 lines
01-29 14:34:49.259  3083  3084 I chatty  : uid=1000(system) expire 1 line
01-29 14:34:49.260  3083  3083 E improveTouch: [TouchServer:79] delete touch processor
01-29 14:34:49.260  3083  3083 D improveTouch: [DSPTouchProcessor:807] deInit: E
01-29 14:34:49.260  3083  3083 E improveTouch: [DSPTouchProcessor:823] deInit: invalid state (current = 0)
01-29 14:34:49.260  3083  3083 D improveTouch: [DSPTouchProcessor:827] deInit: X pa_utf_ret = 1, ret = 1073741835
01-29 14:34:49.260  3083  3083 E improveTouch: [TouchServer:83] delete event injector
01-29 14:34:49.260  3083  3083 E improveTouch: [TouchServer:87] delete config management
01-29 14:34:49.261  3083  3083 E improveTouch: [TouchServer:90] fail to start daemon
01-29 14:34:49.262  3083  3083 E improveTouch: [Main:169] fail to initiate touch server
01-29 14:34:53.840  2499  2514 W .qcrilmsgtunne: Reducing the number of considered missed Gc histogram windows from 124 to 100
01-29 14:34:53.952  3085  3085 I chatty  : uid=1000(system) expire 34 lines
01-29 14:34:54.227  3085  3089 I chatty  : uid=1000(system) expire 1 line
01-29 14:34:54.232  3085  3085 D improveTouch: [DSPTouchProcessor:807] deInit: E
01-29 14:34:54.233  3085  3085 E improveTouch: [DSPTouchProcessor:823] deInit: invalid state (current = 0)
01-29 14:34:54.233  3085  3085 D improveTouch: [DSPTouchProcessor:827] deInit: X pa_utf_ret = 1, ret = 1073741835
01-29 14:34:54.233  3085  3085 E improveTouch: [TouchServer:83] delete event injector
01-29 14:34:54.233  3085  3085 E improveTouch: [TouchServer:87] delete config management
01-29 14:34:54.234  3085  3085 E improveTouch: [TouchServer:90] fail to start daemon
01-29 14:34:54.234  3085  3085 E improveTouch: [Main:169] fail to initiate touch server
01-29 14:34:56.032   987  1142 E QMI_FW  : qmi_cci_get_ref: ref count increased 2
01-29 14:34:58.880  1790  1807 W id.ext.service: Reducing the number of considered missed Gc histogram windows from 123 to 100
01-29 14:34:59.060  3093  3093 I chatty  : uid=1000(system) expire 34 lines
01-29 14:34:59.329  3093  3094 I chatty  : uid=1000(system) expire 1 line
01-29 14:34:59.331  3093  3093 D improveTouch: [DSPTouchProcessor:807] deInit: E
01-29 14:34:59.331  3093  3093 E improveTouch: [DSPTouchProcessor:823] deInit: invalid state (current = 0)
01-29 14:34:59.331  3093  3093 D improveTouch: [DSPTouchProcessor:827] deInit: X pa_utf_ret = 1, ret = 1073741835
01-29 14:34:59.331  3093  3093 E improveTouch: [TouchServer:83] delete event injector
01-29 14:34:59.331  3093  3093 E improveTouch: [TouchServer:87] delete config management
01-29 14:34:59.332  3093  3093 E improveTouch: [TouchServer:90] fail to start daemon
01-29 14:34:59.332  3093  3093 E improveTouch: [Main:169] fail to initiate touch server
