01-30 16:02:58.352  2673  2673 I DynamiteModule: Considering local module com.google.android.gms.providerinstaller.dynamite:1 and remote module com.google.android.gms.providerinstaller.dynamite:0
01-30 16:02:58.352  2673  2673 I DynamiteModule: Selected local version of com.google.android.gms.providerinstaller.dynamite
01-30 16:02:58.443  2673  2673 V NativeCrypto: Registering com/google/android/gms/org/conscrypt/NativeCrypto's 329 native methods...
01-30 16:02:58.599  2673  2673 I ProviderInstaller: Installed default security provider GmsCore_OpenSSL
01-30 16:02:58.678  2673  2673 I GmsApplication: [gms_startup_benchmark] Static start time (ms): 693999282, Startup latency (ms): 1787, Is system user: true
01-30 16:02:58.679  2673  2735 I Watchcat: Started
01-30 16:02:58.738  2673  2735 I GMS_MM_Logger: Start time: 135527
01-30 16:02:58.739  2673  2735 I GMS_MM_Logger: Started.
01-30 16:03:00.023  1482  1482 D KeyguardUpdateMonitor: received broadcast android.intent.action.TIME_TICK
01-30 16:03:00.026  1482  1482 D KeyguardUpdateMonitor: handleTimeUpdate
01-30 16:03:00.037  1089  2719 D CompatibilityChangeReporter: Compat change id reported: 135634846; UID 10127; state: DISABLED
01-30 16:03:00.037  1089  1190 D CompatibilityChangeReporter: Compat change id reported: 143937733; UID 10127; state: ENABLED
01-30 16:03:00.059  1482  1482 D KeyguardClockSwitch: Updating clock: 403
01-30 16:03:00.072   396   396 D Zygote  : Forked child process 2753
01-30 16:03:00.077  1089  1190 I ActivityManager: Start proc 2753:com.google.process.gservices/u0a127 for content provider {com.google.android.gsf/com.google.android.gsf.gservices.GservicesProvider}
01-30 16:03:00.100  2753  2753 I Zygote  : seccomp disabled by setenforce 0
01-30 16:03:00.156  2087  2114 I adbd    : jdwp connection from 2753
01-30 16:03:00.181  1089  3501 I chatty  : uid=1000(system) Binder:1089_20 expire 3 lines
01-30 16:03:00.213   811   950 V bt_stack: [VERBOSE1:btm_ble_gap.cc(1849)] btm_ble_process_adv_addr: bda=51:1e:c0:11:ca:26
01-30 16:03:00.214   811   950 V bt_stack: [VERBOSE1:btm_ble_gap.cc(2054)]  Waiting for scan response 51:1e:c0:11:ca:26
01-30 16:03:00.352  2753  2753 I Perf    : Connecting to perf service.
01-30 16:03:00.381  2753  2753 D NetworkSecurityConfig: No Network Security Config specified, using platform default
01-30 16:03:00.382  2753  2753 D NetworkSecurityConfig: No Network Security Config specified, using platform default
01-30 16:03:00.398  2753  2753 I GservicesProvider: Gservices pushing to system: true; secure/global: true
01-30 16:03:00.729   811   950 V bt_stack: [VERBOSE1:btm_ble_gap.cc(1849)] btm_ble_process_adv_addr: bda=51:1e:c0:11:ca:26
01-30 16:03:00.729   811   950 V bt_stack: [VERBOSE1:btm_ble_gap.cc(2054)]  Waiting for scan response 51:1e:c0:11:ca:26
01-30 16:03:00.745     0     0 I swapper/1: type=1400 audit(0.0:14264): avc: denied { kill } for capability=5 scontext=u:r:kernel:s0 tcontext=u:r:kernel:s0 tclass=capability permissive=1
01-30 16:03:00.957   987  1142 E QMI_FW  : qmi_cci_get_ref: ref count increased 2
01-30 16:03:01.214   811   950 V bt_stack: [VERBOSE1:btm_ble_gap.cc(1849)] btm_ble_process_adv_addr: bda=51:1e:c0:11:ca:26
01-30 16:03:01.215   811   950 V bt_stack: [VERBOSE1:btm_ble_gap.cc(2054)]  Waiting for scan response 51:1e:c0:11:ca:26
01-30 16:03:01.215   811   950 V bt_stack: [VERBOSE1:btm_ble_gap.cc(1849)] btm_ble_process_adv_addr: bda=51:1e:c0:11:ca:26
01-30 16:03:01.216   811   950 V bt_stack: [VERBOSE1:btm_inq.cc(1019)] BTM_InqDbRead: bd addr 51:1e:c0:11:ca:26
01-30 16:03:01.223  2670  2939 I NearbyDiscovery: BloomFilterAdvManager: Detected bloom filter but too far away, ignoring. 10.0m, mac=XX:XX:XX:XX:CA:26 [CONTEXT service_id=265 group_by="51:1E:C0:11:CA:26" ratelimit_period="30 SECONDS" ]
01-30 16:03:01.443  2673  2710 I gle.android.gm: Waiting for a blocking GC ProfileSaver
01-30 16:03:01.657  2787  2787 I chatty  : uid=1000(system) expire 36 lines
01-30 16:03:01.668   295   295 I lowmemorykiller: Kill 'com.qti.diagservices' (2529), uid 1000, oom_adj 800 to free 14824kB
01-30 16:03:01.760  1089  3501 I ActivityManager: Process com.qti.diagservices (pid 2529) has died: svcb SVC 
01-30 16:03:01.770  1089  3501 W ActivityManager: Scheduling restart of crashed service com.qti.diagservices/.QTIDiagServices in 4000ms for start-requested
01-30 16:03:01.808   396   396 I Zygote  : Process 2529 exited due to signal 9 (Killed)
01-30 16:03:01.816   295   295 I lowmemorykiller: Kill 'com.google.process.gservices' (2753), uid 10127, oom_adj 700 to free 25696kB
01-30 16:03:01.837  2673  2710 I gle.android.gm: WaitForGcToComplete blocked ProfileSaver on ClassLinker for 394.221ms
01-30 16:03:01.859  1577  1577 I AppBase : AppBase.onTrimMemory():786 onTrimMemory(): 15
01-30 16:03:01.889  1577  1577 I GoogleInputMethodService: GoogleInputMethodService.onTrimMemory():4569 onTrimMemory(): 15
01-30 16:03:01.905  2673  2702 I gle.android.gm: WaitForGcToComplete blocked RunEmptyCheckpoint on ProfileSaver for 67.440ms
01-30 16:03:01.930  1089  1544 I ActivityManager: Process com.google.process.gservices (pid 2753) has died: prev LAST
01-30 16:03:01.936   297   297 I chatty  : uid=1000(system) hwservicemanage expire 20 lines
01-30 16:03:01.960   396   396 I Zygote  : Process 2753 exited due to signal 9 (Killed)
01-30 16:03:02.061  2787  2788 I chatty  : uid=1000(system) expire 1 line
01-30 16:03:02.063  2787  2787 D improveTouch: [DSPTouchProcessor:827] deInit: X pa_utf_ret = 1, ret = 1073741835
01-30 16:03:02.063  2787  2787 E improveTouch: [TouchServer:83] delete event injector
01-30 16:03:02.063  2787  2787 E improveTouch: [TouchServer:87] delete config management
01-30 16:03:02.064  2787  2787 E improveTouch: [TouchServer:90] fail to start daemon
01-30 16:03:02.064  2787  2787 E improveTouch: [Main:169] fail to initiate touch server
01-30 16:03:02.119  1727  1727 D QtiCarrierConfigHelper: WARNING, no carrier configs on phone Id: 0
01-30 16:03:02.149  1482  1482 D KeyguardUpdateMonitor: received broadcast android.intent.action.BATTERY_CHANGED
01-30 16:03:02.164  1482  1482 D KeyguardUpdateMonitor: handleBatteryUpdate
01-30 16:03:05.068   811   950 V bt_stack: [VERBOSE1:btm_ble_gap.cc(1849)] btm_ble_process_adv_addr: bda=51:1e:c0:11:ca:26
01-30 16:03:05.068   811   950 V bt_stack: [VERBOSE1:btm_ble_gap.cc(2054)]  Waiting for scan response 51:1e:c0:11:ca:26
01-30 16:03:05.069   811   950 V bt_stack: [VERBOSE1:btm_ble_gap.cc(1849)] btm_ble_process_adv_addr: bda=51:1e:c0:11:ca:26
01-30 16:03:05.069   811   950 V bt_stack: [VERBOSE1:btm_inq.cc(1019)] BTM_InqDbRead: bd addr 51:1e:c0:11:ca:26
01-30 16:03:05.091  2670  2939 I NearbyDiscovery: BloomFilterAdvManager: Detected bloom filter but too far away, ignoring. 8.912509381337454m, mac=XX:XX:XX:XX:CA:26 [CONTEXT service_id=265 group_by="51:1E:C0:11:CA:26" ratelimit_period="30 SECONDS" ]
01-30 16:03:05.564   811   950 V bt_stack: [VERBOSE1:btm_ble_gap.cc(1849)] btm_ble_process_adv_addr: bda=51:1e:c0:11:ca:26
01-30 16:03:05.564   811   950 V bt_stack: [VERBOSE1:btm_ble_gap.cc(2054)]  Waiting for scan response 51:1e:c0:11:ca:26
01-30 16:03:05.564   811   950 V bt_stack: [VERBOSE1:btm_ble_gap.cc(1849)] btm_ble_process_adv_addr: bda=51:1e:c0:11:ca:26
01-30 16:03:05.565   811   950 V bt_stack: [VERBOSE1:btm_inq.cc(1019)] BTM_InqDbRead: bd addr 51:1e:c0:11:ca:26
01-30 16:03:05.569  2670  2939 I NearbyDiscovery: BloomFilterAdvManager: Detected bloom filter but too far away, ignoring. 15.848931924611133m, mac=XX:XX:XX:XX:CA:26 [CONTEXT service_id=265 group_by="51:1E:C0:11:CA:26" ratelimit_period="30 SECONDS" ]
01-30 16:03:05.777  1089  1189 D CompatibilityChangeReporter: Compat change id reported: 135634846; UID 1000; state: DISABLED
01-30 16:03:05.822   396   396 D Zygote  : Forked child process 2789
01-30 16:03:05.831  1089  1190 W ActivityManager: Slow operation: 56ms so far, now at startProcess: returned from zygote!
01-30 16:03:05.832  1089  1190 W ActivityManager: Slow operation: 56ms so far, now at startProcess: done updating battery stats
01-30 16:03:05.832  1089  1190 W ActivityManager: Slow operation: 57ms so far, now at startProcess: building log message
01-30 16:03:05.832  1089  1190 I ActivityManager: Start proc 2789:com.qti.diagservices/1000 for service {com.qti.diagservices/com.qti.diagservices.QTIDiagServices}
01-30 16:03:05.832  1089  1190 W ActivityManager: Slow operation: 57ms so far, now at startProcess: starting to update pids map
01-30 16:03:05.833  1089  1190 W ActivityManager: Slow operation: 57ms so far, now at startProcess: done updating pids map
01-30 16:03:05.836  2789  2789 I Zygote  : seccomp disabled by setenforce 0
01-30 16:03:05.989  2087  2114 I adbd    : jdwp connection from 2789
01-30 16:03:06.147  2789  2789 I chatty  : uid=1000(system) com.qti.diagservices expire 4 lines
01-30 16:03:06.329  2789  2789 I Diag_Lib: Diag_LSM_Init call succeeded
01-30 16:03:06.452  2819  2819 I chatty  : uid=1000(system) expire 36 lines
01-30 16:03:06.710  2819  2820 I chatty  : uid=1000(system) expire 1 line
01-30 16:03:06.711  2819  2819 D improveTouch: [DSPTouchProcessor:827] deInit: X pa_utf_ret = 1, ret = 1073741835
01-30 16:03:06.711  2819  2819 E improveTouch: [TouchServer:83] delete event injector
01-30 16:03:06.711  2819  2819 E improveTouch: [TouchServer:87] delete config management
01-30 16:03:06.713  2819  2819 E improveTouch: [TouchServer:90] fail to start daemon
01-30 16:03:06.713  2819  2819 E improveTouch: [Main:169] fail to initiate touch server
01-30 16:03:07.590  1482  1497 I ndroid.systemu: Background concurrent copying GC freed 49343(2271KB) AllocSpace objects, 0(0B) LOS objects, 74% free, 6429KB/24MB, paused 269us total 444.360ms
01-30 16:03:07.779   811   950 V bt_stack: [VERBOSE1:btm_ble_gap.cc(1849)] btm_ble_process_adv_addr: bda=51:1e:c0:11:ca:26
01-30 16:03:07.779   811   950 V bt_stack: [VERBOSE1:btm_ble_gap.cc(2054)]  Waiting for scan response 51:1e:c0:11:ca:26
01-30 16:03:07.780   811   950 V bt_stack: [VERBOSE1:btm_ble_gap.cc(1849)] btm_ble_process_adv_addr: bda=51:1e:c0:11:ca:26
01-30 16:03:07.780   811   950 V bt_stack: [VERBOSE1:btm_inq.cc(1019)] BTM_InqDbRead: bd addr 51:1e:c0:11:ca:26
01-30 16:03:07.786  2670  2939 I NearbyDiscovery: BloomFilterAdvManager: Detected bloom filter but too far away, ignoring. 15.848931924611133m, mac=XX:XX:XX:XX:CA:26 [CONTEXT service_id=265 group_by="51:1E:C0:11:CA:26" ratelimit_period="30 SECONDS" ]
01-30 16:03:08.275   811   950 V bt_stack: [VERBOSE1:btm_ble_gap.cc(1849)] btm_ble_process_adv_addr: bda=51:1e:c0:11:ca:26
01-30 16:03:08.275   811   950 V bt_stack: [VERBOSE1:btm_ble_gap.cc(2054)]  Waiting for scan response 51:1e:c0:11:ca:26
01-30 16:03:08.276   811   950 V bt_stack: [VERBOSE1:btm_ble_gap.cc(1849)] btm_ble_process_adv_addr: bda=51:1e:c0:11:ca:26
01-30 16:03:08.276   811   950 V bt_stack: [VERBOSE1:btm_inq.cc(1019)] BTM_InqDbRead: bd addr 51:1e:c0:11:ca:26
01-30 16:03:08.281  2670  2939 I NearbyDiscovery: BloomFilterAdvManager: Detected bloom filter but too far away, ignoring. 14.12537544622754m, mac=XX:XX:XX:XX:CA:26 [CONTEXT service_id=265 group_by="51:1E:C0:11:CA:26" ratelimit_period="30 SECONDS" ]
01-30 16:03:09.276  1089  1360 I chatty  : uid=1000(system) InputReader expire 3 lines
01-30 16:03:09.313  1089  1360 D WindowManager: powerPress: eventTime=85776730 interactive=true count=1 beganFromNonInteractive=false mShortPressOnPowerBehavior=1
01-30 16:03:09.315  1089  1360 I PowerManagerService: Going to sleep due to power_button (uid 1000)...
01-30 16:03:09.335  1089  1215 I DisplayPowerController: Blocking screen off
01-30 16:03:09.346  1482  1639 D KeyguardViewMediator: onStartedGoingToSleep(2)
01-30 16:03:09.353  1089  1215 I DisplayPowerController: Unblocked screen off after 17 ms
01-30 16:03:09.357  1089  1215 D ActivityTaskManager: Top Process State changed to PROCESS_STATE_TOP_SLEEPING
01-30 16:03:09.363  1577  1577 I GoogleInputMethodService: GoogleInputMethodService.onFinishInput():3400 
01-30 16:03:09.365  1577  1577 I GoogleInputMethodService: GoogleInputMethodService.onStartInput():1972 
01-30 16:03:09.375  1089  1205 E KernelCpuSpeedReader: Failed to read cpu-freq: /sys/devices/system/cpu/cpu0/cpufreq/stats/time_in_state: open failed: ENOENT (No such file or directory)
01-30 16:03:09.379  1482  1639 D KeyguardViewMediator: notifyStartedGoingToSleep
01-30 16:03:09.388  1482  1482 V KeyguardUpdateMonitor: startListeningForFingerprint()
01-30 16:03:09.389  1482  1482 D KeyguardViewMediator: handleNotifyStartedGoingToSleep
01-30 16:03:09.429   480   517 D audio_hw_primary: adev_get_parameters:vr_audio_mode_on
01-30 16:03:09.438   502   857 I AudioPolicyManagerCustom: VR mode is 0, switch to primary output if request is for fast|raw
01-30 16:03:09.444   502   857 D AF::TrackHandle: OpPlayAudio: track:119 usage:13 not muted
01-30 16:03:09.445   356   356 I chatty  : uid=1000(system) suspend@1.0-ser expire 6 lines
01-30 16:03:09.457  1482  1870 D AudioTrack: createTrack_l(0): AUDIO_OUTPUT_FLAG_FAST denied by server; frameCount 0 -> 9989
01-30 16:03:09.558  1089  1544 I chatty  : uid=1000(system) Binder:1089_18 expire 2 lines
01-30 16:03:09.565  1089  1215 W ActivityTaskManager: servicetracker HIDL not available
01-30 16:03:09.565  1089  1215 E ActivityTaskManager: Unable to get servicetracker HAL instance
01-30 16:03:09.565  1089  1994 I chatty  : uid=1000(system) Binder:1089_1A expire 1 line
01-30 16:03:09.566  1089  1215 I chatty  : uid=1000(system) PowerManagerSer expire 1 line
01-30 16:03:09.569  1089  1215 W ActivityTaskManager: servicetracker HIDL not available
01-30 16:03:09.570  1089  1215 E ActivityTaskManager: Unable to get servicetracker HAL instance
01-30 16:03:09.575  1482  1639 D KeyguardViewMediator: notifyScreenTurnedOff
01-30 16:03:09.577  1482  1482 D KeyguardViewMediator: handleNotifyScreenTurnedOff
01-30 16:03:09.587  1089  1215 V DisplayPowerController: Brightness [-1.0] reason changing to: 'screen_off', previous reason: 'manual'.
01-30 16:03:09.591  1089  1180 I DisplayManagerService: Display device changed state: "Built-in Screen", OFF
01-30 16:03:09.598   811   932 I BtGatt.ScanManager: msg.what = 6
01-30 16:03:09.599   480  1576 D audio_hw_primary: start_output_stream: enter: stream(0xafa69800)usecase(1: low-latency-playback) devices(0x2) is_haptic_usecase(0)
01-30 16:03:09.601  1089  1544 W ActivityTaskManager: servicetracker HIDL not available
01-30 16:03:09.601  1089  1544 E ActivityTaskManager: Unable to get servicetracker HAL instance
01-30 16:03:09.602   480  1576 D audio_hw_primary: select_devices for use case (low-latency-playback)
01-30 16:03:09.603  1089  1544 W ActivityTaskManager: servicetracker HIDL not available
01-30 16:03:09.603  1089  1544 E ActivityTaskManager: Unable to get servicetracker HAL instance
01-30 16:03:09.604   480  1576 I msm8974_platform: platform_check_and_set_codec_backend_cfg:becf: afe: bitwidth 16, samplerate 48000 channels 2, backend_idx 0 usecase = 1 device (speaker)
01-30 16:03:09.604   480  1576 I msm8974_platform: platform_check_and_set_codec_backend_cfg: new_snd_devices[0] is 2
01-30 16:03:09.604   480  1576 I msm8974_platform: platform_check_codec_backend_cfg:becf: afe: bitwidth 16, samplerate 48000 channels 2, backend_idx 0 usecase = 1 device (speaker)
01-30 16:03:09.606   480  1576 D msm8974_platform: platform_check_codec_backend_cfg:becf: updated afe: bitwidth 16, samplerate 48000 channels 2,backend_idx 0 usecase = 1 device (speaker)
01-30 16:03:09.606   480  1576 I msm8974_platform: platform_check_codec_backend_cfg:becf: afe: Codec selected backend: 0 updated bit width: 16 and sample rate: 48000
01-30 16:03:09.606   480  1576 D audio_hw_primary: check_usecases_codec_backend:becf: force routing 0
01-30 16:03:09.607   480  1576 D audio_hw_primary: check_usecases_codec_backend:becf: (85) check_usecases curr device: speaker, usecase device: backends match 0
01-30 16:03:09.607   480  1576 D audio_hw_primary: check_usecases_codec_backend:becf: check_usecases num.of Usecases to switch 0
01-30 16:03:09.607   480  1576 D hardware_info: hw_info_append_hw_type : device_name = speaker
01-30 16:03:09.608   480  1576 D audio_hw_primary: enable_snd_device: snd_device(2: speaker)
01-30 16:03:09.608   480  1576 D msm8974_platform: platform_get_island_cfg_on_device:island cfg status on snd_device = (speaker 0)
01-30 16:03:09.608   480  1576 I soundtrigger: audio_extn_sound_trigger_update_device_status: device 0x2 of type 0 for Event 1, with Raise=0
01-30 16:03:09.609   480  1576 D audio_route: Apply path: speaker
01-30 16:03:09.611   480  1576 D soundtrigger: audio_extn_sound_trigger_update_stream_status: uc_info->id 1 of type 0 for Event 3, with Raise=0
01-30 16:03:09.611   480  1576 D audio_hw_utils: audio_extn_utils_send_app_type_cfg: usecase->out_snd_device speaker
01-30 16:03:09.612   480  1576 I audio_hw_utils: send_app_type_cfg_for_device PLAYBACK app_type 69937, acdb_dev_id 14, sample_rate 48000, snd_device_be_idx 43
01-30 16:03:09.613   504   504 D SurfaceFlinger: Setting power mode 0 on display 0
01-30 16:03:09.614   480  1576 D ACDB-LOADER: ACDB -> send_audio_cal, acdb_id = 14, path = 0, app id = 0x11131, sample rate = 48000, use_case = 0,buffer_idx_w_path =0, afe_sample_rate = 48000, cal_mode = 1, offset_index = 0
01-30 16:03:09.614   480  1576 D ACDB-LOADER: ACDB -> send_asm_topology
01-30 16:03:09.614   480  1576 D ACDB-LOADER: ACDB -> ACDB_CMD_GET_AUDPROC_STREAM_TOPOLOGY_ID
01-30 16:03:09.618   480  1576 D ACDB-LOADER: ACDB -> send_adm_topology
01-30 16:03:09.618   480  1576 D ACDB-LOADER: ACDB -> ACDB_CMD_GET_AUDPROC_COMMON_TOPOLOGY_ID
01-30 16:03:09.618   480  1576 D ACDB-LOADER: ACDB -> send_audtable
01-30 16:03:09.618   480  1576 D ACDB-LOADER: ACDB -> ACDB_CMD_GET_AUDPROC_COMMON_TABLE_SIZE
01-30 16:03:09.618   484   484 I SDM     : DisplayBase::SetDisplayState: Set state = 0, display 0
01-30 16:03:09.618   480  1576 D ACDB-LOADER: ACDB -> ACDB_CMD_GET_AUDPROC_COMMON_TABLE
01-30 16:03:09.619   480  1576 D ACDB-LOADER: ACDB -> AUDIO_SET_AUDPROC_CAL cal_type[11] acdb_id[14] app_type[69937]
01-30 16:03:09.619   480  1576 D ACDB-LOADER: ACDB -> send_audvoltable
01-30 16:03:09.619   480  1576 D ACDB-LOADER: ACDB -> ACDB_CMD_GET_AUDPROC_GAIN_DEP_STEP_TABLE_SIZE
01-30 16:03:09.619   480  1576 D ACDB-LOADER: ACDB -> ACDB_CMD_GET_AUDPROC_GAIN_DEP_STEP_TABLE, vol index 0
01-30 16:03:09.620   480  1576 D ACDB-LOADER: ACDB -> AUDIO_SET_VOL_CAL cal type = 12
01-30 16:03:09.620   480  1576 D ACDB-LOADER: ACDB -> ACDB_CMD_GET_AUDPROC_STREAM_TABLE_SIZE
01-30 16:03:09.620   480  1576 D ACDB-LOADER: ACDB -> send_audstrmtable
01-30 16:03:09.620   480  1576 D ACDB-LOADER: ACDB -> ACDB_CMD_GET_AUDPROC_STREAM_TABLE_V2
01-30 16:03:09.620   480  1576 D ACDB-LOADER: ACDB -> audstrm_cal->cal_type.cal_data.cal_size = 16
01-30 16:03:09.620   480  1576 D ACDB-LOADER: ACDB -> send_afe_topology
01-30 16:03:09.620   480  1576 D ACDB-LOADER: ACDB -> ACDB_CMD_GET_AFE_TOPOLOGY_ID
01-30 16:03:09.621   480  1576 D ACDB-LOADER: ACDB -> GET_AFE_TOPOLOGY_ID for adcd_id 14, Topology Id 1025e
01-30 16:03:09.621   480  1576 D ACDB-LOADER: ACDB -> send_afe_cal
01-30 16:03:09.621   480  1576 D ACDB-LOADER: ACDB -> ACDB_CMD_GET_AFE_COMMON_TABLE_SIZE
01-30 16:03:09.621   480  1576 D ACDB-LOADER: ACDB -> ACDB_CMD_GET_AFE_COMMON_TABLE
01-30 16:03:09.621   480  1576 D ACDB-LOADER: ACDB -> AUDIO_SET_AFE_CAL cal_type[16] acdb_id[14]
01-30 16:03:09.621   480  1576 D ACDB-LOADER: ACDB -> send_hw_delay : acdb_id = 14 path = 0
01-30 16:03:09.621   480  1576 D ACDB-LOADER: ACDB -> ACDB_AVSYNC_INFO: ACDB_CMD_GET_DEVICE_PROPERTY
01-30 16:03:09.621   480  1576 D audio_hw_primary: enable_audio_route: apply mixer and update path: low-latency-playback
01-30 16:03:09.622   480  1576 D audio_route: Apply path: low-latency-playback
01-30 16:03:09.623  1089  1180 I chatty  : uid=1000(system) android.display expire 1 line
01-30 16:03:09.625   811   932 I BtGatt.ScanManager: msg.what = 8
01-30 16:03:09.631   811   932 I BtGatt.ScanManager: msg.what = 4
01-30 16:03:09.651  1089  1180 W ActivityTaskManager: servicetracker HIDL not available
01-30 16:03:09.651  1089  1180 E ActivityTaskManager: Unable to get servicetracker HAL instance
01-30 16:03:09.654  1089  1180 W ActivityTaskManager: servicetracker HIDL not available
01-30 16:03:09.654  1089  1180 E ActivityTaskManager: Unable to get servicetracker HAL instance
01-30 16:03:09.664   480  1576 D msm8974_platform: platform_set_channel_map mixer_ctl_name:Playback Channel Map12
01-30 16:03:09.664   480  1576 D msm8974_platform: platform_set_channel_map: set mapping(1 2 0 0 0 0 0 0) for channel:2
01-30 16:03:09.666   480  1576 D audio_hw_primary: start_output_stream: exit
01-30 16:03:09.683  2670  2670 I NearbyDiscovery: FastPairDisplayObserver: STATE_ON -> STATE_OFF [CONTEXT service_id=265 ]
01-30 16:03:09.706  2670  2915 I NearbySharing: Screen is locked
01-30 16:03:09.714  2670  2915 I NearbySharing: Stopping scanning because the screen is locked.
01-30 16:03:09.730  1089  1544 W ActivityTaskManager: servicetracker HIDL not available
01-30 16:03:09.730  1089  1544 E ActivityTaskManager: Unable to get servicetracker HAL instance
01-30 16:03:09.731  1089  1544 W ActivityTaskManager: servicetracker HIDL not available
01-30 16:03:09.731  1089  1544 E ActivityTaskManager: Unable to get servicetracker HAL instance
01-30 16:03:09.769   295   295 I lowmemorykiller: Kill 'com.google.android.gms' (2673), uid 10127, oom_adj 915 to free 26076kB
01-30 16:03:09.816  2670  2939 I NearbyDiscovery: ApFastPairScanner: isScreenOn=false, isLocationEnabled=true, disableLocationRequirement=false, isDiscoveryScanningEnabled=true, during24GhzWifiWarmingUpPeriod=false [CONTEXT service_id=265 ]
01-30 16:03:09.835  2670  2939 D BluetoothAdapter: isLeEnabled(): BLE_ON
01-30 16:03:09.839  2670  2939 I NearbyDiscovery: ApFastPairScanner: eventType=SCREEN_OFF_FROM_DISPLAY_OBSERVER, intReq=false, scanning=true, scanAllowed=false, bleEnabled=true, lockScanRate=false, startScanningByLowPowerMode=false [CONTEXT service_id=265 ]
01-30 16:03:09.841  2670  2915 I NearbySharing: Stopping Fast Init advertisement because Bluetooth is off.
01-30 16:03:09.856  2670  2915 I NearbySharing: Stopping advertising because the screen is locked.
01-30 16:03:09.857  2670  2915 I NearbySharing: Stopping FastInitiation scanning because the screen is locked.
01-30 16:03:09.867   504   504 D SurfaceFlinger: Finished setting power mode 0 on display 0
01-30 16:03:09.868  1089  1468 I chatty  : uid=1000(system) PhotonicModulat expire 1 line
01-30 16:03:09.872  1089  1215 I DreamManagerService: Entering dreamland.
01-30 16:03:09.875  1089  1215 I PowerManagerService: Dozing...
01-30 16:03:09.877   490   490 I QTI PowerHAL: Power setMode: 7 to: 0
01-30 16:03:09.878  1089  1177 I DreamController: Starting dream: name=ComponentInfo{com.android.systemui/com.android.systemui.doze.DozeService}, isTest=false, canDoze=true, userId=0
01-30 16:03:09.880   490   490 I QTI PowerHAL: Got set_interactive hint
01-30 16:03:09.883  3492  3492 V GlobalScreenshot: clearing screenshot: close system dialogs
01-30 16:03:09.884   490   490 I QTI PowerHAL: Got set_interactive hint on= 0, count= 208
01-30 16:03:09.884   490   490 E QTI PowerHAL: Error opening /sys/kernel/hbtp/display_pwr: No such file or directory
01-30 16:03:09.884  1089  1177 I chatty  : uid=1000(system) android.fg expire 3 lines
01-30 16:03:09.885  1482  1482 V ShadeControllerImpl: NotificationShadeWindow: com.android.systemui.statusbar.phone.NotificationShadeWindowView{e4f3f5c I.E...... ......ID 0,0-720,1520} canPanelBeCollapsed(): false
01-30 16:03:09.889  2670  2939 I NearbyDiscovery: ApFastPairScanner: Stopping scan, scan-mode=balanced [CONTEXT service_id=265 ]
01-30 16:03:09.891  2670  2939 D BluetoothAdapter: isLeEnabled(): BLE_ON
01-30 16:03:09.898   811  1489 D BtGatt.GattService: stopScan() - queue size =1
01-30 16:03:09.927  1089  1544 I ActivityManager: Process com.google.android.gms (pid 2673) has died: cch+15 CEM 
01-30 16:03:09.929   396   396 I Zygote  : Process 2673 exited due to signal 9 (Killed)
01-30 16:03:09.938   295   295 I lowmemorykiller: Kill 'com.google.android.apps.searchlite' (2584), uid 10116, oom_adj 905 to free 27264kB
01-30 16:03:09.939  2670  2915 I NearbySharing: Fast Initiation Scanning has stopped
01-30 16:03:09.940  1482  1482 V KeyguardUpdateMonitor: *** register callback for com.android.systemui.doze.DozeUi$1@fe8711a
01-30 16:03:09.940  1482  1482 V KeyguardUpdateMonitor: *** unregister callback for null
01-30 16:03:09.965   811   932 I BtGatt.ScanManager: msg.what = 1
01-30 16:03:09.965   811   932 D BtGatt.ScanManager: stop scan
01-30 16:03:09.966   811  4031 D BtGatt.GattService: unregisterScanner() - scannerId=4
01-30 16:03:09.971  1577  1577 I AppBase : AppBase.onTrimMemory():786 onTrimMemory(): 15
01-30 16:03:09.971  1577  1577 I GoogleInputMethodService: GoogleInputMethodService.onTrimMemory():4569 onTrimMemory(): 15
01-30 16:03:09.975   502   863 W APM::AudioPolicyEngine: getDevicesForStrategy() unknown strategy: -1
01-30 16:03:09.976  1089  2719 I chatty  : uid=1000(system) Binder:1089_1E expire 1 line
01-30 16:03:09.986  2670  2915 I NearbySharing: Dismissing HUN as there's no device nearby.
01-30 16:03:09.993   811   921 D BtGatt.GattService: onScanFilterParamsConfigured() - clientIf=4, status=0, action=1, availableSpace=15
01-30 16:03:09.994   811   921 D BtGatt.ScanManager: callback done for scannerId - 4 status - 0
01-30 16:03:10.004   811   950 V bt_stack: [VERBOSE1:gatt_api.cc(993)] GATT_Deregister gatt_if=4
01-30 16:03:10.004   811   950 V bt_stack: [VERBOSE1:connection_manager.cc(161)] on_app_deregistered : app_id 0x04
01-30 16:03:10.006   811   921 D BtGatt.GattService: onScanFilterParamsConfigured() - clientIf=4, status=0, action=1, availableSpace=16
01-30 16:03:10.006   811   921 D BtGatt.ScanManager: callback done for scannerId - 4 status - 0
01-30 16:03:10.006  1482  1482 D StatusBar: updateQsExpansionEnabled - QS Expand enabled: false
01-30 16:03:10.006   811   932 D BtGatt.ScanManager: configureRegularScanParams() - queue=0
01-30 16:03:10.006   811   932 D BtGatt.ScanManager: configureRegularScanParams() - ScanSetting LE 1M Scan mode=-2147483648ScanSetting LE Coded Scan mode=-2147483648 mLastConfiguredScanSettingLE1M=1 mLastConfiguredScanSettingLECoded=-2147483648scanPhy=1
01-30 16:03:10.007   811   932 D BtGatt.ScanManager: configureRegularScanParams() - queue emtpy, scan stopped
01-30 16:03:10.007   811   932 D BtGatt.ScanManager: configureRegularScanParams() - queue emtpy, scan stopped
01-30 16:03:10.011  1482  1870 D KeyguardViewMediator: updateActivityLockScreenState(false, true)
01-30 16:03:10.031  1482  1482 D StatusBar: updateQsExpansionEnabled - QS Expand enabled: false
01-30 16:03:10.053  1482  1482 D StatusBar: updateQsExpansionEnabled - QS Expand enabled: false
01-30 16:03:10.067  1482  1482 D StatusBar: disable<e i a s b h r c s > disable2<q i n >
01-30 16:03:10.070  1482  1482 D StatusBar: disable<e i a s b h r c s > disable2<q i n >
01-30 16:03:10.083  1482  1224 D KeyguardViewMediator: onFinishedGoingToSleep(2)
01-30 16:03:10.083  1482  1224 D KeyguardViewMediator: notifyFinishedGoingToSleep
01-30 16:03:10.083  1482  1482 V KeyguardUpdateMonitor: startListeningForFingerprint()
01-30 16:03:10.084   396   396 I Zygote  : Process 2584 exited due to signal 9 (Killed)
01-30 16:03:10.085  1089  2461 I ActivityManager: Process com.google.android.apps.searchlite (pid 2584) has died: cch+5 CEM 
01-30 16:03:10.088  1482  1224 D KeyguardViewMediator: doKeyguard: showing the lock screen
01-30 16:03:10.089  1482  1224 D KeyguardViewMediator: showLocked
01-30 16:03:10.126  1482  1482 D StatusBar: disable<e i a s b h r c s > disable2<q i n >
01-30 16:03:10.127  1482  1482 W View    : requestLayout() improperly called by com.android.keyguard.CarrierText{cac6b74 V.ED..... ......ID 28,0-299,80 #7f0a0266 app:id/keyguard_carrier_text} during layout: running second layout pass
01-30 16:03:10.148   480   420 D audio_hw_primary: adev_set_parameters: enter: screen_state=off
01-30 16:03:10.152   480   420 W sound_trigger_hw: sound_trigger_hw_call_back: Unknown event 17
01-30 16:03:10.163  1089  1384 I chatty  : uid=1000(system) WifiHandlerThre expire 1 line
01-30 16:03:10.207  1482  1482 D KeyguardViewMediator: handleNotifyFinishedGoingToSleep
01-30 16:03:10.212  1482  1482 D KeyguardViewMediator: handleShow
01-30 16:03:10.219  1482  1870 D KeyguardViewMediator: updateActivityLockScreenState(true, true)
01-30 16:03:10.222  1482  1482 D StatusBar: disable<e i a s b h r c s > disable2<q i n >
01-30 16:03:10.223  1482  1482 I chatty  : uid=10154(com.android.systemui) identical 6 lines
01-30 16:03:10.237  1577  1577 I DeviceStatusMonitor: DeviceStatusMonitor$1.onReceive():57 onReceive() : Action = android.intent.action.SCREEN_OFF
01-30 16:03:10.241  1482  1482 V KeyguardUpdateMonitor: *** unregister callback for null
01-30 16:03:10.251  1482  1482 V KeyguardSecurityView: showPrimarySecurityScreen(turningOff=false)
01-30 16:03:10.251  1482  1482 D KeyguardSecurityView: showSecurityScreen(None)
01-30 16:03:10.259  1482  1482 D KeyguardUpdateMonitor: onKeyguardVisibilityChanged(true)
01-30 16:03:10.260  1482  1482 V KeyguardStatusView: refresh statusview showing:true
01-30 16:03:10.261  1482  1482 D KeyguardClockSwitch: Updating clock: 403
01-30 16:03:10.262  1577  1577 I InputBundle: InputBundle.consumeEvent():961 Skip consuming an event as imeStatus is 0
01-30 16:03:10.264  1482  1482 V KeyguardUpdateMonitor: startListeningForFingerprint()
01-30 16:03:10.271  1482  1482 D KeyguardViewMediator: adjustStatusBarLocked: mShowing=true mOccluded=false isSecure=false force=false --> flags=0x1200000
01-30 16:03:10.274  1482  1482 V KeyguardUpdateMonitor: startListeningForFingerprint()
01-30 16:03:10.275  1577  1577 I DeviceStatusMonitor: DeviceStatusMonitor.updateCountryInfo():117 updateCountryInfo(), notifyAnyway = false
01-30 16:03:10.280  1482  1482 V KeyguardDisplayManager: show
01-30 16:03:10.283  1482  1482 I KeyguardDisplayManager: Do not show KeyguardPresentation on the default display
01-30 16:03:10.292  1482  1482 V KeyguardStatusView: Schedule setEnableMarquee: Disable
01-30 16:03:10.293  1482  1482 V KeyguardStatusView: Disable transport text marquee
01-30 16:03:10.294  1482  1482 V KeyguardUpdateMonitor: startListeningForFingerprint()
01-30 16:03:10.295  1482  1482 D StatusBar: disable<e i a s b H!R!c s > disable2<q i n >
01-30 16:03:10.299  1482  1482 D StatusBar: disable<e i a s b H R c s > disable2<q i n >
01-30 16:03:10.300  1482  1482 D StatusBar: disable<e i a s b H R c s > disable2<q i n >
01-30 16:03:10.382  1482  1482 V KeyguardUpdateMonitor: *** register callback for com.android.keyguard.CarrierTextController$2@ec829f4
01-30 16:03:10.382  1482  1482 V KeyguardUpdateMonitor: *** unregister callback for null
01-30 16:03:10.382  1482  1482 D CarrierTextController: onRefreshCarrierInfo(), mTelephonyCapable: true
01-30 16:03:10.383  1482  1482 D CarrierTextController: updateCarrierText(): 0
01-30 16:03:10.383  1482  1482 D CarrierTextController: updateCarrierText(): 0
01-30 16:03:10.387  1482  1482 D CarrierTextController: Getting plmn/spn sticky brdcst No service/
01-30 16:03:10.388  1482  1482 D CarrierTextController: onTelephonyCapable() mTelephonyCapable: true
01-30 16:03:10.388  1482  1482 D CarrierTextController: updateCarrierText(): 0
01-30 16:03:10.388  1482  1482 D CarrierTextController: updateCarrierText(): 0
01-30 16:03:10.390  1482  1482 D CarrierTextController: Getting plmn/spn sticky brdcst No service/
01-30 16:03:10.390  1482  1482 D CarrierTextController: onSimStateChanged: SimMissing
01-30 16:03:10.401  1089  1180 V WindowManager: Orientation start waiting for draw, mDrawState=DRAW_PENDING in Window{5615ce0 u0 NotificationShade}, surfaceController Surface(name=NotificationShade)/@0x7e9ee8d
01-30 16:03:10.414  1482  1482 D KeyguardUpdateMonitor: handleKeyguardReset
01-30 16:03:10.418  1482  1482 V KeyguardUpdateMonitor: startListeningForFingerprint()
01-30 16:03:10.539   987  1059 E QMI_FW  : qmi_cci_get_ref: ref count increased 2
01-30 16:03:10.562   987  1059 I chatty  : uid=1001(radio) DispatcherModul identical 9 lines
01-30 16:03:10.564   987  1059 E QMI_FW  : qmi_cci_get_ref: ref count increased 2
01-30 16:03:10.569  2670  2939 I NearbyDiscovery: FastPairHandler: Received action android.intent.action.SCREEN_OFF [CONTEXT service_id=265 ]
01-30 16:03:10.583   987  1059 E QMI_FW  : qmi_cci_get_ref: ref count increased 2
01-30 16:03:10.607  2670  2939 I NearbyDiscovery: ApFastPairScanner: isScreenOn=false, isLocationEnabled=true, disableLocationRequirement=false, isDiscoveryScanningEnabled=true, during24GhzWifiWarmingUpPeriod=false [CONTEXT service_id=265 ]
01-30 16:03:10.620  2670  2939 D BluetoothAdapter: isLeEnabled(): BLE_ON
01-30 16:03:10.621  2670  2939 I NearbyDiscovery: ApFastPairScanner: eventType=SCREEN_OFF, intReq=false, scanning=false, scanAllowed=false, bleEnabled=true, lockScanRate=false, startScanningByLowPowerMode=false [CONTEXT service_id=265 ]
01-30 16:03:10.628  2670  2939 I NearbyDiscovery: FastPairController: onSystemStateChanged: skip due to flag disabled [CONTEXT service_id=265 ]
01-30 16:03:10.745    73    73 I kswapd0:0: type=1400 audit(0.0:14280): avc: denied { kill } for capability=5 scontext=u:r:kernel:s0 tcontext=u:r:kernel:s0 tclass=capability permissive=1
01-30 16:03:10.943  2670  2670 D BoundBrokerSvc: onRebind: Intent { act=com.google.android.gms.libs.gmscorelogger.service.START dat=chimera-action: cmp=com.google.android.gms/.chimera.PersistentDirectBootAwareApiService }
01-30 16:03:11.151  2789  2815 I ti.diagservice: Waiting for a blocking GC ProfileSaver
01-30 16:03:11.244  2789  2815 I ti.diagservice: WaitForGcToComplete blocked ProfileSaver on AddRemoveAppImageSpace for 93.511ms
01-30 16:03:11.259  2789  2808 I ti.diagservice: WaitForGcToComplete blocked RunEmptyCheckpoint on ProfileSaver for 14.727ms
01-30 16:03:11.571  2827  2827 I chatty  : uid=1000(system) expire 35 lines
01-30 16:03:11.866  2827  2828 I chatty  : uid=1000(system) expire 1 line
01-30 16:03:11.869  2827  2827 E improveTouch: [DSPTouchProcessor:823] deInit: invalid state (current = 0)
01-30 16:03:11.869  2827  2827 D improveTouch: [DSPTouchProcessor:827] deInit: X pa_utf_ret = 1, ret = 1073741835
01-30 16:03:11.869  2827  2827 E improveTouch: [TouchServer:83] delete event injector
01-30 16:03:11.869  2827  2827 E improveTouch: [TouchServer:87] delete config management
01-30 16:03:11.870  2827  2827 E improveTouch: [TouchServer:90] fail to start daemon
01-30 16:03:11.871  2827  2827 E improveTouch: [Main:169] fail to initiate touch server
01-30 16:03:12.901   480   517 D audio_hw_primary: out_standby: enter: stream (0xafa69800) usecase(1: low-latency-playback)
01-30 16:03:12.982   480   517 D audio_hw_primary: disable_audio_route: reset and update mixer path: low-latency-playback
01-30 16:03:12.983   480   517 D soundtrigger: audio_extn_sound_trigger_update_stream_status: uc_info->id 1 of type 0 for Event 2, with Raise=0
01-30 16:03:12.983   480   517 D hardware_info: hw_info_append_hw_type : device_name = speaker
01-30 16:03:12.983   480   517 D audio_hw_primary: disable_snd_device: snd_device(2: speaker)
01-30 16:03:12.984   480   517 I soundtrigger: audio_extn_sound_trigger_update_device_status: device 0x2 of type 0 for Event 0, with Raise=0
01-30 16:03:13.001  1089  1148 I chatty  : uid=1000(system) Binder:1089_1 expire 10 lines
01-30 16:03:14.362  1089  1180 W ActivityTaskManager: Sleep timeout!  Sleeping now.
01-30 16:03:15.825  1632  1648 I .dataservices: Background concurrent copying GC freed 49(48KB) AllocSpace objects, 0(0B) LOS objects, 91% free, 1728KB/19MB, paused 128us total 110.172ms
01-30 16:03:16.484  2829  2829 I chatty  : uid=1000(system) expire 35 lines
01-30 16:03:16.744  2829  2830 I chatty  : uid=1000(system) expire 1 line
01-30 16:03:16.745  2829  2829 E improveTouch: [DSPTouchProcessor:823] deInit: invalid state (current = 0)
01-30 16:03:16.745  2829  2829 D improveTouch: [DSPTouchProcessor:827] deInit: X pa_utf_ret = 1, ret = 1073741835
01-30 16:03:16.745  2829  2829 E improveTouch: [TouchServer:83] delete event injector
01-30 16:03:16.745  2829  2829 E improveTouch: [TouchServer:87] delete config management
01-30 16:03:16.747  2829  2829 E improveTouch: [TouchServer:90] fail to start daemon
01-30 16:03:16.747  2829  2829 E improveTouch: [Main:169] fail to initiate touch server
01-30 16:03:20.656  2670  3835 I NearbyPresence: cqrf verified [==] new request BroadcastEngineRequest:<priority: 400, identityManager: null, broadcastOobContext: BroadcastOobContext:<peerDevice: {}, localUwbCapabilities: {}, peerUwbConnectionInfoMap: {}, tcpServerPort: null, AdvertisementMaps: {}, dedupHint: [10, -33, -85, -20, -94, -35, -11, 102], isNetworkConnected: false, isBluetoothEnabled false, workSource=WorkSource{}> equals to the old request [CONTEXT service_id=317 ]
01-30 16:03:21.456  2832  2832 I chatty  : uid=1000(system) expire 35 lines
01-30 16:03:21.720  2832  2833 I chatty  : uid=1000(system) expire 1 line
01-30 16:03:21.722  2832  2832 E improveTouch: [DSPTouchProcessor:823] deInit: invalid state (current = 0)
01-30 16:03:21.722  2832  2832 D improveTouch: [DSPTouchProcessor:827] deInit: X pa_utf_ret = 1, ret = 1073741835
01-30 16:03:21.722  2832  2832 E improveTouch: [TouchServer:83] delete event injector
01-30 16:03:21.722  2832  2832 E improveTouch: [TouchServer:87] delete config management
01-30 16:03:21.723  2832  2832 E improveTouch: [TouchServer:90] fail to start daemon
01-30 16:03:21.723  2832  2832 E improveTouch: [Main:169] fail to initiate touch server
01-30 16:03:26.063   297   297 I chatty  : uid=1000(system) hwservicemanage expire 10 lines
01-30 16:03:26.067  2670  2670 D BoundBrokerSvc: onUnbind: Intent { act=com.google.android.gms.libs.gmscorelogger.service.START dat=chimera-action: cmp=com.google.android.gms/.chimera.PersistentDirectBootAwareApiService }
01-30 16:03:26.467  2835  2835 I chatty  : uid=1000(system) expire 36 lines
01-30 16:03:26.742  2835  2837 I chatty  : uid=1000(system) expire 1 line
01-30 16:03:26.749  2835  2835 D improveTouch: [DSPTouchProcessor:827] deInit: X pa_utf_ret = 1, ret = 1073741835
01-30 16:03:26.749  2835  2835 E improveTouch: [TouchServer:83] delete event injector
01-30 16:03:26.749  2835  2835 E improveTouch: [TouchServer:87] delete config management
01-30 16:03:26.750  2835  2835 E improveTouch: [TouchServer:90] fail to start daemon
01-30 16:03:26.751  2835  2835 E improveTouch: [Main:169] fail to initiate touch server
01-30 16:03:27.836   987  1142 E QMI_FW  : qmi_cci_get_ref: ref count increased 2
01-30 16:03:31.572  2840  2840 I chatty  : uid=1000(system) expire 35 lines
01-30 16:03:31.669   987  1142 E QMI_FW  : qmi_cci_get_ref: ref count increased 2
01-30 16:03:31.838  2840  2841 I chatty  : uid=1000(system) expire 1 line
01-30 16:03:31.839  2840  2840 E improveTouch: [DSPTouchProcessor:823] deInit: invalid state (current = 0)
01-30 16:03:31.839  2840  2840 D improveTouch: [DSPTouchProcessor:827] deInit: X pa_utf_ret = 1, ret = 1073741835
01-30 16:03:31.839  2840  2840 E improveTouch: [TouchServer:83] delete event injector
01-30 16:03:31.840  2840  2840 E improveTouch: [TouchServer:87] delete config management
01-30 16:03:31.841  2840  2840 E improveTouch: [TouchServer:90] fail to start daemon
01-30 16:03:31.841  2840  2840 E improveTouch: [Main:169] fail to initiate touch server
01-30 16:03:35.970  1748  1765 I m.android.phon: Background concurrent copying GC freed 5832(531KB) AllocSpace objects, 0(0B) LOS objects, 87% free, 2744KB/20MB, paused 159us total 281.038ms
01-30 16:03:36.629  2842  2842 I chatty  : uid=1000(system) expire 35 lines
01-30 16:03:36.890  2842  2844 I chatty  : uid=1000(system) expire 1 line
01-30 16:03:36.892  2842  2842 E improveTouch: [DSPTouchProcessor:823] deInit: invalid state (current = 0)
01-30 16:03:36.892  2842  2842 D improveTouch: [DSPTouchProcessor:827] deInit: X pa_utf_ret = 1, ret = 1073741835
01-30 16:03:36.892  2842  2842 E improveTouch: [TouchServer:83] delete event injector
01-30 16:03:36.892  2842  2842 E improveTouch: [TouchServer:87] delete config management
01-30 16:03:36.893  2842  2842 E improveTouch: [TouchServer:90] fail to start daemon
01-30 16:03:36.893  2842  2842 E improveTouch: [Main:169] fail to initiate touch server
01-30 16:03:40.891  2255  2306 I .redbend.clien: Background concurrent copying GC freed 504(63KB) AllocSpace objects, 16(832KB) LOS objects, 89% free, 2091KB/20MB, paused 202us total 173.950ms
01-30 16:03:41.495  2847  2847 I chatty  : uid=1000(system) expire 35 lines
01-30 16:03:41.754  2847  2848 I chatty  : uid=1000(system) expire 1 line
01-30 16:03:41.755  2847  2847 E improveTouch: [DSPTouchProcessor:823] deInit: invalid state (current = 0)
01-30 16:03:41.755  2847  2847 D improveTouch: [DSPTouchProcessor:827] deInit: X pa_utf_ret = 1, ret = 1073741835
01-30 16:03:41.755  2847  2847 E improveTouch: [TouchServer:83] delete event injector
01-30 16:03:41.755  2847  2847 E improveTouch: [TouchServer:87] delete config management
01-30 16:03:41.756  2847  2847 E improveTouch: [TouchServer:90] fail to start daemon
01-30 16:03:41.756  2847  2847 E improveTouch: [Main:169] fail to initiate touch server
01-30 16:03:45.572   811   950 I bt_stack: [INFO:btm_ble_bgconn.cc(420)] Already connection initiated (or) No Pending connections(or) Resources of lcb are exhausted
01-30 16:03:45.984  2263  2284 I alcomm.locatio: Background concurrent copying GC freed 40(48KB) AllocSpace objects, 0(0B) LOS objects, 91% free, 1781KB/19MB, paused 142us total 281.873ms
01-30 16:03:46.543  2850  2850 I chatty  : uid=1000(system) expire 36 lines
01-30 16:03:46.807  2850  2851 I chatty  : uid=1000(system) expire 1 line
01-30 16:03:46.808  2850  2850 D improveTouch: [DSPTouchProcessor:827] deInit: X pa_utf_ret = 1, ret = 1073741835
01-30 16:03:46.808  2850  2850 E improveTouch: [TouchServer:83] delete event injector
01-30 16:03:46.809  2850  2850 E improveTouch: [TouchServer:87] delete config management
01-30 16:03:46.810  2850  2850 E improveTouch: [TouchServer:90] fail to start daemon
01-30 16:03:46.810  2850  2850 E improveTouch: [Main:169] fail to initiate touch server
01-30 16:03:47.039   987  1142 E QMI_FW  : qmi_cci_get_ref: ref count increased 2
01-30 16:03:49.262  1754  1754 W JobInfo : Requested backoff +5s0ms for job 1001 is too small; raising to +10s0ms
01-30 16:03:49.377  1089  2333 I chatty  : uid=1000(system) Binder:1089_1B expire 5 lines
01-30 16:03:50.067  2670  2891 W Settings: Setting airplane_mode_on has moved from android.provider.Settings.System to android.provider.Settings.Global, returning read-only value.
01-30 16:03:50.076  2670  2891 W Settings: Setting airplane_mode_on has moved from android.provider.Settings.System to android.provider.Settings.Global, returning read-only value.
01-30 16:03:50.135   987  1059 E QMI_FW  : qmi_cci_get_ref: ref count increased 2
01-30 16:03:50.150   987  1059 E QMI_FW  : qmi_cci_get_ref: ref count increased 2
01-30 16:03:50.151  1089  1401 I chatty  : uid=1000(system) WifiScanningSer expire 1 line
01-30 16:03:50.155   987  1059 E QMI_FW  : qmi_cci_get_ref: ref count increased 2
01-30 16:03:50.160   987  1059 E QMI_FW  : qmi_cci_get_ref: ref count increased 2
01-30 16:03:50.161   492  3676 V WifiHAL : event received NL80211_CMD_TRIGGER_SCAN
01-30 16:03:50.165   909  3596 I chatty  : uid=1021(gps) lowi-server expire 31 lines
01-30 16:03:50.782   492  3676 V WifiHAL : event received NL80211_CMD_NEW_SCAN_RESULTS
01-30 16:03:50.787   909  3596 D LOWI-9.0.0.79: [LOWI-Scan] print_bss_handler: Report Probe TSF 694053172448 as it greater than Beacon TSF 693992236342
01-30 16:03:50.787   909  3596 I LOWI-9.0.0.79: [LOWI-Scan] RSN_IE
01-30 16:03:50.788   909  3596 D LOWI-9.0.0.79: [LOWI-Scan] decode_rsn_wpa_ie: Entered
01-30 16:03:50.788   909  3596 D LOWI-9.0.0.79: [LOWIUtils] hexDump: msg(30 14 01 00 00 0f ac 04 01 00 00 0f ac 04 01 00 00 0f ac 01 )
01-30 16:03:50.788   909  3596 D LOWI-9.0.0.79: [LOWI-Scan] decode_rsn_wpa_ie: LOWI_ENCRYPTION_TYPE_WPA_EAP
01-30 16:03:50.788   909  3596 D LOWI-9.0.0.79: [LOWI-Scan] is_qcom_ie, bss_age: 54
01-30 16:03:50.788   909  3596 D LOWI-9.0.0.79: [LOWI-Scan] BSS 00:a0:0a:2c:c1:11 LOWI_PHY_MODE_11NG_HT20(5), Beacon Interval: 100, LOWI_ENCRYPTION_TYPE_WPA_EAP 11mcRanging: No, ANQP: Yes, LCI: No, Civic: No, capability(0x0431): ESS Privacy ShortPreamble ShortSlotTime
01-30 16:03:50.788   909  3596 D LOWI-9.0.0.79: [LOWI-Scan] BSS 00:a0:0a:2c:c1:11 FREQ: 2412, cFreq1[40:80:160] = [0:0:0] cFreq2 = 0 Country Code = IN 
01-30 16:03:50.789   909  3596 D LOWI-9.0.0.79: [LOWI-Scan] BSS 00:a0:0a:2c:c1:11 (wlan0) ASSO: NO AddInfo: 0x0, TSF 8, 00:47:33.172, RSSI: -150, CPL: 127, AGE: 0,  SSID JioPrivateNet, TSFDelta: 0x0, TXRate: 0
01-30 16:03:50.790   909  3596 D LOWI-9.0.0.79: [LOWI-Scan] 
01-30 16:03:50.790   909  3596 D LOWI-9.0.0.79: [LOWI-Scan] print_bss_handler: Report Probe TSF 694053172398 as it greater than Beacon TSF 693992236300
01-30 16:03:50.798   909  3596 I LOWI-9.0.0.79: [LOWI-Scan] RSN_IE
01-30 16:03:50.798   909  3596 D LOWI-9.0.0.79: [LOWI-Scan] decode_rsn_wpa_ie: Entered
01-30 16:03:50.799   909  3596 D LOWI-9.0.0.79: [LOWIUtils] hexDump: msg(30 18 01 00 00 0f ac 04 01 00 00 0f ac 04 02 00 00 0f ac 02 00 0f ac 04 )
01-30 16:03:50.799   909  3596 D LOWI-9.0.0.79: [LOWI-Scan] decode_rsn_wpa_ie: LOWI_ENCRYPTION_TYPE_WPA_PSK
01-30 16:03:50.799   909  3596 D LOWI-9.0.0.79: [LOWI-Scan] is_qcom_ie, bss_age: 29
01-30 16:03:50.799   909  3596 D LOWI-9.0.0.79: [LOWI-Scan] BSS 3e:44:cf:3b:e2:ba LOWI_PHY_MODE_11AC_VHT40_2G(12), Beacon Interval: 100, LOWI_ENCRYPTION_TYPE_WPA_PSK 11mcRanging: No, ANQP: Yes, LCI: No, Civic: No, capability(0x1411): ESS Privacy ShortSlotTime
01-30 16:03:50.799   909  3596 D LOWI-9.0.0.79: [LOWI-Scan] BSS 3e:44:cf:3b:e2:ba FREQ: 2442, cFreq1[40:80:160] = [2432:0:0] cFreq2 = 0 Country Code = US 
01-30 16:03:50.799   909  3596 D LOWI-9.0.0.79: [LOWI-Scan] BSS 3e:44:cf:3b:e2:ba (wlan0) ASSO: NO AddInfo: 0x0, TSF 8, 00:47:33.172, RSSI: -126, CPL: 127, AGE: 0,  SSID VT-HQ-HYD_Guest, TSFDelta: 0x0, TXRate: 0
01-30 16:03:50.800   909  3596 D LOWI-9.0.0.79: [LOWI-Scan] 
01-30 16:03:50.800   909  3596 D LOWI-9.0.0.79: [LOWI-Scan] print_bss_handler: Report Probe TSF 694053172420 as it greater than Beacon TSF 693992236319
01-30 16:03:50.800   909  3596 I LOWI-9.0.0.79: [LOWI-Scan] RSN_IE
01-30 16:03:50.800   909  3596 D LOWI-9.0.0.79: [LOWI-Scan] decode_rsn_wpa_ie: Entered
01-30 16:03:50.800   909  3596 D LOWI-9.0.0.79: [LOWIUtils] hexDump: msg(30 18 01 00 00 0f ac 04 01 00 00 0f ac 04 02 00 00 0f ac 02 00 0f ac 04 )
01-30 16:03:50.800   909  3596 D LOWI-9.0.0.79: [LOWI-Scan] decode_rsn_wpa_ie: LOWI_ENCRYPTION_TYPE_WPA_PSK
01-30 16:03:50.800   909  3596 D LOWI-9.0.0.79: [LOWI-Scan] is_qcom_ie, bss_age: 28
01-30 16:03:50.800   909  3596 D LOWI-9.0.0.79: [LOWI-Scan] BSS 3e:24:cf:3b:e2:ba LOWI_PHY_MODE_11AC_VHT40_2G(12), Beacon Interval: 100, LOWI_ENCRYPTION_TYPE_WPA_PSK 11mcRanging: No, ANQP: Yes, LCI: No, Civic: No, capability(0x1411): ESS Privacy ShortSlotTime
01-30 16:03:50.800   909  3596 D LOWI-9.0.0.79: [LOWI-Scan] BSS 3e:24:cf:3b:e2:ba FREQ: 2442, cFreq1[40:80:160] = [2432:0:0] cFreq2 = 0 Country Code = US 
01-30 16:03:50.800   909  3596 D LOWI-9.0.0.79: [LOWI-Scan] BSS 3e:24:cf:3b:e2:ba (wlan0) ASSO: NO AddInfo: 0x0, TSF 8, 00:47:33.172, RSSI: -126, CPL: 127, AGE: 0,  SSID VT-HQ-HYD, TSFDelta: 0x0, TXRate: 0
01-30 16:03:50.801   909  3596 D LOWI-9.0.0.79: [LOWI-Scan] 
01-30 16:03:50.801   909  3596 D LOWI-9.0.0.79: [LOWI-Scan] print_bss_handler: Report Probe TSF 694053172473 as it greater than Beacon TSF 693992236370
01-30 16:03:50.801   909  3596 D LOWI-9.0.0.79: [LOWI-Scan] is_qcom_ie, bss_age: 55
01-30 16:03:50.801   909  3596 D LOWI-9.0.0.79: [LOWI-Scan] BSS 00:a0:0a:2c:c1:10 LOWI_PHY_MODE_11NG_HT20(5), Beacon Interval: 100, LOWI_ENCRYPTION_TYPE_OPEN 11mcRanging: No, ANQP: No, LCI: No, Civic: No, capability(0x0421): ESS ShortPreamble ShortSlotTime
01-30 16:03:50.802   909  3596 D LOWI-9.0.0.79: [LOWI-Scan] BSS 00:a0:0a:2c:c1:10 FREQ: 2412, cFreq1[40:80:160] = [0:0:0] cFreq2 = 0 Country Code = IN 
01-30 16:03:50.802   909  3596 D LOWI-9.0.0.79: [LOWI-Scan] BSS 00:a0:0a:2c:c1:10 (wlan0) ASSO: NO AddInfo: 0x0, TSF 8, 00:47:33.172, RSSI: -150, CPL: 127, AGE: 0,  SSID JioNet, TSFDelta: 0x0, TXRate: 0
01-30 16:03:50.802   909  3596 D LOWI-9.0.0.79: [LOWI-Scan] 
01-30 16:03:50.802   909  3596 D LOWI-9.0.0.79: [LOWI-Scan] print_bss_handler: Report beacon TSF 694053172496 as it greater than probe TSF 694053172496
01-30 16:03:50.802   909  3596 I LOWI-9.0.0.79: [LOWI-Scan] RSN_IE
01-30 16:03:50.803   909  3596 D LOWI-9.0.0.79: [LOWI-Scan] decode_rsn_wpa_ie: Entered
01-30 16:03:50.803   909  3596 D LOWI-9.0.0.79: [LOWIUtils] hexDump: msg(30 18 01 00 00 0f ac 04 01 00 00 0f ac 04 02 00 00 0f ac 02 00 0f ac 04 )
01-30 16:03:50.803   909  3596 D LOWI-9.0.0.79: [LOWI-Scan] decode_rsn_wpa_ie: LOWI_ENCRYPTION_TYPE_WPA_PSK
01-30 16:03:50.803   909  3596 D LOWI-9.0.0.79: [LOWI-Scan] is_qcom_ie, bss_age: 31
01-30 16:03:50.803   909  3596 D LOWI-9.0.0.79: [LOWI-Scan] BSS 3e:24:cf:3b:e2:da LOWI_PHY_MODE_11AC_VHT40_2G(12), Beacon Interval: 100, LOWI_ENCRYPTION_TYPE_WPA_PSK 11mcRanging: No, ANQP: Yes, LCI: No, Civic: No, capability(0x1411): ESS Privacy ShortSlotTime
01-30 16:03:50.803   909  3596 D LOWI-9.0.0.79: [LOWI-Scan] BSS 3e:24:cf:3b:e2:da FREQ: 2442, cFreq1[40:80:160] = [2432:0:0] cFreq2 = 0 Country Code = US 
01-30 16:03:50.803   909  3596 D LOWI-9.0.0.79: [LOWI-Scan] BSS 3e:24:cf:3b:e2:da (wlan0) ASSO: NO AddInfo: 0x1, TSF 8, 00:47:33.172, RSSI: -152, CPL: 127, AGE: 0,  SSID VT-HQ-HYD, TSFDelta: 0x0, TXRate: 0
01-30 16:03:50.804   909  3596 D LOWI-9.0.0.79: [LOWI-Scan] 
01-30 16:03:50.804   909  3596 D LOWI-9.0.0.79: [LOWI-Scan] print_bss_handler: Report beacon TSF 694053172530 as it greater than probe TSF 694053172530
