01-30 15:50:40.105   909  3596 D LOWI-9.0.0.79: [LOWI-Scan] decode_rsn_wpa_ie: LOWI_ENCRYPTION_TYPE_WPA_PSK
01-30 15:50:40.105   909  3596 D LOWI-9.0.0.79: [LOWI-Scan] is_qcom_ie, bss_age: 44
01-30 15:50:40.105   909  3596 D LOWI-9.0.0.79: [LOWI-Scan] BSS ee:db:70:4f:8b:76 LOWI_PHY_MODE_11AC_VHT20_2G(11), Beacon Interval: 100, LOWI_ENCRYPTION_TYPE_WPA_PSK 11mcRanging: No, ANQP: No, LCI: No, Civic: No, capability(0x0411): ESS Privacy ShortSlotTime
01-30 15:50:40.105   909  3596 D LOWI-9.0.0.79: [LOWI-Scan] BSS ee:db:70:4f:8b:76 FREQ: 2412, cFreq1[40:80:160] = [0:0:0] cFreq2 = 0 Country Code =    
01-30 15:50:40.105   909  3596 D LOWI-9.0.0.79: [LOWI-Scan] BSS ee:db:70:4f:8b:76 (wlan0) ASSO: NO AddInfo: 0x0, TSF 8, 00:34:22.493, RSSI: -68, CPL: 127, AGE: 0,  SSID POCO C65, TSFDelta: 0x0, TXRate: 0
01-30 15:50:40.106   909  3596 D LOWI-9.0.0.79: [LOWI-Scan] 
01-30 15:50:40.106   909  3596 D LOWI-9.0.0.79: [LOWI-Scan] print_bss_handler: Report beacon TSF 693262493868 as it greater than probe TSF 693201872250
01-30 15:50:40.106   909  3596 D LOWI-9.0.0.79: [LOWI-Scan] is_qcom_ie, bss_age: 10
01-30 15:50:40.106   909  3596 D LOWI-9.0.0.79: [LOWI-Scan] BSS 20:db:ab:95:b3:af LOWI_PHY_MODE_11NG_HT20(5), Beacon Interval: 100, LOWI_ENCRYPTION_TYPE_OPEN 11mcRanging: No, ANQP: No, LCI: No, Civic: No, capability(0x1421): ESS ShortPreamble ShortSlotTime
01-30 15:50:40.106   909  3596 D LOWI-9.0.0.79: [LOWI-Scan] BSS 20:db:ab:95:b3:af FREQ: 2462, cFreq1[40:80:160] = [0:0:0] cFreq2 = 0 Country Code = IN 
01-30 15:50:40.106   909  3596 D LOWI-9.0.0.79: [LOWI-Scan] BSS 20:db:ab:95:b3:af (wlan0) ASSO: NO AddInfo: 0x1, TSF 8, 00:34:22.493, RSSI: -102, CPL: 127, AGE: 0,  SSID JioNet, TSFDelta: 0x0, TXRate: 0
01-30 15:50:40.107   909  3596 D LOWI-9.0.0.79: [LOWI-Scan] 
01-30 15:50:40.107   909  3596 D LOWI-9.0.0.79: [LOWI-Scan] print_bss_handler: Report Probe TSF 693262493891 as it greater than Beacon TSF 693201872279
01-30 15:50:40.107   909  3596 I LOWI-9.0.0.79: [LOWI-Scan] RSN_IE
01-30 15:50:40.107   909  3596 D LOWI-9.0.0.79: [LOWI-Scan] decode_rsn_wpa_ie: Entered
01-30 15:50:40.107   909  3596 D LOWI-9.0.0.79: [LOWIUtils] hexDump: msg(30 18 01 00 00 0f ac 04 01 00 00 0f ac 04 02 00 00 0f ac 01 00 0f ac 03 )
01-30 15:50:40.107   909  3596 D LOWI-9.0.0.79: [LOWI-Scan] decode_rsn_wpa_ie: LOWI_ENCRYPTION_TYPE_WPA_EAP
01-30 15:50:40.107   909  3596 D LOWI-9.0.0.79: [LOWI-Scan] is_qcom_ie, bss_age: 10
01-30 15:50:40.107   909  3596 D LOWI-9.0.0.79: [LOWI-Scan] BSS 20:db:ab:95:b3:ae LOWI_PHY_MODE_11NG_HT20(5), Beacon Interval: 100, LOWI_ENCRYPTION_TYPE_WPA_EAP 11mcRanging: No, ANQP: Yes, LCI: No, Civic: No, capability(0x1431): ESS Privacy ShortPreamble ShortSlotTime
01-30 15:50:40.107   909  3596 D LOWI-9.0.0.79: [LOWI-Scan] BSS 20:db:ab:95:b3:ae FREQ: 2462, cFreq1[40:80:160] = [0:0:0] cFreq2 = 0 Country Code = IN 
01-30 15:50:40.107   909  3596 D LOWI-9.0.0.79: [LOWI-Scan] BSS 20:db:ab:95:b3:ae (wlan0) ASSO: NO AddInfo: 0x0, TSF 8, 00:34:22.493, RSSI: -102, CPL: 127, AGE: 0,  SSID JioPrivateNet, TSFDelta: 0x0, TXRate: 0
01-30 15:50:40.108   909  3596 D LOWI-9.0.0.79: [LOWI-Scan] 
01-30 15:50:40.108   909  3596 D LOWI-9.0.0.79: [LOWI-Scan] print_bss_handler: Report beacon TSF 693262493914 as it greater than probe TSF 693262493914
01-30 15:50:40.108   909  3596 D LOWI-9.0.0.79: [LOWI-Scan] is_qcom_ie, bss_age: 12
01-30 15:50:40.108   909  3596 D LOWI-9.0.0.79: [LOWI-Scan] BSS 20:db:ab:94:c1:ef LOWI_PHY_MODE_11NG_HT20(5), Beacon Interval: 100, LOWI_ENCRYPTION_TYPE_OPEN 11mcRanging: No, ANQP: No, LCI: No, Civic: No, capability(0x1421): ESS ShortPreamble ShortSlotTime
01-30 15:50:40.108   909  3596 D LOWI-9.0.0.79: [LOWI-Scan] BSS 20:db:ab:94:c1:ef FREQ: 2462, cFreq1[40:80:160] = [0:0:0] cFreq2 = 0 Country Code = IN 
01-30 15:50:40.108   909  3596 D LOWI-9.0.0.79: [LOWI-Scan] BSS 20:db:ab:94:c1:ef (wlan0) ASSO: NO AddInfo: 0x1, TSF 8, 00:34:22.493, RSSI: -172, CPL: 127, AGE: 0,  SSID JioNet, TSFDelta: 0x0, TXRate: 0
01-30 15:50:40.110   909  3596 D LOWI-9.0.0.79: [LOWI-Scan] 
01-30 15:50:40.110   909  3596 D LOWI-9.0.0.79: [LOWI-Scan] print_bss_handler: Report beacon TSF 693262493935 as it greater than probe TSF 693262493935
01-30 15:50:40.110   909  3596 I LOWI-9.0.0.79: [LOWI-Scan] RSN_IE
01-30 15:50:40.111   909  3596 D LOWI-9.0.0.79: [LOWI-Scan] decode_rsn_wpa_ie: Entered
01-30 15:50:40.112   909  3596 D LOWI-9.0.0.79: [LOWIUtils] hexDump: msg(30 18 01 00 00 0f ac 04 01 00 00 0f ac 04 02 00 00 0f ac 02 00 0f ac 08 )
01-30 15:50:40.112   909  3596 D LOWI-9.0.0.79: [LOWI-Scan] decode_rsn_wpa_ie: LOWI_ENCRYPTION_TYPE_WPA_PSK
01-30 15:50:40.112   909  3596 D LOWI-9.0.0.79: [LOWI-Scan] is_qcom_ie, bss_age: 8
01-30 15:50:40.112   909  3596 D LOWI-9.0.0.79: [LOWI-Scan] BSS 62:c7:76:78:39:8e LOWI_PHY_MODE_11AC_VHT40_2G(12), Beacon Interval: 100, LOWI_ENCRYPTION_TYPE_WPA_PSK 11mcRanging: No, ANQP: Yes, LCI: No, Civic: No, capability(0x1431): ESS Privacy ShortPreamble ShortSlotTime
01-30 15:50:40.112   909  3596 D LOWI-9.0.0.79: [LOWI-Scan] BSS 62:c7:76:78:39:8e FREQ: 2462, cFreq1[40:80:160] = [2452:0:0] cFreq2 = 0 Country Code = IN
01-30 15:50:40.112   909  3596 D LOWI-9.0.0.79: [LOWI-Scan] BSS 62:c7:76:78:39:8e (wlan0) ASSO: NO AddInfo: 0x1, TSF 8, 00:34:22.493, RSSI: -198, CPL: 127, AGE: 0,  SSID POCO F7, TSFDelta: 0x0, TXRate: 0
01-30 15:50:40.113   909  3596 D LOWI-9.0.0.79: [LOWIDiagLog] Log: lowiMeasResult->request: invalid null argument
01-30 15:50:40.113   909  3596 I LOWI-9.0.0.79: [LOWI-Scan] lowi_close_record:Scan done in 693220532ms, 5 APs in scan results
01-30 15:50:40.113   909  3596 D LOWI-9.0.0.79: [LOWI-Scan] WipsScanUsingNL: passive scan cached 0, took 60609 ms, err 0
01-30 15:50:40.113   909  3596 D LOWI-9.0.0.79: [LOWI-Scan] lowi_proc_req_passive_scan_with_live_meas - No WLAN Frames to be parsed
01-30 15:50:40.113   909  3596 D LOWI-9.0.0.79: [LOWIScanResultReceiver] Send scan meas to listener
01-30 15:50:40.114   909  3596 D LOWI-9.0.0.79: [LOWIScanResultReceiver] Enter passive listening mode
01-30 15:50:40.114   909  3596 D LOWI-9.0.0.79: [LOWIWifiDriverInterface] getMeasurements - Passive listening mode
01-30 15:50:40.114   909   961 D LOWI-9.0.0.79: [LOWIEventReceiver] handleEvent:FROM:NA, TO:NA, REQ:NA, IREQ:NA, REQ_ID:0, RESP:NA, INFO:NA
01-30 15:50:40.114   909   961 D LOWI-9.0.0.79: [LOWIBackgroundScanMgr] isRspForBgScanMgr: evt(LOWI_NO_EVT) - not handled
01-30 15:50:40.114   909   961 D LOWI-9.0.0.79: [LOWIScheduler] manageMsg: NULL results or NULL request in results
01-30 15:50:40.114   909   961 D LOWI-9.0.0.79: [LOWIController] Measurements received
01-30 15:50:40.114   909  3596 D LOWI-9.0.0.79: [LOWI-Scan] WipsScanUsingNL:wait -1 sec for netlink message
01-30 15:50:40.115   909   961 D LOWI-9.0.0.79: [LOWICacheManager] putInCache:Num of Meas to add: 5
01-30 15:50:40.117  1089  1189 W BroadcastQueue: Background execution not allowed: receiving Intent { act=android.net.wifi.SCAN_RESULTS flg=0x4000010 (has extras) } to com.jio.myjio/.jionet.receiver.WifiScanReceiver
01-30 15:50:40.118   909   961 D LOWI-9.0.0.79: [LOWIController] processMeasurementResults: No current Request. Cache measurements
01-30 15:50:40.118   909   961 D LOWI-9.0.0.79: [LOWIControllerExtn] sendLOWILpDiscoveryScanResponse: Not a discovery scan response
01-30 15:50:40.138  2670  1448 I FrewleTileCacheManagerV: Fetched 2 AP models from cache [CONTEXT service_id=6 ]
01-30 15:50:40.184   483   565 I LocSvc_api_v02: ---> locClientSendReq line 2409 QMI_LOC_INJECT_POSITION_REQ_V02
01-30 15:50:40.184   483   565 E QMI_FW  : qmi_cci_get_ref: ref count increased 2
01-30 15:50:40.187   483   951 E QMI_FW  : qmi_cci_get_ref: ref count increased 3
01-30 15:50:40.187   483   951 I LocSvc_ApiV02: <--- globalRespCb line 221 QMI_LOC_INJECT_POSITION_REQ_V02
01-30 15:50:40.372  1727  1727 D QtiCarrierConfigHelper: WARNING, no carrier configs on phone Id: 0
01-30 15:50:40.375  1482  1482 D KeyguardUpdateMonitor: received broadcast android.intent.action.BATTERY_CHANGED
01-30 15:50:40.393  1482  1482 D KeyguardUpdateMonitor: handleBatteryUpdate
01-30 15:50:41.111   987  1142 E QMI_FW  : qmi_cci_get_ref: ref count increased 2
01-30 15:50:41.172  1089  3897 D CompatibilityChangeReporter: Compat change id reported: 135634846; UID 10127; state: DISABLED
01-30 15:50:41.173  1089  1190 D CompatibilityChangeReporter: Compat change id reported: 143937733; UID 10127; state: ENABLED
01-30 15:50:41.201   396   396 D Zygote  : Forked child process 3119
01-30 15:50:41.220  1089  1190 I ActivityManager: Start proc 3119:com.google.android.gms/u0a127 for service {com.google.android.gms/com.google.android.gms.ads.identifier.service.AdvertisingIdService}
01-30 15:50:41.228  3119  3119 I Zygote  : seccomp disabled by setenforce 0
01-30 15:50:41.304  2087  2114 I adbd    : jdwp connection from 3119
01-30 15:50:41.479  3119  3119 W gle.android.gm: JIT profile information will not be recorded: profile file does not exist.
01-30 15:50:41.479  3119  3119 W gle.android.gm: JIT profile information will not be recorded: profile file does not exist.
01-30 15:50:41.523  3119  3119 I Perf    : Connecting to perf service.
01-30 15:50:41.556  3119  3119 D NetworkSecurityConfig: Using Network Security Config from resource network_security_config debugBuild: false
01-30 15:50:41.569  3119  3119 D NetworkSecurityConfig: Using Network Security Config from resource network_security_config debugBuild: false
01-30 15:50:42.038  3119  3119 W ProviderHelper: Unknown dynamite feature providerinstaller.dynamite
01-30 15:50:42.039  3119  3119 I DynamiteModule: Considering local module com.google.android.gms.providerinstaller.dynamite:1 and remote module com.google.android.gms.providerinstaller.dynamite:0
01-30 15:50:42.039  3119  3119 I DynamiteModule: Selected local version of com.google.android.gms.providerinstaller.dynamite
01-30 15:50:42.097  3119  3119 V NativeCrypto: Registering com/google/android/gms/org/conscrypt/NativeCrypto's 329 native methods...
01-30 15:50:42.203  3119  3119 I ProviderInstaller: Installed default security provider GmsCore_OpenSSL
01-30 15:50:42.271  3119  3162 I Watchcat: Started
01-30 15:50:42.288  3119  3119 I GmsApplication: [gms_startup_benchmark] Static start time (ms): 693263970, Startup latency (ms): 708, Is system user: true
01-30 15:50:42.308  3119  3162 I GMS_MM_Logger: Start time: 231830
01-30 15:50:42.309  3119  3162 I GMS_MM_Logger: Started.
01-30 15:50:42.427  3119  3140 I DynamiteModule: Considering local module com.google.android.gms.googlecertificates:7 and remote module com.google.android.gms.googlecertificates:0
01-30 15:50:42.428  3119  3140 I DynamiteModule: Selected local version of com.google.android.gms.googlecertificates
01-30 15:50:42.512  1089  1189 I chatty  : uid=1000(system) ActivityManager expire 3 lines
01-30 15:50:42.533   295   295 E libprocessgroup: set_timerslack_ns write failed: No such process
01-30 15:50:42.539   295   295 I lowmemorykiller: Kill 'com.google.android.gms' (3119), uid 10127, oom_adj 905 to free 50552kB
01-30 15:50:42.553  1089  3897 I chatty  : uid=1000(system) Binder:1089_21 expire 4 lines
01-30 15:50:42.554   297   297 I chatty  : uid=1000(system) hwservicemanage expire 7 lines
01-30 15:50:42.631  1089  3897 I ActivityManager: Process com.google.android.gms (pid 3119) has died: fg  TRNB
01-30 15:50:42.635  1089  3897 W ActivityManager: Scheduling restart of crashed service com.google.android.gms/.ads.identifier.service.AdvertisingIdService in 1000ms for connection
01-30 15:50:42.654   396   396 I Zygote  : Process 3119 exited due to signal 9 (Killed)
01-30 15:50:42.672  1577  1577 I AppBase : AppBase.onTrimMemory():786 onTrimMemory(): 5
01-30 15:50:42.673  1577  1577 I GoogleInputMethodService: GoogleInputMethodService.onTrimMemory():4569 onTrimMemory(): 5
01-30 15:50:42.679  1089  1196 I chatty  : uid=1000(system) ActivityManager expire 1 line
01-30 15:50:43.645  1089  1189 D CompatibilityChangeReporter: Compat change id reported: 135634846; UID 10127; state: DISABLED
01-30 15:50:43.645  1089  1190 D CompatibilityChangeReporter: Compat change id reported: 143937733; UID 10127; state: ENABLED
01-30 15:50:43.674   396   396 D Zygote  : Forked child process 3180
01-30 15:50:43.682  1089  1190 I ActivityManager: Start proc 3180:com.google.android.gms/u0a127 for service {com.google.android.gms/com.google.android.gms.ads.identifier.service.AdvertisingIdService}
01-30 15:50:43.696  3180  3180 I Zygote  : seccomp disabled by setenforce 0
01-30 15:50:43.723  2087  2114 I adbd    : jdwp connection from 3180
01-30 15:50:43.745  1089  3897 I chatty  : uid=1000(system) Binder:1089_21 expire 2 lines
01-30 15:50:43.749  1089  3897 D CompatibilityInfo: mCompatibilityFlags - 0
01-30 15:50:43.749  1089  3897 D CompatibilityInfo: applicationDensity - 320
01-30 15:50:43.749  1089  3897 D CompatibilityInfo: applicationScale - 1.0
01-30 15:50:43.838  3180  3180 W gle.android.gm: JIT profile information will not be recorded: profile file does not exist.
01-30 15:50:43.839  3180  3180 W gle.android.gm: JIT profile information will not be recorded: profile file does not exist.
01-30 15:50:43.855  3180  3180 I Perf    : Connecting to perf service.
01-30 15:50:43.873  3180  3180 D NetworkSecurityConfig: Using Network Security Config from resource network_security_config debugBuild: false
01-30 15:50:43.875  3180  3180 D NetworkSecurityConfig: Using Network Security Config from resource network_security_config debugBuild: false
01-30 15:50:44.107  3180  3180 W ProviderHelper: Unknown dynamite feature providerinstaller.dynamite
01-30 15:50:44.108  3180  3180 I DynamiteModule: Considering local module com.google.android.gms.providerinstaller.dynamite:1 and remote module com.google.android.gms.providerinstaller.dynamite:0
01-30 15:50:44.108  3180  3180 I DynamiteModule: Selected local version of com.google.android.gms.providerinstaller.dynamite
01-30 15:50:44.132  3180  3180 V NativeCrypto: Registering com/google/android/gms/org/conscrypt/NativeCrypto's 329 native methods...
01-30 15:50:44.180  3180  3180 I ProviderInstaller: Installed default security provider GmsCore_OpenSSL
01-30 15:50:44.199  3180  3180 I GmsApplication: [gms_startup_benchmark] Static start time (ms): 693266270, Startup latency (ms): 319, Is system user: true
01-30 15:50:44.219  3180  3225 I Watchcat: Started
01-30 15:50:44.230  3180  3225 I GMS_MM_Logger: Start time: 59938
01-30 15:50:44.230  3180  3225 I GMS_MM_Logger: Started.
01-30 15:50:44.266  3180  3211 I DynamiteModule: Considering local module com.google.android.gms.googlecertificates:7 and remote module com.google.android.gms.googlecertificates:0
01-30 15:50:44.267  3180  3211 I DynamiteModule: Selected local version of com.google.android.gms.googlecertificates
01-30 15:50:44.862  3235  3235 I chatty  : uid=1000(system) expire 35 lines
01-30 15:50:44.953   987  1142 E QMI_FW  : qmi_cci_get_ref: ref count increased 2
01-30 15:50:45.135  3235  3236 I chatty  : uid=1000(system) expire 1 line
01-30 15:50:45.139  3235  3235 E improveTouch: [DSPTouchProcessor:823] deInit: invalid state (current = 0)
01-30 15:50:45.139  3235  3235 D improveTouch: [DSPTouchProcessor:827] deInit: X pa_utf_ret = 1, ret = 1073741835
01-30 15:50:45.139  3235  3235 E improveTouch: [TouchServer:83] delete event injector
01-30 15:50:45.139  3235  3235 E improveTouch: [TouchServer:87] delete config management
01-30 15:50:45.140  3235  3235 E improveTouch: [TouchServer:90] fail to start daemon
01-30 15:50:45.141  3235  3235 E improveTouch: [Main:169] fail to initiate touch server
01-30 15:50:45.172   295   295 I lowmemorykiller: Kill 'com.google.android.gms' (3180), uid 10127, oom_adj 905 to free 49852kB
01-30 15:50:45.272  1089   382 I ActivityManager: Process com.google.android.gms (pid 3180) has died: cch+5 CEM 
01-30 15:50:45.305  1577  1577 I AppBase : AppBase.onTrimMemory():786 onTrimMemory(): 15
01-30 15:50:45.306  1577  1577 I GoogleInputMethodService: GoogleInputMethodService.onTrimMemory():4569 onTrimMemory(): 15
01-30 15:50:45.308   396   396 I Zygote  : Process 3180 exited due to signal 9 (Killed)
01-30 15:50:45.349  1089  1196 I libprocessgroup: Successfully killed process cgroup uid 10127 pid 3180 in 76ms
01-30 15:50:47.191   297   297 I hwservicemanager: getTransport: Cannot find entry vendor.qti.hardware.servicetracker@1.0::IServicetracker/default in either framework or device manifest.
01-30 15:50:48.800   987  1142 E QMI_FW  : qmi_cci_get_ref: ref count increased 2
01-30 15:50:49.875  3237  3237 I chatty  : uid=1000(system) expire 27 lines
01-30 15:50:50.140  3237  3238 I chatty  : uid=1000(system) expire 1 line
01-30 15:50:50.140  3237  3237 I chatty  : uid=1000(system) expire 9 lines
01-30 15:50:50.141  3237  3237 D improveTouch: [DSPTouchProcessor:827] deInit: X pa_utf_ret = 1, ret = 1073741835
01-30 15:50:50.141  3237  3237 E improveTouch: [TouchServer:83] delete event injector
01-30 15:50:50.141  3237  3237 E improveTouch: [TouchServer:87] delete config management
01-30 15:50:50.142  3237  3237 E improveTouch: [TouchServer:90] fail to start daemon
01-30 15:50:50.142  3237  3237 E improveTouch: [Main:169] fail to initiate touch server
01-30 15:50:50.635     0     0 I swapper/0: type=1400 audit(0.0:14210): avc: denied { kill } for capability=5 scontext=u:r:kernel:s0 tcontext=u:r:kernel:s0 tclass=capability permissive=1
01-30 15:50:52.639   987  1142 E QMI_FW  : qmi_cci_get_ref: ref count increased 2
01-30 15:50:54.580   297   297 I hwservicemanager: getTransport: Cannot find entry vendor.qti.hardware.servicetracker@1.0::IServicetracker/default in either framework or device manifest.
01-30 15:50:54.793  3240  3240 I chatty  : uid=1000(system) expire 25 lines
01-30 15:50:54.975  1089  1101 I system_server: Background concurrent copying GC freed 21964(1337KB) AllocSpace objects, 5(164KB) LOS objects, 49% free, 18MB/37MB, paused 230us total 429.393ms
01-30 15:50:55.048  3240  3249 I chatty  : uid=1000(system) expire 1 line
01-30 15:50:55.049  3240  3240 I chatty  : uid=1000(system) expire 10 lines
01-30 15:50:55.049  3240  3240 E improveTouch: [DSPTouchProcessor:823] deInit: invalid state (current = 0)
01-30 15:50:55.050  3240  3240 D improveTouch: [DSPTouchProcessor:827] deInit: X pa_utf_ret = 1, ret = 1073741835
01-30 15:50:55.050  3240  3240 E improveTouch: [TouchServer:83] delete event injector
01-30 15:50:55.050  3240  3240 E improveTouch: [TouchServer:87] delete config management
01-30 15:50:55.051  3240  3240 E improveTouch: [TouchServer:90] fail to start daemon
01-30 15:50:55.051  3240  3240 E improveTouch: [Main:169] fail to initiate touch server
01-30 15:50:58.085  1727  1727 D QtiCarrierConfigHelper: WARNING, no carrier configs on phone Id: 0
01-30 15:50:58.089  1482  1482 D KeyguardUpdateMonitor: received broadcast android.intent.action.BATTERY_CHANGED
01-30 15:50:58.110  1482  1482 D KeyguardUpdateMonitor: handleBatteryUpdate
01-30 15:50:59.811  3251  3251 I hbtp_daemon: vendor/qcom/proprietary/adsprpc/src/rpcmem_android.c:159: rpcmem_init_internal: opened ION device fd 3, configured heap IDs: system (0x2000000), contig (0x400000), secure (0x200), secure flags (0x80080000)
01-30 15:50:59.811  3251  3251 I hbtp_daemon: vendor/qcom/proprietary/adsprpc/src/fastrpc_apps_user.c:2961: fastrpc_apps_user_init done with default domain:0 and &fastrpc_trace:0xb2ab8f74
01-30 15:50:59.811  3251  3251 D improveTouch: [Main:158] Start touch daemon
01-30 15:50:59.813  3251  3251 E improveTouch: [ConfigManager:234] /sys/devices/soc0/chip_name doesn't exist
01-30 15:50:59.814  3251  3251 D improveTouch: [ConfigManager:501] loader file is available. loading it...
01-30 15:50:59.826  3251  3251 D improveTouch: [ConfigManager:405] no custom ID defined
01-30 15:50:59.828  3251  3251 D improveTouch: [ConfigManager:428] GetPktStatus: E
01-30 15:50:59.828  3251  3251 E improveTouch: [ConfigManager:444] can't open /data/vendor/hbtp/pkt_play
01-30 15:50:59.828  3251  3251 D improveTouch: [ConfigManager:448] GetPktStatus: X
01-30 15:50:59.828  3251  3251 I improveTouch: [ConfigManager:546] Data Dir = /data/vendor/hbtp
01-30 15:50:59.828  3251  3251 I improveTouch: [ConfigManager:547] Main Config Dir = /vendor/etc/hbtp
01-30 15:50:59.829  3251  3251 I improveTouch: [ConfigManager:551] ConfigFile = /vendor/etc/hbtp/hbtpcfg_sdm450_801s_fhdp.dat
01-30 15:50:59.829  3251  3251 I improveTouch: [ConfigManager:554] UTFLib = libFastRPC_UTF_Forward_skel.so
01-30 15:50:59.829  3251  3251 I improveTouch: [ConfigManager:557] AFEFW = /vendor/etc/hbtp/qtc801s_450.bin
01-30 15:50:59.829  3251  3251 I improveTouch: [ConfigManager:560] DSP = adsp
01-30 15:50:59.829  3251  3251 D improveTouch: [TouchController:415] init: E
01-30 15:50:59.830  3251  3251 D improveTouch: [ConfigManager:583] start loading config
01-30 15:51:00.065  3251  3251 D improveTouch: [ConfigManager:675] finished loading config
01-30 15:51:00.070  3251  3251 D improveTouch: [TouchController:454] Power Control Config doesn't exist
01-30 15:51:00.070  3251  3251 D improveTouch: [TouchController:462] Power Sync Option doesn't exist
01-30 15:51:00.070  3251  3251 D improveTouch: [TouchController:464] PowerManager Option = 0
01-30 15:51:00.070  3251  3251 E improveTouch: [InputDevice:61] InputDevice: pixelX: min = 0, max = 1080 pixelY: min = 0, max = 2160
01-30 15:51:00.070  3251  3251 E improveTouch: [InputDevice:65] Unable to open /dev/hbtp_input
01-30 15:51:00.070  3251  3251 E improveTouch: [TouchController:490] Error initializing input device: Error opening file
01-30 15:51:00.070  3251  3251 D improveTouch: [TouchController:1136] CommandExecutor::exit: thread is running, kill it first
01-30 15:51:00.071  3251  3253 D improveTouch: [TouchController:1186] runLoop exits
01-30 15:51:00.071  3251  3251 D RefBase : RefBase: Explicit destruction, weak count = 0 (in 0xb30354d8)
01-30 15:51:00.071  3251  3251 W RefBase : CallStack::getCurrentInternal not linked, returning null
01-30 15:51:00.071  3251  3251 W RefBase : CallStack::logStackInternal not linked
01-30 15:51:00.071  3251  3251 E improveTouch: [TouchController:522] init failed, ret = 1073741825
01-30 15:51:00.072  3251  3251 E improveTouch: [TouchServer:59] fail to init TouchController: Error opening file
01-30 15:51:00.072  3251  3251 E improveTouch: [TouchServer:69] error happened, clean-up resource and exit
01-30 15:51:00.072  3251  3251 E improveTouch: [TouchServer:71] delete event monitor
01-30 15:51:00.072  3251  3251 E improveTouch: [TouchServer:75] delete controller
01-30 15:51:00.072  3251  3251 E improveTouch: [TouchServer:79] delete touch processor
01-30 15:51:00.072  3251  3251 D improveTouch: [DSPTouchProcessor:807] deInit: E
01-30 15:51:00.072  3251  3251 E improveTouch: [DSPTouchProcessor:823] deInit: invalid state (current = 0)
01-30 15:51:00.072  3251  3251 D improveTouch: [DSPTouchProcessor:827] deInit: X pa_utf_ret = 1, ret = 1073741835
01-30 15:51:00.072  3251  3251 E improveTouch: [TouchServer:83] delete event injector
01-30 15:51:00.072  3251  3251 E improveTouch: [TouchServer:87] delete config management
01-30 15:51:00.073  3251  3251 E improveTouch: [TouchServer:90] fail to start daemon
01-30 15:51:00.073  3251  3251 E improveTouch: [Main:169] fail to initiate touch server
01-30 15:51:02.087  1727  1727 D QtiCarrierConfigHelper: WARNING, no carrier configs on phone Id: 0
01-30 15:51:02.089  1482  1482 D KeyguardUpdateMonitor: received broadcast android.intent.action.BATTERY_CHANGED
01-30 15:51:02.109  1482  1482 D KeyguardUpdateMonitor: handleBatteryUpdate
01-30 15:51:04.159   987  1142 E QMI_FW  : qmi_cci_get_ref: ref count increased 2
01-30 15:51:04.824  3255  3255 I hbtp_daemon: vendor/qcom/proprietary/adsprpc/src/rpcmem_android.c:159: rpcmem_init_internal: opened ION device fd 3, configured heap IDs: system (0x2000000), contig (0x400000), secure (0x200), secure flags (0x80080000)
01-30 15:51:04.824  3255  3255 I hbtp_daemon: vendor/qcom/proprietary/adsprpc/src/fastrpc_apps_user.c:2961: fastrpc_apps_user_init done with default domain:0 and &fastrpc_trace:0xb6438f74
01-30 15:51:04.825  3255  3255 D improveTouch: [Main:158] Start touch daemon
01-30 15:51:04.826  3255  3255 E improveTouch: [ConfigManager:234] /sys/devices/soc0/chip_name doesn't exist
01-30 15:51:04.827  3255  3255 D improveTouch: [ConfigManager:501] loader file is available. loading it...
01-30 15:51:04.840  3255  3255 D improveTouch: [ConfigManager:405] no custom ID defined
01-30 15:51:04.841  3255  3255 D improveTouch: [ConfigManager:428] GetPktStatus: E
01-30 15:51:04.841  3255  3255 E improveTouch: [ConfigManager:444] can't open /data/vendor/hbtp/pkt_play
01-30 15:51:04.841  3255  3255 D improveTouch: [ConfigManager:448] GetPktStatus: X
01-30 15:51:04.841  3255  3255 I improveTouch: [ConfigManager:546] Data Dir = /data/vendor/hbtp
01-30 15:51:04.841  3255  3255 I improveTouch: [ConfigManager:547] Main Config Dir = /vendor/etc/hbtp
01-30 15:51:04.841  3255  3255 I improveTouch: [ConfigManager:551] ConfigFile = /vendor/etc/hbtp/hbtpcfg_sdm450_801s_fhdp.dat
01-30 15:51:04.842  3255  3255 I improveTouch: [ConfigManager:554] UTFLib = libFastRPC_UTF_Forward_skel.so
01-30 15:51:04.842  3255  3255 I improveTouch: [ConfigManager:557] AFEFW = /vendor/etc/hbtp/qtc801s_450.bin
01-30 15:51:04.842  3255  3255 I improveTouch: [ConfigManager:560] DSP = adsp
01-30 15:51:04.842  3255  3255 D improveTouch: [TouchController:415] init: E
01-30 15:51:04.842  3255  3255 D improveTouch: [ConfigManager:583] start loading config
01-30 15:51:05.080  3255  3255 D improveTouch: [ConfigManager:675] finished loading config
01-30 15:51:05.085  3255  3255 D improveTouch: [TouchController:454] Power Control Config doesn't exist
01-30 15:51:05.085  3255  3255 D improveTouch: [TouchController:462] Power Sync Option doesn't exist
01-30 15:51:05.085  3255  3255 D improveTouch: [TouchController:464] PowerManager Option = 0
01-30 15:51:05.085  3255  3255 E improveTouch: [InputDevice:61] InputDevice: pixelX: min = 0, max = 1080 pixelY: min = 0, max = 2160
01-30 15:51:05.085  3255  3255 E improveTouch: [InputDevice:65] Unable to open /dev/hbtp_input
01-30 15:51:05.085  3255  3255 E improveTouch: [TouchController:490] Error initializing input device: Error opening file
01-30 15:51:05.085  3255  3255 D improveTouch: [TouchController:1136] CommandExecutor::exit: thread is running, kill it first
01-30 15:51:05.085  3255  3256 D improveTouch: [TouchController:1186] runLoop exits
01-30 15:51:05.086  3255  3255 D RefBase : RefBase: Explicit destruction, weak count = 0 (in 0xb672b4d8)
01-30 15:51:05.086  3255  3255 W RefBase : CallStack::getCurrentInternal not linked, returning null
01-30 15:51:05.086  3255  3255 W RefBase : CallStack::logStackInternal not linked
01-30 15:51:05.086  3255  3255 E improveTouch: [TouchController:522] init failed, ret = 1073741825
01-30 15:51:05.086  3255  3255 E improveTouch: [TouchServer:59] fail to init TouchController: Error opening file
01-30 15:51:05.086  3255  3255 E improveTouch: [TouchServer:69] error happened, clean-up resource and exit
01-30 15:51:05.086  3255  3255 E improveTouch: [TouchServer:71] delete event monitor
01-30 15:51:05.086  3255  3255 E improveTouch: [TouchServer:75] delete controller
01-30 15:51:05.087  3255  3255 E improveTouch: [TouchServer:79] delete touch processor
01-30 15:51:05.087  3255  3255 D improveTouch: [DSPTouchProcessor:807] deInit: E
01-30 15:51:05.087  3255  3255 E improveTouch: [DSPTouchProcessor:823] deInit: invalid state (current = 0)
01-30 15:51:05.087  3255  3255 D improveTouch: [DSPTouchProcessor:827] deInit: X pa_utf_ret = 1, ret = 1073741835
01-30 15:51:05.087  3255  3255 E improveTouch: [TouchServer:83] delete event injector
01-30 15:51:05.087  3255  3255 E improveTouch: [TouchServer:87] delete config management
01-30 15:51:05.088  3255  3255 E improveTouch: [TouchServer:90] fail to start daemon
01-30 15:51:05.088  3255  3255 E improveTouch: [Main:169] fail to initiate touch server
