01-30 15:21:19.360  1089  1189 W BroadcastQueue: Background execution not allowed: receiving Intent { act=android.net.wifi.SCAN_RESULTS flg=0x4000010 (has extras) } to com.jio.myjio/.jionet.receiver.WifiScanReceiver
01-30 15:21:20.305  1089  1189 D CompatibilityChangeReporter: Compat change id reported: 135634846; UID 1000; state: DISABLED
01-30 15:21:20.380  1089  1190 W ActivityManager: Slow operation: 76ms so far, now at startProcess: returned from zygote!
01-30 15:21:20.380  1089  1190 W ActivityManager: Slow operation: 76ms so far, now at startProcess: done updating battery stats
01-30 15:21:20.380  1089  1190 W ActivityManager: Slow operation: 77ms so far, now at startProcess: building log message
01-30 15:21:20.381  1089  1190 I ActivityManager: Start proc 2309:com.qti.diagservices/1000 for service {com.qti.diagservices/com.qti.diagservices.QTIDiagServices}
01-30 15:21:20.381  1089  1190 W ActivityManager: Slow operation: 77ms so far, now at startProcess: starting to update pids map
01-30 15:21:20.381  1089  1190 W ActivityManager: Slow operation: 78ms so far, now at startProcess: done updating pids map
01-30 15:21:20.470  1089  4020 D CompatibilityChangeReporter: Compat change id reported: 135634846; UID 10127; state: DISABLED
01-30 15:21:20.471  1089  1190 D CompatibilityChangeReporter: Compat change id reported: 143937733; UID 10127; state: ENABLED
01-30 15:21:20.501  1089  1190 I ActivityManager: Start proc 2327:com.google.android.gms/u0a127 for service {com.google.android.gms/com.google.android.gms.ads.identifier.service.AdvertisingIdService}
01-30 15:22:14.343  1089  3390 I ActivityManager: Process com.google.android.gms (pid 2327) has died: cch+5 CEM 
01-30 15:22:14.470  1089  3390 I ActivityManager: Process android.process.media (pid 2216) has died: svcb SVC 
01-30 15:22:14.476  1089  3390 W ActivityManager: Scheduling restart of crashed service com.android.mtp/.MtpService in 189450ms for start-requested
01-30 15:22:20.135  1089  1189 W BroadcastQueue: Background execution not allowed: receiving Intent { act=android.net.wifi.SCAN_RESULTS flg=0x4000010 (has extras) } to com.jio.myjio/.jionet.receiver.WifiScanReceiver
01-30 15:22:21.206  1089  2719 D CompatibilityChangeReporter: Compat change id reported: 135634846; UID 10127; state: DISABLED
01-30 15:22:21.207  1089  1190 D CompatibilityChangeReporter: Compat change id reported: 143937733; UID 10127; state: ENABLED
01-30 15:22:21.239  1089  1190 I ActivityManager: Start proc 2486:com.google.android.gms/u0a127 for service {com.google.android.gms/com.google.android.gms.ads.identifier.service.AdvertisingIdService}
01-30 15:22:26.746  1089  1994 I ActivityManager: Process com.google.android.gms (pid 2486) has died: cch+5 CEM 
01-30 15:23:20.543  1089  1178 W Looper  : Slow dispatch took 425ms android.ui h=com.android.server.am.ActivityManagerService$UiHandler c=null m=68
01-30 15:23:20.761  1089  1189 W BroadcastQueue: Background execution not allowed: receiving Intent { act=android.net.wifi.SCAN_RESULTS flg=0x4000010 (has extras) } to com.jio.myjio/.jionet.receiver.WifiScanReceiver
01-30 15:23:21.995  1089  1994 D CompatibilityChangeReporter: Compat change id reported: 135634846; UID 10127; state: DISABLED
01-30 15:23:21.997  1089  1190 D CompatibilityChangeReporter: Compat change id reported: 143937733; UID 10127; state: ENABLED
01-30 15:23:22.030  1089  1190 W ActivityManager: Slow operation: 63ms so far, now at startProcess: returned from zygote!
01-30 15:23:22.030  1089  1190 W ActivityManager: Slow operation: 64ms so far, now at startProcess: done updating battery stats
01-30 15:23:22.030  1089  1190 W ActivityManager: Slow operation: 64ms so far, now at startProcess: building log message
01-30 15:23:22.031  1089  1190 I ActivityManager: Start proc 2580:com.google.android.gms/u0a127 for service {com.google.android.gms/com.google.android.gms.ads.identifier.service.AdvertisingIdService}
01-30 15:23:22.031  1089  1190 W ActivityManager: Slow operation: 64ms so far, now at startProcess: starting to update pids map
01-30 15:23:22.032  1089  1190 W ActivityManager: Slow operation: 65ms so far, now at startProcess: done updating pids map
01-30 15:23:24.173  1089  1816 I ActivityManager: Process com.google.android.gms (pid 2580) has died: cch+5 CEM 
01-30 15:23:25.668  1089  2645 I ActivityManager: Low on memory:
01-30 15:23:25.669  1089  2645 I ActivityManager:   ntv   ??   33812: surfaceflinger (   23,468K memtrack) (pid 504) native
01-30 15:23:25.669  1089  2645 I ActivityManager:   ntv   ??   21865: zygote (pid 396) native
01-30 15:23:25.669  1089  2645 I ActivityManager:   ntv   ??   18279: android.hardware.camera.provider@2.4-service (pid 482) native
01-30 15:23:25.669  1089  2645 I ActivityManager:   ntv   ??   12121: mediaserver (pid 757) native
01-30 15:23:25.669  1089  2645 I ActivityManager:   ntv   ??   11337: android.hardware.audio.service (pid 480) native
01-30 15:23:25.669  1089  2645 I ActivityManager:   ntv   ??    7300: media.extractor (pid 744) native
01-30 15:23:25.669  1089  2645 I ActivityManager:   ntv   ??    6230: qcrild (pid 987) native
01-30 15:23:25.669  1089  2645 I ActivityManager:   ntv   ??    5762: audioserver (pid 502) native
01-30 15:23:25.669  1089  2645 I ActivityManager:   ntv   ??    4610: media.swcodec (pid 882) native
01-30 15:23:25.669  1089  2645 I ActivityManager:   ntv   ??    3533: cameraserver (pid 723) native
01-30 15:23:25.669  1089  2645 I ActivityManager:   ntv   ??    3188: netmgrd (pid 846) native
01-30 15:23:25.669  1089  2645 I ActivityManager:   ntv   ??    3039: init (pid 1) native
01-30 15:23:25.669  1089  2645 I ActivityManager:   ntv   ??    2934: android.hardware.graphics.composer@2.1-service (pid 484) native
01-30 15:23:25.669  1089  2645 I ActivityManager:   ntv   ??    2497: media.metrics (pid 752) native
01-30 15:23:25.669  1089  2645 I ActivityManager:   ntv   ??    2484: media.codec (pid 787) native
01-30 15:23:25.669  1089  2645 I ActivityManager:   ntv   ??    2269: android.hardware.gnss@2.1-service-qti (pid 483) native
01-30 15:23:25.669  1089  2645 I ActivityManager:   ntv   ??    2197: netd (pid 395) native
01-30 15:23:25.669  1089  2645 I ActivityManager:   ntv   ??    2124: cnd (pid 790) native
01-30 15:23:25.669  1089  2645 I ActivityManager:   ntv   ??    1986: vendor.qti.hardware.perf@2.2-service (pid 495) native
01-30 15:23:25.669  1089  2645 I ActivityManager:   ntv   ??    1944: ims_rtp_daemon (pid 1075) native
01-30 15:23:25.669  1089  2645 I ActivityManager:   ntv   ??    1862: imsdatadaemon (pid 939) native
01-30 15:23:25.669  1089  2645 I ActivityManager:   ntv   ??    1816: android.hardware.sensors@1.0-service (pid 491) native
01-30 15:23:25.669  1089  2645 I ActivityManager:   ntv   ??    1729: imsrcsd (pid 1006) native
01-30 15:23:25.669  1089  2645 I ActivityManager:   ntv   ??    1673: ueventd (pid 280) native
01-30 15:23:25.669  1089  2645 I ActivityManager:   ntv   ??    1627: statsd (pid 394) native
01-30 15:23:25.669  1089  2645 I ActivityManager:   ntv   ??    1620: logd (pid 294) native
01-30 15:23:25.669  1089  2645 I ActivityManager:   ntv   ??    1602: installd (pid 734) native
01-30 15:23:25.669  1089  2645 I ActivityManager:   ntv   ??    1525: lowi-server (pid 909) native
01-30 15:23:25.669  1089  2645 I ActivityManager:   ntv   ??    1513: android.hardware.bluetooth@1.0-service-qti-lazy (pid 3020) native
01-30 15:23:25.669  1089  2645 I ActivityManager:   ntv   ??    1479: vold (pid 331) native
01-30 15:23:25.669  1089  2645 I ActivityManager:   ntv   ??    1405: xtra-daemon (pid 910) native
01-30 15:23:25.669  1089  2645 I ActivityManager:   ntv   ??    1357: init (pid 277) native
01-30 15:23:25.669  1089  2645 I ActivityManager:   ntv   ??    1339: thermal-engine (pid 2036) native
01-30 15:23:25.669  1089  2645 I ActivityManager:   ntv   ??    1268: vendor.qti.hardware.display.allocator-service (pid 493) native
01-30 15:23:25.669  1089  2645 I ActivityManager:   ntv   ??    1213: storaged (pid 767) native
01-30 15:23:25.669  1089  2645 I ActivityManager:   ntv   ??    1161: qseecomd (pid 344) native
01-30 15:23:25.669  1089  2645 I ActivityManager:   ntv   ??    1154: wificond (pid 772) native
01-30 15:23:25.669  1089  2645 I ActivityManager:   ntv   ??    1128: android.hardware.wifi@1.0-service (pid 492) native
01-30 15:23:25.669  1089  2645 I ActivityManager:   ntv   ??    1108: sensors.qti (pid 522) native
01-30 15:23:25.669  1089  2645 I ActivityManager:   ntv   ??    1090: keystore (pid 737) native
01-30 15:23:25.669  1089  2645 I ActivityManager:   ntv   ??    1085: gpuservice (pid 503) native
01-30 15:23:25.669  1089  2645 I ActivityManager:   ntv   ??    1080: perfservice (pid 776) native
01-30 15:23:25.669  1089  2645 I ActivityManager:   ntv   ??    1080: qti (pid 1022) native
01-30 15:23:25.669  1089  2645 I ActivityManager:   ntv   ??    1045: adbd (pid 2087) native
01-30 15:23:25.669  1089  2645 I ActivityManager:   ntv   ??    1013: hwservicemanager (pid 297) native
01-30 15:23:25.669  1089  2645 I ActivityManager:   ntv   ??     971: gatekeeperd (pid 890) native
01-30 15:23:25.669  1089  2645 I ActivityManager:   ntv   ??     969: android.hardware.power-service (pid 490) native
01-30 15:23:25.669  1089  2645 I ActivityManager:   ntv   ??     962: drmserver (pid 724) native
01-30 15:23:25.669  1089  2645 I ActivityManager:   ntv   ??     955: imsqmidaemon (pid 805) native
01-30 15:23:25.669  1089  2645 I ActivityManager:   ntv   ??     926: servicemanager (pid 296) native
01-30 15:23:25.669  1089  2645 I ActivityManager:   ntv   ??     918: android.hardware.keymaster@4.1-service-qti (pid 306) native
01-30 15:23:25.669  1089  2645 I ActivityManager:   ntv   ??     885: android.hardware.health@2.1-service (pid 487) native
01-30 15:23:25.669  1089  2645 I ActivityManager:   ntv   ??     870: incidentd (pid 732) native
01-30 15:23:25.669  1089  2645 I ActivityManager:   ntv   ??     869: vendor.qti.hardware.vibrator.service (pid 496) native
01-30 15:23:25.669  1089  2645 I ActivityManager:   ntv   ??     864: pm-service (pid 501) native
01-30 15:23:25.669  1089  2645 I ActivityManager:   ntv   ??     847: android.hardware.lights-service.qti (pid 488) native
01-30 15:23:25.669  1089  2645 I ActivityManager:   ntv   ??     842: android.hardware.gatekeeper@1.0-service-qti (pid 358) native
01-30 15:23:25.669  1089  2645 I ActivityManager:   ntv   ??     842: adsprpcd (pid 869) native
01-30 15:23:25.669  1089  2645 I ActivityManager:   ntv   ??     838: android.system.suspend@1.0-service (pid 356) native
01-30 15:23:25.669  1089  2645 I ActivityManager:   ntv   ??     836: lmkd (pid 295) native
01-30 15:23:25.669  1089  2645 I ActivityManager:   ntv   ??     826: vendor.qti.hardware.qseecom@1.0-service (pid 309) native
01-30 15:23:25.669  1089  2645 I ActivityManager:   ntv   ??     818: port-bridge (pid 848) native
01-30 15:23:25.669  1089  2645 I ActivityManager:   ntv   ??     811: dspservice (pid 494) native
01-30 15:23:25.669  1089  2645 I ActivityManager:   ntv   ??     802: time_daemon (pid 389) native
01-30 15:23:25.669  1089  2645 I ActivityManager:   ntv   ??     789: loc_launcher (pid 886) native
01-30 15:23:25.669  1089  2645 I ActivityManager:   ntv   ??     784: vndservicemanager (pid 298) native
01-30 15:23:25.669  1089  2645 I ActivityManager:   ntv   ??     776: android.hardware.memtrack@1.0-service (pid 489) native
01-30 15:23:25.669  1089  2645 I ActivityManager:   ntv   ??     773: android.hardware.atrace@1.0-service (pid 357) native
01-30 15:23:25.669  1089  2645 I ActivityManager:   ntv   ??     773: pm-proxy (pid 617) native
01-30 15:23:25.669  1089  2645 I ActivityManager:   ntv   ??     769: rmt_storage (pid 506) native
01-30 15:23:25.669  1089  2645 I ActivityManager:   ntv   ??     736: wcnss_service (pid 719) native
01-30 15:23:25.669  1089  2645 I ActivityManager:   ntv   ??     663: tftp_server (pid 507) native
01-30 15:23:25.669  1089  2645 I ActivityManager:   ntv   ??     584: android.hidl.allocator@1.0-service (pid 481) native
01-30 15:23:25.669  1089  2645 I ActivityManager:   ntv   ??     582: qrtr-ns (pid 618) native
01-30 15:23:25.669  1089  2645 I ActivityManager:   ntv   ??     576: traced (pid 626) native
01-30 15:23:25.669  1089  2645 I ActivityManager:   ntv   ??    2659: (Other native)
01-30 15:23:25.669  1089  2645 I ActivityManager:   sys    PER    68711: system (    2,736K memtrack) (pid 1089) fixed
01-30 15:23:25.669  1089  2645 I ActivityManager:   pers   BFGS   53264: com.android.systemui (   14,912K memtrack) (pid 1482) pers-top-ui
01-30 15:23:25.669  1089  2645 I ActivityManager:   pers   PER    13129: com.android.phone (pid 1748) fixed
01-30 15:23:25.669  1089  2645 I ActivityManager:   pers   PER    12319: com.redbend.client (pid 2255) fixed
01-30 15:23:25.669  1089  2645 I ActivityManager:   pers   PER    10422: com.qualcomm.location (pid 2263) fixed
01-30 15:23:25.669  1089  2645 I ActivityManager:   pers   PER    10182: com.jio.adc.embedded (pid 2275) fixed
01-30 15:23:25.669  1089  2645 I ActivityManager:   pers   PER     5685: org.codeaurora.ims (pid 1727) fixed
01-30 15:23:25.669  1089  2645 I ActivityManager:   pers   PER     5390: .qtidataservices (pid 1680) fixed
01-30 15:23:25.669  1089  2645 I ActivityManager:   pers   PER     4644: com.qualcomm.qti.telephonyservice (pid 1705) fixed
01-30 15:23:25.669  1089  2645 I ActivityManager:   pers   PER     4509: .dataservices (pid 1632) fixed
01-30 15:23:25.669  1089  2645 I ActivityManager:   psvc   PER     8216: com.android.providers.media.module (pid 2212) service
01-30 15:23:25.669  1089  2645 I ActivityManager:                        com.android.providers.media.module/com.android.providers.media.fuse.ExternalStorageServiceImpl<=Proc{1089:system/1000}
01-30 15:23:25.669  1089  2645 I ActivityManager:   psvc   PER     8078: com.android.bluetooth (pid 811) service
01-30 15:23:25.669  1089  2645 I ActivityManager:                        com.android.bluetooth/.gatt.GattService<=Proc{1089:system/1000}
01-30 15:23:25.669  1089  2645 I ActivityManager:   fg     BFGS   20155: com.android.launcher3 (    1,320K memtrack) (pid 2132) service
01-30 15:23:25.669  1089  2645 I ActivityManager:                        com.android.launcher3/com.android.quickstep.TouchInteractionService<=Proc{1482:com.android.systemui/u0a154}
01-30 15:23:25.669  1089  2645 I ActivityManager:   vis    BFGS   43369: com.google.android.gms.persistent (pid 2670) service
01-30 15:23:25.669  1089  2645 I ActivityManager:                        com.google.android.gms/.chimera.PersistentBoundBrokerService<=Proc{1089:system/1000}
01-30 15:23:25.669  1089  2645 I ActivityManager:   vis    BFGS   21412: com.android.systemui:screenshot (    4,372K memtrack) (pid 3492) service
01-30 15:23:25.669  1089  2645 I ActivityManager:                        com.android.systemui/.screenshot.TakeScreenshotService<=Proc{1089:system/1000}
01-30 15:23:25.669  1089  2645 I ActivityManager:   vis    BFGS    5118: com.google.android.ext.services (pid 1790) service
01-30 15:23:25.669  1089  2645 I ActivityManager:                        com.google.android.ext.services/android.ext.services.notification.Assistant<=Proc{1089:system/1000}
01-30 15:23:25.669  1089  2645 I ActivityManager:   vis    IMPF    4448: com.qualcomm.qcrilmsgtunnel (pid 2499) service
01-30 15:23:25.669  1089  2645 I ActivityManager:                        com.qualcomm.qcrilmsgtunnel/.QcrilMsgTunnelService<=Proc{1748:com.android.phone/1001}
01-30 15:23:25.669  1089  2645 I ActivityManager:   prcp   IMPB   20324: com.google.android.inputmethod.latin (pid 1577) service
01-30 15:23:25.669  1089  2645 I ActivityManager:                        com.google.android.inputmethod.latin/com.android.inputmethod.latin.LatinIME<=Proc{1089:system/1000}
01-30 15:23:25.669  1089  2645 I ActivityManager:   prcl   TRNB   22149: com.jio.myjio (pid 1754) service
01-30 15:23:25.669  1089  2645 I ActivityManager:                        com.jio.myjio/com.madme.mobile.sdk.service.LSJobService<=Proc{1089:system/1000}
01-30 15:23:25.669  1089  2645 I ActivityManager:   svc    SVC     8355: com.qti.diagservices (pid 2309) started-services
01-30 15:23:25.669  1089  2645 I ActivityManager:             560477: TOTAL (   46,808K memtrack)
01-30 15:23:25.669  1089  2645 I ActivityManager:   MemInfo:   103,924K slab,     6,492K shmem,    16,576K vm alloc,    21,864K page tables    14,952K kernel stack
01-30 15:23:25.669  1089  2645 I ActivityManager:                  220K buffers,   110,948K cached,    70,392K mapped,    47,728K free
01-30 15:23:25.669  1089  2645 I ActivityManager:   ZRAM:    92,456K RAM,   786,428K swap total,   483,508K swap free
01-30 15:23:25.669  1089  2645 I ActivityManager:   Free RAM:   119,420K
01-30 15:23:25.669  1089  2645 I ActivityManager:        ION:    72,868K
01-30 15:23:25.669  1089  2645 I ActivityManager:   Used RAM:   766,241K
01-30 15:23:25.669  1089  2645 I ActivityManager:   Lost RAM:   171,227K
01-30 15:23:25.872  1089  2645 I DropBoxManagerService: add tag=system_server_lowmem isTagEnabled=true flags=0x2
01-30 15:23:25.903  1089  1189 W BroadcastQueue: Background execution not allowed: receiving Intent { act=android.intent.action.DROPBOX_ENTRY_ADDED flg=0x10 (has extras) } to com.google.android.gms/.stats.service.DropBoxEntryAddedReceiver
01-30 15:24:21.163  1089  1178 W Looper  : Slow dispatch took 340ms android.ui h=com.android.server.am.ActivityManagerService$UiHandler c=null m=68
01-30 15:24:21.163  1089  1178 W Looper  : Slow delivery took 344ms android.ui h=com.android.server.am.ActivityManagerService$UiHandler c=null m=68
01-30 15:24:21.567  1089  1189 W BroadcastQueue: Background execution not allowed: receiving Intent { act=android.net.wifi.SCAN_RESULTS flg=0x4000010 (has extras) } to com.jio.myjio/.jionet.receiver.WifiScanReceiver
01-30 15:24:22.637  1089  1994 D CompatibilityChangeReporter: Compat change id reported: 135634846; UID 10127; state: DISABLED
01-30 15:24:22.638  1089  1190 D CompatibilityChangeReporter: Compat change id reported: 143937733; UID 10127; state: ENABLED
01-30 15:24:22.674  1089  1190 I ActivityManager: Start proc 2705:com.google.android.gms/u0a127 for service {com.google.android.gms/com.google.android.gms.ads.identifier.service.AdvertisingIdService}
01-30 15:24:24.607  1089  1178 W Looper  : Drained
01-30 15:24:28.373  1089  1816 I ActivityManager: Process com.google.android.gms (pid 2705) has died: cch+5 CEM 
01-30 15:25:21.660  1089  1178 W Looper  : Slow dispatch took 161ms android.ui h=com.android.server.am.ActivityManagerService$UiHandler c=null m=68
01-30 15:25:22.203  1089  1189 W BroadcastQueue: Background execution not allowed: receiving Intent { act=android.net.wifi.SCAN_RESULTS flg=0x4000010 (has extras) } to com.jio.myjio/.jionet.receiver.WifiScanReceiver
01-30 15:25:23.273  1089  4086 D CompatibilityChangeReporter: Compat change id reported: 135634846; UID 10127; state: DISABLED
01-30 15:25:23.274  1089  1190 D CompatibilityChangeReporter: Compat change id reported: 143937733; UID 10127; state: ENABLED
01-30 15:25:23.320  1089  1190 I ActivityManager: Start proc 2812:com.google.android.gms/u0a127 for service {com.google.android.gms/com.google.android.gms.ads.identifier.service.AdvertisingIdService}
01-30 15:25:23.927  1089  1189 D CompatibilityChangeReporter: Compat change id reported: 135634846; UID 10079; state: DISABLED
01-30 15:25:23.928  1089  1190 D CompatibilityChangeReporter: Compat change id reported: 143937733; UID 10079; state: ENABLED
01-30 15:25:23.956  1089  1190 I ActivityManager: Start proc 2841:android.process.media/u0a79 for service {com.android.mtp/com.android.mtp.MtpService}
01-30 15:25:24.721  1089  4020 I ActivityManager: Process com.google.android.gms (pid 2812) has died: cch+5 CEM 
01-30 15:25:24.893  1089  4020 I ActivityManager: Process com.qti.diagservices (pid 2309) has died: svcb SVC 
01-30 15:25:24.896  1089  4020 W ActivityManager: Scheduling restart of crashed service com.qti.diagservices/.QTIDiagServices in 1000ms for start-requested
01-30 15:25:25.901  1089  1189 D CompatibilityChangeReporter: Compat change id reported: 135634846; UID 1000; state: DISABLED
01-30 15:25:25.941  1089  1190 I ActivityManager: Start proc 2894:com.qti.diagservices/1000 for service {com.qti.diagservices/com.qti.diagservices.QTIDiagServices}
01-30 15:26:02.054  1089  1994 I ActivityManager: Process android.process.media (pid 2841) has died: svcb SVC 
01-30 15:26:02.112  1089  1994 W ActivityManager: Scheduling restart of crashed service com.android.mtp/.MtpService in 757800ms for start-requested
01-30 15:26:22.954  1089  1189 W BroadcastQueue: Background execution not allowed: receiving Intent { act=android.net.wifi.SCAN_RESULTS flg=0x4000010 (has extras) } to com.jio.myjio/.jionet.receiver.WifiScanReceiver
01-30 15:26:24.024  1089  1310 D CompatibilityChangeReporter: Compat change id reported: 135634846; UID 10127; state: DISABLED
01-30 15:26:24.025  1089  1190 D CompatibilityChangeReporter: Compat change id reported: 143937733; UID 10127; state: ENABLED
01-30 15:26:24.056  1089  1190 I ActivityManager: Start proc 2965:com.google.android.gms/u0a127 for service {com.google.android.gms/com.google.android.gms.ads.identifier.service.AdvertisingIdService}
01-30 15:26:25.351  1089  2798 I ActivityManager: Process com.google.android.gms (pid 2965) has died: cch+5 CEM 
01-30 15:27:23.593  1089  1189 W BroadcastQueue: Background execution not allowed: receiving Intent { act=android.net.wifi.SCAN_RESULTS flg=0x4000010 (has extras) } to com.jio.myjio/.jionet.receiver.WifiScanReceiver
01-30 15:27:24.644  1089  2798 D CompatibilityChangeReporter: Compat change id reported: 135634846; UID 10127; state: DISABLED
01-30 15:27:24.645  1089  1190 D CompatibilityChangeReporter: Compat change id reported: 143937733; UID 10127; state: ENABLED
01-30 15:27:24.683  1089  1190 I ActivityManager: Start proc 3066:com.google.android.gms/u0a127 for service {com.google.android.gms/com.google.android.gms.ads.identifier.service.AdvertisingIdService}
01-30 15:27:32.165  1089  4020 I ActivityManager: Process com.google.android.gms (pid 3066) has died: cch+5 CEM 
01-30 15:28:24.254  1089  1189 W BroadcastQueue: Background execution not allowed: receiving Intent { act=android.net.wifi.SCAN_RESULTS flg=0x4000010 (has extras) } to com.jio.myjio/.jionet.receiver.WifiScanReceiver
01-30 15:28:25.319  1089  4020 D CompatibilityChangeReporter: Compat change id reported: 135634846; UID 10127; state: DISABLED
01-30 15:28:25.320  1089  1190 D CompatibilityChangeReporter: Compat change id reported: 143937733; UID 10127; state: ENABLED
01-30 15:28:25.355  1089  1190 I ActivityManager: Start proc 3163:com.google.android.gms/u0a127 for service {com.google.android.gms/com.google.android.gms.ads.identifier.service.AdvertisingIdService}
01-30 15:28:27.207  1089  1641 I ActivityManager: Process com.google.android.gms (pid 3163) has died: cch+5 CEM 
01-30 15:28:28.630  1089  3227 I ActivityManager: Low on memory:
01-30 15:28:28.631  1089  3227 I ActivityManager:   ntv   ??   33742: surfaceflinger (   23,468K memtrack) (pid 504) native
01-30 15:28:28.631  1089  3227 I ActivityManager:   ntv   ??   22074: zygote (pid 396) native
01-30 15:28:28.631  1089  3227 I ActivityManager:   ntv   ??   18279: android.hardware.camera.provider@2.4-service (pid 482) native
01-30 15:28:28.631  1089  3227 I ActivityManager:   ntv   ??   12117: mediaserver (pid 757) native
01-30 15:28:28.631  1089  3227 I ActivityManager:   ntv   ??   11296: android.hardware.audio.service (pid 480) native
01-30 15:28:28.631  1089  3227 I ActivityManager:   ntv   ??    7296: media.extractor (pid 744) native
01-30 15:28:28.631  1089  3227 I ActivityManager:   ntv   ??    6230: qcrild (pid 987) native
01-30 15:28:28.631  1089  3227 I ActivityManager:   ntv   ??    5762: audioserver (pid 502) native
01-30 15:28:28.631  1089  3227 I ActivityManager:   ntv   ??    4578: media.swcodec (pid 882) native
01-30 15:28:28.631  1089  3227 I ActivityManager:   ntv   ??    3533: cameraserver (pid 723) native
01-30 15:28:28.631  1089  3227 I ActivityManager:   ntv   ??    3188: netmgrd (pid 846) native
01-30 15:28:28.631  1089  3227 I ActivityManager:   ntv   ??    3033: init (pid 1) native
01-30 15:28:28.631  1089  3227 I ActivityManager:   ntv   ??    2951: android.hardware.graphics.composer@2.1-service (pid 484) native
01-30 15:28:28.631  1089  3227 I ActivityManager:   ntv   ??    2497: media.metrics (pid 752) native
01-30 15:28:28.631  1089  3227 I ActivityManager:   ntv   ??    2484: media.codec (pid 787) native
01-30 15:28:28.631  1089  3227 I ActivityManager:   ntv   ??    2303: android.hardware.gnss@2.1-service-qti (pid 483) native
01-30 15:28:28.631  1089  3227 I ActivityManager:   ntv   ??    2211: netd (pid 395) native
01-30 15:28:28.631  1089  3227 I ActivityManager:   ntv   ??    2124: cnd (pid 790) native
01-30 15:28:28.631  1089  3227 I ActivityManager:   ntv   ??    1986: vendor.qti.hardware.perf@2.2-service (pid 495) native
01-30 15:28:28.631  1089  3227 I ActivityManager:   ntv   ??    1944: ims_rtp_daemon (pid 1075) native
01-30 15:28:28.631  1089  3227 I ActivityManager:   ntv   ??    1862: imsdatadaemon (pid 939) native
01-30 15:28:28.631  1089  3227 I ActivityManager:   ntv   ??    1816: android.hardware.sensors@1.0-service (pid 491) native
01-30 15:28:28.631  1089  3227 I ActivityManager:   ntv   ??    1739: ueventd (pid 280) native
01-30 15:28:28.631  1089  3227 I ActivityManager:   ntv   ??    1729: imsrcsd (pid 1006) native
01-30 15:28:28.631  1089  3227 I ActivityManager:   ntv   ??    1630: installd (pid 734) native
01-30 15:28:28.631  1089  3227 I ActivityManager:   ntv   ??    1627: statsd (pid 394) native
01-30 15:28:28.631  1089  3227 I ActivityManager:   ntv   ??    1619: logd (pid 294) native
01-30 15:28:28.631  1089  3227 I ActivityManager:   ntv   ??    1579: android.hardware.bluetooth@1.0-service-qti-lazy (pid 3020) native
01-30 15:28:28.631  1089  3227 I ActivityManager:   ntv   ??    1525: lowi-server (pid 909) native
01-30 15:28:28.631  1089  3227 I ActivityManager:   ntv   ??    1481: vold (pid 331) native
01-30 15:28:28.631  1089  3227 I ActivityManager:   ntv   ??    1405: xtra-daemon (pid 910) native
01-30 15:28:28.631  1089  3227 I ActivityManager:   ntv   ??    1357: init (pid 277) native
01-30 15:28:28.631  1089  3227 I ActivityManager:   ntv   ??    1339: thermal-engine (pid 2036) native
01-30 15:28:28.631  1089  3227 I ActivityManager:   ntv   ??    1268: vendor.qti.hardware.display.allocator-service (pid 493) native
01-30 15:28:28.631  1089  3227 I ActivityManager:   ntv   ??    1213: storaged (pid 767) native
01-30 15:28:28.631  1089  3227 I ActivityManager:   ntv   ??    1161: qseecomd (pid 344) native
01-30 15:28:28.631  1089  3227 I ActivityManager:   ntv   ??    1154: wificond (pid 772) native
01-30 15:28:28.631  1089  3227 I ActivityManager:   ntv   ??    1124: android.hardware.wifi@1.0-service (pid 492) native
01-30 15:28:28.631  1089  3227 I ActivityManager:   ntv   ??    1108: sensors.qti (pid 522) native
01-30 15:28:28.631  1089  3227 I ActivityManager:   ntv   ??    1090: keystore (pid 737) native
01-30 15:28:28.631  1089  3227 I ActivityManager:   ntv   ??    1085: gpuservice (pid 503) native
01-30 15:28:28.631  1089  3227 I ActivityManager:   ntv   ??    1080: perfservice (pid 776) native
01-30 15:28:28.631  1089  3227 I ActivityManager:   ntv   ??    1080: qti (pid 1022) native
01-30 15:28:28.631  1089  3227 I ActivityManager:   ntv   ??    1044: adbd (pid 2087) native
01-30 15:28:28.631  1089  3227 I ActivityManager:   ntv   ??    1013: hwservicemanager (pid 297) native
01-30 15:28:28.631  1089  3227 I ActivityManager:   ntv   ??     971: gatekeeperd (pid 890) native
01-30 15:28:28.631  1089  3227 I ActivityManager:   ntv   ??     969: android.hardware.power-service (pid 490) native
01-30 15:28:28.631  1089  3227 I ActivityManager:   ntv   ??     962: drmserver (pid 724) native
01-30 15:28:28.631  1089  3227 I ActivityManager:   ntv   ??     955: imsqmidaemon (pid 805) native
01-30 15:28:28.631  1089  3227 I ActivityManager:   ntv   ??     926: servicemanager (pid 296) native
01-30 15:28:28.631  1089  3227 I ActivityManager:   ntv   ??     918: android.hardware.keymaster@4.1-service-qti (pid 306) native
01-30 15:28:28.631  1089  3227 I ActivityManager:   ntv   ??     897: android.hardware.health@2.1-service (pid 487) native
01-30 15:28:28.631  1089  3227 I ActivityManager:   ntv   ??     870: incidentd (pid 732) native
01-30 15:28:28.631  1089  3227 I ActivityManager:   ntv   ??     869: vendor.qti.hardware.vibrator.service (pid 496) native
01-30 15:28:28.631  1089  3227 I ActivityManager:   ntv   ??     864: pm-service (pid 501) native
01-30 15:28:28.631  1089  3227 I ActivityManager:   ntv   ??     847: android.hardware.lights-service.qti (pid 488) native
01-30 15:28:28.631  1089  3227 I ActivityManager:   ntv   ??     842: android.hardware.gatekeeper@1.0-service-qti (pid 358) native
01-30 15:28:28.631  1089  3227 I ActivityManager:   ntv   ??     842: adsprpcd (pid 869) native
01-30 15:28:28.631  1089  3227 I ActivityManager:   ntv   ??     838: android.system.suspend@1.0-service (pid 356) native
01-30 15:28:28.631  1089  3227 I ActivityManager:   ntv   ??     836: lmkd (pid 295) native
01-30 15:28:28.631  1089  3227 I ActivityManager:   ntv   ??     826: vendor.qti.hardware.qseecom@1.0-service (pid 309) native
01-30 15:28:28.631  1089  3227 I ActivityManager:   ntv   ??     818: port-bridge (pid 848) native
01-30 15:28:28.631  1089  3227 I ActivityManager:   ntv   ??     811: dspservice (pid 494) native
01-30 15:28:28.631  1089  3227 I ActivityManager:   ntv   ??     802: time_daemon (pid 389) native
01-30 15:28:28.631  1089  3227 I ActivityManager:   ntv   ??     789: loc_launcher (pid 886) native
01-30 15:28:28.631  1089  3227 I ActivityManager:   ntv   ??     784: vndservicemanager (pid 298) native
01-30 15:28:28.631  1089  3227 I ActivityManager:   ntv   ??     776: android.hardware.memtrack@1.0-service (pid 489) native
01-30 15:28:28.631  1089  3227 I ActivityManager:   ntv   ??     773: android.hardware.atrace@1.0-service (pid 357) native
01-30 15:28:28.631  1089  3227 I ActivityManager:   ntv   ??     773: pm-proxy (pid 617) native
01-30 15:28:28.631  1089  3227 I ActivityManager:   ntv   ??     769: rmt_storage (pid 506) native
01-30 15:28:28.631  1089  3227 I ActivityManager:   ntv   ??     736: wcnss_service (pid 719) native
01-30 15:28:28.631  1089  3227 I ActivityManager:   ntv   ??     663: tftp_server (pid 507) native
01-30 15:28:28.631  1089  3227 I ActivityManager:   ntv   ??     584: android.hidl.allocator@1.0-service (pid 481) native
01-30 15:28:28.631  1089  3227 I ActivityManager:   ntv   ??     582: qrtr-ns (pid 618) native
01-30 15:28:28.631  1089  3227 I ActivityManager:   ntv   ??     576: traced (pid 626) native
01-30 15:28:28.631  1089  3227 I ActivityManager:   ntv   ??    2659: (Other native)
01-30 15:28:28.631  1089  3227 I ActivityManager:   sys    PER    74014: system (    2,736K memtrack) (pid 1089) fixed
01-30 15:28:28.631  1089  3227 I ActivityManager:   pers   BFGS   54257: com.android.systemui (   14,912K memtrack) (pid 1482) pers-top-ui
01-30 15:28:28.631  1089  3227 I ActivityManager:   pers   PER    13062: com.android.phone (pid 1748) fixed
01-30 15:28:28.631  1089  3227 I ActivityManager:   pers   PER    12430: com.redbend.client (pid 2255) fixed
01-30 15:28:28.631  1089  3227 I ActivityManager:   pers   PER    10708: com.jio.adc.embedded (pid 2275) fixed
01-30 15:28:28.631  1089  3227 I ActivityManager:   pers   PER    10454: com.qualcomm.location (pid 2263) fixed
01-30 15:28:28.631  1089  3227 I ActivityManager:   pers   PER     5634: org.codeaurora.ims (pid 1727) fixed
01-30 15:28:28.631  1089  3227 I ActivityManager:   pers   PER     5337: .qtidataservices (pid 1680) fixed
01-30 15:28:28.631  1089  3227 I ActivityManager:   pers   PER     4594: com.qualcomm.qti.telephonyservice (pid 1705) fixed
01-30 15:28:28.631  1089  3227 I ActivityManager:   pers   PER     4456: .dataservices (pid 1632) fixed
01-30 15:28:28.631  1089  3227 I ActivityManager:   psvc   PER     8634: com.android.bluetooth (pid 811) service
01-30 15:28:28.631  1089  3227 I ActivityManager:                        com.android.bluetooth/.gatt.GattService<=Proc{1089:system/1000}
01-30 15:28:28.631  1089  3227 I ActivityManager:   psvc   PER     8341: com.android.providers.media.module (pid 2212) service
01-30 15:28:28.631  1089  3227 I ActivityManager:                        com.android.providers.media.module/com.android.providers.media.fuse.ExternalStorageServiceImpl<=Proc{1089:system/1000}
01-30 15:28:28.631  1089  3227 I ActivityManager:   fg     BFGS   20267: com.android.launcher3 (    1,320K memtrack) (pid 2132) service
01-30 15:28:28.631  1089  3227 I ActivityManager:                        com.android.launcher3/com.android.quickstep.TouchInteractionService<=Proc{1482:com.android.systemui/u0a154}
01-30 15:28:28.631  1089  3227 I ActivityManager:   vis    BFGS   47566: com.google.android.gms.persistent (pid 2670) service
01-30 15:28:28.631  1089  3227 I ActivityManager:                        com.google.android.gms/.chimera.PersistentBoundBrokerService<=Proc{1089:system/1000}
01-30 15:28:28.631  1089  3227 I ActivityManager:   vis    BFGS   21496: com.android.systemui:screenshot (    4,372K memtrack) (pid 3492) service
01-30 15:28:28.631  1089  3227 I ActivityManager:                        com.android.systemui/.screenshot.TakeScreenshotService<=Proc{1089:system/1000}
01-30 15:28:28.631  1089  3227 I ActivityManager:   vis    BFGS    5177: com.google.android.ext.services (pid 1790) service
01-30 15:28:28.631  1089  3227 I ActivityManager:                        com.google.android.ext.services/android.ext.services.notification.Assistant<=Proc{1089:system/1000}
01-30 15:28:28.631  1089  3227 I ActivityManager:   vis    IMPF    4459: com.qualcomm.qcrilmsgtunnel (pid 2499) service
01-30 15:28:28.631  1089  3227 I ActivityManager:                        com.qualcomm.qcrilmsgtunnel/.QcrilMsgTunnelService<=Proc{1748:com.android.phone/1001}
01-30 15:28:28.631  1089  3227 I ActivityManager:   prcp   IMPB   20417: com.google.android.inputmethod.latin (pid 1577) service
01-30 15:28:28.631  1089  3227 I ActivityManager:                        com.google.android.inputmethod.latin/com.android.inputmethod.latin.LatinIME<=Proc{1089:system/1000}
01-30 15:28:28.631  1089  3227 I ActivityManager:   prcl   TRNB   22695: com.jio.myjio (pid 1754) service
01-30 15:28:28.631  1089  3227 I ActivityManager:                        com.jio.myjio/com.madme.mobile.sdk.service.LSJobService2<=Proc{1089:system/1000}
01-30 15:28:28.631  1089  3227 I ActivityManager:   svc    SVC    11550: com.qti.diagservices (pid 2894) started-services
01-30 15:28:28.631  1089  3227 I ActivityManager:             576431: TOTAL (   46,808K memtrack)
01-30 15:28:28.631  1089  3227 I ActivityManager:   MemInfo:   103,952K slab,     6,588K shmem,    16,576K vm alloc,    21,864K page tables    14,920K kernel stack
01-30 15:28:28.631  1089  3227 I ActivityManager:                  556K buffers,   100,704K cached,    84,556K mapped,    47,060K free
01-30 15:28:28.631  1089  3227 I ActivityManager:   ZRAM:    91,804K RAM,   786,428K swap total,   486,608K swap free
01-30 15:28:28.631  1089  3227 I ActivityManager:   Free RAM:    94,732K
01-30 15:28:28.631  1089  3227 I ActivityManager:        ION:    72,868K
01-30 15:28:28.631  1089  3227 I ActivityManager:   Used RAM:   782,235K
01-30 15:28:28.631  1089  3227 I ActivityManager:   Lost RAM:   177,522K
01-30 15:28:28.898  1089  3227 I DropBoxManagerService: add tag=system_server_lowmem isTagEnabled=true flags=0x2
01-30 15:28:28.932  1089  1189 W BroadcastQueue: Background execution not allowed: receiving Intent { act=android.intent.action.DROPBOX_ENTRY_ADDED flg=0x10 (has extras) } to com.google.android.gms/.stats.service.DropBoxEntryAddedReceiver
01-30 15:29:24.978  1089  1189 W BroadcastQueue: Background execution not allowed: receiving Intent { act=android.net.wifi.SCAN_RESULTS flg=0x4000010 (has extras) } to com.jio.myjio/.jionet.receiver.WifiScanReceiver
01-30 15:29:26.040  1089  1641 D CompatibilityChangeReporter: Compat change id reported: 135634846; UID 10127; state: DISABLED
01-30 15:29:26.040  1089  1190 D CompatibilityChangeReporter: Compat change id reported: 143937733; UID 10127; state: ENABLED
01-30 15:29:26.075  1089  1190 I ActivityManager: Start proc 3270:com.google.android.gms/u0a127 for service {com.google.android.gms/com.google.android.gms.ads.identifier.service.AdvertisingIdService}
01-30 15:29:31.661  1089  2798 I ActivityManager: Process com.google.android.gms (pid 3270) has died: cch+5 CEM 
01-30 15:30:25.237  1089  1178 W Looper  : Slow dispatch took 227ms android.ui h=com.android.server.am.ActivityManagerService$UiHandler c=null m=68
01-30 15:30:25.766  1089  1189 W BroadcastQueue: Background execution not allowed: receiving Intent { act=android.net.wifi.SCAN_RESULTS flg=0x4000010 (has extras) } to com.jio.myjio/.jionet.receiver.WifiScanReceiver
01-30 15:30:26.860  1089   382 D CompatibilityChangeReporter: Compat change id reported: 135634846; UID 10127; state: DISABLED
01-30 15:30:26.861  1089  1190 D CompatibilityChangeReporter: Compat change id reported: 143937733; UID 10127; state: ENABLED
01-30 15:30:26.900  1089  1190 I ActivityManager: Start proc 3358:com.google.android.gms/u0a127 for service {com.google.android.gms/com.google.android.gms.ads.identifier.service.AdvertisingIdService}
01-30 15:30:29.093  1089  2798 I ActivityManager: Process com.google.android.gms (pid 3358) has died: cch+5 CEM 
01-30 15:31:18.960  1089  1089 D CompatibilityChangeReporter: Compat change id reported: 135634846; UID 10116; state: DISABLED
01-30 15:31:18.961  1089  1190 D CompatibilityChangeReporter: Compat change id reported: 143937733; UID 10116; state: DISABLED
01-30 15:31:18.995  1089  1190 I ActivityManager: Start proc 3443:com.google.android.apps.searchlite/u0a116 for service {com.google.android.apps.searchlite/androidx.work.impl.background.systemjob.SystemJobService}
01-30 15:31:20.156  1089  2798 D CompatibilityChangeReporter: Compat change id reported: 135634846; UID 10127; state: DISABLED
01-30 15:31:20.157  1089  1190 D CompatibilityChangeReporter: Compat change id reported: 143937733; UID 10127; state: ENABLED
01-30 15:31:20.194  1089  1190 I ActivityManager: Start proc 3479:com.google.process.gservices/u0a127 for content provider {com.google.android.gsf/com.google.android.gsf.gservices.GservicesProvider}
01-30 15:31:24.561  1089  1641 I ActivityManager: Process com.google.process.gservices (pid 3479) has died: cch+15 CEM 
01-30 15:31:24.764  1089  1641 I ActivityManager: Process com.google.android.apps.searchlite (pid 3443) has died: cch+5 CEM 
01-30 15:31:26.534  1089  1189 W BroadcastQueue: Background execution not allowed: receiving Intent { act=android.net.wifi.SCAN_RESULTS flg=0x4000010 (has extras) } to com.jio.myjio/.jionet.receiver.WifiScanReceiver
01-30 15:31:27.674  1089  1994 D CompatibilityChangeReporter: Compat change id reported: 135634846; UID 10127; state: DISABLED
01-30 15:31:27.675  1089  1190 D CompatibilityChangeReporter: Compat change id reported: 143937733; UID 10127; state: ENABLED
01-30 15:31:27.709  1089  1190 I ActivityManager: Start proc 3530:com.google.android.gms/u0a127 for service {com.google.android.gms/com.google.android.gms.ads.identifier.service.AdvertisingIdService}
01-30 15:31:32.666  1089  1641 I ActivityManager: Process com.google.android.gms (pid 3530) has died: cch+5 CEM 
01-30 15:31:40.933  1089  1089 W Looper  : Slow dispatch took 104ms main h=android.app.ActivityThread$H c=null m=124
01-30 15:32:26.872  1089  1178 W Looper  : Slow dispatch took 301ms android.ui h=com.android.server.am.ActivityManagerService$UiHandler c=null m=68
01-30 15:32:26.872  1089  1178 W Looper  : Slow delivery took 307ms android.ui h=com.android.server.am.ActivityManagerService$UiHandler c=null m=31
01-30 15:32:27.297  1089  1189 W BroadcastQueue: Background execution not allowed: receiving Intent { act=android.net.wifi.SCAN_RESULTS flg=0x4000010 (has extras) } to com.jio.myjio/.jionet.receiver.WifiScanReceiver
01-30 15:32:28.402  1089  2461 D CompatibilityChangeReporter: Compat change id reported: 135634846; UID 10127; state: DISABLED
01-30 15:32:28.402  1089  1190 D CompatibilityChangeReporter: Compat change id reported: 143937733; UID 10127; state: ENABLED
01-30 15:32:28.461  1089  1190 W ActivityManager: Slow operation: 63ms so far, now at startProcess: returned from zygote!
01-30 15:32:28.462  1089  1190 W ActivityManager: Slow operation: 63ms so far, now at startProcess: done updating battery stats
01-30 15:32:28.462  1089  1190 W ActivityManager: Slow operation: 64ms so far, now at startProcess: building log message
01-30 15:32:28.462  1089  1190 I ActivityManager: Start proc 3626:com.google.android.gms/u0a127 for service {com.google.android.gms/com.google.android.gms.ads.identifier.service.AdvertisingIdService}
01-30 15:32:28.462  1089  1190 W ActivityManager: Slow operation: 64ms so far, now at startProcess: starting to update pids map
01-30 15:32:28.463  1089  1190 W ActivityManager: Slow operation: 65ms so far, now at startProcess: done updating pids map
01-30 15:32:30.281  1089  1178 W Looper  : Drained
01-30 15:32:30.455  1089  1641 I ActivityManager: Process com.google.android.gms (pid 3626) has died: fg  TRNB
01-30 15:32:30.463  1089  1641 W ActivityManager: Scheduling restart of crashed service com.google.android.gms/.ads.identifier.service.AdvertisingIdService in 1000ms for connection
01-30 15:32:31.467  1089  1189 D CompatibilityChangeReporter: Compat change id reported: 135634846; UID 10127; state: DISABLED
01-30 15:32:31.468  1089  1190 D CompatibilityChangeReporter: Compat change id reported: 143937733; UID 10127; state: ENABLED
01-30 15:32:31.510  1089  1190 I ActivityManager: Start proc 3680:com.google.android.gms/u0a127 for service {com.google.android.gms/com.google.android.gms.ads.identifier.service.AdvertisingIdService}
01-30 15:32:36.401  1089  1641 I ActivityManager: Process com.google.android.gms (pid 3680) has died: cch+5 CEM 
01-30 15:33:28.017  1089  1189 W BroadcastQueue: Background execution not allowed: receiving Intent { act=android.net.wifi.SCAN_RESULTS flg=0x4000010 (has extras) } to com.jio.myjio/.jionet.receiver.WifiScanReceiver
01-30 15:33:29.069  1089  2461 D CompatibilityChangeReporter: Compat change id reported: 135634846; UID 10127; state: DISABLED
01-30 15:33:29.070  1089  1190 D CompatibilityChangeReporter: Compat change id reported: 143937733; UID 10127; state: ENABLED
01-30 15:33:29.105  1089  1190 I ActivityManager: Start proc 3776:com.google.android.gms/u0a127 for service {com.google.android.gms/com.google.android.gms.ads.identifier.service.AdvertisingIdService}
01-30 15:33:30.274  1089  3547 I ActivityManager: Process com.google.android.gms (pid 3776) has died: cch+5 CEM 
01-30 15:33:31.746  1089  3821 I ActivityManager: Low on memory:
01-30 15:33:31.747  1089  3821 I ActivityManager:   ntv   ??   33729: surfaceflinger (   23,468K memtrack) (pid 504) native
01-30 15:33:31.747  1089  3821 I ActivityManager:   ntv   ??   22333: zygote (pid 396) native
01-30 15:33:31.747  1089  3821 I ActivityManager:   ntv   ??   18279: android.hardware.camera.provider@2.4-service (pid 482) native
01-30 15:33:31.747  1089  3821 I ActivityManager:   ntv   ??   12107: mediaserver (pid 757) native
01-30 15:33:31.747  1089  3821 I ActivityManager:   ntv   ??   11272: android.hardware.audio.service (pid 480) native
01-30 15:33:31.747  1089  3821 I ActivityManager:   ntv   ??    7292: media.extractor (pid 744) native
01-30 15:33:31.747  1089  3821 I ActivityManager:   ntv   ??    6230: qcrild (pid 987) native
01-30 15:33:31.747  1089  3821 I ActivityManager:   ntv   ??    5760: audioserver (pid 502) native
01-30 15:33:31.747  1089  3821 I ActivityManager:   ntv   ??    4574: media.swcodec (pid 882) native
01-30 15:33:31.747  1089  3821 I ActivityManager:   ntv   ??    3533: cameraserver (pid 723) native
01-30 15:33:31.747  1089  3821 I ActivityManager:   ntv   ??    3188: netmgrd (pid 846) native
01-30 15:33:31.747  1089  3821 I ActivityManager:   ntv   ??    3027: init (pid 1) native
01-30 15:33:31.747  1089  3821 I ActivityManager:   ntv   ??    2951: android.hardware.graphics.composer@2.1-service (pid 484) native
01-30 15:33:31.747  1089  3821 I ActivityManager:   ntv   ??    2493: media.metrics (pid 752) native
01-30 15:33:31.747  1089  3821 I ActivityManager:   ntv   ??    2484: media.codec (pid 787) native
01-30 15:33:31.747  1089  3821 I ActivityManager:   ntv   ??    2388: netd (pid 395) native
01-30 15:33:31.747  1089  3821 I ActivityManager:   ntv   ??    2303: android.hardware.gnss@2.1-service-qti (pid 483) native
01-30 15:33:31.747  1089  3821 I ActivityManager:   ntv   ??    2124: cnd (pid 790) native
01-30 15:33:31.747  1089  3821 I ActivityManager:   ntv   ??    1990: vendor.qti.hardware.perf@2.2-service (pid 495) native
01-30 15:33:31.747  1089  3821 I ActivityManager:   ntv   ??    1944: ims_rtp_daemon (pid 1075) native
01-30 15:33:31.747  1089  3821 I ActivityManager:   ntv   ??    1896: android.hardware.sensors@1.0-service (pid 491) native
01-30 15:33:31.747  1089  3821 I ActivityManager:   ntv   ??    1862: imsdatadaemon (pid 939) native
01-30 15:33:31.747  1089  3821 I ActivityManager:   ntv   ??    1729: imsrcsd (pid 1006) native
01-30 15:33:31.747  1089  3821 I ActivityManager:   ntv   ??    1720: ueventd (pid 280) native
01-30 15:33:31.747  1089  3821 I ActivityManager:   ntv   ??    1666: installd (pid 734) native
01-30 15:33:31.747  1089  3821 I ActivityManager:   ntv   ??    1627: statsd (pid 394) native
01-30 15:33:31.747  1089  3821 I ActivityManager:   ntv   ??    1626: logd (pid 294) native
01-30 15:33:31.747  1089  3821 I ActivityManager:   ntv   ??    1537: android.hardware.bluetooth@1.0-service-qti-lazy (pid 3020) native
01-30 15:33:31.747  1089  3821 I ActivityManager:   ntv   ??    1525: lowi-server (pid 909) native
01-30 15:33:31.747  1089  3821 I ActivityManager:   ntv   ??    1481: vold (pid 331) native
01-30 15:33:31.747  1089  3821 I ActivityManager:   ntv   ??    1405: xtra-daemon (pid 910) native
01-30 15:33:31.747  1089  3821 I ActivityManager:   ntv   ??    1357: init (pid 277) native
01-30 15:33:31.747  1089  3821 I ActivityManager:   ntv   ??    1339: thermal-engine (pid 2036) native
01-30 15:33:31.747  1089  3821 I ActivityManager:   ntv   ??    1268: vendor.qti.hardware.display.allocator-service (pid 493) native
01-30 15:33:31.747  1089  3821 I ActivityManager:   ntv   ??    1213: storaged (pid 767) native
01-30 15:33:31.747  1089  3821 I ActivityManager:   ntv   ??    1161: qseecomd (pid 344) native
01-30 15:33:31.747  1089  3821 I ActivityManager:   ntv   ??    1154: wificond (pid 772) native
01-30 15:33:31.747  1089  3821 I ActivityManager:   ntv   ??    1132: sensors.qti (pid 522) native
01-30 15:33:31.747  1089  3821 I ActivityManager:   ntv   ??    1120: android.hardware.wifi@1.0-service (pid 492) native
01-30 15:33:31.747  1089  3821 I ActivityManager:   ntv   ??    1090: keystore (pid 737) native
01-30 15:33:31.747  1089  3821 I ActivityManager:   ntv   ??    1085: gpuservice (pid 503) native
01-30 15:33:31.747  1089  3821 I ActivityManager:   ntv   ??    1080: perfservice (pid 776) native
01-30 15:33:31.747  1089  3821 I ActivityManager:   ntv   ??    1080: qti (pid 1022) native
01-30 15:33:31.747  1089  3821 I ActivityManager:   ntv   ??    1017: adbd (pid 2087) native
01-30 15:33:31.747  1089  3821 I ActivityManager:   ntv   ??    1013: hwservicemanager (pid 297) native
01-30 15:33:31.747  1089  3821 I ActivityManager:   ntv   ??     971: gatekeeperd (pid 890) native
01-30 15:33:31.747  1089  3821 I ActivityManager:   ntv   ??     969: android.hardware.power-service (pid 490) native
01-30 15:33:31.747  1089  3821 I ActivityManager:   ntv   ??     962: drmserver (pid 724) native
01-30 15:33:31.747  1089  3821 I ActivityManager:   ntv   ??     955: imsqmidaemon (pid 805) native
01-30 15:33:31.747  1089  3821 I ActivityManager:   ntv   ??     926: servicemanager (pid 296) native
01-30 15:33:31.747  1089  3821 I ActivityManager:   ntv   ??     918: android.hardware.keymaster@4.1-service-qti (pid 306) native
01-30 15:33:31.747  1089  3821 I ActivityManager:   ntv   ??     897: android.hardware.health@2.1-service (pid 487) native
01-30 15:33:31.747  1089  3821 I ActivityManager:   ntv   ??     870: incidentd (pid 732) native
01-30 15:33:31.747  1089  3821 I ActivityManager:   ntv   ??     869: vendor.qti.hardware.vibrator.service (pid 496) native
01-30 15:33:31.747  1089  3821 I ActivityManager:   ntv   ??     864: pm-service (pid 501) native
01-30 15:33:31.747  1089  3821 I ActivityManager:   ntv   ??     847: android.hardware.lights-service.qti (pid 488) native
01-30 15:33:31.747  1089  3821 I ActivityManager:   ntv   ??     842: android.hardware.gatekeeper@1.0-service-qti (pid 358) native
01-30 15:33:31.747  1089  3821 I ActivityManager:   ntv   ??     842: adsprpcd (pid 869) native
01-30 15:33:31.747  1089  3821 I ActivityManager:   ntv   ??     836: lmkd (pid 295) native
01-30 15:33:31.747  1089  3821 I ActivityManager:   ntv   ??     836: android.system.suspend@1.0-service (pid 356) native
01-30 15:33:31.747  1089  3821 I ActivityManager:   ntv   ??     826: vendor.qti.hardware.qseecom@1.0-service (pid 309) native
01-30 15:33:31.747  1089  3821 I ActivityManager:   ntv   ??     818: port-bridge (pid 848) native
01-30 15:33:31.747  1089  3821 I ActivityManager:   ntv   ??     811: dspservice (pid 494) native
01-30 15:33:31.747  1089  3821 I ActivityManager:   ntv   ??     802: time_daemon (pid 389) native
