01-28 14:42:15.268   729   729 D PackageManager: [0833d712-1530-4318-92d1-43156f5d82c8] Phase1 request; prefix: [-2137858048, -2115608576, -1597771776, -1482518528, -1375666176, -1340305408, -928980992, -724971520, -677912576, -652271616, -339918848, -270135296, -236957696, 724996096, 737996800, 1278046208, 1321009152, 1483378688, 1635049472], userId: 0
01-28 14:42:18.775  1080  1187 I chatty  : uid=1000(system) ActivityManager expire 11 lines
01-28 14:42:19.830  1080  2207 I chatty  : uid=1000(system) Binder:1080_1C expire 2 lines
01-28 14:42:19.872  1080  1177 I chatty  : uid=1000(system) android.display expire 2 lines
01-28 14:42:19.872  1080  2360 I chatty  : uid=1000(system) Binder:1080_C expire 2 lines
01-28 14:42:19.916  1080  1107 I chatty  : uid=1000(system) Binder:1080_2 expire 51 lines
01-28 14:42:26.894  1080  2742 I chatty  : uid=1000(system) Binder:1080_1F expire 2 lines
01-28 14:42:30.230  3882  3914 E ActivityThread: Failed to find provider info for com.qti.smq.Feedback.provider
01-28 14:42:31.250  1080  1657 I chatty  : uid=1000(system) Binder:1080_19 expire 12 lines
01-28 14:42:31.406  1080  1177 I chatty  : uid=1000(system) android.display expire 6 lines
01-28 14:42:31.526  1080  1106 I chatty  : uid=1000(system) Binder:1080_1 expire 10 lines
01-28 14:42:31.794  1080  3564 I chatty  : uid=1000(system) Binder:1080_F expire 4 lines
01-28 14:42:31.796  1080  2207 I chatty  : uid=1000(system) Binder:1080_1C expire 5 lines
01-28 14:42:33.788  1080  3574 I chatty  : uid=1000(system) Binder:1080_10 expire 15 lines
01-28 14:42:33.813  1080  1187 I chatty  : uid=1000(system) ActivityManager expire 9 lines
01-28 14:42:34.765  1080  2360 I chatty  : uid=1000(system) Binder:1080_C expire 8 lines
01-28 14:42:34.989   729  2284 V PackageManager: [6db2786b-313e-4dab-a2a9-844c1abe574a] Phase1 called; posting
01-28 14:42:35.079  1080  3816 I chatty  : uid=1000(system) Binder:1080_13 expire 1 line
01-28 14:42:35.104  1080  3564 I chatty  : uid=1000(system) Binder:1080_F expire 4 lines
01-28 14:42:35.129  1080  1177 I chatty  : uid=1000(system) android.display expire 1 line
01-28 14:42:35.133  1080  2554 I chatty  : uid=1000(system) Binder:1080_E expire 2 lines
01-28 14:42:35.137  1080  1187 I chatty  : uid=1000(system) ActivityManager expire 39 lines
01-28 14:42:35.281  1080  1106 I chatty  : uid=1000(system) Binder:1080_1 expire 7 lines
01-28 14:42:35.563   729   729 D PackageManager: [6db2786b-313e-4dab-a2a9-844c1abe574a] Phase1 request; prefix: [-1844322304, -928980992, -724971520, -547418112, -419139584, 10031104, 496037888, 1170890752, 1286701056, 1335599104, 1459683328, 2009944064], userId: 0
01-28 14:42:36.616   729  2284 V PackageManager: [97aff39b-2e6e-436d-9b34-9c1ca6d8eea8] Phase1 called; posting
01-28 14:42:36.616   729   729 D PackageManager: [97aff39b-2e6e-436d-9b34-9c1ca6d8eea8] Phase1 request; prefix: [-2130333696, -2078113792, -1944473600, -1914433536, -1900298240, -1866588160, -1620324352, -1341472768, -928980992, -745721856, -724971520, -561299456, -483049472, -477499392, -386727936, -213209088, 20582400, 547946496, 1727025152], userId: 0
01-28 14:42:37.695   729  1521 V PackageManager: [c58437dc-6cc8-417f-9056-daa70810c0eb] Phase1 called; posting
01-28 14:42:37.696   729   729 D PackageManager: [c58437dc-6cc8-417f-9056-daa70810c0eb] Phase1 request; prefix: [-2090315776, -1892130816, -1792032768, -1538387968, -1433243648, -928980992, -798543872, -724971520, -596807680, -409112576, -346030080, -289021952, -17604608, -61440, 788135936, 1275125760, 1289039872, 1503154176, 1584279552, 1657663488], userId: 0
01-28 14:42:39.030  1080  2336 I chatty  : uid=1000(system) Binder:1080_A expire 1 line
01-28 14:42:39.448  1080   383 I chatty  : uid=1000(system) Binder:1080_16 expire 11 lines
01-28 14:42:40.325  1080  3122 I chatty  : uid=1000(system) Binder:1080_21 expire 4 lines
01-28 14:42:40.534  1080  1930 I chatty  : uid=1000(system) Binder:1080_1A expire 7 lines
01-28 14:42:41.967  1080  1561 I chatty  : uid=1000(system) Binder:1080_18 expire 2 lines
01-28 14:42:56.583  1080  1186 I chatty  : uid=1000(system) ActivityManager expire 4 lines
01-28 14:43:01.406  1080   383 I chatty  : uid=1000(system) Binder:1080_16 expire 2 lines
01-28 14:43:01.435  1080  1177 I chatty  : uid=1000(system) android.display expire 15 lines
01-28 14:43:01.573  1080  1187 I chatty  : uid=1000(system) ActivityManager expire 21 lines
01-28 14:43:01.648  1080  1930 I chatty  : uid=1000(system) Binder:1080_1A expire 21 lines
01-28 14:43:01.852  1080  1200 I chatty  : uid=1000(system) CpuTracker expire 2 lines
01-28 14:43:01.983  1080  1677 I chatty  : uid=1000(system) Binder:1080_6 expire 5 lines
01-28 14:43:02.142  1080  2338 I chatty  : uid=1000(system) Binder:1080_B expire 4 lines
01-28 14:43:02.280  1080  1194 I chatty  : uid=1000(system) batterystats-wo expire 4 lines
01-28 14:43:04.252  1080  1798 I chatty  : uid=1000(system) Binder:1080_8 expire 7 lines
01-28 14:43:04.265  1080  3580 I chatty  : uid=1000(system) Binder:1080_11 expire 5 lines
01-28 14:43:04.935  1080  1178 I chatty  : uid=1000(system) android.anim expire 1 line
01-28 14:43:05.578  1080  1677 I chatty  : uid=1000(system) Binder:1080_6 expire 15 lines
01-28 14:43:05.632  1080  2336 I chatty  : uid=1000(system) Binder:1080_A expire 8 lines
01-28 14:43:05.947  1080  1798 I chatty  : uid=1000(system) Binder:1080_8 expire 5 lines
01-28 14:43:05.988  1080  1194 I chatty  : uid=1000(system) batterystats-wo expire 2 lines
01-28 14:43:06.007  1080  2338 I chatty  : uid=1000(system) Binder:1080_B expire 1 line
01-28 14:43:06.315  1080  3122 I chatty  : uid=1000(system) Binder:1080_21 expire 4 lines
01-28 14:43:06.349  1080  3574 I chatty  : uid=1000(system) Binder:1080_10 expire 5 lines
01-28 14:43:06.619  1080  1175 I chatty  : uid=1000(system) android.ui expire 3 lines
01-28 14:43:11.220  1080  2628 I chatty  : uid=1000(system) Binder:1080_1D expire 14 lines
01-28 14:43:11.324   863  1022 E ActivityThread: Failed to find provider info for com.qti.smq.Feedback.provider
01-28 14:43:12.357  1080  1177 I chatty  : uid=1000(system) android.display expire 4 lines
01-28 14:43:13.756  1080  1187 I chatty  : uid=1000(system) ActivityManager expire 7 lines
01-28 14:43:13.809  1080  1677 I chatty  : uid=1000(system) Binder:1080_6 expire 15 lines
01-28 14:43:13.831  1080  3574 I chatty  : uid=1000(system) Binder:1080_10 expire 12 lines
01-28 14:43:14.101  1080  1194 I chatty  : uid=1000(system) batterystats-wo expire 2 lines
01-28 14:43:14.428  1080  3122 I chatty  : uid=1000(system) Binder:1080_21 expire 5 lines
01-28 14:43:14.521  1080  1177 I chatty  : uid=1000(system) android.display expire 11 lines
01-28 14:43:14.614  1080  2336 I chatty  : uid=1000(system) Binder:1080_A expire 4 lines
01-28 14:43:14.795  1080  2741 I chatty  : uid=1000(system) Binder:1080_1E expire 12 lines
01-28 14:43:14.920   863  1287 E ActivityThread: Failed to find provider info for com.qti.smq.Feedback.provider
01-28 14:43:15.122  1080  1186 I chatty  : uid=1000(system) ActivityManager expire 4 lines
01-28 14:43:15.796  1080  1177 I chatty  : uid=1000(system) android.display expire 5 lines
01-28 14:43:15.871  1080  3122 I chatty  : uid=1000(system) Binder:1080_21 expire 7 lines
01-28 14:43:18.677  1080  1080 I chatty  : uid=1000(system) Binder:1080_3 expire 12 lines
01-28 14:43:24.644  1080  2338 I chatty  : uid=1000(system) Binder:1080_B expire 2 lines
01-28 14:43:24.728  1080  2628 I chatty  : uid=1000(system) Binder:1080_1D expire 3 lines
01-28 14:43:25.045  1080  1677 I chatty  : uid=1000(system) Binder:1080_6 expire 4 lines
01-28 14:43:27.502  1080  1174 I chatty  : uid=1000(system) android.fg expire 8 lines
01-28 14:43:27.518  1080  1187 I chatty  : uid=1000(system) ActivityManager expire 16 lines
01-28 14:43:30.919  1080  2360 I chatty  : uid=1000(system) Binder:1080_C expire 5 lines
01-28 14:43:38.484  1080  3580 I chatty  : uid=1000(system) Binder:1080_11 expire 12 lines
01-28 14:43:38.838  1080  1194 I chatty  : uid=1000(system) batterystats-wo expire 2 lines
01-28 14:43:39.301  1080  1174 I chatty  : uid=1000(system) android.fg expire 1 line
01-28 14:43:39.358  1080  1177 I chatty  : uid=1000(system) android.display expire 9 lines
01-28 14:43:39.489  1080  2554 I chatty  : uid=1000(system) Binder:1080_E expire 1 line
01-28 14:43:39.551  1080  2361 I chatty  : uid=1000(system) Binder:1080_D expire 1 line
01-28 14:43:39.558  1080  1175 I chatty  : uid=1000(system) android.ui expire 1 line
01-28 14:43:39.587  1080   385 I chatty  : uid=1000(system) Binder:1080_17 expire 7 lines
01-28 14:43:41.911  1080  1080 I chatty  : uid=1000(system) Binder:1080_3 expire 1 line
01-28 14:43:42.067  1080  2338 I chatty  : uid=1000(system) Binder:1080_B expire 21 lines
01-28 14:43:42.110  1080  1187 I chatty  : uid=1000(system) ActivityManager expire 14 lines
01-28 14:43:43.026  1080  2741 I chatty  : uid=1000(system) Binder:1080_1E expire 2 lines
01-28 14:43:43.136  1080   385 I chatty  : uid=1000(system) Binder:1080_17 expire 3 lines
01-28 14:43:43.207  1080  2338 I chatty  : uid=1000(system) Binder:1080_B expire 9 lines
01-28 14:43:43.354   729  3152 V PackageManager: [e0ae0dc6-6a6d-4496-ab7d-be2163c819ce] Phase1 called; posting
01-28 14:43:43.355   729   729 D PackageManager: [e0ae0dc6-6a6d-4496-ab7d-be2163c819ce] Phase1 request; prefix: [-2143219712, -1712455680, -1486843904, -1468805120, -1348132864, -1283948544, -1158213632, -1016426496, -928980992, -724971520, -461008896, 162299904, 189493248, 248561664, 877494272, 893644800, 1100009472, 1127325696, 1342283776, 1512476672, 1744900096], userId: 0
01-28 14:43:43.551   729  3152 V PackageManager: [c3aea129-1c87-41b4-bb1f-ec58e49f3080] Phase1 called; posting
01-28 14:43:43.576   729   729 D PackageManager: [c3aea129-1c87-41b4-bb1f-ec58e49f3080] Phase1 request; prefix: [-2134917120, -2034479104, -1921568768, -1308909568, -1257390080, -1227128832, -928980992, -900386816, -724971520, -95416320, 241418240, 409788416, 455335936, 707657728, 790872064, 1377845248, 1497395200, 1564651520, 1803960320, 1851088896, 2054995968], userId: 0
01-28 14:43:43.746  1080  1187 I chatty  : uid=1000(system) ActivityManager expire 28 lines
01-28 14:43:44.479  1080  1186 I chatty  : uid=1000(system) ActivityManager expire 4 lines
01-28 14:43:44.630  1080  1175 I chatty  : uid=1000(system) android.ui expire 2 lines
01-28 14:43:44.631  1080  1080 I chatty  : uid=1000(system) Binder:1080_3 expire 7 lines
01-28 14:43:44.698  1080  1194 I chatty  : uid=1000(system) batterystats-wo expire 2 lines
01-28 14:43:44.910  1080  1174 I chatty  : uid=1000(system) android.fg expire 3 lines
01-28 14:43:47.363  1080  1176 I chatty  : uid=1000(system) android.io expire 1 line
01-28 14:43:48.483  1080  2336 I chatty  : uid=1000(system) Binder:1080_A expire 1 line
01-28 14:43:49.837  1080  2360 I chatty  : uid=1000(system) Binder:1080_C expire 1 line
01-28 14:43:49.911  1080  2554 I chatty  : uid=1000(system) Binder:1080_E expire 2 lines
01-28 14:43:49.927  1080  1187 I chatty  : uid=1000(system) ActivityManager expire 6 lines
01-28 14:43:50.053  1080  2336 I chatty  : uid=1000(system) Binder:1080_A expire 5 lines
01-28 14:43:50.119  1080  3574 I chatty  : uid=1000(system) Binder:1080_10 expire 1 line
01-28 14:43:50.172  1080  1177 I chatty  : uid=1000(system) android.display expire 4 lines
01-28 14:43:50.208  1080  1561 I chatty  : uid=1000(system) Binder:1080_18 expire 1 line
01-28 14:43:50.939  1080  2338 I chatty  : uid=1000(system) Binder:1080_B expire 4 lines
01-28 14:43:53.638  1080   383 I chatty  : uid=1000(system) Binder:1080_16 expire 1 line
01-28 14:43:53.903  1080  1657 I chatty  : uid=1000(system) Binder:1080_19 expire 13 lines
01-28 14:43:53.944  1080  1186 I chatty  : uid=1000(system) ActivityManager expire 1 line
01-28 14:43:58.595  1080  1792 I chatty  : uid=1000(system) Binder:1080_7 expire 10 lines
01-28 14:43:59.297  1080   385 I chatty  : uid=1000(system) Binder:1080_17 expire 22 lines
01-28 14:43:59.640  2277  2342 E ActivityThread: Failed to find provider info for com.qti.smq.Feedback.provider
01-28 14:44:02.554  1080  1930 I chatty  : uid=1000(system) Binder:1080_1A expire 4 lines
01-28 14:44:03.052   729  1521 V PackageManager: [2858985c-ee41-4955-9728-5073601741b1] Phase1 called; posting
01-28 14:44:03.053   729   729 D PackageManager: [2858985c-ee41-4955-9728-5073601741b1] Phase1 request; prefix: [-1469083648, -928980992, -916930560, -878985216, -724971520, -360280064, -37646336, 270184448, 438956032, 499843072, 611082240, 712482816, 1899753472], userId: 0
01-28 14:44:03.479  1080  1177 I chatty  : uid=1000(system) android.display expire 7 lines
01-28 14:44:03.577  1080  1792 I chatty  : uid=1000(system) Binder:1080_7 expire 4 lines
01-28 14:44:05.006   729   770 V PackageManager: [5d635a06-6992-4a73-81cf-368efa074963] Phase1 called; posting
01-28 14:44:05.008   729   729 D PackageManager: [5d635a06-6992-4a73-81cf-368efa074963] Phase1 request; prefix: [-1436565504, -928980992, -724971520, -667443200, -483471360, -449843200, -312270848, 701386752, 721989632, 736870400, 744374272, 989941760], userId: 0
01-28 14:44:06.566  1080  2779 I chatty  : uid=1000(system) Binder:1080_20 expire 23 lines
01-28 14:44:07.054  1080   385 I chatty  : uid=1000(system) Binder:1080_17 expire 12 lines
01-28 14:44:07.118  1080  1187 I chatty  : uid=1000(system) ActivityManager expire 8 lines
01-28 14:44:07.780  1080   385 I chatty  : uid=1000(system) Binder:1080_17 expire 23 lines
01-28 14:44:07.931  2367  2400 E ActivityThread: Failed to find provider info for com.qti.smq.Feedback.provider
01-28 14:44:09.758  1080  1177 I chatty  : uid=1000(system) android.display expire 14 lines
01-28 14:44:09.914  1080  2779 I chatty  : uid=1000(system) Binder:1080_20 expire 4 lines
01-28 14:44:10.214  1080  1930 I chatty  : uid=1000(system) Binder:1080_1A expire 1 line
01-28 14:44:10.215  1080  2361 I chatty  : uid=1000(system) Binder:1080_D expire 5 lines
01-28 14:44:14.954  1080  1174 I chatty  : uid=1000(system) android.fg expire 4 lines
01-28 14:44:15.402  1080  1080 I chatty  : uid=1000(system) Binder:1080_3 expire 1 line
01-28 14:44:15.406  1080  1186 I chatty  : uid=1000(system) ActivityManager expire 1 line
01-28 14:44:15.457  1080  1187 I chatty  : uid=1000(system) ActivityManager expire 19 lines
01-28 14:45:12.235  1080  2361 I chatty  : uid=1000(system) Binder:1080_D expire 8 lines
01-28 14:45:12.278  1080  2554 I chatty  : uid=1000(system) Binder:1080_E expire 11 lines
01-28 14:45:12.302  1080  1177 I chatty  : uid=1000(system) android.display expire 1 line
01-28 14:45:13.316  1080   385 I chatty  : uid=1000(system) Binder:1080_17 expire 8 lines
01-28 14:45:13.423   729  1521 V PackageManager: [b6ce33f5-8f10-4717-b3f8-abdde9034816] Phase1 called; posting
01-28 14:45:13.427   729   729 D PackageManager: [b6ce33f5-8f10-4717-b3f8-abdde9034816] Phase1 request; prefix: [-2046050304, -1618796544, -1423523840, -1211101184, -928980992, -724971520, -138153984, 469716992, 859693056, 1000673280, 1142300672, 1690021888], userId: 0
01-28 14:45:13.440  1080  1561 W ActivityTaskManager: servicetracker HIDL not available
01-28 14:45:13.441  1080  1561 E ActivityTaskManager: Unable to get servicetracker HAL instance
01-28 14:45:13.442  1080  1561 W ActivityTaskManager: servicetracker HIDL not available
01-28 14:45:13.442  1080  1561 E ActivityTaskManager: Unable to get servicetracker HAL instance
01-28 14:45:13.525  2367  2367 E ActivityThread: Activity com.android.settings.SubSettings has leaked ServiceConnection android.bluetooth.BluetoothProfileConnector$2@9b55882 that was originally bound here
01-28 14:45:13.525  2367  2367 E ActivityThread: android.app.ServiceConnectionLeaked: Activity com.android.settings.SubSettings has leaked ServiceConnection android.bluetooth.BluetoothProfileConnector$2@9b55882 that was originally bound here
01-28 14:45:13.525  2367  2367 E ActivityThread: 	at android.app.LoadedApk$ServiceDispatcher.<init>(LoadedApk.java:1835)
01-28 14:45:13.525  2367  2367 E ActivityThread: 	at android.app.LoadedApk.getServiceDispatcherCommon(LoadedApk.java:1707)
01-28 14:45:13.525  2367  2367 E ActivityThread: 	at android.app.LoadedApk.getServiceDispatcher(LoadedApk.java:1686)
01-28 14:45:13.525  2367  2367 E ActivityThread: 	at android.app.ContextImpl.bindServiceCommon(ContextImpl.java:1819)
01-28 14:45:13.525  2367  2367 E ActivityThread: 	at android.app.ContextImpl.bindServiceAsUser(ContextImpl.java:1773)
01-28 14:45:13.525  2367  2367 E ActivityThread: 	at android.content.ContextWrapper.bindServiceAsUser(ContextWrapper.java:775)
01-28 14:45:13.525  2367  2367 E ActivityThread: 	at android.bluetooth.BluetoothProfileConnector.doBind(BluetoothProfileConnector.java:90)
01-28 14:45:13.525  2367  2367 E ActivityThread: 	at android.bluetooth.BluetoothProfileConnector.connect(BluetoothProfileConnector.java:130)
01-28 14:45:13.525  2367  2367 E ActivityThread: 	at android.bluetooth.BluetoothA2dp.<init>(BluetoothA2dp.java:244)
01-28 14:45:13.525  2367  2367 E ActivityThread: 	at android.bluetooth.BluetoothAdapter.getProfileProxy(BluetoothAdapter.java:2926)
01-28 14:45:13.525  2367  2367 E ActivityThread: 	at com.android.settings.development.DevelopmentSettingsDashboardFragment.onCreateView(DevelopmentSettingsDashboardFragment.java:251)
01-28 14:45:13.525  2367  2367 E ActivityThread: 	at androidx.fragment.app.Fragment.performCreateView(Fragment.java:2897)
01-28 14:45:13.525  2367  2367 E ActivityThread: 	at androidx.fragment.app.FragmentStateManager.createView(FragmentStateManager.java:527)
01-28 14:45:13.525  2367  2367 E ActivityThread: 	at androidx.fragment.app.FragmentManager.moveToState(FragmentManager.java:1324)
01-28 14:45:13.525  2367  2367 E ActivityThread: 	at androidx.fragment.app.FragmentManager.moveToState(FragmentManager.java:1477)
01-28 14:45:13.525  2367  2367 E ActivityThread: 	at androidx.fragment.app.FragmentManager.moveFragmentToExpectedState(FragmentManager.java:1555)
01-28 14:45:13.525  2367  2367 E ActivityThread: 	at androidx.fragment.app.FragmentManager.moveToState(FragmentManager.java:1608)
01-28 14:45:13.525  2367  2367 E ActivityThread: 	at androidx.fragment.app.FragmentManager.dispatchStateChange(FragmentManager.java:3046)
01-28 14:45:13.525  2367  2367 E ActivityThread: 	at androidx.fragment.app.FragmentManager.dispatchActivityCreated(FragmentManager.java:2990)
01-28 14:45:13.525  2367  2367 E ActivityThread: 	at androidx.fragment.app.FragmentController.dispatchActivityCreated(FragmentController.java:251)
01-28 14:45:13.525  2367  2367 E ActivityThread: 	at androidx.fragment.app.FragmentActivity.onStart(FragmentActivity.java:458)
01-28 14:45:13.525  2367  2367 E ActivityThread: 	at android.app.Instrumentation.callActivityOnStart(Instrumentation.java:1436)
01-28 14:45:13.525  2367  2367 E ActivityThread: 	at android.app.Activity.performStart(Activity.java:8024)
01-28 14:45:13.525  2367  2367 E ActivityThread: 	at android.app.ActivityThread.handleStartActivity(ActivityThread.java:3458)
01-28 14:45:13.525  2367  2367 E ActivityThread: 	at android.app.servertransaction.TransactionExecutor.performLifecycleSequence(TransactionExecutor.java:221)
01-28 14:45:13.525  2367  2367 E ActivityThread: 	at android.app.servertransaction.TransactionExecutor.cycleToPath(TransactionExecutor.java:201)
01-28 14:45:13.525  2367  2367 E ActivityThread: 	at android.app.servertransaction.TransactionExecutor.executeLifecycleState(TransactionExecutor.java:173)
01-28 14:45:13.525  2367  2367 E ActivityThread: 	at android.app.servertransaction.TransactionExecutor.execute(TransactionExecutor.java:97)
01-28 14:45:13.525  2367  2367 E ActivityThread: 	at android.app.ActivityThread$H.handleMessage(ActivityThread.java:2067)
01-28 14:45:13.525  2367  2367 E ActivityThread: 	at android.os.Handler.dispatchMessage(Handler.java:106)
01-28 14:45:13.525  2367  2367 E ActivityThread: 	at android.os.Looper.loop(Looper.java:223)
01-28 14:45:13.525  2367  2367 E ActivityThread: 	at android.app.ActivityThread.main(ActivityThread.java:7701)
01-28 14:45:13.525  2367  2367 E ActivityThread: 	at java.lang.reflect.Method.invoke(Native Method)
01-28 14:45:13.525  2367  2367 E ActivityThread: 	at com.android.internal.os.RuntimeInit$MethodAndArgsCaller.run(RuntimeInit.java:592)
01-28 14:45:13.525  2367  2367 E ActivityThread: 	at com.android.internal.os.ZygoteInit.main(ZygoteInit.java:952)
01-28 14:45:13.530  1080  2338 W ActivityManager: Unbind failed: could not find connection for android.os.BinderProxy@b719ffb
01-28 14:45:13.564   729  1521 V PackageManager: [9283255e-c6fe-4851-9b2e-41daa64df6db] Phase1 called; posting
01-28 14:45:13.596   729   729 D PackageManager: [9283255e-c6fe-4851-9b2e-41daa64df6db] Phase1 request; prefix: [-1917562880, -1727995904, -1363779584, -1362575360, -1041678336, -928980992, -724971520, -595603456, -462458880, -198356992, 522248192, 688930816, 1191788544, 1521766400, 1825296384, 2033303552, 2129870848], userId: 0
01-28 14:45:13.612  1080  1176 I DropBoxManagerService: add tag=system_app_strictmode isTagEnabled=true flags=0x2
01-28 14:45:13.652  1080  1561 D CompatibilityChangeReporter: Compat change id reported: 135634846; UID 10160; state: DISABLED
01-28 14:45:13.653  1080  1187 D CompatibilityChangeReporter: Compat change id reported: 143937733; UID 10160; state: ENABLED
01-28 14:45:13.769  1080  1187 W ActivityManager: Slow operation: 117ms so far, now at startProcess: returned from zygote!
01-28 14:45:13.770  1080  1187 W ActivityManager: Slow operation: 119ms so far, now at startProcess: done updating battery stats
01-28 14:45:13.774  1080  1187 W ActivityManager: Slow operation: 122ms so far, now at startProcess: building log message
01-28 14:45:13.774  1080  1187 I ActivityManager: Start proc 2638:com.android.emergency/u0a160 for content provider {com.android.emergency/com.android.emergency.EmergencySearchIndexablesProvider}
01-28 14:45:13.774  1080  1187 W ActivityManager: Slow operation: 122ms so far, now at startProcess: starting to update pids map
01-28 14:45:13.774  1080  1187 W ActivityManager: Slow operation: 123ms so far, now at startProcess: done updating pids map
01-28 14:45:14.767  1080  1175 I ActivityTaskManager: START u0 {act=android.intent.action.MAIN cat=[android.intent.category.HOME] flg=0x10000100 cmp=com.android.launcher3/.QuickstepOverlayLauncher (has extras)} from uid 0
01-28 14:45:14.774  1080  1175 W ActivityTaskManager: servicetracker HIDL not available
01-28 14:45:14.774  1080  1175 E ActivityTaskManager: Unable to get servicetracker HAL instance
01-28 14:45:14.776  1080  1175 W ActivityTaskManager: servicetracker HIDL not available
01-28 14:45:14.776  1080  1175 E ActivityTaskManager: Unable to get servicetracker HAL instance
01-28 14:45:14.804  1080  1175 W ActivityTaskManager: servicetracker HIDL not available
01-28 14:45:14.804  1080  1175 E ActivityTaskManager: Unable to get servicetracker HAL instance
01-28 14:45:14.807  1080  1175 W ActivityTaskManager: servicetracker HIDL not available
01-28 14:45:14.807  1080  1175 E ActivityTaskManager: Unable to get servicetracker HAL instance
01-28 14:45:14.809  1080  1175 W ActivityTaskManager: servicetracker HIDL not available
01-28 14:45:14.810  1080  1175 E ActivityTaskManager: Unable to get servicetracker HAL instance
01-28 14:45:14.813  1080  1175 W ActivityTaskManager: servicetracker HIDL not available
01-28 14:45:14.813  1080  1175 E ActivityTaskManager: Unable to get servicetracker HAL instance
01-28 14:45:14.814  1080  1175 W ActivityTaskManager: servicetracker HIDL not available
01-28 14:45:14.814  1080  1175 E ActivityTaskManager: Unable to get servicetracker HAL instance
01-28 14:45:14.817  1080  1175 W ActivityTaskManager: servicetracker HIDL not available
01-28 14:45:14.817  1080  1175 E ActivityTaskManager: Unable to get servicetracker HAL instance
01-28 14:45:14.981  1080   385 D CompatibilityChangeReporter: Compat change id reported: 135634846; UID 10116; state: DISABLED
01-28 14:45:14.984  1080  1187 D CompatibilityChangeReporter: Compat change id reported: 143937733; UID 10116; state: ENABLED
01-28 14:45:15.055  1080  1187 W ActivityManager: Slow operation: 75ms so far, now at startProcess: returned from zygote!
01-28 14:45:15.065  1080  1187 W ActivityManager: Slow operation: 85ms so far, now at startProcess: done updating battery stats
01-28 14:45:15.065  1080  1187 W ActivityManager: Slow operation: 85ms so far, now at startProcess: building log message
01-28 14:45:15.066  1080  1187 I ActivityManager: Start proc 2667:com.google.android.apps.searchlite/u0a116 for service {com.google.android.apps.searchlite/com.google.android.apps.searchlite.minusone.GGoMinusOneService}
01-28 14:45:15.066  1080  1187 W ActivityManager: Slow operation: 85ms so far, now at startProcess: starting to update pids map
01-28 14:45:15.067  1080  1187 W ActivityManager: Slow operation: 87ms so far, now at startProcess: done updating pids map
01-28 14:45:15.360  1080  1561 W ActivityManager: Slow operation: 76ms so far, now at attachApplicationLocked: immediately after bindApplication
01-28 14:45:15.360  1080  1561 W ActivityManager: Slow operation: 76ms so far, now at attachApplicationLocked: after updateLruProcessLocked
01-28 14:45:15.377  1080  1561 W ActivityManager: Slow operation: 94ms so far, now at attachApplicationLocked: after mServices.attachApplicationLocked
01-28 14:45:15.640  1080  1177 W ActivityTaskManager: servicetracker HIDL not available
01-28 14:45:15.640  1080  1177 E ActivityTaskManager: Unable to get servicetracker HAL instance
01-28 14:45:15.641  1080  1177 W ActivityTaskManager: servicetracker HIDL not available
01-28 14:45:15.641  1080  1177 E ActivityTaskManager: Unable to get servicetracker HAL instance
01-28 14:45:15.680  1080  1186 W BroadcastQueue: Background execution not allowed: receiving Intent { act=android.intent.action.DROPBOX_ENTRY_ADDED flg=0x10 (has extras) } to com.google.android.gms/.stats.service.DropBoxEntryAddedReceiver
01-28 14:45:15.681  1080  1186 W BroadcastQueue: Background execution not allowed: receiving Intent { act=android.intent.action.DROPBOX_ENTRY_ADDED flg=0x10 (has extras) } to com.google.android.gms/.chimera.GmsIntentOperationService$PersistentTrustedReceiver
01-28 14:45:16.235  1080  1561 W ActivityTaskManager: servicetracker HIDL not available
01-28 14:45:16.235  1080  1561 E ActivityTaskManager: Unable to get servicetracker HAL instance
01-28 14:45:16.237  1080  1561 W ActivityTaskManager: servicetracker HIDL not available
01-28 14:45:16.237  1080  1561 E ActivityTaskManager: Unable to get servicetracker HAL instance
01-28 14:45:16.325  1080   385 D CompatibilityChangeReporter: Compat change id reported: 135634846; UID 10126; state: DISABLED
01-28 14:45:16.327  1080  1187 D CompatibilityChangeReporter: Compat change id reported: 143937733; UID 10126; state: ENABLED
01-28 14:45:16.371  1080  1187 I ActivityManager: Start proc 2721:com.google.process.gservices/u0a126 for content provider {com.google.android.gsf/com.google.android.gsf.gservices.GservicesProvider}
01-28 14:45:16.871  1080  1561 W ActivityTaskManager: servicetracker HIDL not available
01-28 14:45:16.872  1080  1561 E ActivityTaskManager: Unable to get servicetracker HAL instance
01-28 14:45:16.876  1080  1561 W ActivityTaskManager: servicetracker HIDL not available
01-28 14:45:16.876  1080  1561 E ActivityTaskManager: Unable to get servicetracker HAL instance
01-28 14:45:16.885  1080  1561 W ActivityTaskManager: servicetracker HIDL not available
01-28 14:45:16.886  1080  1561 E ActivityTaskManager: Unable to get servicetracker HAL instance
01-28 14:45:16.896  1080  1561 W ActivityTaskManager: servicetracker HIDL not available
01-28 14:45:16.896  1080  1561 E ActivityTaskManager: Unable to get servicetracker HAL instance
01-28 14:45:16.899  1080  1561 W ActivityTaskManager: servicetracker HIDL not available
01-28 14:45:16.899  1080  1561 E ActivityTaskManager: Unable to get servicetracker HAL instance
01-28 14:45:16.902  1080  1561 W ActivityTaskManager: servicetracker HIDL not available
01-28 14:45:16.902  1080  1561 E ActivityTaskManager: Unable to get servicetracker HAL instance
01-28 14:45:16.904  1080  1561 W ActivityTaskManager: servicetracker HIDL not available
01-28 14:45:16.905  1080  1561 E ActivityTaskManager: Unable to get servicetracker HAL instance
01-28 14:45:16.908  1080  1561 W ActivityTaskManager: servicetracker HIDL not available
01-28 14:45:16.908  1080  1561 E ActivityTaskManager: Unable to get servicetracker HAL instance
01-28 14:45:16.913  1080  1561 W ActivityTaskManager: servicetracker HIDL not available
01-28 14:45:16.913  1080  1561 E ActivityTaskManager: Unable to get servicetracker HAL instance
01-28 14:45:16.915  1080  2338 W AutofillManagerServiceImpl: cancelSessionLocked(): no session for 1053774647(10117)
01-28 14:45:16.917  1080  1561 W ActivityTaskManager: servicetracker HIDL not available
01-28 14:45:16.917  1080  1561 E ActivityTaskManager: Unable to get servicetracker HAL instance
01-28 14:45:16.994  1080  1177 I ActivityManager: Killing 2367:com.android.settings/1000 (adj 915): remove task
01-28 14:45:17.110  1080  1561 W ActivityTaskManager: servicetracker HIDL not available
01-28 14:45:17.110  1080  1561 E ActivityTaskManager: Unable to get servicetracker HAL instance
01-28 14:45:17.113  1080  1561 W ActivityTaskManager: servicetracker HIDL not available
01-28 14:45:17.113  1080  1561 E ActivityTaskManager: Unable to get servicetracker HAL instance
01-28 14:45:17.137  1080  2554 I DropBoxManagerService: add tag=platform_stats_bookmark isTagEnabled=true flags=0x2
01-28 14:45:17.158  1080  1186 W BroadcastQueue: Background execution not allowed: receiving Intent { act=android.intent.action.DROPBOX_ENTRY_ADDED flg=0x10 (has extras) } to com.google.android.gms/.stats.service.DropBoxEntryAddedReceiver
01-28 14:45:17.159  1080  1186 W BroadcastQueue: Background execution not allowed: receiving Intent { act=android.intent.action.DROPBOX_ENTRY_ADDED flg=0x10 (has extras) } to com.google.android.gms/.chimera.GmsIntentOperationService$PersistentTrustedReceiver
01-28 14:45:17.357  2579  2608 I ActivityThread: Removing dead content provider:android.content.ContentProviderProxy@a04795f
01-28 14:45:17.389  1080  1177 W ActivityManager: setHasOverlayUi called on unknown pid: 2367
01-28 14:45:17.394  1080  1308 D CompatibilityChangeReporter: Compat change id reported: 135634846; UID 1000; state: DISABLED
01-28 14:45:17.465  1080  1187 W ActivityManager: Slow operation: 72ms so far, now at startProcess: returned from zygote!
01-28 14:45:17.465  1080  1187 W ActivityManager: Slow operation: 73ms so far, now at startProcess: done updating battery stats
01-28 14:45:17.465  1080  1187 W ActivityManager: Slow operation: 73ms so far, now at startProcess: building log message
01-28 14:45:17.466  1080  1187 I ActivityManager: Start proc 2777:com.android.settings/1000 for content provider {com.android.settings/com.android.settings.search.SettingsSearchIndexablesProvider}
01-28 14:45:17.466  1080  1187 W ActivityManager: Slow operation: 73ms so far, now at startProcess: starting to update pids map
01-28 14:45:17.467  1080  1187 W ActivityManager: Slow operation: 74ms so far, now at startProcess: done updating pids map
01-28 14:45:18.587  1080  1308 W DreamManagerService: Dream ComponentInfo{com.google.android.deskclock/com.android.deskclock.Screensaver} does not exist
01-28 14:45:18.587  1080  1308 W DreamManagerService: Falling back to default dream ComponentInfo{com.google.android.deskclock/com.android.deskclock.Screensaver}
01-28 14:45:18.620  1080  1308 W DreamManagerService: Dream ComponentInfo{com.google.android.deskclock/com.android.deskclock.Screensaver} does not exist
01-28 14:45:18.620  1080  1308 W DreamManagerService: Falling back to default dream ComponentInfo{com.google.android.deskclock/com.android.deskclock.Screensaver}
01-28 14:45:18.632  1080  1358 D WindowManager: powerPress: eventTime=9136848 interactive=true count=1 beganFromNonInteractive=false mShortPressOnPowerBehavior=1
01-28 14:45:18.632  1080  1358 I PowerManagerService: Going to sleep due to power_button (uid 1000)...
01-28 14:45:18.636  1080  1204 I DisplayPowerController: Blocking screen off
01-28 14:45:18.647  1080  1204 I DisplayPowerController: Unblocked screen off after 11 ms
01-28 14:45:18.649  1080  1204 D ActivityTaskManager: Top Process State changed to PROCESS_STATE_TOP_SLEEPING
01-28 14:45:18.665  1080  1194 E KernelCpuSpeedReader: Failed to read cpu-freq: /sys/devices/system/cpu/cpu0/cpufreq/stats/time_in_state: open failed: ENOENT (No such file or directory)
01-28 14:45:18.815  1080  1204 W ActivityTaskManager: servicetracker HIDL not available
01-28 14:45:18.815  1080  1204 E ActivityTaskManager: Unable to get servicetracker HAL instance
01-28 14:45:18.817  1080  1204 W ActivityTaskManager: servicetracker HIDL not available
01-28 14:45:18.817  1080  1204 E ActivityTaskManager: Unable to get servicetracker HAL instance
01-28 14:45:18.822  1080  1308 W ActivityTaskManager: servicetracker HIDL not available
01-28 14:45:18.822  1080  1308 E ActivityTaskManager: Unable to get servicetracker HAL instance
01-28 14:45:18.824  1080  1308 W ActivityTaskManager: servicetracker HIDL not available
01-28 14:45:18.824  1080  1308 E ActivityTaskManager: Unable to get servicetracker HAL instance
01-28 14:45:18.843  1080  1177 W ActivityTaskManager: servicetracker HIDL not available
01-28 14:45:18.843  1080  1177 E ActivityTaskManager: Unable to get servicetracker HAL instance
01-28 14:45:18.846  1080  1177 W ActivityTaskManager: servicetracker HIDL not available
01-28 14:45:18.846  1080  1177 E ActivityTaskManager: Unable to get servicetracker HAL instance
01-28 14:45:18.849  1080  1204 V DisplayPowerController: Brightness [-1.0] reason changing to: 'screen_off', previous reason: 'manual'.
01-28 14:45:18.879  1080  1177 I DisplayManagerService: Display device changed state: "Built-in Screen", OFF
01-28 14:45:18.940  1080  1107 W ActivityTaskManager: servicetracker HIDL not available
01-28 14:45:18.940  1080  1107 E ActivityTaskManager: Unable to get servicetracker HAL instance
01-28 14:45:18.942  1080  1107 W ActivityTaskManager: servicetracker HIDL not available
01-28 14:45:18.942  1080  1107 E ActivityTaskManager: Unable to get servicetracker HAL instance
01-28 14:45:19.096  1080  1204 I DreamManagerService: Entering dreamland.
01-28 14:45:19.097  1080  1204 I PowerManagerService: Dozing...
01-28 14:45:19.100  1080  1174 I DreamController: Starting dream: name=ComponentInfo{com.android.systemui/com.android.systemui.doze.DozeService}, isTest=false, canDoze=true, userId=0
01-28 14:45:19.385  1080  1177 V WindowManager: Orientation start waiting for draw, mDrawState=DRAW_PENDING in Window{c37fb86 u0 NotificationShade}, surfaceController Surface(name=NotificationShade)/@0x2f92116
01-28 14:45:20.728  1080  1308 D CompatibilityChangeReporter: Compat change id reported: 135634846; UID 10089; state: DISABLED
01-28 14:45:20.729  1080  1187 D CompatibilityChangeReporter: Compat change id reported: 143937733; UID 10089; state: DISABLED
01-28 14:45:20.763  1080  1187 I ActivityManager: Start proc 2838:com.android.traceur/u0a89 for content provider {com.android.traceur/com.android.traceur.SearchProvider}
01-28 14:45:20.894  1080  4059 I ActivityManager: Process android.process.media (pid 2456) has died: cch+35 CEM 
01-28 14:45:21.135  1080  2338 D CompatibilityChangeReporter: Compat change id reported: 135634846; UID 10127; state: DISABLED
01-28 14:45:21.136  1080  1187 D CompatibilityChangeReporter: Compat change id reported: 143937733; UID 10127; state: ENABLED
01-28 14:45:21.169  1080  1187 I ActivityManager: Start proc 2862:com.google.android.apps.wellbeing/u0a127 for content provider {com.google.android.apps.wellbeing/com.google.android.apps.wellbeing.searchindexables.impl.WellbeingSearchIndexablesProvider}
01-28 14:45:21.750  1080  1308 I ActivityManager: Process com.android.settings.intelligence (pid 2579) has died: cch+35 CEM 
01-28 14:45:21.895  1080   383 I ActivityManager: Process com.android.settings (pid 2777) has died: cch+35 CEM 
01-28 14:45:23.652  1080  1177 W ActivityTaskManager: Sleep timeout!  Sleeping now.
01-28 14:48:47.371  1080  1194 E KernelCpuSpeedReader: Failed to read cpu-freq: /sys/devices/system/cpu/cpu0/cpufreq/stats/time_in_state: open failed: ENOENT (No such file or directory)
01-28 14:50:23.794  1080  1185 I ProcessStatsService: Pruning old procstats: /data/system/procstats/state-2026-01-22-10-55-23.bin
01-28 14:52:26.838  1080  1358 I PowerManagerService: Waking up from Dozing (uid=1000, reason=WAKE_REASON_POWER_BUTTON, details=android.policy:POWER)...
01-28 14:52:26.855  1080  1204 I DisplayPowerController: Blocking screen on until initial contents have been drawn.
01-28 14:52:26.885  1080  1194 E KernelCpuSpeedReader: Failed to read cpu-freq: /sys/devices/system/cpu/cpu0/cpufreq/stats/time_in_state: open failed: ENOENT (No such file or directory)
01-28 14:52:26.983  1080  1080 W Looper  : Slow dispatch took 143ms main h=com.android.server.power.Notifier$NotifierHandler c=com.android.server.power.Notifier$1@192e1b0 m=0
01-28 14:52:26.984  1080  1175 W Looper  : Slow dispatch took 141ms android.ui h=com.android.server.am.ActivityManagerService$UiHandler c=null m=31
01-28 14:52:26.986  1080  1204 V DisplayPowerController: Brightness [0.77055836] reason changing to: 'manual', previous reason: 'screen_off'.
01-28 14:52:26.987  1080  1177 I DisplayManagerService: Display device changed state: "Built-in Screen", ON
01-28 14:52:27.023  1080  1186 W BroadcastQueue: Background execution not allowed: receiving Intent { act=android.intent.action.USER_PRESENT flg=0x24200010 } to com.android.chrome/org.chromium.chrome.browser.sharing.click_to_call.ClickToCallMessageHandler$PhoneUnlockedReceiver
01-28 14:52:27.024  1080  1186 W BroadcastQueue: Background execution not allowed: receiving Intent { act=android.intent.action.USER_PRESENT flg=0x24200010 } to com.google.android.gms/.auth.setup.devicesignals.LockScreenReceiver
01-28 14:52:27.025  1080  1186 W BroadcastQueue: Background execution not allowed: receiving Intent { act=android.intent.action.USER_PRESENT flg=0x24200010 } to com.google.android.gms/.chimera.GmsIntentOperationService$PersistentTrustedReceiver
01-28 14:52:27.025  1080  1186 W BroadcastQueue: Permission Denial: broadcasting Intent { act=android.intent.action.USER_PRESENT flg=0x24200010 } from com.android.systemui (pid=1480, uid=10154) is not exported from uid 10103 due to receiver com.jio.media.ondemand.go/com.jio.jmmediasdk.core.video.JMScreenBroadCastRecvr
01-28 14:52:27.030  1080   383 D ActivityTaskManager: Top Process State changed to PROCESS_STATE_TOP
01-28 14:52:27.032  1080   383 W ActivityTaskManager: servicetracker HIDL not available
01-28 14:52:27.035  1080   383 E ActivityTaskManager: Unable to get servicetracker HAL instance
01-28 14:52:27.039  1080   383 W ActivityTaskManager: servicetracker HIDL not available
01-28 14:52:27.039  1080   383 E ActivityTaskManager: Unable to get servicetracker HAL instance
01-28 14:52:27.243  1080  1204 I DisplayPowerController: Unblocked screen on after 388 ms
01-28 14:52:27.244  1080  1204 W PowerManagerService: Screen on took 475 ms
01-28 14:52:27.244  1080  1204 I DreamManagerService: Gently waking up from dream.
01-28 14:52:27.244  1080  1174 I DreamManagerService: Performing gentle wake from dream.
01-28 14:52:27.356  1080  1080 W Looper  : Slow dispatch took 162ms main h=android.app.ActivityThread$H c=android.app.-$$Lambda$LoadedApk$ReceiverDispatcher$Args$_BumDX2UKsnxLVrE6UJsJZkotuA@367e1f8 m=0
01-28 14:52:27.437  1080  3580 I DreamManagerService: Leaving dreamland.
01-28 14:52:27.438  1080  1174 I DreamManagerService: Performing gentle wake from dream.
01-28 14:52:27.439  1080  1174 I DreamController: Stopping dream: name=ComponentInfo{com.android.systemui/com.android.systemui.doze.DozeService}, isTest=false, canDoze=true, userId=0, reason='finished self'(from 'requested stopDream')
01-28 14:52:27.841  1080  1405 D ConnectivityService: NetReassign [no changes]
01-28 14:53:42.299  1080  1185 I UsageStatsService: User[0] Flushing usage stats to disk
01-28 14:55:47.371  1080  1194 E KernelCpuSpeedReader: Failed to read cpu-freq: /sys/devices/system/cpu/cpu0/cpufreq/stats/time_in_state: open failed: ENOENT (No such file or directory)
01-28 14:58:06.719  1080  1358 D WindowManager: powerPress: eventTime=9904991 interactive=true count=1 beganFromNonInteractive=false mShortPressOnPowerBehavior=1
01-28 14:58:06.787  1080  1358 I PowerManagerService: Going to sleep due to power_button (uid 1000)...
01-28 14:58:06.790  1080  1204 I DisplayPowerController: Blocking screen off
01-28 14:58:06.792  1080  1204 I DisplayPowerController: Unblocked screen off after 2 ms
01-28 14:58:06.793  1080  1204 D ActivityTaskManager: Top Process State changed to PROCESS_STATE_TOP_SLEEPING
01-28 14:58:06.797  1080  1204 W ActivityTaskManager: servicetracker HIDL not available
01-28 14:58:06.797  1080  1204 E ActivityTaskManager: Unable to get servicetracker HAL instance
01-28 14:58:06.799  1080  1204 W ActivityTaskManager: servicetracker HIDL not available
01-28 14:58:06.799  1080  1204 E ActivityTaskManager: Unable to get servicetracker HAL instance
01-28 14:58:06.820  1080  1194 E KernelCpuSpeedReader: Failed to read cpu-freq: /sys/devices/system/cpu/cpu0/cpufreq/stats/time_in_state: open failed: ENOENT (No such file or directory)
01-28 14:58:06.877  1080  1204 V DisplayPowerController: Brightness [-1.0] reason changing to: 'screen_off', previous reason: 'manual'.
01-28 14:58:06.888  1080  2338 W ActivityTaskManager: servicetracker HIDL not available
01-28 14:58:06.888  1080  2338 E ActivityTaskManager: Unable to get servicetracker HAL instance
01-28 14:58:06.889  1080  2338 W ActivityTaskManager: servicetracker HIDL not available
01-28 14:58:06.889  1080  2338 E ActivityTaskManager: Unable to get servicetracker HAL instance
01-28 14:58:06.894  1080  1177 I DisplayManagerService: Display device changed state: "Built-in Screen", OFF
01-28 14:58:06.904  1080  1177 W ActivityTaskManager: servicetracker HIDL not available
01-28 14:58:06.904  1080  1177 E ActivityTaskManager: Unable to get servicetracker HAL instance
01-28 14:58:06.907  1080  1177 W ActivityTaskManager: servicetracker HIDL not available
01-28 14:58:06.907  1080  1177 E ActivityTaskManager: Unable to get servicetracker HAL instance
01-28 14:58:07.127  1080  1204 I DreamManagerService: Entering dreamland.
01-28 14:58:07.128  1080  1204 I PowerManagerService: Dozing...
01-28 14:58:07.145  1080  1175 W Looper  : Slow dispatch took 216ms android.ui h=com.android.server.am.ActivityManagerService$UiHandler c=null m=53
01-28 14:58:07.147  1080  1174 I DreamController: Starting dream: name=ComponentInfo{com.android.systemui/com.android.systemui.doze.DozeService}, isTest=false, canDoze=true, userId=0
01-28 14:58:07.147  1080  1677 W ActivityTaskManager: servicetracker HIDL not available
01-28 14:58:07.147  1080  1677 E ActivityTaskManager: Unable to get servicetracker HAL instance
01-28 14:58:07.148  1080  1677 W ActivityTaskManager: servicetracker HIDL not available
01-28 14:58:07.149  1080  1677 E ActivityTaskManager: Unable to get servicetracker HAL instance
01-28 14:58:07.436  1080  1177 V WindowManager: Orientation start waiting for draw, mDrawState=DRAW_PENDING in Window{c37fb86 u0 NotificationShade}, surfaceController Surface(name=NotificationShade)/@0xac4d4e2
01-28 14:58:11.798  1080  1177 W ActivityTaskManager: Sleep timeout!  Sleeping now.
01-28 15:02:00.021  1080  1194 E KernelCpuSpeedReader: Failed to read cpu-freq: /sys/devices/system/cpu/cpu0/cpufreq/stats/time_in_state: open failed: ENOENT (No such file or directory)
01-28 15:03:25.378  1080  1194 E KernelCpuSpeedReader: Failed to read cpu-freq: /sys/devices/system/cpu/cpu0/cpufreq/stats/time_in_state: open failed: ENOENT (No such file or directory)
01-28 15:03:25.514  1080  1080 D CompatibilityChangeReporter: Compat change id reported: 135634846; UID 10123; state: DISABLED
01-28 15:03:25.515  1080  1187 D CompatibilityChangeReporter: Compat change id reported: 143937733; UID 10123; state: ENABLED
01-28 15:03:25.518  1080  1080 D CompatibilityChangeReporter: Compat change id reported: 135634846; UID 10135; state: DISABLED
01-28 15:03:25.549  1080  1187 I ActivityManager: Start proc 3515:com.google.android.apps.cameralite/u0a123 for service {com.google.android.apps.cameralite/androidx.work.impl.background.systemjob.SystemJobService}
01-28 15:03:25.550  1080  1187 D CompatibilityChangeReporter: Compat change id reported: 143937733; UID 10135; state: ENABLED
01-28 15:03:25.602  1080  1187 W ActivityManager: Slow operation: 84ms so far, now at startProcess: returned from zygote!
01-28 15:03:25.602  1080  1187 W ActivityManager: Slow operation: 85ms so far, now at startProcess: done updating battery stats
01-28 15:03:25.602  1080  1187 W ActivityManager: Slow operation: 85ms so far, now at startProcess: building log message
01-28 15:03:25.603  1080  1187 I ActivityManager: Start proc 3531:com.google.android.youtube/u0a135 for service {com.google.android.youtube/androidx.work.impl.background.systemjob.SystemJobService}
01-28 15:03:25.603  1080  1187 W ActivityManager: Slow operation: 85ms so far, now at startProcess: starting to update pids map
01-28 15:03:25.604  1080  1187 W ActivityManager: Slow operation: 86ms so far, now at startProcess: done updating pids map
01-28 15:03:25.680  1080  1080 D CompatibilityChangeReporter: Compat change id reported: 135634846; UID 10141; state: DISABLED
01-28 15:03:25.681  1080  1187 D CompatibilityChangeReporter: Compat change id reported: 143937733; UID 10141; state: ENABLED
01-28 15:03:25.738  1080  1187 W ActivityManager: Slow operation: 59ms so far, now at startProcess: returned from zygote!
01-28 15:03:25.738  1080  1187 W ActivityManager: Slow operation: 60ms so far, now at startProcess: done updating battery stats
01-28 15:03:25.739  1080  1187 W ActivityManager: Slow operation: 60ms so far, now at startProcess: building log message
01-28 15:03:25.739  1080  1187 I ActivityManager: Start proc 3563:com.google.android.apps.photosgo/u0a141 for service {com.google.android.apps.photosgo/androidx.work.impl.background.systemjob.SystemJobService}
01-28 15:03:25.739  1080  1187 W ActivityManager: Slow operation: 61ms so far, now at startProcess: starting to update pids map
01-28 15:03:25.740  1080  1187 W ActivityManager: Slow operation: 61ms so far, now at startProcess: done updating pids map
01-28 15:03:26.492  1080  1080 D CompatibilityChangeReporter: Compat change id reported: 135634846; UID 10113; state: DISABLED
01-28 15:03:26.493  1080  1187 D CompatibilityChangeReporter: Compat change id reported: 143937733; UID 10113; state: ENABLED
01-28 15:03:26.531  1080  1187 I ActivityManager: Start proc 3594:com.google.android.partnersetup/u0a113 for service {com.google.android.partnersetup/com.google.android.partnersetup.InstalledAppJobService}
01-28 15:03:26.547  1080  1187 W ActivityManager: Slow operation: 58ms so far, now at startProcess: done updating pids map
01-28 15:03:26.554  1080  1080 D CompatibilityChangeReporter: Compat change id reported: 135634846; UID 10157; state: DISABLED
01-28 15:03:26.556  1080  1187 D CompatibilityChangeReporter: Compat change id reported: 143937733; UID 10157; state: ENABLED
01-28 15:03:26.609  1080  1187 W ActivityManager: Slow operation: 56ms so far, now at startProcess: returned from zygote!
01-28 15:03:26.610  1080  1187 W ActivityManager: Slow operation: 57ms so far, now at startProcess: done updating battery stats
01-28 15:03:26.611  1080  1187 W ActivityManager: Slow operation: 57ms so far, now at startProcess: building log message
01-28 15:03:26.611  1080  1187 I ActivityManager: Start proc 3606:com.google.android.setupwizard/u0a157 for service {com.google.android.setupwizard/com.google.android.setupwizard.deferred.DeferredSetupScheduler}
01-28 15:03:26.611  1080  1187 W ActivityManager: Slow operation: 57ms so far, now at startProcess: starting to update pids map
01-28 15:03:26.612  1080  1187 W ActivityManager: Slow operation: 58ms so far, now at startProcess: done updating pids map
01-28 15:03:28.240  1080  3580 D CompatibilityChangeReporter: Compat change id reported: 149924527; UID 10141; state: ENABLED
01-28 15:03:28.242  1080  2338 D CompatibilityChangeReporter: Compat change id reported: 132649864; UID 10141; state: DISABLED
01-28 15:03:29.271  1080  3580 D ConnectivityService: requestNetwork for uid/pid:10116/2667 NetworkRequest [ TRACK_DEFAULT id=366, [ Capabilities: INTERNET&NOT_RESTRICTED&TRUSTED Uid: 10116 AdministratorUids: [] RequestorUid: 10116 RequestorPackageName: com.google.android.apps.searchlite] ]
01-28 15:03:29.276  1080  1405 D ConnectivityService: NetReassign [no changes]
01-28 15:03:29.857  1080  3580 I ActivityManager: Process com.android.emergency (pid 2638) has died: cch+85 CEM 
01-28 15:03:29.939  1080   383 I ActivityManager: Process com.android.traceur (pid 2838) has died: cch+75 CEM 
01-28 15:03:30.106  1080   383 I ActivityManager: Process com.android.cellbroadcastreceiver (pid 2611) has died: cch+65 CEM 
01-28 15:03:30.127  1080  3669 I ActivityManager: Process com.google.android.partnersetup (pid 3594) has died: cch+45 CEM 
01-28 15:03:30.288  1080  1860 I ActivityManager: Process com.google.android.setupwizard (pid 3606) has died: cch+35 CEM 
01-28 15:03:30.404  1080  3574 D ConnectivityService: requestNetwork for uid/pid:10135/3531 NetworkRequest [ TRACK_DEFAULT id=367, [ Capabilities: INTERNET&NOT_RESTRICTED&TRUSTED Uid: 10135 AdministratorUids: [] RequestorUid: 10135 RequestorPackageName: com.google.android.youtube] ]
01-28 15:03:30.405  1080  1405 D ConnectivityService: NetReassign [no changes]
01-28 15:03:30.441  1080  1405 D ConnectivityService: NetReassign [no changes]
