01-29 14:35:00.651  1482  1482 D KeyguardUpdateMonitor: received broadcast android.intent.action.TIME_TICK
01-29 14:35:00.709  1482  1482 D KeyguardUpdateMonitor: handleTimeUpdate
01-29 14:35:00.730  1482  1482 D KeyguardClockSwitch: Updating clock: 235
01-29 14:35:00.743  1237  1537 W Settings: Setting airplane_mode_on has moved from android.provider.Settings.System to android.provider.Settings.Global, returning read-only value.
01-29 14:35:00.753  1237  1537 W Settings: Setting airplane_mode_on has moved from android.provider.Settings.System to android.provider.Settings.Global, returning read-only value.
01-29 14:35:00.797   987  1059 E QMI_FW  : qmi_cci_get_ref: ref count increased 2
01-29 14:35:00.800   987  1059 E QMI_FW  : qmi_cci_get_ref: ref count increased 2
01-29 14:35:00.802  1089  1401 I chatty  : uid=1000(system) WifiScanningSer expire 1 line
01-29 14:35:00.804   909  3286 D LOWI-9.0.0.79: [LOWI-Scan] wait_event:Wait done with Cmd 33
01-29 14:35:00.804   909  3286 D LOWI-9.0.0.79: [LOWI-Scan] do_listen_events: Rcvd valid Netlink Cmd 0 Err 0
01-29 14:35:00.806   987  1059 E QMI_FW  : qmi_cci_get_ref: ref count increased 2
01-29 14:35:00.807   492  1506 V WifiHAL : event received NL80211_CMD_TRIGGER_SCAN
01-29 14:35:00.811   987  1059 E QMI_FW  : qmi_cci_get_ref: ref count increased 2
01-29 14:35:00.821   987  1059 I chatty  : uid=1001(radio) DispatcherModul identical 3 lines
01-29 14:35:00.823   987  1059 E QMI_FW  : qmi_cci_get_ref: ref count increased 2
01-29 14:35:00.947   295   295 I lowmemorykiller: Kill 'com.qti.diagservices' (2944), uid 1000, oom_adj 800 to free 19732kB
01-29 14:35:01.064   396   396 I Zygote  : Process 2944 exited due to signal 9 (Killed)
01-29 14:35:01.065  1089  4086 I ActivityManager: Process com.qti.diagservices (pid 2944) has died: svcb SVC 
01-29 14:35:01.065  1089  1196 I chatty  : uid=1000(system) ActivityManager expire 1 line
01-29 14:35:01.068  1089  4086 W ActivityManager: Scheduling restart of crashed service com.qti.diagservices/.QTIDiagServices in 1000ms for start-requested
01-29 14:35:01.096  1577  1577 I AppBase : AppBase.onTrimMemory():786 onTrimMemory(): 15
01-29 14:35:01.097  1577  1577 I GoogleInputMethodService: GoogleInputMethodService.onTrimMemory():4569 onTrimMemory(): 15
01-29 14:35:01.335   909  3286 D LOWI-9.0.0.79: [LOWI-Scan] wait_event:Wait done with Cmd 34
01-29 14:35:01.335   492  1506 V WifiHAL : event received NL80211_CMD_NEW_SCAN_RESULTS
01-29 14:35:01.335   909  3286 D LOWI-9.0.0.79: [LOWI-Scan] do_listen_events: Rcvd valid Netlink Cmd 34 Err 0
01-29 14:35:01.336  1089  4086 I chatty  : uid=1000(system) Binder:1089_14 expire 5 lines
01-29 14:35:01.336   909  3286 D LOWI-9.0.0.79: [LOWI-Scan] 
01-29 14:35:01.336   909  3286 D LOWI-9.0.0.79: [LOWI-Scan] print_bss_handler: Report Probe TSF 602323725582 as it greater than Beacon TSF 602263010551
01-29 14:35:01.337   909  3286 I LOWI-9.0.0.79: [LOWI-Scan] RSN_IE
01-29 14:35:01.337   909  3286 D LOWI-9.0.0.79: [LOWI-Scan] decode_rsn_wpa_ie: Entered
01-29 14:35:01.337   909  3286 D LOWI-9.0.0.79: [LOWIUtils] hexDump: msg(30 14 01 00 00 0f ac 04 01 00 00 0f ac 04 01 00 00 0f ac 01 )
01-29 14:35:01.337   909  3286 D LOWI-9.0.0.79: [LOWI-Scan] decode_rsn_wpa_ie: LOWI_ENCRYPTION_TYPE_WPA_EAP
01-29 14:35:01.337   909  3286 D LOWI-9.0.0.79: [LOWI-Scan] is_qcom_ie, bss_age: 47
01-29 14:35:01.337   909  3286 D LOWI-9.0.0.79: [LOWI-Scan] BSS 00:a0:0a:2c:c1:11 LOWI_PHY_MODE_11NG_HT20(5), Beacon Interval: 100, LOWI_ENCRYPTION_TYPE_WPA_EAP 11mcRanging: No, ANQP: Yes, LCI: No, Civic: No, capability(0x0431): ESS Privacy ShortPreamble ShortSlotTime
01-29 14:35:01.337   909  3286 D LOWI-9.0.0.79: [LOWI-Scan] BSS 00:a0:0a:2c:c1:11 FREQ: 2412, cFreq1[40:80:160] = [0:0:0] cFreq2 = 0 Country Code = IN 
01-29 14:35:01.337   909  3286 D LOWI-9.0.0.79: [LOWI-Scan] BSS 00:a0:0a:2c:c1:11 (wlan0) ASSO: NO AddInfo: 0x0, TSF 6, 23:18:43.725, RSSI: -146, CPL: 127, AGE: 0,  SSID JioPrivateNet, TSFDelta: 0x0, TXRate: 0
01-29 14:35:01.338   909  3286 D LOWI-9.0.0.79: [LOWI-Scan] 
01-29 14:35:01.338   909  3286 D LOWI-9.0.0.79: [LOWI-Scan] print_bss_handler: Report beacon TSF 602323725609 as it greater than probe TSF 602139809962
01-29 14:35:01.338   909  3286 D LOWI-9.0.0.79: [LOWI-Scan] is_qcom_ie, bss_age: 54
01-29 14:35:01.338   909  3286 D LOWI-9.0.0.79: [LOWI-Scan] BSS 00:a0:0a:2c:c1:10 LOWI_PHY_MODE_11NG_HT20(5), Beacon Interval: 100, LOWI_ENCRYPTION_TYPE_OPEN 11mcRanging: No, ANQP: No, LCI: No, Civic: No, capability(0x0421): ESS ShortPreamble ShortSlotTime
01-29 14:35:01.338   909  3286 D LOWI-9.0.0.79: [LOWI-Scan] BSS 00:a0:0a:2c:c1:10 FREQ: 2412, cFreq1[40:80:160] = [0:0:0] cFreq2 = 0 Country Code = IN 
01-29 14:35:01.338   909  3286 D LOWI-9.0.0.79: [LOWI-Scan] BSS 00:a0:0a:2c:c1:10 (wlan0) ASSO: NO AddInfo: 0x1, TSF 6, 23:18:43.725, RSSI: -146, CPL: 127, AGE: 0,  SSID JioNet, TSFDelta: 0x0, TXRate: 0
01-29 14:35:01.339   909  3286 D LOWI-9.0.0.79: [LOWI-Scan] 
01-29 14:35:01.339   909  3286 D LOWI-9.0.0.79: [LOWI-Scan] print_bss_handler: Report Probe TSF 602323725517 as it greater than Beacon TSF 602263010421
01-29 14:35:01.339   909  3286 D LOWI-9.0.0.79: [LOWI-Scan] is_qcom_ie, bss_age: 44
01-29 14:35:01.339   909  3286 D LOWI-9.0.0.79: [LOWI-Scan] BSS 20:db:ab:95:b3:af LOWI_PHY_MODE_11NG_HT20(5), Beacon Interval: 100, LOWI_ENCRYPTION_TYPE_OPEN 11mcRanging: No, ANQP: No, LCI: No, Civic: No, capability(0x1421): ESS ShortPreamble ShortSlotTime
01-29 14:35:01.339   909  3286 D LOWI-9.0.0.79: [LOWI-Scan] BSS 20:db:ab:95:b3:af FREQ: 2412, cFreq1[40:80:160] = [0:0:0] cFreq2 = 0 Country Code = IN 
01-29 14:35:01.339   909  3286 D LOWI-9.0.0.79: [LOWI-Scan] BSS 20:db:ab:95:b3:af (wlan0) ASSO: NO AddInfo: 0x0, TSF 6, 23:18:43.725, RSSI: -112, CPL: 127, AGE: 0,  SSID JioNet, TSFDelta: 0x0, TXRate: 0
01-29 14:35:01.340   909  3286 D LOWI-9.0.0.79: [LOWI-Scan] 
01-29 14:35:01.340   909  3286 D LOWI-9.0.0.79: [LOWI-Scan] print_bss_handler: Report Probe TSF 602323725554 as it greater than Beacon TSF 602263010466
01-29 14:35:01.340   909  3286 I LOWI-9.0.0.79: [LOWI-Scan] RSN_IE
01-29 14:35:01.342   909  3286 D LOWI-9.0.0.79: [LOWI-Scan] decode_rsn_wpa_ie: Entered
01-29 14:35:01.342   909  3286 D LOWI-9.0.0.79: [LOWIUtils] hexDump: msg(30 18 01 00 00 0f ac 04 01 00 00 0f ac 04 02 00 00 0f ac 01 00 0f ac 03 )
01-29 14:35:01.342   909  3286 D LOWI-9.0.0.79: [LOWI-Scan] decode_rsn_wpa_ie: LOWI_ENCRYPTION_TYPE_WPA_EAP
01-29 14:35:01.342   909  3286 D LOWI-9.0.0.79: [LOWI-Scan] is_qcom_ie, bss_age: 45
01-29 14:35:01.342   909  3286 D LOWI-9.0.0.79: [LOWI-Scan] BSS 20:db:ab:95:b3:ae LOWI_PHY_MODE_11NG_HT20(5), Beacon Interval: 100, LOWI_ENCRYPTION_TYPE_WPA_EAP 11mcRanging: No, ANQP: Yes, LCI: No, Civic: No, capability(0x1431): ESS Privacy ShortPreamble ShortSlotTime
01-29 14:35:01.342   909  3286 D LOWI-9.0.0.79: [LOWI-Scan] BSS 20:db:ab:95:b3:ae FREQ: 2412, cFreq1[40:80:160] = [0:0:0] cFreq2 = 0 Country Code = IN 
01-29 14:35:01.343   909  3286 D LOWI-9.0.0.79: [LOWI-Scan] BSS 20:db:ab:95:b3:ae (wlan0) ASSO: NO AddInfo: 0x0, TSF 6, 23:18:43.725, RSSI: -112, CPL: 127, AGE: 0,  SSID JioPrivateNet, TSFDelta: 0x0, TXRate: 0
01-29 14:35:01.343   909  3286 D LOWI-9.0.0.79: [LOWI-Scan] 
01-29 14:35:01.343   909  3286 D LOWI-9.0.0.79: [LOWI-Scan] print_bss_handler: Report beacon TSF 602323725635 as it greater than probe TSF 602323725635
01-29 14:35:01.343   909  3286 I LOWI-9.0.0.79: [LOWI-Scan] RSN_IE
01-29 14:35:01.343   909  3286 D LOWI-9.0.0.79: [LOWI-Scan] decode_rsn_wpa_ie: Entered
01-29 14:35:01.344   909  3286 D LOWI-9.0.0.79: [LOWIUtils] hexDump: msg(30 18 01 00 00 0f ac 04 01 00 00 0f ac 04 02 00 00 0f ac 01 00 0f ac 03 )
01-29 14:35:01.344   909  3286 D LOWI-9.0.0.79: [LOWI-Scan] decode_rsn_wpa_ie: LOWI_ENCRYPTION_TYPE_WPA_EAP
01-29 14:35:01.344   909  3286 D LOWI-9.0.0.79: [LOWI-Scan] is_qcom_ie, bss_age: 46
01-29 14:35:01.344   909  3286 D LOWI-9.0.0.79: [LOWI-Scan] BSS 20:db:ab:95:82:0e LOWI_PHY_MODE_11NG_HT20(5), Beacon Interval: 100, LOWI_ENCRYPTION_TYPE_WPA_EAP 11mcRanging: No, ANQP: Yes, LCI: No, Civic: No, capability(0x1431): ESS Privacy ShortPreamble ShortSlotTime
01-29 14:35:01.344   909  3286 D LOWI-9.0.0.79: [LOWI-Scan] BSS 20:db:ab:95:82:0e FREQ: 2412, cFreq1[40:80:160] = [0:0:0] cFreq2 = 0 Country Code = IN 
01-29 14:35:01.344   909  3286 D LOWI-9.0.0.79: [LOWI-Scan] BSS 20:db:ab:95:82:0e (wlan0) ASSO: NO AddInfo: 0x1, TSF 6, 23:18:43.725, RSSI: -194, CPL: 127, AGE: 0,  SSID JioPrivateNet, TSFDelta: 0x0, TXRate: 0
01-29 14:35:01.345   909  3286 D LOWI-9.0.0.79: [LOWIDiagLog] Log: lowiMeasResult->request: invalid null argument
01-29 14:35:01.345   909  3286 I LOWI-9.0.0.79: [LOWI-Scan] lowi_close_record:Scan done in 602281764ms, 5 APs in scan results
01-29 14:35:01.345   909  3286 D LOWI-9.0.0.79: [LOWI-Scan] WipsScanUsingNL: passive scan cached 0, took 60679 ms, err 0
01-29 14:35:01.345   909  3286 D LOWI-9.0.0.79: [LOWI-Scan] lowi_proc_req_passive_scan_with_live_meas - No WLAN Frames to be parsed
01-29 14:35:01.345   909  3286 D LOWI-9.0.0.79: [LOWIScanResultReceiver] Send scan meas to listener
01-29 14:35:01.345   909   961 D LOWI-9.0.0.79: [LOWIEventReceiver] handleEvent:FROM:NA, TO:NA, REQ:NA, IREQ:NA, REQ_ID:0, RESP:NA, INFO:NA
01-29 14:35:01.345   909   961 D LOWI-9.0.0.79: [LOWIBackgroundScanMgr] isRspForBgScanMgr: evt(LOWI_NO_EVT) - not handled
01-29 14:35:01.346   909   961 D LOWI-9.0.0.79: [LOWIScheduler] manageMsg: NULL results or NULL request in results
01-29 14:35:01.346   909   961 D LOWI-9.0.0.79: [LOWIController] Measurements received
01-29 14:35:01.346   909   961 D LOWI-9.0.0.79: [LOWICacheManager] putInCache:Num of Meas to add: 5
01-29 14:35:01.347   909   961 D LOWI-9.0.0.79: [LOWIController] processMeasurementResults: No current Request. Cache measurements
01-29 14:35:01.347   909   961 D LOWI-9.0.0.79: [LOWIControllerExtn] sendLOWILpDiscoveryScanResponse: Not a discovery scan response
01-29 14:35:01.348   909  3286 D LOWI-9.0.0.79: [LOWIScanResultReceiver] Enter passive listening mode
01-29 14:35:01.348   909  3286 D LOWI-9.0.0.79: [LOWIWifiDriverInterface] getMeasurements - Passive listening mode
01-29 14:35:01.348   909  3286 D LOWI-9.0.0.79: [LOWI-Scan] WipsScanUsingNL:wait -1 sec for netlink message
01-29 14:35:01.417  1089  1189 W BroadcastQueue: Background execution not allowed: receiving Intent { act=android.net.wifi.SCAN_RESULTS flg=0x4000010 (has extras) } to com.jio.myjio/.jionet.receiver.WifiScanReceiver
01-29 14:35:01.536  1237  2375 I FrewleTileCacheManagerV: Fetched 3 AP models from cache [CONTEXT service_id=6 ]
01-29 14:35:01.696   483   565 I LocSvc_api_v02: ---> locClientSendReq line 2409 QMI_LOC_INJECT_POSITION_REQ_V02
01-29 14:35:01.697   483   565 E QMI_FW  : qmi_cci_get_ref: ref count increased 2
01-29 14:35:01.699   483   951 E QMI_FW  : qmi_cci_get_ref: ref count increased 2
01-29 14:35:01.699   483   951 I LocSvc_ApiV02: <--- globalRespCb line 221 QMI_LOC_INJECT_POSITION_REQ_V02
01-29 14:35:02.083  1089  1189 D CompatibilityChangeReporter: Compat change id reported: 135634846; UID 1000; state: DISABLED
01-29 14:35:02.117   396   396 D Zygote  : Forked child process 3099
01-29 14:35:02.128  1089  1190 I ActivityManager: Start proc 3099:com.qti.diagservices/1000 for service {com.qti.diagservices/com.qti.diagservices.QTIDiagServices}
01-29 14:35:02.208  3099  3099 I Zygote  : seccomp disabled by setenforce 0
01-29 14:35:02.312  2087  2114 I adbd    : jdwp connection from 3099
01-29 14:35:02.338  1089  1148 I chatty  : uid=1000(system) Binder:1089_1 expire 8 lines
01-29 14:35:02.414  3099  3099 I Perf    : Connecting to perf service.
01-29 14:35:02.443  3099  3099 D NetworkSecurityConfig: No Network Security Config specified, using platform default
01-29 14:35:02.447  3099  3099 D NetworkSecurityConfig: No Network Security Config specified, using platform default
01-29 14:35:02.459  3099  3099 E DiagJNIInterface: Trying to load libDiagService
01-29 14:35:02.471  1089  1148 D CompatibilityChangeReporter: Compat change id reported: 135634846; UID 10127; state: DISABLED
01-29 14:35:02.472  1089  1190 D CompatibilityChangeReporter: Compat change id reported: 143937733; UID 10127; state: ENABLED
01-29 14:35:02.493   396   396 D Zygote  : Forked child process 3124
01-29 14:35:02.501  1089  1190 I ActivityManager: Start proc 3124:com.google.android.gms/u0a127 for service {com.google.android.gms/com.google.android.gms.ads.identifier.service.AdvertisingIdService}
01-29 14:35:02.513  3124  3124 I Zygote  : seccomp disabled by setenforce 0
01-29 14:35:02.539  2087  2114 I adbd    : jdwp connection from 3124
01-29 14:35:02.569  3099  3099 I Diag_Lib: Diag_LSM_Init call succeeded
01-29 14:35:02.689  3124  3124 W gle.android.gm: JIT profile information will not be recorded: profile file does not exist.
01-29 14:35:02.690  3124  3124 W gle.android.gm: JIT profile information will not be recorded: profile file does not exist.
01-29 14:35:02.747  3124  3124 I Perf    : Connecting to perf service.
01-29 14:35:02.768  3124  3124 D NetworkSecurityConfig: Using Network Security Config from resource network_security_config debugBuild: false
01-29 14:35:02.775  3124  3124 D NetworkSecurityConfig: Using Network Security Config from resource network_security_config debugBuild: false
01-29 14:35:03.704   987  1142 E QMI_FW  : qmi_cci_get_ref: ref count increased 2
01-29 14:35:03.816  3124  3124 W ProviderHelper: Unknown dynamite feature providerinstaller.dynamite
01-29 14:35:03.818  3124  3124 I DynamiteModule: Considering local module com.google.android.gms.providerinstaller.dynamite:1 and remote module com.google.android.gms.providerinstaller.dynamite:0
01-29 14:35:03.818  3124  3124 I DynamiteModule: Selected local version of com.google.android.gms.providerinstaller.dynamite
01-29 14:35:03.879  3124  3124 V NativeCrypto: Registering com/google/android/gms/org/conscrypt/NativeCrypto's 329 native methods...
01-29 14:35:04.043  3164  3164 I chatty  : uid=1000(system) expire 33 lines
01-29 14:35:04.092  3124  3124 I ProviderInstaller: Installed default security provider GmsCore_OpenSSL
01-29 14:35:04.220  3124  3124 I GmsApplication: [gms_startup_benchmark] Static start time (ms): 602325194, Startup latency (ms): 1417, Is system user: true
01-29 14:35:04.226  3124  3178 I Watchcat: Started
01-29 14:35:04.291  3124  3178 I GMS_MM_Logger: Start time: 225075
01-29 14:35:04.292  3124  3178 I GMS_MM_Logger: Started.
01-29 14:35:04.331  3164  3165 I chatty  : uid=1000(system) expire 1 line
01-29 14:35:04.332  3164  3164 E improveTouch: [TouchServer:79] delete touch processor
01-29 14:35:04.333  3164  3164 D improveTouch: [DSPTouchProcessor:807] deInit: E
01-29 14:35:04.333  3164  3164 E improveTouch: [DSPTouchProcessor:823] deInit: invalid state (current = 0)
01-29 14:35:04.334  3164  3164 D improveTouch: [DSPTouchProcessor:827] deInit: X pa_utf_ret = 1, ret = 1073741835
01-29 14:35:04.334  3164  3164 E improveTouch: [TouchServer:83] delete event injector
01-29 14:35:04.334  3164  3164 E improveTouch: [TouchServer:87] delete config management
01-29 14:35:04.335  3164  3164 E improveTouch: [TouchServer:90] fail to start daemon
01-29 14:35:04.335  3164  3164 E improveTouch: [Main:169] fail to initiate touch server
01-29 14:35:04.425  3124  3146 I DynamiteModule: Considering local module com.google.android.gms.googlecertificates:7 and remote module com.google.android.gms.googlecertificates:0
01-29 14:35:04.426  3124  3146 I DynamiteModule: Selected local version of com.google.android.gms.googlecertificates
01-29 14:35:04.578   297   297 I chatty  : uid=1000(system) hwservicemanage expire 4 lines
01-29 14:35:04.602  1089  1189 I chatty  : uid=1000(system) ActivityManager expire 3 lines
01-29 14:35:04.654  1089  1148 D CompatibilityInfo: mCompatibilityFlags - 0
01-29 14:35:04.654  1089  1148 D CompatibilityInfo: applicationDensity - 320
01-29 14:35:04.654  1089  1148 D CompatibilityInfo: applicationScale - 1.0
01-29 14:35:04.786   295   295 I lowmemorykiller: Kill 'com.google.android.gms' (3124), uid 10127, oom_adj 905 to free 49108kB
01-29 14:35:04.906   396   396 I Zygote  : Process 3124 exited due to signal 9 (Killed)
01-29 14:35:04.907  1089  1148 I ActivityManager: Process com.google.android.gms (pid 3124) has died: cch+5 CEM 
01-29 14:35:04.907  1089  1196 I libprocessgroup: Successfully killed process cgroup uid 10127 pid 3124 in 0ms
01-29 14:35:04.911   297   297 I hwservicemanager: getTransport: Cannot find entry vendor.qti.hardware.servicetracker@1.0::IServicetracker/default in either framework or device manifest.
01-29 14:35:07.416  3099  3121 I ti.diagservice: Waiting for a blocking GC ProfileSaver
01-29 14:35:07.516  3099  3121 I ti.diagservice: WaitForGcToComplete blocked ProfileSaver on RunEmptyCheckpoint for 98.339ms
01-29 14:35:07.547   987  1142 E QMI_FW  : qmi_cci_get_ref: ref count increased 2
01-29 14:35:08.710   297   297 I hwservicemanager: getTransport: Cannot find entry vendor.qti.hardware.servicetracker@1.0::IServicetracker/default in either framework or device manifest.
01-29 14:35:09.084  3187  3187 I chatty  : uid=1000(system) expire 33 lines
01-29 14:35:09.350  3187  3188 I chatty  : uid=1000(system) expire 1 line
01-29 14:35:09.351  3187  3187 E improveTouch: [TouchServer:79] delete touch processor
01-29 14:35:09.351  3187  3187 D improveTouch: [DSPTouchProcessor:807] deInit: E
01-29 14:35:09.351  3187  3187 E improveTouch: [DSPTouchProcessor:823] deInit: invalid state (current = 0)
01-29 14:35:09.351  3187  3187 D improveTouch: [DSPTouchProcessor:827] deInit: X pa_utf_ret = 1, ret = 1073741835
01-29 14:35:09.351  3187  3187 E improveTouch: [TouchServer:83] delete event injector
01-29 14:35:09.351  3187  3187 E improveTouch: [TouchServer:87] delete config management
01-29 14:35:09.352  3187  3187 E improveTouch: [TouchServer:90] fail to start daemon
01-29 14:35:09.353  3187  3187 E improveTouch: [Main:169] fail to initiate touch server
01-29 14:35:10.339   295   295 I lowmemorykiller: Kill 'android.process.media' (3039), uid 10079, oom_adj 800 to free 25464kB
01-29 14:35:10.413  1089  3390 I ActivityManager: Process android.process.media (pid 3039) has died: svcb SVC 
01-29 14:35:10.416   297   297 I hwservicemanager: getTransport: Cannot find entry vendor.qti.hardware.servicetracker@1.0::IServicetracker/default in either framework or device manifest.
01-29 14:35:10.418  1089  3390 W ActivityManager: Scheduling restart of crashed service com.android.mtp/.MtpService in 106390ms for start-requested
01-29 14:35:10.437   396   396 I Zygote  : Process 3039 exited due to signal 9 (Killed)
01-29 14:35:10.451  1089  1196 I libprocessgroup: Successfully killed process cgroup uid 10079 pid 3039 in 37ms
01-29 14:35:10.455  1577  1577 I AppBase : AppBase.onTrimMemory():786 onTrimMemory(): 15
01-29 14:35:10.455  1577  1577 I GoogleInputMethodService: GoogleInputMethodService.onTrimMemory():4569 onTrimMemory(): 15
01-29 14:35:10.992  1089  1101 I system_server: Background concurrent copying GC freed 124181(6201KB) AllocSpace objects, 24(556KB) LOS objects, 49% free, 18MB/36MB, paused 369us total 1.023s
01-29 14:35:11.393   987  1142 E QMI_FW  : qmi_cci_get_ref: ref count increased 2
01-29 14:35:14.101  3190  3190 I chatty  : uid=1000(system) expire 33 lines
01-29 14:35:14.359  3190  3191 I chatty  : uid=1000(system) expire 1 line
01-29 14:35:14.360  3190  3190 E improveTouch: [TouchServer:79] delete touch processor
01-29 14:35:14.360  3190  3190 D improveTouch: [DSPTouchProcessor:807] deInit: E
01-29 14:35:14.360  3190  3190 E improveTouch: [DSPTouchProcessor:823] deInit: invalid state (current = 0)
01-29 14:35:14.360  3190  3190 D improveTouch: [DSPTouchProcessor:827] deInit: X pa_utf_ret = 1, ret = 1073741835
01-29 14:35:14.360  3190  3190 E improveTouch: [TouchServer:83] delete event injector
01-29 14:35:14.360  3190  3190 E improveTouch: [TouchServer:87] delete config management
01-29 14:35:14.361  3190  3190 E improveTouch: [TouchServer:90] fail to start daemon
01-29 14:35:14.361  3190  3190 E improveTouch: [Main:169] fail to initiate touch server
01-29 14:35:16.358  1482  1497 I ndroid.systemu: Background concurrent copying GC freed 47602(2669KB) AllocSpace objects, 0(0B) LOS objects, 75% free, 6090KB/23MB, paused 243us total 382.409ms
01-29 14:35:19.070   987  1142 E QMI_FW  : qmi_cci_get_ref: ref count increased 2
01-29 14:35:19.107  3192  3192 I chatty  : uid=1000(system) expire 2 lines
01-29 14:35:19.108  3192  3192 D improveTouch: [Main:158] Start touch daemon
01-29 14:35:19.110  3192  3192 E improveTouch: [ConfigManager:234] /sys/devices/soc0/chip_name doesn't exist
01-29 14:35:19.111  3192  3192 D improveTouch: [ConfigManager:501] loader file is available. loading it...
01-29 14:35:19.124  3192  3192 D improveTouch: [ConfigManager:405] no custom ID defined
01-29 14:35:19.125  3192  3192 D improveTouch: [ConfigManager:428] GetPktStatus: E
01-29 14:35:19.125  3192  3192 E improveTouch: [ConfigManager:444] can't open /data/vendor/hbtp/pkt_play
01-29 14:35:19.125  3192  3192 D improveTouch: [ConfigManager:448] GetPktStatus: X
01-29 14:35:19.125  3192  3192 I improveTouch: [ConfigManager:546] Data Dir = /data/vendor/hbtp
01-29 14:35:19.125  3192  3192 I improveTouch: [ConfigManager:547] Main Config Dir = /vendor/etc/hbtp
01-29 14:35:19.126  3192  3192 I improveTouch: [ConfigManager:551] ConfigFile = /vendor/etc/hbtp/hbtpcfg_sdm450_801s_fhdp.dat
01-29 14:35:19.126  3192  3192 I improveTouch: [ConfigManager:554] UTFLib = libFastRPC_UTF_Forward_skel.so
01-29 14:35:19.126  3192  3192 I improveTouch: [ConfigManager:557] AFEFW = /vendor/etc/hbtp/qtc801s_450.bin
01-29 14:35:19.126  3192  3192 I improveTouch: [ConfigManager:560] DSP = adsp
01-29 14:35:19.126  3192  3192 D improveTouch: [TouchController:415] init: E
01-29 14:35:19.127  3192  3192 D improveTouch: [ConfigManager:583] start loading config
01-29 14:35:19.375  3192  3192 D improveTouch: [ConfigManager:675] finished loading config
01-29 14:35:19.382  3192  3192 D improveTouch: [TouchController:454] Power Control Config doesn't exist
01-29 14:35:19.382  3192  3192 D improveTouch: [TouchController:462] Power Sync Option doesn't exist
01-29 14:35:19.382  3192  3192 D improveTouch: [TouchController:464] PowerManager Option = 0
01-29 14:35:19.382  3192  3192 E improveTouch: [InputDevice:61] InputDevice: pixelX: min = 0, max = 1080 pixelY: min = 0, max = 2160
01-29 14:35:19.382  3192  3192 E improveTouch: [InputDevice:65] Unable to open /dev/hbtp_input
01-29 14:35:19.382  3192  3192 E improveTouch: [TouchController:490] Error initializing input device: Error opening file
01-29 14:35:19.382  3192  3192 D improveTouch: [TouchController:1136] CommandExecutor::exit: thread is running, kill it first
01-29 14:35:19.383  3192  3193 D improveTouch: [TouchController:1186] runLoop exits
01-29 14:35:19.383  3192  3192 D RefBase : RefBase: Explicit destruction, weak count = 0 (in 0xaa4794d8)
01-29 14:35:19.383  3192  3192 W RefBase : CallStack::getCurrentInternal not linked, returning null
01-29 14:35:19.383  3192  3192 W RefBase : CallStack::logStackInternal not linked
01-29 14:35:19.383  3192  3192 E improveTouch: [TouchController:522] init failed, ret = 1073741825
01-29 14:35:19.384  3192  3192 E improveTouch: [TouchServer:59] fail to init TouchController: Error opening file
01-29 14:35:19.384  3192  3192 E improveTouch: [TouchServer:69] error happened, clean-up resource and exit
01-29 14:35:19.384  3192  3192 E improveTouch: [TouchServer:71] delete event monitor
01-29 14:35:19.384  3192  3192 E improveTouch: [TouchServer:75] delete controller
01-29 14:35:19.384  3192  3192 E improveTouch: [TouchServer:79] delete touch processor
01-29 14:35:19.384  3192  3192 D improveTouch: [DSPTouchProcessor:807] deInit: E
01-29 14:35:19.384  3192  3192 E improveTouch: [DSPTouchProcessor:823] deInit: invalid state (current = 0)
01-29 14:35:19.384  3192  3192 D improveTouch: [DSPTouchProcessor:827] deInit: X pa_utf_ret = 1, ret = 1073741835
01-29 14:35:19.384  3192  3192 E improveTouch: [TouchServer:83] delete event injector
01-29 14:35:19.384  3192  3192 E improveTouch: [TouchServer:87] delete config management
01-29 14:35:19.386  3192  3192 E improveTouch: [TouchServer:90] fail to start daemon
01-29 14:35:19.386  3192  3192 E improveTouch: [Main:169] fail to initiate touch server
