01-30 15:50:41.220  1089  1190 I ActivityManager: Start proc 3119:com.google.android.gms/u0a127 for service {com.google.android.gms/com.google.android.gms.ads.identifier.service.AdvertisingIdService}
01-30 15:50:42.631  1089  3897 I ActivityManager: Process com.google.android.gms (pid 3119) has died: fg  TRNB
01-30 15:50:42.635  1089  3897 W ActivityManager: Scheduling restart of crashed service com.google.android.gms/.ads.identifier.service.AdvertisingIdService in 1000ms for connection
01-30 15:50:43.645  1089  1189 D CompatibilityChangeReporter: Compat change id reported: 135634846; UID 10127; state: DISABLED
01-30 15:50:43.645  1089  1190 D CompatibilityChangeReporter: Compat change id reported: 143937733; UID 10127; state: ENABLED
01-30 15:50:43.682  1089  1190 I ActivityManager: Start proc 3180:com.google.android.gms/u0a127 for service {com.google.android.gms/com.google.android.gms.ads.identifier.service.AdvertisingIdService}
01-30 15:50:45.272  1089   382 I ActivityManager: Process com.google.android.gms (pid 3180) has died: cch+5 CEM 
01-30 15:51:40.286  1089  1178 W Looper  : Slow dispatch took 177ms android.ui h=com.android.server.am.ActivityManagerService$UiHandler c=null m=68
01-30 15:51:40.871  1089  1189 W BroadcastQueue: Background execution not allowed: receiving Intent { act=android.net.wifi.SCAN_RESULTS flg=0x4000010 (has extras) } to com.jio.myjio/.jionet.receiver.WifiScanReceiver
01-30 15:51:41.927  1089  3501 D CompatibilityChangeReporter: Compat change id reported: 135634846; UID 10127; state: DISABLED
01-30 15:51:41.927  1089  1190 D CompatibilityChangeReporter: Compat change id reported: 143937733; UID 10127; state: ENABLED
01-30 15:51:41.961  1089  1190 I ActivityManager: Start proc 3301:com.google.android.gms/u0a127 for service {com.google.android.gms/com.google.android.gms.ads.identifier.service.AdvertisingIdService}
01-30 15:51:45.317  1089  3501 I ActivityManager: Process com.google.android.gms (pid 3301) has died: cch+5 CEM 
01-30 15:52:41.535  1089  1189 W BroadcastQueue: Background execution not allowed: receiving Intent { act=android.net.wifi.SCAN_RESULTS flg=0x4000010 (has extras) } to com.jio.myjio/.jionet.receiver.WifiScanReceiver
01-30 15:52:42.587  1089  1641 D CompatibilityChangeReporter: Compat change id reported: 135634846; UID 10127; state: DISABLED
01-30 15:52:42.588  1089  1190 D CompatibilityChangeReporter: Compat change id reported: 143937733; UID 10127; state: ENABLED
01-30 15:52:42.626  1089  1190 I ActivityManager: Start proc 3399:com.google.android.gms/u0a127 for service {com.google.android.gms/com.google.android.gms.ads.identifier.service.AdvertisingIdService}
01-30 15:53:07.362  1089  1310 I ActivityManager: Process com.google.android.gms (pid 3399) has died: cch+5 CEM 
01-30 15:53:22.292  1089  1089 W Looper  : Slow dispatch took 169ms main h=android.os.Handler c=android.app.AlarmManager$ListenerWrapper@3ad1612 m=0
01-30 15:53:41.769  1089  3482 D BlobStore: Completed idle maintenance; deleted []
01-30 15:53:41.873  1089  3483 D DynamicCodeLogger: Got no hash for /data/user/0/com.android.vending/app_dg_cache/125075AAC519C012835D709D97D485A0E0EDC5B8/the.apk
01-30 15:53:41.909  1089  1363 I WatchlistLoggingHandler: No need to aggregate record yet.
01-30 15:53:41.909  1089  1363 I WatchlistLoggingHandler: Milliseconds spent on tryAggregateRecords(): 1
01-30 15:53:41.935  1089  1089 D CompatibilityChangeReporter: Compat change id reported: 135634846; UID 10079; state: DISABLED
01-30 15:53:41.936  1089  1190 D CompatibilityChangeReporter: Compat change id reported: 143937733; UID 10079; state: ENABLED
01-30 15:53:41.978  1089  1190 I ActivityManager: Start proc 3493:android.process.media/u0a79 for service {com.android.providers.downloads/com.android.providers.downloads.DownloadIdleService}
01-30 15:53:42.218  1089  1189 W BroadcastQueue: Background execution not allowed: receiving Intent { act=android.net.wifi.SCAN_RESULTS flg=0x4000010 (has extras) } to com.jio.myjio/.jionet.receiver.WifiScanReceiver
01-30 15:53:42.784  1089  1089 D CompatibilityChangeReporter: Compat change id reported: 135634846; UID 10145; state: DISABLED
01-30 15:53:42.785  1089  1190 D CompatibilityChangeReporter: Compat change id reported: 143937733; UID 10145; state: DISABLED
01-30 15:53:42.833  1089  1190 W ActivityManager: Slow operation: 51ms so far, now at startProcess: returned from zygote!
01-30 15:53:42.834  1089  1190 W ActivityManager: Slow operation: 51ms so far, now at startProcess: done updating battery stats
01-30 15:53:42.834  1089  1190 W ActivityManager: Slow operation: 52ms so far, now at startProcess: building log message
01-30 15:53:42.834  1089  1190 I ActivityManager: Start proc 3554:com.google.android.apps.photosgo/u0a145 for service {com.google.android.apps.photosgo/androidx.work.impl.background.systemjob.SystemJobService}
01-30 15:53:42.835  1089  1190 W ActivityManager: Slow operation: 52ms so far, now at startProcess: starting to update pids map
01-30 15:53:42.836  1089  1190 W ActivityManager: Slow operation: 53ms so far, now at startProcess: done updating pids map
01-30 15:53:43.307  1089  2798 D CompatibilityChangeReporter: Compat change id reported: 135634846; UID 10127; state: DISABLED
01-30 15:53:43.309  1089  1190 D CompatibilityChangeReporter: Compat change id reported: 143937733; UID 10127; state: ENABLED
01-30 15:53:43.324  1089  3483 D DynamicCodeLogger: Got no hash for /data/user/0/com.google.android.gms/app_dg_cache/2DC4C657FDAA865312AE32F226816AC5A71769A3/the.apk
01-30 15:53:43.359  1089  1190 W ActivityManager: Slow operation: 53ms so far, now at startProcess: returned from zygote!
01-30 15:53:43.359  1089  1190 W ActivityManager: Slow operation: 54ms so far, now at startProcess: done updating battery stats
01-30 15:53:43.361  1089  1190 W ActivityManager: Slow operation: 55ms so far, now at startProcess: building log message
01-30 15:53:43.361  1089  1190 I ActivityManager: Start proc 3585:com.google.android.gms/u0a127 for service {com.google.android.gms/com.google.android.gms.ads.identifier.service.AdvertisingIdService}
01-30 15:53:43.361  1089  1190 W ActivityManager: Slow operation: 56ms so far, now at startProcess: starting to update pids map
01-30 15:53:43.362  1089  1190 W ActivityManager: Slow operation: 57ms so far, now at startProcess: done updating pids map
01-30 15:53:43.402  1089  3483 D DynamicCodeLogger: Got no hash for /data/user/0/com.google.android.gms/app_dg_cache/125075AAC519C012835D709D97D485A0E0EDC5B8/the.apk
01-30 15:53:43.421  1089  3483 D DynamicCodeLogger: Got no hash for /data/user/0/com.google.android.gms/app_dg_cache/90509DA0D15507F4156E9E8EDE4BB2419C0CAE95/the.apk
01-30 15:53:43.505  1089  3483 D DynamicCodeLogger: Got no hash for /data/user/0/com.google.android.youtube/cache/1754603592408.jar
01-30 15:53:43.537  1089  3483 D DynamicCodeLogger: Got no hash for /data/user/0/com.google.android.youtube/app_yqzdkcache/rbp/1759941864585.jar
--------- beginning of main
01-30 15:53:43.927  3493  3493 V MtpService: Adding MTP storage:/storage/emulated/0
01-30 15:53:43.947   776   845 E Parcel  : Reading a NULL string not supported here.
01-30 15:53:43.998  3493  3628 D DownloadManager: Removed 0 stale downloads
01-30 15:53:44.025  3493  3493 I sAsyncHandlerTh: type=1400 audit(0.0:14216): avc: denied { read } for name="recovery" dev="dm-5" ino=115 scontext=u:r:mediaprovider:s0:c512,c768 tcontext=u:object_r:cache_recovery_file:s0 tclass=dir permissive=1
01-30 15:53:44.025  3493  3493 I sAsyncHandlerTh: type=1400 audit(0.0:14217): avc: denied { open } for path="/data/cache/recovery" dev="dm-5" ino=115 scontext=u:r:mediaprovider:s0:c512,c768 tcontext=u:object_r:cache_recovery_file:s0 tclass=dir permissive=1
01-30 15:53:44.032  3493  3628 D DownloadManager: Found 0 files in database
01-30 15:53:44.032  3493  3628 D DownloadManager: Found 0 files on disk
01-30 15:53:44.271  3554  3554 I TetheringManager: registerTetheringEventCallback:com.google.android.apps.photosgo
01-30 15:53:44.577  1089  2798 D CompatibilityChangeReporter: Compat change id reported: 135634846; UID 10123; state: DISABLED
01-30 15:53:44.578  1089  1190 D CompatibilityChangeReporter: Compat change id reported: 143937733; UID 10123; state: DISABLED
01-30 15:53:44.613  1089  1310 D CompatibilityChangeReporter: Compat change id reported: 135634846; UID 10127; state: DISABLED
01-30 15:53:44.620   396   396 D Zygote  : Forked child process 3658
01-30 15:53:44.625  1089  1190 I ActivityManager: Start proc 3658:com.google.android.apps.cameralite/u0a123 for content provider {com.google.android.apps.cameralite/com.google.android.apps.cameralite.processingmedia.ProcessingMediaProvider}
01-30 15:53:44.626  1089  1190 W ActivityManager: Slow operation: 51ms so far, now at startProcess: done updating pids map
01-30 15:53:44.627  1089  1190 D CompatibilityChangeReporter: Compat change id reported: 143937733; UID 10127; state: ENABLED
01-30 15:53:44.645  3658  3658 I Zygote  : seccomp disabled by setenforce 0
01-30 15:53:44.650  1089  1641 D CompatibilityChangeReporter: Compat change id reported: 149924527; UID 10145; state: ENABLED
01-30 15:53:44.656  1089  1641 D CompatibilityChangeReporter: Compat change id reported: 132649864; UID 10145; state: DISABLED
01-30 15:53:44.672   396   396 D Zygote  : Forked child process 3671
01-30 15:53:44.677  1089  1190 W ActivityManager: Slow operation: 66ms so far, now at startProcess: returned from zygote!
01-30 15:53:44.678  1089  1190 W ActivityManager: Slow operation: 66ms so far, now at startProcess: done updating battery stats
01-30 15:53:44.678  1089  1190 W ActivityManager: Slow operation: 66ms so far, now at startProcess: building log message
01-30 15:53:44.678  1089  1190 I ActivityManager: Start proc 3671:com.google.process.gservices/u0a127 for content provider {com.google.android.gsf/com.google.android.gsf.gservices.GservicesProvider}
01-30 15:53:44.678  1089  1190 W ActivityManager: Slow operation: 67ms so far, now at startProcess: starting to update pids map
01-30 15:53:44.679  1089  1190 W ActivityManager: Slow operation: 68ms so far, now at startProcess: done updating pids map
01-30 15:53:44.699  3671  3671 I Zygote  : seccomp disabled by setenforce 0
01-30 15:53:44.706  2087  2114 I adbd    : jdwp connection from 3658
01-30 15:53:44.729  2087  2114 I adbd    : jdwp connection from 3671
01-30 15:53:44.759  1089  3897 I chatty  : uid=1000(system) Binder:1089_21 expire 3 lines
01-30 15:53:44.791  3658  3658 D ApplicationLoaders: Returning zygote-cached class loader: /system/framework/android.test.base.jar
01-30 15:53:44.869  3658  3658 D nativeloader: classloader namespace configured for unbundled product apk. library_path=/product/priv-app/CameraGoPrebuilt/lib/arm:/product/priv-app/CameraGoPrebuilt/CameraGoPrebuilt.apk!/lib/armeabi-v7a:/product/lib:/system/product/lib
01-30 15:53:44.913  3671  3671 I chatty  : uid=10127(com.google.android.gms) expire 4 lines
01-30 15:53:44.917  3658  3658 I Perf    : Connecting to perf service.
01-30 15:53:44.941  3658  3658 D NetworkSecurityConfig: No Network Security Config specified, using platform default
01-30 15:53:44.942  3658  3658 D NetworkSecurityConfig: No Network Security Config specified, using platform default
01-30 15:53:45.018  3658  3658 I MultiDex: VM with version 2.1.0 has multidex support
01-30 15:53:45.018  3658  3658 I MultiDex: install
01-30 15:53:45.018  3658  3658 I MultiDex: VM has multidex support, MultiDex support library is disabled.
01-30 15:53:45.230  3658  3658 I ProcessingMediaProvider: ProcessingMediaProvider On Create
01-30 15:53:45.672  3715  3715 I chatty  : uid=1000(system) expire 34 lines
01-30 15:53:45.877  3658  3658 I SslGuard: SslGuard completed installation.
01-30 15:53:45.982  3658  3687 I ProcessingMediaProvider: ProcessingMediaProvider Query, Uri: content://com.google.android.apps.cameralite.processingmedia.ProcessingMediaProvider/processing
01-30 15:53:46.032  3715  3728 I chatty  : uid=1000(system) expire 1 line
01-30 15:53:46.036  3715  3715 D improveTouch: [DSPTouchProcessor:807] deInit: E
01-30 15:53:46.036  3715  3715 E improveTouch: [DSPTouchProcessor:823] deInit: invalid state (current = 0)
01-30 15:53:46.036  3715  3715 D improveTouch: [DSPTouchProcessor:827] deInit: X pa_utf_ret = 1, ret = 1073741835
01-30 15:53:46.036  3715  3715 E improveTouch: [TouchServer:83] delete event injector
01-30 15:53:46.036  3715  3715 E improveTouch: [TouchServer:87] delete config management
01-30 15:53:46.039  3715  3715 E improveTouch: [TouchServer:90] fail to start daemon
01-30 15:53:46.040  3715  3715 E improveTouch: [Main:169] fail to initiate touch server
01-30 15:53:46.187  3658  3658 D CameraliteStartupListen: Cameralite startup
01-30 15:53:46.341  3658  3739 D pck     : Configured: Config{closeImmediately=false, foregroundTimeoutMillis=1000}
01-30 15:53:46.343  3658  3745 I PixelCameraKitProviderI: getInstance: 122 ms UI false
01-30 15:53:46.343  3658  3745 I CameraliteCameraKitModu: Direct access to the PCK CameraHardwareManager is deprecated. See comments in module for alternatives.
01-30 15:53:46.351  3658  3745 I CameraManagerGlobal: Connecting to camera service
01-30 15:53:46.352  3658  3739 I PixelCameraKitProviderI: getInstance: 162 ms UI false
01-30 15:53:46.391   723  3001 W ServiceManager: Permission failure: android.permission.CAMERA_OPEN_CLOSE_LISTENER from uid=10123 pid=3658
01-30 15:53:46.465  3658  3745 I CXCP    : Loaded metadata for Camera 0 in 53.812 ms
01-30 15:53:46.486  3658  3745 I PixelCameraKitProviderI: getInstance: 0 ms UI false
01-30 15:53:46.487  3658  3745 I CameraliteCameraKitModu: Direct access to the PCK CameraHardwareManager is deprecated. See comments in module for alternatives.
01-30 15:53:46.701   295   295 I lowmemorykiller: Kill 'com.google.android.apps.cameralite' (3658), uid 10123, oom_adj 925 to free 33336kB
01-30 15:53:46.882   295   295 I lowmemorykiller: Kill 'com.google.process.gservices' (3671), uid 10127, oom_adj 915 to free 24304kB
01-30 15:53:46.890  1089   382 I ActivityManager: Process com.google.android.apps.cameralite (pid 3658) has died: cch+25 CEM 
01-30 15:53:46.903   396   396 I Zygote  : Process 3658 exited due to signal 9 (Killed)
01-30 15:53:46.926  3554  3554 I ActivityThread: Removing dead content provider:android.content.ContentProviderProxy@973c684
01-30 15:53:47.009  1089  4020 I ActivityManager: Process com.google.process.gservices (pid 3671) has died: cch+15 CEM 
01-30 15:53:47.014  1089  1196 I chatty  : uid=1000(system) ActivityManager expire 8 lines
01-30 15:53:47.021   396   396 I Zygote  : Process 3671 exited due to signal 9 (Killed)
01-30 15:53:47.034   295   295 I lowmemorykiller: Kill 'com.google.android.apps.photosgo' (3554), uid 10145, oom_adj 905 to free 31952kB
01-30 15:53:47.044   295   295 I lowmemorykiller: Kill 'com.qti.diagservices' (2530), uid 1000, oom_adj 800 to free 15056kB
01-30 15:53:47.066  1577  1577 I AppBase : AppBase.onTrimMemory():786 onTrimMemory(): 5
01-30 15:53:47.082  1577  1577 I GoogleInputMethodService: GoogleInputMethodService.onTrimMemory():4569 onTrimMemory(): 5
01-30 15:53:47.175   396   396 I Zygote  : Process 3554 exited due to signal 9 (Killed)
01-30 15:53:47.181  1089  3916 I ActivityManager: Process com.google.android.apps.photosgo (pid 3554) has died: cch+5 CEM 
01-30 15:53:47.212  1089  3916 I ActivityManager: Process com.qti.diagservices (pid 2530) has died: svcb SVC 
01-30 15:53:47.213   396   396 I Zygote  : Process 2530 exited due to signal 9 (Killed)
01-30 15:53:47.216  1089  3916 W ActivityManager: Scheduling restart of crashed service com.qti.diagservices/.QTIDiagServices in 1000ms for start-requested
01-30 15:53:47.250  1577  1577 I AppBase : AppBase.onTrimMemory():786 onTrimMemory(): 10
01-30 15:53:47.250  1577  1577 I GoogleInputMethodService: GoogleInputMethodService.onTrimMemory():4569 onTrimMemory(): 10
01-30 15:53:47.522  3493  3549 I d.process.medi: Waiting for a blocking GC ProfileSaver
01-30 15:53:47.580  3585  3585 I chatty  : uid=10127(com.google.android.gms) expire 6 lines
01-30 15:53:47.623  3493  3549 I d.process.medi: WaitForGcToComplete blocked ProfileSaver on ClassLinker for 100.312ms
01-30 15:53:47.655  3493  3528 I d.process.medi: WaitForGcToComplete blocked RunEmptyCheckpoint on ProfileSaver for 24.167ms
01-30 15:53:48.094  3585  3776 I chatty  : uid=10127(com.google.android.gms) expire 3 lines
01-30 15:53:48.220  1089  1189 D CompatibilityChangeReporter: Compat change id reported: 135634846; UID 1000; state: DISABLED
01-30 15:53:48.267   396   396 D Zygote  : Forked child process 3785
01-30 15:53:48.286  3785  3785 I Zygote  : seccomp disabled by setenforce 0
01-30 15:53:48.298  1089  1190 W ActivityManager: Slow operation: 80ms so far, now at startProcess: returned from zygote!
01-30 15:53:48.298  1089  1190 W ActivityManager: Slow operation: 81ms so far, now at startProcess: done updating battery stats
01-30 15:53:48.299  1089  1190 W ActivityManager: Slow operation: 81ms so far, now at startProcess: building log message
01-30 15:53:48.299  1089  1190 I ActivityManager: Start proc 3785:com.qti.diagservices/1000 for service {com.qti.diagservices/com.qti.diagservices.QTIDiagServices}
01-30 15:53:48.299  1089  1190 W ActivityManager: Slow operation: 81ms so far, now at startProcess: starting to update pids map
01-30 15:53:48.300  1089  1190 W ActivityManager: Slow operation: 83ms so far, now at startProcess: done updating pids map
01-30 15:53:48.352  2087  2114 I adbd    : jdwp connection from 3785
01-30 15:53:48.385  3585  3610 I chatty  : uid=10127(com.google.android.gms) expire 2 lines
01-30 15:53:48.395  1089  2453 I chatty  : uid=1000(system) Binder:1089_B expire 6 lines
01-30 15:53:48.531  3785  3785 I chatty  : uid=1000(system) com.qti.diagservices expire 2 lines
01-30 15:53:48.575  3785  3785 D NetworkSecurityConfig: No Network Security Config specified, using platform default
01-30 15:53:48.599  3785  3785 E DiagJNIInterface: Trying to load libDiagService
01-30 15:53:48.679  1089  3916 I chatty  : uid=1000(system) Binder:1089_10 expire 3 lines
01-30 15:53:48.692   295   295 I lowmemorykiller: Kill 'com.google.android.gms' (3585), uid 10127, oom_adj 905 to free 46688kB
01-30 15:53:48.788  3785  3785 I Diag_Lib: Diag_LSM_Init call succeeded
01-30 15:53:48.843  1089  3916 I ActivityManager: Process com.google.android.gms (pid 3585) has died: fg  TRNB
01-30 15:53:48.844   396   396 I Zygote  : Process 3585 exited due to signal 9 (Killed)
01-30 15:53:48.846  1089  3916 W ActivityManager: Scheduling restart of crashed service com.google.android.gms/.ads.identifier.service.AdvertisingIdService in 1000ms for connection
01-30 15:53:48.943   295   295 I lowmemorykiller: Kill 'android.process.media' (3493), uid 10079, oom_adj 800 to free 22220kB
01-30 15:53:49.030  1089  1544 I ActivityManager: Process android.process.media (pid 3493) has died: svcb SVC 
01-30 15:53:49.034  1089  1544 W ActivityManager: Scheduling restart of crashed service com.android.mtp/.MtpService in 12124800ms for start-requested
01-30 15:53:49.072   396   396 I Zygote  : Process 3493 exited due to signal 9 (Killed)
01-30 15:53:49.668   734  4009 V installd: DexInv: --- BEGIN '/data/app/~~3ccPP38LwqMPrUEi8VZJpg==/com.android.chrome-S-4a8zhJ59nD_aMhl-Psqg==/base.apk' ---
01-30 15:53:49.805  3834  3834 I chatty  : uid=50135(com.android.chrome) expire 7 lines
01-30 15:53:49.853  1089  1189 D CompatibilityChangeReporter: Compat change id reported: 135634846; UID 10127; state: DISABLED
01-30 15:53:49.853  1089  1190 D CompatibilityChangeReporter: Compat change id reported: 143937733; UID 10127; state: ENABLED
01-30 15:53:49.877   396   396 D Zygote  : Forked child process 3838
01-30 15:53:49.891  1089  1190 I ActivityManager: Start proc 3838:com.google.android.gms/u0a127 for service {com.google.android.gms/com.google.android.gms.ads.identifier.service.AdvertisingIdService}
01-30 15:53:49.898  3838  3838 I Zygote  : seccomp disabled by setenforce 0
01-30 15:53:49.942  2087  2114 I adbd    : jdwp connection from 3838
01-30 15:53:49.975  1089  2130 I chatty  : uid=1000(system) Binder:1089_A expire 6 lines
01-30 15:53:50.105  3838  3838 I chatty  : uid=10127(com.google.android.gms) com.google.android.permissioncontroller expire 2 lines
01-30 15:53:50.349  3861  3861 I chatty  : uid=1000(system) expire 35 lines
01-30 15:53:50.443  3838  3838 I Perf    : Connecting to perf service.
01-30 15:53:50.487  3838  3838 D NetworkSecurityConfig: Using Network Security Config from resource network_security_config debugBuild: false
01-30 15:53:50.522  3838  3838 D NetworkSecurityConfig: Using Network Security Config from resource network_security_config debugBuild: false
01-30 15:53:50.647  3861  3862 I chatty  : uid=1000(system) expire 1 line
01-30 15:53:50.648  3861  3861 E improveTouch: [DSPTouchProcessor:823] deInit: invalid state (current = 0)
01-30 15:53:50.649  3861  3861 D improveTouch: [DSPTouchProcessor:827] deInit: X pa_utf_ret = 1, ret = 1073741835
01-30 15:53:50.649  3861  3861 E improveTouch: [TouchServer:83] delete event injector
01-30 15:53:50.649  3861  3861 E improveTouch: [TouchServer:87] delete config management
01-30 15:53:50.650  3861  3861 E improveTouch: [TouchServer:90] fail to start daemon
01-30 15:53:50.650  3861  3861 E improveTouch: [Main:169] fail to initiate touch server
01-30 15:53:50.675  1593  1593 I kworker/u9:5: type=1400 audit(0.0:14218): avc: denied { kill } for capability=5 scontext=u:r:kernel:s0 tcontext=u:r:kernel:s0 tclass=capability permissive=1
01-30 15:53:51.277  3838  3838 W ProviderHelper: Unknown dynamite feature providerinstaller.dynamite
01-30 15:53:51.279  3838  3838 I DynamiteModule: Considering local module com.google.android.gms.providerinstaller.dynamite:1 and remote module com.google.android.gms.providerinstaller.dynamite:0
01-30 15:53:51.279  3838  3838 I DynamiteModule: Selected local version of com.google.android.gms.providerinstaller.dynamite
01-30 15:53:51.333  3838  3838 V NativeCrypto: Registering com/google/android/gms/org/conscrypt/NativeCrypto's 329 native methods...
01-30 15:53:51.470  3838  3838 I ProviderInstaller: Installed default security provider GmsCore_OpenSSL
01-30 15:53:51.592  3838  3838 I GmsApplication: [gms_startup_benchmark] Static start time (ms): 693452929, Startup latency (ms): 1053, Is system user: true
01-30 15:53:51.608  3838  3880 I Watchcat: Started
01-30 15:53:51.748  3838  3880 I GMS_MM_Logger: Start time: 199475
01-30 15:53:51.748  3838  3880 I GMS_MM_Logger: Started.
01-30 15:53:51.776  3838  3859 I DynamiteModule: Considering local module com.google.android.gms.googlecertificates:7 and remote module com.google.android.gms.googlecertificates:0
01-30 15:53:51.777  3838  3859 I DynamiteModule: Selected local version of com.google.android.gms.googlecertificates
01-30 15:53:51.861   297   297 I chatty  : uid=1000(system) hwservicemanage expire 10 lines
01-30 15:53:52.799   734  4009 V installd: DexInv: --- END '/data/app/~~3ccPP38LwqMPrUEi8VZJpg==/com.android.chrome-S-4a8zhJ59nD_aMhl-Psqg==/base.apk' (success) ---
01-30 15:53:52.929   734  4009 V installd: DexInv: --- BEGIN '/data/app/~~3ccPP38LwqMPrUEi8VZJpg==/com.android.chrome-S-4a8zhJ59nD_aMhl-Psqg==/split_chrome.apk' ---
01-30 15:53:53.027  3891  3891 I chatty  : uid=50135(com.android.chrome) expire 3 lines
01-30 15:53:53.535  3785  3813 I ti.diagservice: Waiting for a blocking GC ProfileSaver
01-30 15:53:53.674  3785  3813 I ti.diagservice: WaitForGcToComplete blocked ProfileSaver on AddRemoveAppImageSpace for 139.456ms
01-30 15:53:53.697  3785  3801 I ti.diagservice: WaitForGcToComplete blocked RunEmptyCheckpoint on ProfileSaver for 22.515ms
01-30 15:53:55.142  3838  3860 I gle.android.gm: Waiting for a blocking GC ProfileSaver
01-30 15:53:55.160  3838  3860 I gle.android.gm: WaitForGcToComplete blocked ProfileSaver on ClassLinker for 17.844ms
01-30 15:53:55.171  3838  3853 I gle.android.gm: WaitForGcToComplete blocked RunEmptyCheckpoint on ProfileSaver for 11.300ms
01-30 15:53:55.360  3893  3893 I chatty  : uid=1000(system) expire 34 lines
01-30 15:53:55.601  3891  3891 W dex2oat32: Could not open dex files from location: /data/app/~~tU6tsy2SLRzJLgnPoJKT4Q==/com.google.android.trichromelibrary_755909030-46Gq7xZ5SYgTz-5MXPyppA==/base.apk
01-30 15:53:55.601  3891  3891 W dex2oat32: Failed to open classpath dex files
01-30 15:53:55.647  3893  3894 I chatty  : uid=1000(system) expire 1 line
01-30 15:53:55.649  3893  3893 D improveTouch: [DSPTouchProcessor:807] deInit: E
01-30 15:53:55.649  3893  3893 E improveTouch: [DSPTouchProcessor:823] deInit: invalid state (current = 0)
01-30 15:53:55.649  3893  3893 D improveTouch: [DSPTouchProcessor:827] deInit: X pa_utf_ret = 1, ret = 1073741835
01-30 15:53:55.649  3893  3893 E improveTouch: [TouchServer:83] delete event injector
01-30 15:53:55.649  3893  3893 E improveTouch: [TouchServer:87] delete config management
01-30 15:53:55.650  3893  3893 E improveTouch: [TouchServer:90] fail to start daemon
01-30 15:53:55.651  3893  3893 E improveTouch: [Main:169] fail to initiate touch server
01-30 15:53:55.718   295   295 I lowmemorykiller: Kill 'com.google.android.gms' (3838), uid 10127, oom_adj 905 to free 37312kB
01-30 15:53:55.811  1089  1544 I ActivityManager: Process com.google.android.gms (pid 3838) has died: cch+5 CEM 
01-30 15:53:55.833   396   396 I Zygote  : Process 3838 exited due to signal 9 (Killed)
01-30 15:53:55.854  1577  1577 I AppBase : AppBase.onTrimMemory():786 onTrimMemory(): 15
01-30 15:53:55.855  1577  1577 I GoogleInputMethodService: GoogleInputMethodService.onTrimMemory():4569 onTrimMemory(): 15
01-30 15:53:57.075   987  1142 E QMI_FW  : qmi_cci_get_ref: ref count increased 2
01-30 15:53:57.439  3891  3900 W dex2oat32: Accessing hidden method Landroid/view/View;->setScrollCaptureCallback(Landroid/view/ScrollCaptureCallback;)V (blacklist, linking, denied)
01-30 15:53:58.093  3891  3899 W dex2oat32: Accessing hidden method Landroid/content/Context;->isUiContext()Z (blacklist, linking, denied)
01-30 15:53:59.045  3891  3899 W dex2oat32: Accessing hidden method Landroid/view/ScrollCaptureSession;->getSurface()Landroid/view/Surface; (blacklist, linking, denied)
01-30 15:53:59.046  3891  3899 W dex2oat32: Accessing hidden method Landroid/view/View;->setScrollCaptureHint(I)V (blacklist, linking, denied)
01-30 15:53:59.103  3891  3896 W dex2oat32: Accessing hidden method Landroid/content/Context;->isUiContext()Z (blacklist, linking, denied)
01-30 15:53:59.146  3891  3896 W dex2oat32: Accessing hidden method Landroid/media/MediaRoute2Info;->getType()I (blacklist, linking, denied)
01-30 15:54:00.326  3891  3891 I dex2oat32: dex2oat took 7.316s (15.155s cpu) (threads: 4) arena alloc=4104B (4104B) java alloc=12MB (12998184B) native alloc=10MB (11011384B) free=578KB (592584B)
01-30 15:54:00.370  3901  3901 I chatty  : uid=1000(system) expire 35 lines
01-30 15:54:00.415   734  4009 V installd: DexInv: --- END '/data/app/~~3ccPP38LwqMPrUEi8VZJpg==/com.android.chrome-S-4a8zhJ59nD_aMhl-Psqg==/split_chrome.apk' (success) ---
01-30 15:54:00.489   734  1928 V installd: DexInv: --- BEGIN '/data/app/~~3ccPP38LwqMPrUEi8VZJpg==/com.android.chrome-S-4a8zhJ59nD_aMhl-Psqg==/split_dev_ui.apk' ---
01-30 15:54:00.581  3905  3905 I dex2oat32: /apex/com.android.art/bin/dex2oat32 --input-vdex-fd=-1 --output-vdex-fd=9 --updatable-bcp-packages-file=/system/etc/updatable-bcp-packages.txt --resolve-startup-const-strings=true --max-image-block-size=524288 --compiler-filter=speed-profile --profile-file-fd=11 --classpath-dir=/data/app/~~3ccPP38LwqMPrUEi8VZJpg==/com.android.chrome-S-4a8zhJ59nD_aMhl-Psqg== --class-loader-context=PCL[];PCL[base.apk]{PCL[/data/app/~~tU6tsy2SLRzJLgnPoJKT4Q==/com.google.android.trichromelibrary_755909030-46Gq7xZ5SYgTz-5MXPyppA==/base.apk]} --generate-mini-debug-info --compilation-reason=bg-dexopt
01-30 15:54:00.588  3905  3905 I dex2oat32: setting boot class path to /apex/com.android.art/javalib/core-oj.jar:/apex/com.android.art/javalib/core-libart.jar:/apex/com.android.art/javalib/core-icu4j.jar:/apex/com.android.art/javalib/okhttp.jar:/apex/com.android.art/javalib/bouncycastle.jar:/apex/com.android.art/javalib/apache-xml.jar:/system/framework/framework.jar:/system/framework/ext.jar:/system/framework/telephony-common.jar:/system/framework/voip-common.jar:/system/framework/ims-common.jar:/system/framework/framework-atb-backward-compatibility.jar:/system/framework/tcmiface.jar:/system/framework/telephony-ext.jar:/system/framework/qcom.fmradio.jar:/system/framework/QPerformance.jar:/system/framework/UxPerformance.jar
01-30 15:54:00.592  3905  3905 W dex2oat32: Could not reserve sentinel fault page
01-30 15:54:00.659  3901  3903 I chatty  : uid=1000(system) expire 1 line
01-30 15:54:00.660  3901  3901 E improveTouch: [DSPTouchProcessor:823] deInit: invalid state (current = 0)
01-30 15:54:00.660  3901  3901 D improveTouch: [DSPTouchProcessor:827] deInit: X pa_utf_ret = 1, ret = 1073741835
01-30 15:54:00.660  3901  3901 E improveTouch: [TouchServer:83] delete event injector
01-30 15:54:00.661  3901  3901 E improveTouch: [TouchServer:87] delete config management
01-30 15:54:00.662  3901  3901 E improveTouch: [TouchServer:90] fail to start daemon
01-30 15:54:00.662  3901  3901 E improveTouch: [Main:169] fail to initiate touch server
01-30 15:54:00.793   987  1142 E QMI_FW  : qmi_cci_get_ref: ref count increased 2
01-30 15:54:00.825  3905  3905 W dex2oat32: Could not open dex files from location: /data/app/~~tU6tsy2SLRzJLgnPoJKT4Q==/com.google.android.trichromelibrary_755909030-46Gq7xZ5SYgTz-5MXPyppA==/base.apk
01-30 15:54:00.825  3905  3905 W dex2oat32: Failed to open classpath dex files
01-30 15:54:00.870  3905  3905 I dex2oat32: dex2oat took 306.393ms (280.641ms cpu) (threads: 4) arena alloc=904B (904B) java alloc=32KB (32768B) native alloc=903KB (925152B) free=352KB (360992B)
01-30 15:54:00.905   734  1928 V installd: DexInv: --- END '/data/app/~~3ccPP38LwqMPrUEi8VZJpg==/com.android.chrome-S-4a8zhJ59nD_aMhl-Psqg==/split_dev_ui.apk' (success) ---
01-30 15:54:01.003   734  1928 V installd: DexInv: --- BEGIN '/data/app/~~3ccPP38LwqMPrUEi8VZJpg==/com.android.chrome-S-4a8zhJ59nD_aMhl-Psqg==/split_on_demand.apk' ---
01-30 15:54:01.085  3914  3914 I dex2oat32: /apex/com.android.art/bin/dex2oat32 --input-vdex-fd=-1 --output-vdex-fd=9 --updatable-bcp-packages-file=/system/etc/updatable-bcp-packages.txt --resolve-startup-const-strings=true --max-image-block-size=524288 --compiler-filter=speed-profile --profile-file-fd=11 --classpath-dir=/data/app/~~3ccPP38LwqMPrUEi8VZJpg==/com.android.chrome-S-4a8zhJ59nD_aMhl-Psqg== --class-loader-context=PCL[];PCL[split_chrome.apk];PCL[base.apk]{PCL[/data/app/~~tU6tsy2SLRzJLgnPoJKT4Q==/com.google.android.trichromelibrary_755909030-46Gq7xZ5SYgTz-5MXPyppA==/base.apk]} --generate-mini-debug-info --compilation-reason=bg-dexopt
01-30 15:54:01.092  3914  3914 I dex2oat32: setting boot class path to /apex/com.android.art/javalib/core-oj.jar:/apex/com.android.art/javalib/core-libart.jar:/apex/com.android.art/javalib/core-icu4j.jar:/apex/com.android.art/javalib/okhttp.jar:/apex/com.android.art/javalib/bouncycastle.jar:/apex/com.android.art/javalib/apache-xml.jar:/system/framework/framework.jar:/system/framework/ext.jar:/system/framework/telephony-common.jar:/system/framework/voip-common.jar:/system/framework/ims-common.jar:/system/framework/framework-atb-backward-compatibility.jar:/system/framework/tcmiface.jar:/system/framework/telephony-ext.jar:/system/framework/qcom.fmradio.jar:/system/framework/QPerformance.jar:/system/framework/UxPerformance.jar
01-30 15:54:02.160  1727  1727 D QtiCarrierConfigHelper: WARNING, no carrier configs on phone Id: 0
01-30 15:54:02.223  3914  3914 W dex2oat32: Could not reserve sentinel fault page
01-30 15:54:02.280  1482  1482 D KeyguardUpdateMonitor: received broadcast android.intent.action.BATTERY_CHANGED
01-30 15:54:02.370  1482  1482 D KeyguardUpdateMonitor: handleBatteryUpdate
01-30 15:54:02.450  3914  3914 W dex2oat32: Could not open dex files from location: /data/app/~~tU6tsy2SLRzJLgnPoJKT4Q==/com.google.android.trichromelibrary_755909030-46Gq7xZ5SYgTz-5MXPyppA==/base.apk
01-30 15:54:02.450  3914  3914 W dex2oat32: Failed to open classpath dex files
01-30 15:54:03.862  3914  3918 W dex2oat32: Accessing hidden method Landroid/view/ScrollCaptureSession;->getSurface()Landroid/view/Surface; (blacklist, linking, denied)
01-30 15:54:03.864  3914  3918 W dex2oat32: Accessing hidden method Landroid/graphics/Canvas;->drawPatch(Landroid/graphics/NinePatch;Landroid/graphics/Rect;Landroid/graphics/Paint;)V (greylist-max-o, linking, denied)
01-30 15:54:03.864  3914  3918 W dex2oat32: Accessing hidden method Landroid/graphics/Canvas;->drawPatch(Landroid/graphics/NinePatch;Landroid/graphics/RectF;Landroid/graphics/Paint;)V (greylist-max-o, linking, denied)
01-30 15:54:04.362  3914  3919 W dex2oat32: Accessing hidden method Landroid/view/ScrollCaptureTarget;-><init>(Landroid/view/View;Landroid/graphics/Rect;Landroid/graphics/Point;Landroid/view/ScrollCaptureCallback;)V (blacklist, linking, denied)
01-30 15:54:04.362  3914  3919 W dex2oat32: Accessing hidden method Landroid/view/ScrollCaptureTarget;->setScrollBounds(Landroid/graphics/Rect;)V (blacklist, linking, denied)
01-30 15:54:05.368  3920  3920 I chatty  : uid=1000(system) expire 34 lines
01-30 15:54:05.592  3914  3914 I dex2oat32: dex2oat took 4.524s (10.296s cpu) (threads: 4) arena alloc=3800B (3800B) java alloc=6276KB (6427232B) native alloc=8436KB (8638560B) free=499KB (511904B)
01-30 15:54:05.657  3920  3921 I chatty  : uid=1000(system) expire 1 line
01-30 15:54:05.661  3920  3920 D improveTouch: [DSPTouchProcessor:807] deInit: E
01-30 15:54:05.661  3920  3920 E improveTouch: [DSPTouchProcessor:823] deInit: invalid state (current = 0)
01-30 15:54:05.662  3920  3920 D improveTouch: [DSPTouchProcessor:827] deInit: X pa_utf_ret = 1, ret = 1073741835
01-30 15:54:05.662  3920  3920 E improveTouch: [TouchServer:83] delete event injector
01-30 15:54:05.662  3920  3920 E improveTouch: [TouchServer:87] delete config management
01-30 15:54:05.663  3920  3920 E improveTouch: [TouchServer:90] fail to start daemon
01-30 15:54:05.663  3920  3920 E improveTouch: [Main:169] fail to initiate touch server
01-30 15:54:05.665   734  1928 V installd: DexInv: --- END '/data/app/~~3ccPP38LwqMPrUEi8VZJpg==/com.android.chrome-S-4a8zhJ59nD_aMhl-Psqg==/split_on_demand.apk' (success) ---
01-30 15:54:05.740   734  1928 V installd: DexInv: --- BEGIN '/data/app/~~3ccPP38LwqMPrUEi8VZJpg==/com.android.chrome-S-4a8zhJ59nD_aMhl-Psqg==/split_stack_unwinder.apk' ---
01-30 15:54:05.832  3924  3924 I dex2oat32: /apex/com.android.art/bin/dex2oat32 --input-vdex-fd=-1 --output-vdex-fd=9 --updatable-bcp-packages-file=/system/etc/updatable-bcp-packages.txt --resolve-startup-const-strings=true --max-image-block-size=524288 --compiler-filter=speed-profile --profile-file-fd=11 --classpath-dir=/data/app/~~3ccPP38LwqMPrUEi8VZJpg==/com.android.chrome-S-4a8zhJ59nD_aMhl-Psqg== --class-loader-context=PCL[];PCL[base.apk]{PCL[/data/app/~~tU6tsy2SLRzJLgnPoJKT4Q==/com.google.android.trichromelibrary_755909030-46Gq7xZ5SYgTz-5MXPyppA==/base.apk]} --generate-mini-debug-info --compilation-reason=bg-dexopt
01-30 15:54:05.838  3924  3924 I dex2oat32: setting boot class path to /apex/com.android.art/javalib/core-oj.jar:/apex/com.android.art/javalib/core-libart.jar:/apex/com.android.art/javalib/core-icu4j.jar:/apex/com.android.art/javalib/okhttp.jar:/apex/com.android.art/javalib/bouncycastle.jar:/apex/com.android.art/javalib/apache-xml.jar:/system/framework/framework.jar:/system/framework/ext.jar:/system/framework/telephony-common.jar:/system/framework/voip-common.jar:/system/framework/ims-common.jar:/system/framework/framework-atb-backward-compatibility.jar:/system/framework/tcmiface.jar:/system/framework/telephony-ext.jar:/system/framework/qcom.fmradio.jar:/system/framework/QPerformance.jar:/system/framework/UxPerformance.jar
01-30 15:54:05.842  3924  3924 W dex2oat32: Could not reserve sentinel fault page
01-30 15:54:06.086  3924  3924 W dex2oat32: Could not open dex files from location: /data/app/~~tU6tsy2SLRzJLgnPoJKT4Q==/com.google.android.trichromelibrary_755909030-46Gq7xZ5SYgTz-5MXPyppA==/base.apk
01-30 15:54:06.087  3924  3924 W dex2oat32: Failed to open classpath dex files
01-30 15:54:06.112  3924  3924 I dex2oat32: dex2oat took 298.516ms (271.608ms cpu) (threads: 4) arena alloc=840B (840B) java alloc=32KB (32768B) native alloc=903KB (925400B) free=356KB (364840B)
01-30 15:54:06.146   734  1928 V installd: DexInv: --- END '/data/app/~~3ccPP38LwqMPrUEi8VZJpg==/com.android.chrome-S-4a8zhJ59nD_aMhl-Psqg==/split_stack_unwinder.apk' (success) ---
01-30 15:54:06.221   734  1369 V installd: DexInv: --- BEGIN '/data/app/~~3ccPP38LwqMPrUEi8VZJpg==/com.android.chrome-S-4a8zhJ59nD_aMhl-Psqg==/split_test_dummy.apk' ---
01-30 15:54:06.297  3932  3932 I dex2oat32: /apex/com.android.art/bin/dex2oat32 --input-vdex-fd=-1 --output-vdex-fd=9 --updatable-bcp-packages-file=/system/etc/updatable-bcp-packages.txt --resolve-startup-const-strings=true --max-image-block-size=524288 --compiler-filter=speed-profile --profile-file-fd=11 --classpath-dir=/data/app/~~3ccPP38LwqMPrUEi8VZJpg==/com.android.chrome-S-4a8zhJ59nD_aMhl-Psqg== --class-loader-context=PCL[];PCL[base.apk]{PCL[/data/app/~~tU6tsy2SLRzJLgnPoJKT4Q==/com.google.android.trichromelibrary_755909030-46Gq7xZ5SYgTz-5MXPyppA==/base.apk]} --generate-mini-debug-info --compilation-reason=bg-dexopt
01-30 15:54:06.304  3932  3932 I dex2oat32: setting boot class path to /apex/com.android.art/javalib/core-oj.jar:/apex/com.android.art/javalib/core-libart.jar:/apex/com.android.art/javalib/core-icu4j.jar:/apex/com.android.art/javalib/okhttp.jar:/apex/com.android.art/javalib/bouncycastle.jar:/apex/com.android.art/javalib/apache-xml.jar:/system/framework/framework.jar:/system/framework/ext.jar:/system/framework/telephony-common.jar:/system/framework/voip-common.jar:/system/framework/ims-common.jar:/system/framework/framework-atb-backward-compatibility.jar:/system/framework/tcmiface.jar:/system/framework/telephony-ext.jar:/system/framework/qcom.fmradio.jar:/system/framework/QPerformance.jar:/system/framework/UxPerformance.jar
01-30 15:54:06.307  3932  3932 W dex2oat32: Could not reserve sentinel fault page
01-30 15:54:06.520  3932  3932 W dex2oat32: Could not open dex files from location: /data/app/~~tU6tsy2SLRzJLgnPoJKT4Q==/com.google.android.trichromelibrary_755909030-46Gq7xZ5SYgTz-5MXPyppA==/base.apk
01-30 15:54:06.520  3932  3932 W dex2oat32: Failed to open classpath dex files
01-30 15:54:06.568  3932  3932 I dex2oat32: dex2oat took 288.493ms (270.339ms cpu) (threads: 4) arena alloc=1608B (1608B) java alloc=48KB (49560B) native alloc=929KB (951408B) free=350KB (359312B)
01-30 15:54:06.606   734  1369 V installd: DexInv: --- END '/data/app/~~3ccPP38LwqMPrUEi8VZJpg==/com.android.chrome-S-4a8zhJ59nD_aMhl-Psqg==/split_test_dummy.apk' (success) ---
01-30 15:54:10.102  1089  3488 I chatty  : uid=1000(system) Binder:1089_3 expire 10 lines
01-30 15:54:10.114   734  1369 V installd: DexInv: --- BEGIN '/system_ext/priv-app/SystemUI/SystemUI.apk' ---
01-30 15:54:10.207  3990  3990 I dex2oat32: /apex/com.android.art/bin/dex2oat32 --input-vdex-fd=9 --output-vdex-fd=10 --updatable-bcp-packages-file=/system/etc/updatable-bcp-packages.txt --resolve-startup-const-strings=true --max-image-block-size=524288 --compiler-filter=speed-profile --profile-file-fd=12 --classpath-dir=/system_ext/priv-app/SystemUI --class-loader-context=PCL[]{} --generate-mini-debug-info --compilation-reason=bg-dexopt
01-30 15:54:10.214  3990  3990 I dex2oat32: setting boot class path to /apex/com.android.art/javalib/core-oj.jar:/apex/com.android.art/javalib/core-libart.jar:/apex/com.android.art/javalib/core-icu4j.jar:/apex/com.android.art/javalib/okhttp.jar:/apex/com.android.art/javalib/bouncycastle.jar:/apex/com.android.art/javalib/apache-xml.jar:/system/framework/framework.jar:/system/framework/ext.jar:/system/framework/telephony-common.jar:/system/framework/voip-common.jar:/system/framework/ims-common.jar:/system/framework/framework-atb-backward-compatibility.jar:/system/framework/tcmiface.jar:/system/framework/telephony-ext.jar:/system/framework/qcom.fmradio.jar:/system/framework/QPerformance.jar:/system/framework/UxPerformance.jar
01-30 15:54:10.221  3990  3990 W dex2oat32: Could not reserve sentinel fault page
01-30 15:54:10.330  3991  3991 I chatty  : uid=1000(system) android.process.media expire 35 lines
01-30 15:54:10.610  3991  3993 I chatty  : uid=1000(system) android.process.media expire 1 line
01-30 15:54:10.612  3991  3991 E improveTouch: [DSPTouchProcessor:823] deInit: invalid state (current = 0)
01-30 15:54:10.612  3991  3991 D improveTouch: [DSPTouchProcessor:827] deInit: X pa_utf_ret = 1, ret = 1073741835
01-30 15:54:10.612  3991  3991 E improveTouch: [TouchServer:83] delete event injector
01-30 15:54:10.612  3991  3991 E improveTouch: [TouchServer:87] delete config management
01-30 15:54:10.613  3991  3991 E improveTouch: [TouchServer:90] fail to start daemon
01-30 15:54:10.614  3991  3991 E improveTouch: [Main:169] fail to initiate touch server
01-30 15:54:12.317   987  1142 E QMI_FW  : qmi_cci_get_ref: ref count increased 2
01-30 15:54:15.420  3999  3999 I chatty  : uid=1000(system) expire 34 lines
01-30 15:54:15.739  3999  4000 I chatty  : uid=1000(system) expire 1 line
01-30 15:54:15.745  3999  3999 D improveTouch: [DSPTouchProcessor:807] deInit: E
01-30 15:54:15.745  3999  3999 E improveTouch: [DSPTouchProcessor:823] deInit: invalid state (current = 0)
01-30 15:54:15.745  3999  3999 D improveTouch: [DSPTouchProcessor:827] deInit: X pa_utf_ret = 1, ret = 1073741835
01-30 15:54:15.746  3999  3999 E improveTouch: [TouchServer:83] delete event injector
01-30 15:54:15.746  3999  3999 E improveTouch: [TouchServer:87] delete config management
01-30 15:54:15.747  3999  3999 E improveTouch: [TouchServer:90] fail to start daemon
01-30 15:54:15.748  3999  3999 E improveTouch: [Main:169] fail to initiate touch server
01-30 15:54:16.669  3990  3990 I dex2oat32: Explicit concurrent copying GC freed 50868(8097KB) AllocSpace objects, 0(0B) LOS objects, 52% free, 1410KB/2946KB, paused 112us total 52.711ms
01-30 15:54:17.367  1748  1765 I m.android.phon: Background concurrent copying GC freed 952(159KB) AllocSpace objects, 0(0B) LOS objects, 87% free, 2732KB/20MB, paused 145us total 190.690ms
01-30 15:54:18.214  3990  3990 I dex2oat32: dex2oat took 8.039s (19.116s cpu) (threads: 4) arena alloc=2213KB (2266648B) java alloc=1426KB (1460280B) native alloc=16MB (17364528B) free=618KB (633296B)
01-30 15:54:18.299   734  1369 V installd: DexInv: --- END '/system_ext/priv-app/SystemUI/SystemUI.apk' (success) ---
01-30 15:54:19.195   734  2009 D installd: Getting dex paths for context PCL[];PCL[/data/app/~~akD1zrcM3bsgAtwm3rOGzQ==/com.android.vending-3qF_GAJWOuz9g1pt3gJPLw==/base.apk]{PCL[/system/framework/org.apache.http.legacy.jar]}
01-30 15:54:19.256   734  2009 D installd: Processing secondary dex path /data/user/0/com.android.vending/app_dg_cache/811E91EE5A2ABAC08C9C2BF22101E2F49B5DE79B/the.apk
01-30 15:54:19.267  4028  4028 D installd: Mismatched cache GID/mode at /data/user/0/com.android.vending/app_dg_cache/811E91EE5A2ABAC08C9C2BF22101E2F49B5DE79B/oat: found 10125/448 but expected 10125/505
01-30 15:54:19.270  4028  4028 I installd: installd cannot open oat file during dexopt/data/user/0/com.android.vending/app_dg_cache/811E91EE5A2ABAC08C9C2BF22101E2F49B5DE79B/oat/arm/the.odex: No such file or directory
01-30 15:54:19.271  4028  4028 I installd: installd cannot open vdex file during dexopt/data/user/0/com.android.vending/app_dg_cache/811E91EE5A2ABAC08C9C2BF22101E2F49B5DE79B/oat/arm/the.vdex: No such file or directory
01-30 15:54:19.366  4028  4028 W dexoptanalyzer: Could not reserve sentinel fault page
01-30 15:54:19.784  4028  4028 W dexoptanalyzer: Current thread not detached in Runtime shutdown
01-30 15:54:19.832   734  2009 D installd: Processed secondary dex file /data/user/0/com.android.vending/app_dg_cache/811E91EE5A2ABAC08C9C2BF22101E2F49B5DE79B/the.apk result=1
01-30 15:54:19.847   734  2009 V installd: DexInv: --- BEGIN '/data/user/0/com.android.vending/app_dg_cache/811E91EE5A2ABAC08C9C2BF22101E2F49B5DE79B/the.apk' ---
01-30 15:54:19.997   987  1142 E QMI_FW  : qmi_cci_get_ref: ref count increased 2
01-30 15:54:20.006  4030  4030 I dex2oat32: /apex/com.android.art/bin/dex2oat32 --input-vdex-fd=-1 --output-vdex-fd=11 --updatable-bcp-packages-file=/system/etc/updatable-bcp-packages.txt --resolve-startup-const-strings=true --max-image-block-size=524288 --compiler-filter=speed-profile --profile-file-fd=13 --classpath-dir=/data/user/0/com.android.vending/app_dg_cache/811E91EE5A2ABAC08C9C2BF22101E2F49B5DE79B --class-loader-context=PCL[];PCL[/data/app/~~akD1zrcM3bsgAtwm3rOGzQ==/com.android.vending-3qF_GAJWOuz9g1pt3gJPLw==/base.apk]{PCL[/system/framework/org.apache.http.legacy.jar]} --class-loader-context-fds=8:9 --generate-mini-debug-info --compilation-reason=bg-dexopt
01-30 15:54:20.013  4030  4030 I dex2oat32: setting boot class path to /apex/com.android.art/javalib/core-oj.jar:/apex/com.android.art/javalib/core-libart.jar:/apex/com.android.art/javalib/core-icu4j.jar:/apex/com.android.art/javalib/okhttp.jar:/apex/com.android.art/javalib/bouncycastle.jar:/apex/com.android.art/javalib/apache-xml.jar:/system/framework/framework.jar:/system/framework/ext.jar:/system/framework/telephony-common.jar:/system/framework/voip-common.jar:/system/framework/ims-common.jar:/system/framework/framework-atb-backward-compatibility.jar:/system/framework/tcmiface.jar:/system/framework/telephony-ext.jar:/system/framework/qcom.fmradio.jar:/system/framework/QPerformance.jar:/system/framework/UxPerformance.jar
01-30 15:54:20.055  4030  4030 W dex2oat32: Could not reserve sentinel fault page
01-30 15:54:20.394  4033  4033 I chatty  : uid=1000(system) expire 34 lines
01-30 15:54:20.668  4033  4034 I chatty  : uid=1000(system) expire 1 line
01-30 15:54:20.669  4033  4033 D improveTouch: [DSPTouchProcessor:807] deInit: E
01-30 15:54:20.669  4033  4033 E improveTouch: [DSPTouchProcessor:823] deInit: invalid state (current = 0)
01-30 15:54:20.669  4033  4033 D improveTouch: [DSPTouchProcessor:827] deInit: X pa_utf_ret = 1, ret = 1073741835
01-30 15:54:20.669  4033  4033 E improveTouch: [TouchServer:83] delete event injector
01-30 15:54:20.669  4033  4033 E improveTouch: [TouchServer:87] delete config management
01-30 15:54:20.671  4033  4033 E improveTouch: [TouchServer:90] fail to start daemon
01-30 15:54:20.671  4033  4033 E improveTouch: [Main:169] fail to initiate touch server
01-30 15:54:21.380  4030  4030 I dex2oat32: Explicit concurrent copying GC freed 103(108KB) AllocSpace objects, 0(0B) LOS objects, 99% free, 2184B/1538KB, paused 138us total 8.894ms
01-30 15:54:21.428  4030  4030 I dex2oat32: dex2oat took 1.443s (1.396s cpu) (threads: 4) arena alloc=4376B (4376B) java alloc=18KB (18568B) native alloc=1053KB (1078416B) free=398KB (408432B)
01-30 15:54:21.518   734  2009 V installd: DexInv: --- END '/data/user/0/com.android.vending/app_dg_cache/811E91EE5A2ABAC08C9C2BF22101E2F49B5DE79B/the.apk' (success) ---
01-30 15:54:21.628   734  2009 D installd: Getting dex paths for context PCL[];PCL[]
01-30 15:54:21.686   734  2009 D installd: Processing secondary dex path /data/user/0/com.android.chrome/app_dex/webapk7.dex
01-30 15:54:21.800  4043  4043 W dexoptanalyzer: Could not reserve sentinel fault page
01-30 15:54:22.114  4043  4043 W dexoptanalyzer: Current thread not detached in Runtime shutdown
01-30 15:54:22.164   734  2009 D installd: Processed secondary dex file /data/user/0/com.android.chrome/app_dex/webapk7.dex result=0
01-30 15:54:22.167   734  2009 D installd: Getting dex paths for context DLC[];PCL[/data/app/~~O9BfoWvpJV_lSSOLJjr4mg==/com.google.android.gms-Ua6EwjEvAvh29LVlR8fhag==/base.apk]{PCL[/system/framework/org.apache.http.legacy.jar]#PCL[/system/framework/com.android.media.remotedisplay.jar]#PCL[/system/framework/com.android.location.provider.jar]#PCL[/system/framework/org.apache.http.legacy.jar]}
01-30 15:54:22.220   734  2009 D installd: Processing secondary dex path /data/user_de/0/com.google.android.gms/app_chimera/m/00000011/dl-Pay.optional_255034100300.apk
01-30 15:54:22.290  4046  4046 W dexoptanalyzer: Could not reserve sentinel fault page
01-30 15:54:22.357  2255  2306 I .redbend.clien: Background concurrent copying GC freed 313(49KB) AllocSpace objects, 8(416KB) LOS objects, 89% free, 2090KB/20MB, paused 203us total 162.531ms
01-30 15:54:22.673  4046  4046 W dexoptanalyzer: Current thread not detached in Runtime shutdown
01-30 15:54:22.724   734  2009 D installd: Processed secondary dex file /data/user_de/0/com.google.android.gms/app_chimera/m/00000011/dl-Pay.optional_255034100300.apk result=0
01-30 15:54:22.727   734  2009 D installd: Getting dex paths for context DLC[];PCL[/data/app/~~mpiVxlWIucT_ho86hNC6CA==/cm.aptoide.pt-XyimfY4LjmqLBe6aUeGWkA==/base.apk]{PCL[/system/framework/org.apache.http.legacy.jar]}
01-30 15:54:22.782   734  2009 D installd: Processing secondary dex path /data/user_de/0/com.google.android.gms/app_chimera/m/00000012/dl-AdsFdrDynamite.integ_254380203100000.apk
01-30 15:54:22.851  4048  4048 W dexoptanalyzer: Could not reserve sentinel fault page
01-30 15:54:23.613  4048  4048 W dexoptanalyzer: Current thread not detached in Runtime shutdown
01-30 15:54:23.662   734  2009 D installd: Processed secondary dex file /data/user_de/0/com.google.android.gms/app_chimera/m/00000012/dl-AdsFdrDynamite.integ_254380203100000.apk result=0
